=== RUN   TestPinnedOriginAndLoopbackException
--- PASS: TestPinnedOriginAndLoopbackException (0.00s)
=== RUN   TestCSRFSameOriginSessionBindingAndAmbiguity
=== RUN   TestCSRFSameOriginSessionBindingAndAmbiguity/missing-origin
=== RUN   TestCSRFSameOriginSessionBindingAndAmbiguity/cross-origin
=== RUN   TestCSRFSameOriginSessionBindingAndAmbiguity/null-origin
=== RUN   TestCSRFSameOriginSessionBindingAndAmbiguity/wrong-port
=== RUN   TestCSRFSameOriginSessionBindingAndAmbiguity/missing-token
=== RUN   TestCSRFSameOriginSessionBindingAndAmbiguity/other-session
=== RUN   TestCSRFSameOriginSessionBindingAndAmbiguity/duplicate-origin
=== RUN   TestCSRFSameOriginSessionBindingAndAmbiguity/duplicate-token
=== RUN   TestCSRFSameOriginSessionBindingAndAmbiguity/short-token
=== RUN   TestCSRFSameOriginSessionBindingAndAmbiguity/not-mutation
=== RUN   TestCSRFSameOriginSessionBindingAndAmbiguity/spoofed-forwarded
--- PASS: TestCSRFSameOriginSessionBindingAndAmbiguity (0.00s)
    --- PASS: TestCSRFSameOriginSessionBindingAndAmbiguity/missing-origin (0.00s)
    --- PASS: TestCSRFSameOriginSessionBindingAndAmbiguity/cross-origin (0.00s)
    --- PASS: TestCSRFSameOriginSessionBindingAndAmbiguity/null-origin (0.00s)
    --- PASS: TestCSRFSameOriginSessionBindingAndAmbiguity/wrong-port (0.00s)
    --- PASS: TestCSRFSameOriginSessionBindingAndAmbiguity/missing-token (0.00s)
    --- PASS: TestCSRFSameOriginSessionBindingAndAmbiguity/other-session (0.00s)
    --- PASS: TestCSRFSameOriginSessionBindingAndAmbiguity/duplicate-origin (0.00s)
    --- PASS: TestCSRFSameOriginSessionBindingAndAmbiguity/duplicate-token (0.00s)
    --- PASS: TestCSRFSameOriginSessionBindingAndAmbiguity/short-token (0.00s)
    --- PASS: TestCSRFSameOriginSessionBindingAndAmbiguity/not-mutation (0.00s)
    --- PASS: TestCSRFSameOriginSessionBindingAndAmbiguity/spoofed-forwarded (0.00s)
=== RUN   TestRoleActionMatrix
--- PASS: TestRoleActionMatrix (0.00s)
=== RUN   TestCapabilityProjectionAndDefaultDeny
--- PASS: TestCapabilityProjectionAndDefaultDeny (0.00s)
=== RUN   TestDangerousActionsRequireReauthentication
--- PASS: TestDangerousActionsRequireReauthentication (0.00s)
=== RUN   TestAuthPolicyDefaultAndForcedOn
--- PASS: TestAuthPolicyDefaultAndForcedOn (0.00s)
=== RUN   TestSessionHalfOpenExpiryAndReadOnly
--- PASS: TestSessionHalfOpenExpiryAndReadOnly (0.00s)
=== RUN   TestSessionIdentityRevocationAndInvalidClock
=== RUN   TestSessionIdentityRevocationAndInvalidClock/disabled
=== RUN   TestSessionIdentityRevocationAndInvalidClock/wrong-user
=== RUN   TestSessionIdentityRevocationAndInvalidClock/unknown-role
=== RUN   TestSessionIdentityRevocationAndInvalidClock/revoked-user
=== RUN   TestSessionIdentityRevocationAndInvalidClock/zero-version
=== RUN   TestSessionIdentityRevocationAndInvalidClock/future-seen
=== RUN   TestSessionIdentityRevocationAndInvalidClock/seen-before-created
=== RUN   TestSessionIdentityRevocationAndInvalidClock/missing-created
=== RUN   TestSessionIdentityRevocationAndInvalidClock/invalid-policy
--- PASS: TestSessionIdentityRevocationAndInvalidClock (0.00s)
    --- PASS: TestSessionIdentityRevocationAndInvalidClock/disabled (0.00s)
    --- PASS: TestSessionIdentityRevocationAndInvalidClock/wrong-user (0.00s)
    --- PASS: TestSessionIdentityRevocationAndInvalidClock/unknown-role (0.00s)
    --- PASS: TestSessionIdentityRevocationAndInvalidClock/revoked-user (0.00s)
    --- PASS: TestSessionIdentityRevocationAndInvalidClock/zero-version (0.00s)
    --- PASS: TestSessionIdentityRevocationAndInvalidClock/future-seen (0.00s)
    --- PASS: TestSessionIdentityRevocationAndInvalidClock/seen-before-created (0.00s)
    --- PASS: TestSessionIdentityRevocationAndInvalidClock/missing-created (0.00s)
    --- PASS: TestSessionIdentityRevocationAndInvalidClock/invalid-policy (0.00s)
=== RUN   TestAllRoleStalePolicyAndExplicitOff
--- PASS: TestAllRoleStalePolicyAndExplicitOff (0.00s)
=== RUN   TestOrdinaryActionsCannotBypassReauth
--- PASS: TestOrdinaryActionsCannotBypassReauth (0.00s)
=== RUN   TestRFC4226HOTPVectors
--- PASS: TestRFC4226HOTPVectors (0.00s)
=== RUN   TestRFC6238SHA1Vectors
--- PASS: TestRFC6238SHA1Vectors (0.00s)
=== RUN   TestTOTPWindowAndTimeBoundaries
--- PASS: TestTOTPWindowAndTimeBoundaries (0.00s)
=== RUN   TestSecretGenerationParsingAndRedaction
--- PASS: TestSecretGenerationParsingAndRedaction (0.00s)
=== RUN   TestTOTPConcurrentReplayExactlyOneSuccess
--- PASS: TestTOTPConcurrentReplayExactlyOneSuccess (0.00s)
=== RUN   TestTOTPInvalidInputNeverConsumesCounter
--- PASS: TestTOTPInvalidInputNeverConsumesCounter (0.00s)
=== RUN   TestTOTPCredentialResetAndStoreFailure
--- PASS: TestTOTPCredentialResetAndStoreFailure (0.00s)
=== RUN   FuzzTOTPInput
=== RUN   FuzzTOTPInput/seed#0
=== RUN   FuzzTOTPInput/seed#1
=== RUN   FuzzTOTPInput/seed#2
=== RUN   FuzzTOTPInput/seed#3
--- PASS: FuzzTOTPInput (0.00s)
    --- PASS: FuzzTOTPInput/seed#0 (0.00s)
    --- PASS: FuzzTOTPInput/seed#1 (0.00s)
    --- PASS: FuzzTOTPInput/seed#2 (0.00s)
    --- PASS: FuzzTOTPInput/seed#3 (0.00s)
PASS
ok  	waiting-room/internal/adminauth	1.241s
