go vet ./...
?   	waiting-room/cmd/wr-lab	[no test files]
ok  	waiting-room/internal/adminauth	1.291s
ok  	waiting-room/internal/admission	1.404s
ok  	waiting-room/internal/lab	1.459s
ok  	waiting-room/internal/policy	1.242s
ok  	waiting-room/internal/queue/model	2.094s
?   	waiting-room/internal/queue/valkeystore	[no test files]
ok  	waiting-room/internal/waiting	1.664s

> waiting-room-devtools@0.0.0 test
> node --test scripts/*.test.mjs

✔ front matter rejects duplicate keys and absent metadata (2.537ms)
✔ dependency validator detects missing owners, duplicate IDs and cycles (0.34725ms)
✔ unchecked work and missing evidence cannot become GO (0.1075ms)
✔ 100K child failure blocks final release even if other children report GO (0.187083ms)
✔ declared dependency failure blocks delivery (0.061ms)
✔ local and M0 success cannot stand in for delivery evidence (0.075916ms)
✔ evidence rejects missing identity, skipped PASS and traversal (43.931542ms)
✔ artifact digest mismatch and missing logs invalidate evidence (1.447084ms)
✔ support matrix rejects wildcard versions and false qualification (0.17225ms)
✔ benchmark targets respect default retention, skew and rolling-rate budgets (0.3265ms)
ℹ tests 10
ℹ suites 0
ℹ pass 10
ℹ fail 0
ℹ cancelled 0
ℹ skipped 0
ℹ todo 0
ℹ duration_ms 126.047625
node scripts/check-docs.mjs
PASS: 9 PRDs; ownership, dependency graph, checklist, links, evidence rules and Git tracking.
npm run lint:api

> waiting-room-devtools@0.0.0 lint:api
> redocly lint api/openapi/public-v1.yaml api/openapi/admin-v1.yaml

node --test test/contract/*.test.mjs
✔ all local OpenAPI references resolve (0.959708ms)
✔ join schema rejects absolute and scheme-relative targets (37.088792ms)
✔ Room IDs exclude invalid base32 characters (19.308959ms)
✔ public status and claim are distinct operations and heartbeat is explicit (0.0905ms)
✔ admin policy and limit schema reject unsupported/unsafe values (23.622083ms)
✔ admin mutations declare authentication and concurrency headers (0.129125ms)
✔ theme contract supports the built-in template and rejects remote/unknown IDs (23.985083ms)
ℹ tests 7
ℹ suites 0
ℹ pass 7
ℹ fail 0
ℹ cancelled 0
ℹ skipped 0
ℹ todo 0
ℹ duration_ms 156.948584
validating api/openapi/public-v1.yaml...
api/openapi/public-v1.yaml: validated in 18ms

validating api/openapi/admin-v1.yaml...
api/openapi/admin-v1.yaml: validated in 19ms

Woohoo! Your API descriptions are valid. 🎉

