go vet ./...
?   	waiting-room/cmd/wr-admin-lab	[no test files]
?   	waiting-room/cmd/wr-auth-calibrate	[no test files]
?   	waiting-room/cmd/wr-lab	[no test files]
?   	waiting-room/cmd/wr-process-lab	[no test files]
ok  	waiting-room/cmd/wrctl	1.592s
ok  	waiting-room/internal/adminauth	8.815s
ok  	waiting-room/internal/adminauth/authhttp	2.009s
ok  	waiting-room/internal/adminauth/pgstore	2.819s
ok  	waiting-room/internal/adminauth/sessionhttp	3.850s
ok  	waiting-room/internal/adminlab	3.440s
ok  	waiting-room/internal/admission	3.215s
ok  	waiting-room/internal/configtrust	4.207s
ok  	waiting-room/internal/installplan	4.683s
ok  	waiting-room/internal/installplan/clockcheck	5.166s
ok  	waiting-room/internal/installplan/preflight	5.392s
ok  	waiting-room/internal/installplan/preview	5.766s
ok  	waiting-room/internal/lab	6.198s
ok  	waiting-room/internal/policy	6.422s
ok  	waiting-room/internal/processlab	5.678s
ok  	waiting-room/internal/queue/model	5.871s
ok  	waiting-room/internal/queue/valkeystore	5.351s
ok  	waiting-room/internal/waiting	5.386s

> waiting-room-devtools@0.0.0 test
> node --test scripts/*.test.mjs

✔ front matter rejects duplicate keys and absent metadata (2.356583ms)
✔ dependency validator detects missing owners, duplicate IDs and cycles (0.312625ms)
✔ unchecked work and missing evidence cannot become GO (0.096417ms)
✔ 100K child failure blocks final release even if other children report GO (0.160834ms)
✔ declared dependency failure blocks delivery (0.052917ms)
✔ local and M0 success cannot stand in for delivery evidence (0.064583ms)
✔ evidence rejects missing identity, skipped PASS and traversal (33.948916ms)
✔ artifact digest mismatch and missing logs invalidate evidence (1.067333ms)
✔ support matrix rejects wildcard versions and false qualification (0.134833ms)
✔ benchmark targets respect default retention, skew and rolling-rate budgets (0.289083ms)
ℹ tests 10
ℹ suites 0
ℹ pass 10
ℹ fail 0
ℹ cancelled 0
ℹ skipped 0
ℹ todo 0
ℹ duration_ms 91.954292
node scripts/check-docs.mjs
PASS: 9 PRDs; ownership, dependency graph, checklist, links, evidence rules and Git tracking.
npm run lint:api

> waiting-room-devtools@0.0.0 lint:api
> redocly lint api/openapi/public-v1.yaml api/openapi/admin-v1.yaml

node --test test/contract/*.test.mjs
✔ all local OpenAPI references resolve (1.05575ms)
✔ join schema rejects absolute and scheme-relative targets (34.479541ms)
✔ Room IDs exclude invalid base32 characters (17.119917ms)
✔ public status and claim are distinct operations and heartbeat is explicit (0.070291ms)
✔ admin policy and limit schema reject unsupported/unsafe values (20.836792ms)
✔ admin mutations declare authentication and concurrency headers (0.151166ms)
✔ theme contract supports the built-in template and rejects remote/unknown IDs (20.346917ms)
✔ authentication HTTP contract separates challenges and cookie sessions (41.257833ms)
✔ bootstrap and enrollment HTTP contract restricts policy and recovery material (53.348167ms)
✔ session read/logout contract excludes secrets and declares unavailable responses (22.962083ms)
ℹ tests 10
ℹ suites 0
ℹ pass 10
ℹ fail 0
ℹ cancelled 0
ℹ skipped 0
ℹ todo 0
ℹ duration_ms 259.275167
npm run build:admin

> waiting-room-devtools@0.0.0 build:admin
> vite build --config apps/admin/vite.config.mjs

vite v8.2.2 building client environment for production...
transforming...
✓ 50 modules transformed.
rendering chunks...
computing gzip size...
build/admin-ui/index.html                             0.50 kB │ gzip:  0.34 kB
build/admin-ui/assets/preview-6nrmtAL5.css            2.97 kB │ gzip:  0.99 kB
build/admin-ui/assets/index-Bd7BhE6P.css              4.24 kB │ gzip:  1.47 kB
build/admin-ui/assets/rolldown-runtime-CbXtAM7H.js    0.58 kB │ gzip:  0.36 kB
build/admin-ui/assets/preview-BFp9Ldwz.js            12.32 kB │ gzip:  4.64 kB
build/admin-ui/assets/browser-fxCp88pT.js            23.47 kB │ gzip:  8.86 kB
build/admin-ui/assets/index-hQTL5jMA.js             203.48 kB │ gzip: 64.90 kB

✓ built in 72ms
npm run test:admin-ui

> waiting-room-devtools@0.0.0 test:admin-ui
> node --test apps/admin/test/*.test.mjs

✔ HTML patterns compile in UnicodeSets v mode and preserve ID/code bounds (0.380125ms)
✔ local QR URI encodes account and exact algorithm without remote service (0.182ms)
✔ client keeps credentials in same-origin headers/body and rejects redirects (0.27875ms)
✔ client error does not reflect backend body or network secrets (0.600041ms)
✔ storage is CSRF only and denied storage fails safely (0.360042ms)
✔ download uses fixed filename and JSON bytes, then cleans its temporary URL (0.443708ms)
✔ preview uses explicit same-origin endpoint without cookies (0.607667ms)
✔ preview never reflects backend or network error values (0.388666ms)
ℹ tests 8
ℹ suites 0
ℹ pass 8
ℹ fail 0
ℹ cancelled 0
ℹ skipped 0
ℹ todo 0
ℹ duration_ms 33.777
node --test test/installplan/*.test.mjs
✔ standard: schema and executable agree on profile/TOTP/region bounds (731.638834ms)
✔ high-scale: schema and executable agree on profile/TOTP/region bounds (74.717ms)
✔ cost: schema and CLI agree; exact subtotals preserve provenance (94.596709ms)
✔ report: nested input schemas, CLI recomputation and region equality (38.746041ms)
ℹ tests 4
ℹ suites 0
ℹ pass 4
ℹ fail 0
ℹ cancelled 0
ℹ skipped 0
ℹ todo 0
ℹ duration_ms 1519.022917
validating api/openapi/public-v1.yaml...
api/openapi/public-v1.yaml: validated in 16ms

validating api/openapi/admin-v1.yaml...
api/openapi/admin-v1.yaml: validated in 18ms

Woohoo! Your API descriptions are valid. 🎉

