go test -tags=integration -race -count=1 -v ./internal/processlab
=== RUN   TestGatewayProcessColdStartTrust
=== RUN   TestGatewayProcessColdStartTrust/missing
=== RUN   TestGatewayProcessColdStartTrust/wrong-key
=== RUN   TestGatewayProcessColdStartTrust/runtime-mismatch
=== RUN   TestGatewayProcessColdStartTrust/expired
--- PASS: TestGatewayProcessColdStartTrust (1.11s)
    --- PASS: TestGatewayProcessColdStartTrust/missing (0.01s)
    --- PASS: TestGatewayProcessColdStartTrust/wrong-key (0.01s)
    --- PASS: TestGatewayProcessColdStartTrust/runtime-mismatch (0.01s)
    --- PASS: TestGatewayProcessColdStartTrust/expired (0.02s)
=== RUN   TestGatewayProcessConfigExpiry
--- PASS: TestGatewayProcessConfigExpiry (5.83s)
=== RUN   TestCoordinatorProcessTrustAndExpiry
--- PASS: TestCoordinatorProcessTrustAndExpiry (6.47s)
=== RUN   TestGatewaySignedBinding
--- PASS: TestGatewaySignedBinding (0.02s)
=== RUN   TestCoordinatorSignedBindingBeforeStore
--- PASS: TestCoordinatorSignedBindingBeforeStore (0.01s)
=== RUN   TestProcessQuick20AndCoordinatorDeath
    process_integration_test.go:143: four distinct child PIDs=[46757 46759 46760 46761]; real Quick20=3 admitted/17 queued; Coordinator SIGKILL yields join 503, unsafe 429, origin count remains 3
--- PASS: TestProcessQuick20AndCoordinatorDeath (1.26s)
=== RUN   TestProcessBrowserCrossGatewayAndRestart
    process_integration_test.go:243: browser join -> other Gateway process -> Gateway replacement with same key -> claim -> separate origin; ticket preserved; parent pipe EOF exits child
--- PASS: TestProcessBrowserCrossGatewayAndRestart (1.06s)
=== RUN   TestPrivateConfigBounds
--- PASS: TestPrivateConfigBounds (0.00s)
=== RUN   TestRoleConfigurationSeparation
--- PASS: TestRoleConfigurationSeparation (0.00s)
=== RUN   TestPublicReadinessAndSummary
--- PASS: TestPublicReadinessAndSummary (0.00s)
=== RUN   TestCanceledAndRelativeProcessLaunch
--- PASS: TestCanceledAndRelativeProcessLaunch (0.00s)
PASS
ok  	waiting-room/internal/processlab	17.325s
