
> waiting-room-devtools@0.0.0 build:admin
> vite build --config apps/admin/vite.config.mjs

vite v8.2.2 building client environment for production...
transforming...
✓ 80 modules transformed.
rendering chunks...
computing gzip size...
build/admin-ui/index.html                             0.50 kB │ gzip:  0.34 kB
build/admin-ui/assets/setup-Bv17efgs.css              2.41 kB │ gzip:  0.87 kB
build/admin-ui/assets/traffic-lab-CSPhImGA.css        3.75 kB │ gzip:  1.22 kB
build/admin-ui/assets/preview-qBODYFax.css           15.74 kB │ gzip:  3.58 kB
build/admin-ui/assets/index-ChGKRal6.css             30.33 kB │ gzip:  6.74 kB
build/admin-ui/assets/rolldown-runtime-CbXtAM7H.js    0.58 kB │ gzip:  0.36 kB
build/admin-ui/assets/preview-inputs-mkZsw8EJ.js      2.86 kB │ gzip:  1.55 kB
build/admin-ui/assets/traffic-lab-gzfHas6-.js         9.94 kB │ gzip:  4.05 kB
build/admin-ui/assets/setup-D3jUg9Tl.js              10.83 kB │ gzip:  4.03 kB
build/admin-ui/assets/browser-fxCp88pT.js            23.47 kB │ gzip:  8.86 kB
build/admin-ui/assets/preview-6YyyEnGo.js            27.74 kB │ gzip:  9.35 kB
build/admin-ui/assets/index-IFubo0Ze.js             308.11 kB │ gzip: 94.48 kB

✓ built in 113ms
System public CA bundle SHA-256: 9dae8d76e55cb08991f2b672d58999ea15560d910759c16b544f843bdffbb994
#0 building with "desktop-linux" instance using docker driver

#1 [internal] load build definition from control.Dockerfile
#1 transferring dockerfile: 502B done
#1 DONE 0.0s

#2 [internal] load .dockerignore
#2 transferring context: 213B done
#2 DONE 0.0s

#3 [internal] load build context
#3 transferring context: 46.01MB 0.4s done
#3 DONE 0.4s

#4 [1/4] COPY build/local-control/ca-certificates.crt /etc/ssl/certs/ca-certificates.crt
#4 CACHED

#5 [2/4] COPY build/local-control/wr-control /wr-control
#5 DONE 0.1s

#6 [3/4] COPY build/local-control/wr-node /wr-node
#6 DONE 0.1s

#7 [4/4] COPY build/admin-ui /ui
#7 DONE 0.0s

#8 exporting to image
#8 exporting layers
#8 exporting layers 0.7s done
#8 exporting manifest sha256:7418327549d6a3eb45e57e296e16484ec574a08ebdd08d5efba61d4c21f3dadd
#8 exporting manifest sha256:7418327549d6a3eb45e57e296e16484ec574a08ebdd08d5efba61d4c21f3dadd 0.1s done
#8 exporting config sha256:d94cd82d54a2fb107cd1434db7421c11dc37f84eedd2726b545a56c912206475 0.0s done
#8 exporting attestation manifest sha256:7bf2d8552ac93b57c10150edb2e703230ac13c07eddd23b83d1bf49b905ece94 0.0s done
#8 exporting manifest list sha256:9e871ba5a6b48ff57d4be4ce19cdb382455adc8ed4731133636c1ca4b42e1eb4
#8 exporting manifest list sha256:9e871ba5a6b48ff57d4be4ce19cdb382455adc8ed4731133636c1ca4b42e1eb4 0.0s done
#8 naming to docker.io/library/waiting-room-beta9-confirmed-join:local done
#8 unpacking to docker.io/library/waiting-room-beta9-confirmed-join:local
#8 unpacking to docker.io/library/waiting-room-beta9-confirmed-join:local 0.8s done
#8 DONE 1.7s
Built isolated local candidate waiting-room-beta9-confirmed-join:local sha256:9e871ba5a6b48ff57d4be4ce19cdb382455adc8ed4731133636c1ca4b42e1eb4. No installation was started or changed.
