PASS: six-role Docker installation, actual Linux Control calibration, reviewed policy/region/defaults apply
PASS: PostgreSQL and Control restart preserve exact setup report and calibrated parameters before bootstrap
PASS: applied installation region and Room defaults reach signed runtime with both Gateway/Coordinator ACK
gateway-1  | 2026/09/10 08:57:55 runtime_sync node=gateway state=pending stage=ack code=unavailable generation=1
gateway-1  | 2026/09/10 08:57:56 runtime_sync node=gateway state=recovered generation=3
coordinator-1  | 2026/09/10 08:57:54 runtime_sync node=coordinator state=pending stage=ack code=unavailable generation=1
coordinator-1  | 2026/09/10 08:57:55 runtime_sync node=coordinator state=recovered generation=3
node:internal/modules/run_main:107
    triggerUncaughtException(
    ^

browserType.launch: Executable doesn't exist at /Users/youngjoo/Library/Caches/ms-playwright/chromium_headless_shell-1243/chrome-headless-shell-mac-arm64/chrome-headless-shell
╔════════════════════════════════════════════════════════════╗
║ Looks like Playwright was just installed or updated.       ║
║ Please run the following command to download new browsers: ║
║                                                            ║
║     npx playwright install                                 ║
║                                                            ║
║ <3 Playwright Team                                         ║
╚════════════════════════════════════════════════════════════╝
    at /Users/youngjoo/ethan/waiting-room/test/localbeta/epoch-runtime.mjs:58:28 {
  log: [],
  name: 'Error'
}

Node.js v24.12.0
