go vet ./...
?   	waiting-room/cmd/wr-admin-lab	[no test files]
?   	waiting-room/cmd/wr-auth-calibrate	[no test files]
?   	waiting-room/cmd/wr-control	[no test files]
?   	waiting-room/cmd/wr-lab	[no test files]
?   	waiting-room/cmd/wr-process-lab	[no test files]
ok  	waiting-room/cmd/wrctl	2.086s
ok  	waiting-room/internal/adminauth	8.728s
ok  	waiting-room/internal/adminauth/authhttp	1.640s
ok  	waiting-room/internal/adminauth/controlhttp	3.081s
ok  	waiting-room/internal/adminauth/pgstore	3.500s
ok  	waiting-room/internal/adminauth/sessionhttp	4.388s
ok  	waiting-room/internal/adminlab	3.976s
?   	waiting-room/internal/adminserver	[no test files]
ok  	waiting-room/internal/admission	4.754s
ok  	waiting-room/internal/configtrust	5.324s
ok  	waiting-room/internal/control	5.512s
ok  	waiting-room/internal/installplan	5.985s
ok  	waiting-room/internal/installplan/clockcheck	6.418s
ok  	waiting-room/internal/installplan/preflight	6.684s
ok  	waiting-room/internal/installplan/preview	7.040s
ok  	waiting-room/internal/lab	6.268s
ok  	waiting-room/internal/localcontrol	6.081s
ok  	waiting-room/internal/policy	5.389s
ok  	waiting-room/internal/processlab	5.524s
ok  	waiting-room/internal/queue/model	5.644s
ok  	waiting-room/internal/queue/valkeystore	5.436s
ok  	waiting-room/internal/waiting	5.477s

> waiting-room-devtools@0.0.0 test
> node --test scripts/*.test.mjs

✔ front matter rejects duplicate keys and absent metadata (2.504709ms)
✔ dependency validator detects missing owners, duplicate IDs and cycles (0.341584ms)
✔ unchecked work and missing evidence cannot become GO (0.109625ms)
✔ 100K child failure blocks final release even if other children report GO (0.180209ms)
✔ declared dependency failure blocks delivery (0.060458ms)
✔ local and M0 success cannot stand in for delivery evidence (0.070458ms)
✔ evidence rejects missing identity, skipped PASS and traversal (34.270458ms)
✔ artifact digest mismatch and missing logs invalidate evidence (1.238125ms)
✔ support matrix rejects wildcard versions and false qualification (0.169875ms)
✔ benchmark targets respect default retention, skew and rolling-rate budgets (0.711833ms)
ℹ tests 10
ℹ suites 0
ℹ pass 10
ℹ fail 0
ℹ cancelled 0
ℹ skipped 0
ℹ todo 0
ℹ duration_ms 111.041792
node scripts/check-docs.mjs
PASS: 9 PRDs; ownership, dependency graph, checklist, links, evidence rules and Git tracking.
npm run lint:api

> waiting-room-devtools@0.0.0 lint:api
> redocly lint api/openapi/public-v1.yaml api/openapi/admin-v1.yaml

node --test test/contract/*.test.mjs
✔ draft authoring client matches the strict saved ConfigDraft contract (37.770209ms)
✔ draft audit contract accepts redacted digests and excludes payloads (15.24275ms)
✔ all local OpenAPI references resolve (0.61875ms)
✔ join schema rejects absolute and scheme-relative targets (16.4035ms)
✔ Room IDs exclude invalid base32 characters (15.043667ms)
✔ public status and claim are distinct operations and heartbeat is explicit (0.106125ms)
✔ admin policy and limit schema reject unsupported/unsafe values (18.799625ms)
✔ admin mutations declare authentication and concurrency headers (0.125833ms)
✔ theme contract supports the built-in template and rejects remote/unknown IDs (18.880583ms)
✔ authentication HTTP contract separates challenges and cookie sessions (39.747917ms)
✔ bootstrap and enrollment HTTP contract restricts policy and recovery material (56.578042ms)
✔ session read/logout contract excludes secrets and declares unavailable responses (23.450834ms)
ℹ tests 12
ℹ suites 0
ℹ pass 12
ℹ fail 0
ℹ cancelled 0
ℹ skipped 0
ℹ todo 0
ℹ duration_ms 293.630708
npm run build:admin

> waiting-room-devtools@0.0.0 build:admin
> vite build --config apps/admin/vite.config.mjs

vite v8.2.2 building client environment for production...
transforming...
✓ 53 modules transformed.
rendering chunks...
computing gzip size...
build/admin-ui/index.html                             0.50 kB │ gzip:  0.34 kB
build/admin-ui/assets/preview-6nrmtAL5.css            2.97 kB │ gzip:  0.99 kB
build/admin-ui/assets/index-CcF_bWtN.css              7.11 kB │ gzip:  2.09 kB
build/admin-ui/assets/rolldown-runtime-CbXtAM7H.js    0.58 kB │ gzip:  0.36 kB
build/admin-ui/assets/preview-KUxs2kbi.js            12.32 kB │ gzip:  4.64 kB
build/admin-ui/assets/browser-fxCp88pT.js            23.47 kB │ gzip:  8.86 kB
build/admin-ui/assets/index-B9Nx2du4.js             215.89 kB │ gzip: 68.35 kB

✓ built in 71ms
npm run test:admin-ui

> waiting-room-devtools@0.0.0 test:admin-ui
> node --test apps/admin/test/*.test.mjs

✔ HTML patterns compile in UnicodeSets v mode and preserve ID/code bounds (0.385625ms)
✔ local QR URI encodes account and exact algorithm without remote service (0.187ms)
✔ client keeps credentials in same-origin headers/body and rejects redirects (0.165ms)
✔ client error does not reflect backend body or network secrets (0.470625ms)
✔ storage is CSRF only and denied storage fails safely (0.336667ms)
✔ new Room remains inactive, FIFO and local built-in template (1.625875ms)
✔ draft write preserves caller replay key and ETag and never reports activation (7.524083ms)
✔ revision conflict is explicit and raw errors are not shown (0.23225ms)
✔ download uses fixed filename and JSON bytes, then cleans its temporary URL (0.433375ms)
✔ preview uses explicit same-origin endpoint without cookies (0.598959ms)
✔ preview never reflects backend or network error values (0.253625ms)
ℹ tests 11
ℹ suites 0
ℹ pass 11
ℹ fail 0
ℹ cancelled 0
ℹ skipped 0
ℹ todo 0
ℹ duration_ms 40.153166
node --test test/installplan/*.test.mjs
✔ standard: schema and executable agree on profile/TOTP/region bounds (835.226458ms)
✔ high-scale: schema and executable agree on profile/TOTP/region bounds (77.124542ms)
✔ cost: schema and CLI agree; exact subtotals preserve provenance (122.286541ms)
✔ report: nested input schemas, CLI recomputation and region equality (42.264375ms)
ℹ tests 4
ℹ suites 0
ℹ pass 4
ℹ fail 0
ℹ cancelled 0
ℹ skipped 0
ℹ todo 0
ℹ duration_ms 1629.628708
validating api/openapi/public-v1.yaml...
api/openapi/public-v1.yaml: validated in 16ms

validating api/openapi/admin-v1.yaml...
api/openapi/admin-v1.yaml: validated in 20ms

Woohoo! Your API descriptions are valid. 🎉

