go vet ./...
?   	waiting-room/build/beta7-clock-probe	[no test files]
?   	waiting-room/build/beta7-valkey-probe	[no test files]
?   	waiting-room/build/beta8-logo-fixture	[no test files]
?   	waiting-room/build/beta8-valkey-sample	[no test files]
?   	waiting-room/build/problem-preview	[no test files]
?   	waiting-room/cmd/wr-admin-lab	[no test files]
?   	waiting-room/cmd/wr-auth-calibrate	[no test files]
?   	waiting-room/cmd/wr-control	[no test files]
?   	waiting-room/cmd/wr-lab	[no test files]
?   	waiting-room/cmd/wr-node	[no test files]
?   	waiting-room/cmd/wr-process-lab	[no test files]
ok  	waiting-room/cmd/wrctl	1.522s
?   	waiting-room/deploy	[no test files]
ok  	waiting-room/internal/adminauth	15.638s
ok  	waiting-room/internal/adminauth/authhttp	1.909s
ok  	waiting-room/internal/adminauth/controlhttp	2.342s
ok  	waiting-room/internal/adminauth/pgstore	3.274s
ok  	waiting-room/internal/adminauth/sessionhttp	3.660s
ok  	waiting-room/internal/adminlab	2.845s
ok  	waiting-room/internal/adminserver	4.029s
ok  	waiting-room/internal/admission	5.128s
ok  	waiting-room/internal/configtrust	4.942s
ok  	waiting-room/internal/control	5.033s
ok  	waiting-room/internal/installer	11.049s
ok  	waiting-room/internal/installplan	5.992s
ok  	waiting-room/internal/installplan/clockcheck	6.231s
ok  	waiting-room/internal/installplan/preflight	5.443s
ok  	waiting-room/internal/installplan/preview	5.414s
ok  	waiting-room/internal/keyring	5.407s
ok  	waiting-room/internal/lab	5.110s
ok  	waiting-room/internal/localcontrol	5.249s
ok  	waiting-room/internal/policy	5.053s
ok  	waiting-room/internal/processlab	5.211s
ok  	waiting-room/internal/publicguard	4.657s
ok  	waiting-room/internal/queue/model	5.183s
ok  	waiting-room/internal/queue/valkeystore	5.196s
ok  	waiting-room/internal/recoveryarchive	5.066s
ok  	waiting-room/internal/runtimeplane	5.036s
ok  	waiting-room/internal/trafficlab	5.071s
ok  	waiting-room/internal/waiting	5.251s

> waiting-room-devtools@0.0.0 test
> node --test scripts/*.test.mjs

✔ front matter rejects duplicate keys and absent metadata (3.141334ms)
✔ dependency validator detects missing owners, duplicate IDs and cycles (0.737417ms)
✔ unchecked work and missing evidence cannot become GO (0.165666ms)
✔ 100K child failure blocks final release even if other children report GO (0.225334ms)
✔ declared dependency failure blocks delivery (0.071083ms)
✔ local and M0 success cannot stand in for delivery evidence (0.087292ms)
✔ evidence rejects missing identity, skipped PASS and traversal (46.415292ms)
✔ artifact digest mismatch and missing logs invalidate evidence (1.297542ms)
✔ support matrix rejects wildcard versions and false qualification (0.204083ms)
✔ benchmark targets respect default retention, skew and rolling-rate budgets (0.542125ms)
✔ source startup preserves readiness during bounded coordinator recovery (0.775583ms)
✔ source startup waits for all roles and enforces deadline (7.918875ms)
ℹ tests 12
ℹ suites 0
ℹ pass 12
ℹ fail 0
ℹ cancelled 0
ℹ skipped 0
ℹ todo 0
ℹ duration_ms 144.650333
node scripts/check-docs.mjs
PASS: 9 PRDs; ownership, dependency graph, checklist, links, evidence rules and Git tracking.
npm run lint:api

> waiting-room-devtools@0.0.0 lint:api
> redocly lint api/openapi/public-v1.yaml api/openapi/admin-v1.yaml

validating api/openapi/public-v1.yaml...
api/openapi/public-v1.yaml: validated in 25ms

validating api/openapi/admin-v1.yaml...
api/openapi/admin-v1.yaml: validated in 42ms

Woohoo! Your API descriptions are valid. 🎉

node --test test/contract/*.test.mjs
✔ draft authoring client matches the strict saved ConfigDraft contract (46.4205ms)
✔ draft audit contract accepts redacted digests and excludes payloads (18.517625ms)
✔ all local OpenAPI references resolve (1.177709ms)
✔ join and browser preparation accept root paths and reject external targets (53.114833ms)
✔ Room IDs exclude invalid base32 characters (17.063583ms)
✔ public status and claim are distinct operations and heartbeat is explicit (0.09525ms)
✔ admin policy and limit schema reject unsupported/unsafe values (24.85475ms)
✔ admin mutations declare authentication and concurrency headers (0.542125ms)
✔ route check is a typed read-only POST that cannot reflect target URL (35.260875ms)
✔ implemented security contracts use lowercase roles, explicit enabled and policy revision (32.272125ms)
✔ runtime publication and authenticated enrollment paths have explicit response contracts (17.774125ms)
✔ theme contract supports the built-in template and rejects remote/unknown IDs (30.148916ms)
✔ authentication HTTP contract separates challenges and cookie sessions (46.127958ms)
✔ bootstrap and enrollment HTTP contract restricts policy and recovery material (66.112917ms)
✔ session read/logout contract excludes secrets and declares unavailable responses (28.331666ms)
✔ Traffic Lab accepts fixed presets only and protects mutations with role and retry contracts (33.845375ms)
✔ every implemented operation declares current lowercase roles and typed failures (0.255167ms)
ℹ tests 17
ℹ suites 0
ℹ pass 17
ℹ fail 0
ℹ cancelled 0
ℹ skipped 0
ℹ todo 0
ℹ duration_ms 512.016333
npm run build:admin

> waiting-room-devtools@0.0.0 build:admin
> vite build --config apps/admin/vite.config.mjs

vite v8.2.2 building client environment for production...
transforming...
✓ 80 modules transformed.
rendering chunks...
computing gzip size...
build/admin-ui/index.html                             0.50 kB │ gzip:  0.34 kB
build/admin-ui/assets/setup-Bv17efgs.css              2.41 kB │ gzip:  0.87 kB
build/admin-ui/assets/traffic-lab-CSPhImGA.css        3.75 kB │ gzip:  1.22 kB
build/admin-ui/assets/preview-qBODYFax.css           15.74 kB │ gzip:  3.58 kB
build/admin-ui/assets/index-ChGKRal6.css             30.33 kB │ gzip:  6.74 kB
build/admin-ui/assets/rolldown-runtime-CbXtAM7H.js    0.58 kB │ gzip:  0.36 kB
build/admin-ui/assets/preview-inputs-mkZsw8EJ.js      2.86 kB │ gzip:  1.55 kB
build/admin-ui/assets/traffic-lab-CgSwsY9I.js         9.94 kB │ gzip:  4.05 kB
build/admin-ui/assets/setup-Bd4kQ-ZA.js              10.83 kB │ gzip:  4.03 kB
build/admin-ui/assets/browser-fxCp88pT.js            23.47 kB │ gzip:  8.86 kB
build/admin-ui/assets/preview-Bprq3vvV.js            27.74 kB │ gzip:  9.35 kB
build/admin-ui/assets/index-C92yYszv.js             308.05 kB │ gzip: 94.46 kB

✓ built in 102ms
npm run test:admin-ui

> waiting-room-devtools@0.0.0 test:admin-ui
> node --test apps/admin/test/*.test.mjs

✔ HTML patterns compile in UnicodeSets v mode and preserve ID/code bounds (0.452709ms)
✔ local QR URI encodes account and exact algorithm without remote service (0.242458ms)
✔ client keeps credentials in same-origin headers/body and rejects redirects (0.213708ms)
✔ client error does not reflect backend body or network secrets (0.712333ms)
✔ storage is CSRF only and denied storage fails safely (0.397375ms)
✔ audit uses the public at field and does not label accepted operations as rejected (23.035541ms)
✔ system recovery labels reflect held/resumed; unknown labels and invalid time fail safely (0.103958ms)
✔ authentication audit distinguishes second factor from completed login (0.06175ms)
✔ new Room remains inactive, FIFO and local built-in template (4.589875ms)
✔ draft write preserves caller replay key and ETag and never reports activation (11.050916ms)
✔ revision conflict is explicit and raw errors are not shown (0.556958ms)
✔ local event inputs preserve seconds and serialize UTC (2.895625ms)
✔ event form rejects missing, normalized calendar dates, past, reversed and oversized range (0.308917ms)
✔ download uses fixed filename and JSON bytes, then cleans its temporary URL (0.563583ms)
✔ default plan is valid at every input step and exports the guided sequence (0.698792ms)
✔ profile and region errors are scoped to their own step (0.722333ms)
✔ capacity honors each profile and changing to Standard preserves invalid values (22.116208ms)
✔ capacity rejects missing, fractional, non-finite and string integers (0.1895ms)
✔ TOTP accepts an explicit configurable OFF and rejects missing or forced OFF (0.107ms)
✔ cost fixture validates without changing inputs and region remains the caller responsibility (0.67975ms)
✔ price strings preserve exact decimal syntax and reject incompatible values (1.364083ms)
✔ pricing date validation covers real calendar and backend year bounds (0.397042ms)
✔ pricing identifiers and integer bounds match backend constraints (1.570959ms)
✔ preview uses explicit same-origin endpoint without cookies (0.714958ms)
✔ preview never reflects backend or network error values (0.298292ms)
✔ Room wizard defaults stay inactive and preserve full API contract on save (2.815417ms)
✔ connection guidance rejects Gateway loops, credentials, normalization surprises and mismatched health URLs (1.726541ms)
✔ prefix validation mirrors canonical and reserved path boundaries (0.345166ms)
✔ route demonstration uses segment boundaries and exclusion precedence (0.118083ms)
✔ capacity allows only bounded integers in the installation profile (11.324541ms)
✔ existing ID and active route conflicts are explained before saving (0.23225ms)
✔ theme checks reject unsafe text but retain multiline plain guidance (0.14675ms)
✔ console routes preserve exact Room identity and tab (1.032375ms)
✔ console rejects external, encoded, query and malformed routes (0.12ms)
✔ sensitive request freezes original bytes and matches Go digest framing (3.655416ms)
✔ reauth and execution share exact body, revision and stable retry key (10.201875ms)
✔ setup accepts preview reports as editable inputs, retaining explicit false (0.895375ms)
✔ queue metrics use only Coordinator and subtract READY from active leases for ADMITTED (1.943333ms)
✔ stale, missing, wrong-generation and mismatched revision observations cannot appear current (0.267875ms)
✔ failed refresh masks earlier successful counts, health and modes without discarding the saved command (0.07625ms)
✔ origin false and recovery are actionable failures, while old Gateway counters remain unknown (0.286ms)
✔ HTTP 5xx uses fresh Gateway whole-minute observations and distinguishes warming from zero (9.619542ms)
✔ aggregate is unknown instead of a misleading partial total if any Room lacks fresh source data (0.240583ms)
✔ a late polling response cannot overwrite a newer command generation (0.069958ms)
✔ upload bounds are checked before reading or rendering pixels (1.818416ms)
✔ JPEG dimensions use bounded header parsing and reject truncated segments (0.420458ms)
✔ wizard and editor preserve a selected logo and explicitly remove it (1.417333ms)
✔ Traffic Lab navigation and active states keep interrupted runs distinct (0.618167ms)
ℹ tests 48
ℹ suites 0
ℹ pass 48
ℹ fail 0
ℹ cancelled 0
ℹ skipped 0
ℹ todo 0
ℹ duration_ms 90.298
node --test test/installplan/*.test.mjs
✔ standard: schema and executable agree on profile/TOTP/region bounds (581.759667ms)
✔ high-scale: schema and executable agree on profile/TOTP/region bounds (134.57ms)
✔ cost: schema and CLI agree; exact subtotals preserve provenance (160.53825ms)
✔ report: nested input schemas, CLI recomputation and region equality (60.409208ms)
ℹ tests 4
ℹ suites 0
ℹ pass 4
ℹ fail 0
ℹ cancelled 0
ℹ skipped 0
ℹ todo 0
ℹ duration_ms 2362.56875
