PASS: six-role Docker installation, actual Linux Control calibration, reviewed policy/region/defaults apply
PASS: PostgreSQL and Control restart preserve exact setup report and calibrated parameters before bootstrap
PASS: applied installation region and Room defaults reach signed runtime with both Gateway/Coordinator ACK
Clock refresh mTLS protocol: {"peer":"demo-origin","configStatus":403,"refreshStatus":403}
Clock refresh mTLS protocol: {"afterGeneration":5,"beforeGeneration":4,"concurrentRequests":8,"elapsedMs":9,"futureBoundaryStatus":409,"peer":"gateway","sameApprovedPayload":true,"sameSignedBytes":true,"unknownFieldStatus":400,"wrongAuthorityStatus":400}
PASS: actual role-certificate clock-refresh protocol, approved signed payload preserved, eight exact retries produce one audit and both runtime ACKs; no host clock injection
PASS: actual HTTPS join retry, shared early-poll 429 and Retry-After, 20 concurrent denied polls, scheduled read, heartbeat and held claim
PASS: actual HTTPS maximum 2048-byte query, first browser response discarded with all cookies, same-ticket keyboard recovery, Secure/HttpOnly intent, 5 simultaneous fresh tabs with independent targets, prepare contracts and mobile axe
Browser response 429 /_wr/v1/rooms/xoalk5foj52fy2f32qu2/status
PASS: decoded/re-encoded logo saved, signed, rendered as same-origin PNG at 320px with strict CSP, image GET/HEAD/method contract and axe 0 violations
Browser response 429 /_wr/v1/rooms/xoalk5foj52fy2f32qu2/status
Browser response 429 /_wr/v1/rooms/xoalk5foj52fy2f32qu2/status
PASS: real mobile browser navigation keeps the waiting page through early-poll throttling
Browser response 429 /_wr/v1/rooms/xoalk5foj52fy2f32qu2/status
Browser response 429 /_wr/v1/rooms/xoalk5foj52fy2f32qu2/status
Browser response 429 /_wr/v1/rooms/xoalk5foj52fy2f32qu2/status
Browser response 429 /_wr/v1/rooms/xoalk5foj52fy2f32qu2/status
PASS: public method/problem contracts, protected unsafe methods, DRAINING 503, byte-identical claim retry and valid-admission method matrix
PASS: HOLD browser/app surface matrix 122 requests; faults=true; missing/header/cookie/invalid/ambiguous credentials and HEAD boundaries
PASS: DRAINING browser/app surface matrix 122 requests; faults=true; missing/header/cookie/invalid/ambiguous credentials and HEAD boundaries
Browser response 429 /_wr/v1/rooms/xoalk5foj52fy2f32qu2/status
PASS: OFF browser/app surface matrix 122 requests; faults=true; missing/header/cookie/invalid/ambiguous credentials and HEAD boundaries
Browser response 503 /_wr/v1/rooms/xoalk5foj52fy2f32qu2/status
PASS: AUTO browser/app surface matrix 122 requests; faults=true; missing/header/cookie/invalid/ambiguous credentials and HEAD boundaries
PASS: actual HTTPS mode matrix 72 customer requests (HOLD/DRAINING/OFF/AUTO, missing/valid/invalid admission, six methods), reserved API boundaries, Admin OFF exact retry and AUTO restoration
PASS: expanded mode/failure/browser/app matrix 488 actual customer requests, 320px Coordinator outage page, keyboard retry focus and axe 0 violations
PASS: actual origin-down six-method 503 matrix, Coordinator-down four public APIs, valid-admission continuity, safe service restart and byte-identical claim recovery
Browser response 429 /_wr/v1/rooms/xoalk5foj52fy2f32qu2/status
Browser response 429 /_wr/v1/rooms/xoalk5foj52fy2f32qu2/status
Browser response 429 /_wr/v1/rooms/xoalk5foj52fy2f32qu2/status
Browser response 429 /_wr/v1/rooms/xoalk5foj52fy2f32qu2/status
Browser response 429 /_wr/v1/rooms/xoalk5foj52fy2f32qu2/status
file:///Users/youngjoo/ethan/waiting-room/test/localbeta/public-runtime.mjs:37
async function until(check){for(let i=0;i<40;i++){if(await check())return;await delay(500);}throw Error('isolated runtime did not apply setup');}
                                                                                                  ^

Error: isolated runtime did not apply setup
    at until (file:///Users/youngjoo/ethan/waiting-room/test/localbeta/public-runtime.mjs:37:99)
    at async file:///Users/youngjoo/ethan/waiting-room/test/localbeta/public-runtime.mjs:155:70

Node.js v24.12.0
