dependency-security	Run make check-security	﻿2026-09-10T06:53:47.1459400Z ##[group]Run make check-security
dependency-security	Run make check-security	2026-09-10T06:53:47.1459757Z [36;1mmake check-security[0m
dependency-security	Run make check-security	2026-09-10T06:53:47.1498044Z shell: /usr/bin/bash -e {0}
dependency-security	Run make check-security	2026-09-10T06:53:47.1498500Z ##[endgroup]
dependency-security	Run make check-security	2026-09-10T06:53:47.1773163Z go run golang.org/x/vuln/cmd/govulncheck@v1.8.0 ./cmd/... ./internal/...
dependency-security	Run make check-security	2026-09-10T06:53:47.2199231Z go: downloading golang.org/x/vuln v1.8.0
dependency-security	Run make check-security	2026-09-10T06:53:47.4145004Z go: downloading golang.org/x/telemetry v0.0.0-20260908163034-4bcc4b2ee518
dependency-security	Run make check-security	2026-09-10T06:53:47.5389224Z go: downloading golang.org/x/mod v0.41.0
dependency-security	Run make check-security	2026-09-10T06:53:47.5417376Z go: downloading golang.org/x/tools v0.50.0
dependency-security	Run make check-security	2026-09-10T06:53:47.6118917Z go: downloading golang.org/x/sync v0.23.0
dependency-security	Run make check-security	2026-09-10T06:54:07.3917889Z === Symbol Results ===
dependency-security	Run make check-security	2026-09-10T06:54:07.3918268Z 
dependency-security	Run make check-security	2026-09-10T06:54:07.3918798Z No vulnerabilities found.
dependency-security	Run make check-security	2026-09-10T06:54:07.3919099Z 
dependency-security	Run make check-security	2026-09-10T06:54:07.3919425Z Your code is affected by 0 vulnerabilities.
dependency-security	Run make check-security	2026-09-10T06:54:07.3920232Z This scan also found 0 vulnerabilities in packages you import and 1
dependency-security	Run make check-security	2026-09-10T06:54:07.3921738Z vulnerability in modules you require, but your code doesn't appear to call these
dependency-security	Run make check-security	2026-09-10T06:54:07.3922431Z vulnerabilities.
dependency-security	Run make check-security	2026-09-10T06:54:07.3922923Z Use '-show verbose' for more details.
dependency-security	Run make check-security	2026-09-10T06:54:07.4675185Z npm audit --audit-level=low
dependency-security	Run make check-security	2026-09-10T06:54:07.8607281Z found 0 vulnerabilities
