go vet ./...
?   	waiting-room/build/beta7-clock-probe	[no test files]
?   	waiting-room/build/beta7-valkey-probe	[no test files]
?   	waiting-room/build/beta8-clock-schedule	[no test files]
?   	waiting-room/build/beta8-logo-fixture	[no test files]
?   	waiting-room/build/beta8-valkey-sample	[no test files]
?   	waiting-room/build/problem-preview	[no test files]
?   	waiting-room/cmd/wr-admin-lab	[no test files]
?   	waiting-room/cmd/wr-auth-calibrate	[no test files]
?   	waiting-room/cmd/wr-control	[no test files]
?   	waiting-room/cmd/wr-lab	[no test files]
?   	waiting-room/cmd/wr-node	[no test files]
?   	waiting-room/cmd/wr-process-lab	[no test files]
ok  	waiting-room/cmd/wrctl	1.533s
?   	waiting-room/deploy	[no test files]
ok  	waiting-room/internal/adminauth	16.967s
ok  	waiting-room/internal/adminauth/authhttp	2.868s
ok  	waiting-room/internal/adminauth/controlhttp	2.391s
ok  	waiting-room/internal/adminauth/pgstore	3.927s
ok  	waiting-room/internal/adminauth/sessionhttp	3.057s
ok  	waiting-room/internal/adminlab	3.484s
ok  	waiting-room/internal/adminserver	4.720s
ok  	waiting-room/internal/admission	5.119s
ok  	waiting-room/internal/configtrust	6.524s
ok  	waiting-room/internal/control	5.139s
ok  	waiting-room/internal/installer	11.680s
ok  	waiting-room/internal/installplan	5.979s
ok  	waiting-room/internal/installplan/clockcheck	6.489s
ok  	waiting-room/internal/installplan/preflight	5.897s
ok  	waiting-room/internal/installplan/preview	5.477s
ok  	waiting-room/internal/keyring	5.368s
ok  	waiting-room/internal/lab	5.400s
ok  	waiting-room/internal/localcontrol	5.573s
ok  	waiting-room/internal/policy	5.370s
ok  	waiting-room/internal/processlab	5.191s
ok  	waiting-room/internal/publicguard	5.137s
ok  	waiting-room/internal/queue/model	5.778s
ok  	waiting-room/internal/queue/valkeystore	5.449s
ok  	waiting-room/internal/recoveryarchive	5.463s
ok  	waiting-room/internal/runtimeplane	5.647s
ok  	waiting-room/internal/trafficlab	5.745s
ok  	waiting-room/internal/waiting	5.881s

> waiting-room-devtools@0.0.0 test
> node --test scripts/*.test.mjs

✔ lost join response reuses exact key/body and never follows response URLs or replays customer writes (11.762333ms)
✔ status polls and temporary status failures cannot postpone independent heartbeats (0.883667ms)
✔ lost claim reply retries same ticket after Retry-After (0.497541ms)
✔ expired ticket is terminal and does not allocate a replacement (0.408208ms)
✔ OFF pass never manufactures an admission or forwards a customer request (0.1405ms)
✔ uncertain join stops before replay window and never changes its key (0.299083ms)
✔ cancellation, invalid authority and invalid poll metadata never grant access (0.2685ms)
✔ a persisted old or future-dated join intent is not silently reused as a new visitor (0.12575ms)
✔ front matter rejects duplicate keys and absent metadata (2.836792ms)
✔ dependency validator detects missing owners, duplicate IDs and cycles (0.50225ms)
✔ unchecked work and missing evidence cannot become GO (0.15125ms)
✔ 100K child failure blocks final release even if other children report GO (0.218542ms)
✔ declared dependency failure blocks delivery (0.069209ms)
✔ local and M0 success cannot stand in for delivery evidence (0.084375ms)
✔ evidence rejects missing identity, skipped PASS and traversal (45.177ms)
✔ artifact digest mismatch and missing logs invalidate evidence (1.628666ms)
✔ support matrix rejects wildcard versions and false qualification (0.225167ms)
✔ benchmark targets respect default retention, skew and rolling-rate budgets (0.629333ms)
✔ source startup preserves readiness during bounded coordinator recovery (0.536584ms)
✔ source startup waits for all roles and enforces deadline (8.289292ms)
ℹ tests 20
ℹ suites 0
ℹ pass 20
ℹ fail 0
ℹ cancelled 0
ℹ skipped 0
ℹ todo 0
ℹ duration_ms 146.147875
node scripts/check-docs.mjs
PASS: 9 PRDs; ownership, dependency graph, checklist, links, evidence rules and Git tracking.
npm run lint:api

> waiting-room-devtools@0.0.0 lint:api
> redocly lint api/openapi/public-v1.yaml api/openapi/admin-v1.yaml

validating api/openapi/public-v1.yaml...
api/openapi/public-v1.yaml: validated in 24ms

validating api/openapi/admin-v1.yaml...
api/openapi/admin-v1.yaml: validated in 39ms

Woohoo! Your API descriptions are valid. 🎉

node --test test/contract/*.test.mjs
✔ draft authoring client matches the strict saved ConfigDraft contract (42.278ms)
✔ draft audit contract accepts redacted digests and excludes payloads (16.815542ms)
✔ all local OpenAPI references resolve (1.033583ms)
✔ join and browser preparation accept root paths and reject external targets (46.613625ms)
✔ Room IDs exclude invalid base32 characters (14.904625ms)
✔ public status and claim are distinct operations and heartbeat is explicit (0.084625ms)
✔ admin policy and limit schema reject unsupported/unsafe values (20.669084ms)
✔ admin mutations declare authentication and concurrency headers (0.454875ms)
✔ route check is a typed read-only POST that cannot reflect target URL (30.722292ms)
✔ implemented security contracts use lowercase roles, explicit enabled and policy revision (28.325291ms)
✔ runtime publication and authenticated enrollment paths have explicit response contracts (16.206625ms)
✔ theme contract supports the built-in template and rejects remote/unknown IDs (27.495041ms)
✔ authentication HTTP contract separates challenges and cookie sessions (41.317917ms)
✔ bootstrap and enrollment HTTP contract restricts policy and recovery material (63.847625ms)
✔ session read/logout contract excludes secrets and declares unavailable responses (25.430084ms)
✔ Traffic Lab accepts fixed presets only and protects mutations with role and retry contracts (32.235584ms)
✔ every implemented operation declares current lowercase roles and typed failures (0.219583ms)
ℹ tests 17
ℹ suites 0
ℹ pass 17
ℹ fail 0
ℹ cancelled 0
ℹ skipped 0
ℹ todo 0
ℹ duration_ms 462.951583
npm run build:admin

> waiting-room-devtools@0.0.0 build:admin
> vite build --config apps/admin/vite.config.mjs

vite v8.2.2 building client environment for production...
transforming...
✓ 80 modules transformed.
rendering chunks...
computing gzip size...
build/admin-ui/index.html                             0.50 kB │ gzip:  0.34 kB
build/admin-ui/assets/setup-Bv17efgs.css              2.41 kB │ gzip:  0.87 kB
build/admin-ui/assets/traffic-lab-CSPhImGA.css        3.75 kB │ gzip:  1.22 kB
build/admin-ui/assets/preview-qBODYFax.css           15.74 kB │ gzip:  3.58 kB
build/admin-ui/assets/index-ChGKRal6.css             30.33 kB │ gzip:  6.74 kB
build/admin-ui/assets/rolldown-runtime-CbXtAM7H.js    0.58 kB │ gzip:  0.36 kB
build/admin-ui/assets/preview-inputs-mkZsw8EJ.js      2.86 kB │ gzip:  1.55 kB
build/admin-ui/assets/traffic-lab-gzfHas6-.js         9.94 kB │ gzip:  4.05 kB
build/admin-ui/assets/setup-D3jUg9Tl.js              10.83 kB │ gzip:  4.03 kB
build/admin-ui/assets/browser-fxCp88pT.js            23.47 kB │ gzip:  8.86 kB
build/admin-ui/assets/preview-6YyyEnGo.js            27.74 kB │ gzip:  9.35 kB
build/admin-ui/assets/index-IFubo0Ze.js             308.11 kB │ gzip: 94.48 kB

✓ built in 96ms
npm run test:admin-ui

> waiting-room-devtools@0.0.0 test:admin-ui
> node --test apps/admin/test/*.test.mjs

✔ HTML patterns compile in UnicodeSets v mode and preserve ID/code bounds (0.490208ms)
✔ local QR URI encodes account and exact algorithm without remote service (0.215917ms)
✔ client keeps credentials in same-origin headers/body and rejects redirects (0.199708ms)
✔ client error does not reflect backend body or network secrets (1.283667ms)
✔ storage is CSRF only and denied storage fails safely (0.497292ms)
✔ audit uses the public at field and does not label accepted operations as rejected (30.944916ms)
✔ system recovery labels reflect held/resumed; unknown labels and invalid time fail safely (0.131041ms)
✔ authentication audit distinguishes second factor from completed login (0.162666ms)
✔ new Room remains inactive, FIFO and local built-in template (4.717458ms)
✔ draft write preserves caller replay key and ETag and never reports activation (11.315958ms)
✔ revision conflict is explicit and raw errors are not shown (0.813833ms)
✔ local event inputs preserve seconds and serialize UTC (4.874709ms)
✔ event form rejects missing, normalized calendar dates, past, reversed and oversized range (0.292083ms)
✔ download uses fixed filename and JSON bytes, then cleans its temporary URL (0.521334ms)
✔ default plan is valid at every input step and exports the guided sequence (0.700375ms)
✔ profile and region errors are scoped to their own step (0.862083ms)
✔ capacity honors each profile and changing to Standard preserves invalid values (14.161ms)
✔ capacity rejects missing, fractional, non-finite and string integers (0.313542ms)
✔ TOTP accepts an explicit configurable OFF and rejects missing or forced OFF (0.161292ms)
✔ cost fixture validates without changing inputs and region remains the caller responsibility (0.727209ms)
✔ price strings preserve exact decimal syntax and reject incompatible values (1.436459ms)
✔ pricing date validation covers real calendar and backend year bounds (0.453041ms)
✔ pricing identifiers and integer bounds match backend constraints (1.520667ms)
✔ preview uses explicit same-origin endpoint without cookies (0.687834ms)
✔ preview never reflects backend or network error values (0.285458ms)
✔ Room wizard defaults stay inactive and preserve full API contract on save (5.446792ms)
✔ connection guidance rejects Gateway loops, credentials, normalization surprises and mismatched health URLs (2.613125ms)
✔ prefix validation mirrors canonical and reserved path boundaries (0.759375ms)
✔ route demonstration uses segment boundaries and exclusion precedence (0.364625ms)
✔ capacity allows only bounded integers in the installation profile (11.08575ms)
✔ existing ID and active route conflicts are explained before saving (0.2465ms)
✔ theme checks reject unsafe text but retain multiline plain guidance (0.145833ms)
✔ console routes preserve exact Room identity and tab (0.986958ms)
✔ console rejects external, encoded, query and malformed routes (0.093667ms)
✔ sensitive request freezes original bytes and matches Go digest framing (3.500916ms)
✔ reauth and execution share exact body, revision and stable retry key (13.600042ms)
✔ setup accepts preview reports as editable inputs, retaining explicit false (2.191125ms)
✔ queue metrics use only Coordinator and subtract READY from active leases for ADMITTED (2.30325ms)
✔ stale, missing, wrong-generation and mismatched revision observations cannot appear current (0.665084ms)
✔ failed refresh masks earlier successful counts, health and modes without discarding the saved command (0.140083ms)
✔ origin false and recovery are actionable failures, while old Gateway counters remain unknown (0.107375ms)
✔ HTTP 5xx uses fresh Gateway whole-minute observations and distinguishes warming from zero (10.377959ms)
✔ aggregate is unknown instead of a misleading partial total if any Room lacks fresh source data (0.229041ms)
✔ a late polling response cannot overwrite a newer command generation (0.070417ms)
✔ upload bounds are checked before reading or rendering pixels (2.863125ms)
✔ JPEG dimensions use bounded header parsing and reject truncated segments (0.386292ms)
✔ wizard and editor preserve a selected logo and explicitly remove it (1.392667ms)
✔ Traffic Lab navigation and active states keep interrupted runs distinct (0.582875ms)
ℹ tests 48
ℹ suites 0
ℹ pass 48
ℹ fail 0
ℹ cancelled 0
ℹ skipped 0
ℹ todo 0
ℹ duration_ms 97.04
node --test test/installplan/*.test.mjs
✔ standard: schema and executable agree on profile/TOTP/region bounds (523.421041ms)
✔ high-scale: schema and executable agree on profile/TOTP/region bounds (105.632542ms)
✔ cost: schema and CLI agree; exact subtotals preserve provenance (132.556208ms)
✔ report: nested input schemas, CLI recomputation and region equality (57.137417ms)
ℹ tests 4
ℹ suites 0
ℹ pass 4
ℹ fail 0
ℹ cancelled 0
ℹ skipped 0
ℹ todo 0
ℹ duration_ms 2178.996625
