PASS: six-role Docker installation, actual Linux Control calibration, reviewed policy/region/defaults apply
PASS: PostgreSQL and Control restart preserve exact setup report and calibrated parameters before bootstrap
PASS: applied installation region and Room defaults reach signed runtime with both Gateway/Coordinator ACK
PASS: Admin reauth/new epoch exact retry, both mTLS ACK epoch 2, latency 514ms, actual safety deadline 2026-09-10T07:37:28.414Z
PASS: 1 epoch cycles; maximum ACK latency 514ms
coordinator-1  | 2026/09/10 06:36:50 runtime_sync node=coordinator state=pending stage=ack code=unavailable generation=1
coordinator-1  | 2026/09/10 06:36:51 runtime_sync node=coordinator state=recovered generation=3
coordinator-1  | 2026/09/10 06:39:39 runtime_sync node=coordinator state=pending stage=ack code=deadline generation=5
coordinator-1  | 2026/09/10 06:39:40 runtime_sync node=coordinator state=recovered generation=5
coordinator-1  | 2026/09/10 06:43:25 runtime_sync node=coordinator state=pending stage=current code=snapshot_clock_rollback generation=6
gateway-1      | 2026/09/10 06:36:50 runtime_sync node=gateway state=pending stage=ack code=unavailable generation=1
gateway-1      | 2026/09/10 06:36:51 runtime_sync node=gateway state=recovered generation=3
gateway-1      | 2026/09/10 06:39:40 runtime_sync node=gateway state=pending stage=ack code=deadline generation=5
gateway-1      | 2026/09/10 06:39:40 runtime_sync node=gateway state=recovered generation=5
gateway-1      | 2026/09/10 06:43:25 runtime_sync node=gateway state=pending stage=current code=snapshot_clock_rollback generation=6
node:internal/modules/run_main:107
    triggerUncaughtException(
    ^

AssertionError [ERR_ASSERTION]: safety hold must not conceal an unrelated configuration failure
+ actual - expected

+ 'CONFIG_UNAVAILABLE'
- 'QUEUE_UNAVAILABLE'

    at file:///Users/youngjoo/ethan/waiting-room/test/localbeta/epoch-runtime.mjs:89:14
    at process.processTicksAndRejections (node:internal/process/task_queues:103:5) {
  generatedMessage: false,
  code: 'ERR_ASSERTION',
  actual: 'CONFIG_UNAVAILABLE',
  expected: 'QUEUE_UNAVAILABLE',
  operator: 'strictEqual',
  diff: 'simple'
}

Node.js v24.12.0
