
> waiting-room-devtools@0.0.0 build:admin
> vite build --config apps/admin/vite.config.mjs

vite v8.2.2 building client environment for production...
transforming...
✓ 80 modules transformed.
rendering chunks...
computing gzip size...
build/admin-ui/index.html                             0.50 kB │ gzip:  0.34 kB
build/admin-ui/assets/setup-Bv17efgs.css              2.41 kB │ gzip:  0.87 kB
build/admin-ui/assets/traffic-lab-CSPhImGA.css        3.75 kB │ gzip:  1.22 kB
build/admin-ui/assets/preview-qBODYFax.css           15.74 kB │ gzip:  3.58 kB
build/admin-ui/assets/index-ChGKRal6.css             30.33 kB │ gzip:  6.74 kB
build/admin-ui/assets/rolldown-runtime-CbXtAM7H.js    0.58 kB │ gzip:  0.36 kB
build/admin-ui/assets/preview-inputs-mkZsw8EJ.js      2.86 kB │ gzip:  1.55 kB
build/admin-ui/assets/traffic-lab-CgSwsY9I.js         9.94 kB │ gzip:  4.05 kB
build/admin-ui/assets/setup-Bd4kQ-ZA.js              10.83 kB │ gzip:  4.03 kB
build/admin-ui/assets/browser-fxCp88pT.js            23.47 kB │ gzip:  8.86 kB
build/admin-ui/assets/preview-Bprq3vvV.js            27.74 kB │ gzip:  9.35 kB
build/admin-ui/assets/index-C92yYszv.js             308.05 kB │ gzip: 94.46 kB

✓ built in 105ms
System public CA bundle SHA-256: 9dae8d76e55cb08991f2b672d58999ea15560d910759c16b544f843bdffbb994
#0 building with "desktop-linux" instance using docker driver

#1 [internal] load build definition from control.Dockerfile
#1 transferring dockerfile: 502B done
#1 DONE 0.0s

#2 [internal] load .dockerignore
#2 transferring context: 213B done
#2 DONE 0.0s

#3 [internal] load build context
#3 transferring context: 46.00MB 0.4s done
#3 DONE 0.4s

#4 [1/4] COPY build/local-control/ca-certificates.crt /etc/ssl/certs/ca-certificates.crt
#4 CACHED

#5 [2/4] COPY build/local-control/wr-control /wr-control
#5 DONE 0.1s

#6 [3/4] COPY build/local-control/wr-node /wr-node
#6 DONE 0.0s

#7 [4/4] COPY build/admin-ui /ui
#7 DONE 0.0s

#8 exporting to image
#8 exporting layers
#8 exporting layers 0.5s done
#8 exporting manifest sha256:23a9f79039cce521329f541183192ebbfa09148dea300faead3eaad7016a9767
#8 exporting manifest sha256:23a9f79039cce521329f541183192ebbfa09148dea300faead3eaad7016a9767 done
#8 exporting config sha256:de0791b89f1adb21c91a11a0fc00614b0e7800a539e32d5f7fad53c9bdbda11a done
#8 exporting attestation manifest sha256:66788cd24540d8276bd84c82712fcd5139aa3911eef5945c52294d56cced0b3c 0.0s done
#8 exporting manifest list sha256:a46cfc23b2e07c11c3cd943ecbf6d1ca1c34fc18cea0c00f9784605ae4ce4c37 done
#8 naming to docker.io/library/waiting-room-beta8-logo-diagnostics:local done
#8 unpacking to docker.io/library/waiting-room-beta8-logo-diagnostics:local 0.1s done
#8 DONE 0.7s
Built isolated local candidate waiting-room-beta8-logo-diagnostics:local sha256:a46cfc23b2e07c11c3cd943ecbf6d1ca1c34fc18cea0c00f9784605ae4ce4c37. No installation was started or changed.
