go vet ./...
?   	waiting-room/build/beta7-clock-probe	[no test files]
?   	waiting-room/build/beta7-valkey-probe	[no test files]
?   	waiting-room/build/beta8-logo-fixture	[no test files]
?   	waiting-room/build/beta8-valkey-sample	[no test files]
?   	waiting-room/build/problem-preview	[no test files]
?   	waiting-room/cmd/wr-admin-lab	[no test files]
?   	waiting-room/cmd/wr-auth-calibrate	[no test files]
?   	waiting-room/cmd/wr-control	[no test files]
?   	waiting-room/cmd/wr-lab	[no test files]
?   	waiting-room/cmd/wr-node	[no test files]
?   	waiting-room/cmd/wr-process-lab	[no test files]
ok  	waiting-room/cmd/wrctl	1.441s
?   	waiting-room/deploy	[no test files]
ok  	waiting-room/internal/adminauth	14.541s
ok  	waiting-room/internal/adminauth/authhttp	2.186s
ok  	waiting-room/internal/adminauth/controlhttp	1.818s
ok  	waiting-room/internal/adminauth/pgstore	4.500s
ok  	waiting-room/internal/adminauth/sessionhttp	2.669s
ok  	waiting-room/internal/adminlab	3.403s
ok  	waiting-room/internal/adminserver	3.773s
ok  	waiting-room/internal/admission	3.005s
ok  	waiting-room/internal/configtrust	5.039s
ok  	waiting-room/internal/control	5.860s
ok  	waiting-room/internal/installer	10.952s
ok  	waiting-room/internal/installplan	4.161s
ok  	waiting-room/internal/installplan/clockcheck	6.136s
ok  	waiting-room/internal/installplan/preflight	5.282s
ok  	waiting-room/internal/installplan/preview	5.248s
ok  	waiting-room/internal/keyring	5.218s
ok  	waiting-room/internal/lab	4.818s
ok  	waiting-room/internal/localcontrol	5.049s
ok  	waiting-room/internal/policy	4.842s
ok  	waiting-room/internal/processlab	4.981s
ok  	waiting-room/internal/publicguard	4.954s
ok  	waiting-room/internal/queue/model	5.293s
ok  	waiting-room/internal/queue/valkeystore	4.862s
ok  	waiting-room/internal/recoveryarchive	4.453s
ok  	waiting-room/internal/runtimeplane	4.887s
ok  	waiting-room/internal/trafficlab	4.927s
ok  	waiting-room/internal/waiting	4.958s

> waiting-room-devtools@0.0.0 test
> node --test scripts/*.test.mjs

✔ front matter rejects duplicate keys and absent metadata (4.894125ms)
✔ dependency validator detects missing owners, duplicate IDs and cycles (1.337ms)
✔ unchecked work and missing evidence cannot become GO (0.34975ms)
✔ 100K child failure blocks final release even if other children report GO (0.574291ms)
✔ declared dependency failure blocks delivery (0.1765ms)
✔ local and M0 success cannot stand in for delivery evidence (0.180375ms)
✔ evidence rejects missing identity, skipped PASS and traversal (79.511291ms)
✔ artifact digest mismatch and missing logs invalidate evidence (1.89825ms)
✔ support matrix rejects wildcard versions and false qualification (0.599042ms)
✔ benchmark targets respect default retention, skew and rolling-rate budgets (0.749541ms)
✔ source startup preserves readiness during bounded coordinator recovery (1.698042ms)
✔ source startup waits for all roles and enforces deadline (9.22975ms)
ℹ tests 12
ℹ suites 0
ℹ pass 12
ℹ fail 0
ℹ cancelled 0
ℹ skipped 0
ℹ todo 0
ℹ duration_ms 276.825625
node scripts/check-docs.mjs
PASS: 9 PRDs; ownership, dependency graph, checklist, links, evidence rules and Git tracking.
npm run lint:api

> waiting-room-devtools@0.0.0 lint:api
> redocly lint api/openapi/public-v1.yaml api/openapi/admin-v1.yaml

validating api/openapi/public-v1.yaml...
api/openapi/public-v1.yaml: validated in 37ms

validating api/openapi/admin-v1.yaml...
api/openapi/admin-v1.yaml: validated in 43ms

Woohoo! Your API descriptions are valid. 🎉

node --test test/contract/*.test.mjs
✔ draft authoring client matches the strict saved ConfigDraft contract (49.329208ms)
✔ draft audit contract accepts redacted digests and excludes payloads (23.569583ms)
✔ all local OpenAPI references resolve (1.253833ms)
✔ join and browser preparation accept root paths and reject external targets (58.404167ms)
✔ Room IDs exclude invalid base32 characters (18.135083ms)
✔ public status and claim are distinct operations and heartbeat is explicit (0.089792ms)
✔ admin policy and limit schema reject unsupported/unsafe values (25.157667ms)
✔ admin mutations declare authentication and concurrency headers (0.767125ms)
✔ route check is a typed read-only POST that cannot reflect target URL (38.378917ms)
✔ implemented security contracts use lowercase roles, explicit enabled and policy revision (31.773292ms)
✔ runtime publication and authenticated enrollment paths have explicit response contracts (25.990375ms)
✔ theme contract supports the built-in template and rejects remote/unknown IDs (34.359916ms)
✔ authentication HTTP contract separates challenges and cookie sessions (80.601667ms)
✔ bootstrap and enrollment HTTP contract restricts policy and recovery material (147.209667ms)
✔ session read/logout contract excludes secrets and declares unavailable responses (153.055708ms)
✔ Traffic Lab accepts fixed presets only and protects mutations with role and retry contracts (43.415083ms)
✔ every implemented operation declares current lowercase roles and typed failures (0.273209ms)
ℹ tests 17
ℹ suites 0
ℹ pass 17
ℹ fail 0
ℹ cancelled 0
ℹ skipped 0
ℹ todo 0
ℹ duration_ms 810.354542
npm run build:admin

> waiting-room-devtools@0.0.0 build:admin
> vite build --config apps/admin/vite.config.mjs

vite v8.2.2 building client environment for production...
transforming...
✓ 80 modules transformed.
rendering chunks...
computing gzip size...
build/admin-ui/index.html                             0.50 kB │ gzip:  0.34 kB
build/admin-ui/assets/setup-Bv17efgs.css              2.41 kB │ gzip:  0.87 kB
build/admin-ui/assets/traffic-lab-CSPhImGA.css        3.75 kB │ gzip:  1.22 kB
build/admin-ui/assets/preview-qBODYFax.css           15.74 kB │ gzip:  3.58 kB
build/admin-ui/assets/index-ChGKRal6.css             30.33 kB │ gzip:  6.74 kB
build/admin-ui/assets/rolldown-runtime-CbXtAM7H.js    0.58 kB │ gzip:  0.36 kB
build/admin-ui/assets/preview-inputs-mkZsw8EJ.js      2.86 kB │ gzip:  1.55 kB
build/admin-ui/assets/traffic-lab-CgSwsY9I.js         9.94 kB │ gzip:  4.05 kB
build/admin-ui/assets/setup-Bd4kQ-ZA.js              10.83 kB │ gzip:  4.03 kB
build/admin-ui/assets/browser-fxCp88pT.js            23.47 kB │ gzip:  8.86 kB
build/admin-ui/assets/preview-Bprq3vvV.js            27.74 kB │ gzip:  9.35 kB
build/admin-ui/assets/index-C92yYszv.js             308.05 kB │ gzip: 94.46 kB

✓ built in 120ms
npm run test:admin-ui

> waiting-room-devtools@0.0.0 test:admin-ui
> node --test apps/admin/test/*.test.mjs

✔ HTML patterns compile in UnicodeSets v mode and preserve ID/code bounds (0.438416ms)
✔ local QR URI encodes account and exact algorithm without remote service (0.194416ms)
✔ client keeps credentials in same-origin headers/body and rejects redirects (0.184ms)
✔ client error does not reflect backend body or network secrets (0.702459ms)
✔ storage is CSRF only and denied storage fails safely (0.356875ms)
✔ audit uses the public at field and does not label accepted operations as rejected (77.923375ms)
✔ system recovery labels reflect held/resumed; unknown labels and invalid time fail safely (0.276166ms)
✔ authentication audit distinguishes second factor from completed login (0.10725ms)
✔ new Room remains inactive, FIFO and local built-in template (4.454333ms)
✔ draft write preserves caller replay key and ETag and never reports activation (23.134875ms)
✔ revision conflict is explicit and raw errors are not shown (0.63625ms)
✔ local event inputs preserve seconds and serialize UTC (20.71775ms)
✔ event form rejects missing, normalized calendar dates, past, reversed and oversized range (0.91125ms)
✔ download uses fixed filename and JSON bytes, then cleans its temporary URL (0.484584ms)
✔ default plan is valid at every input step and exports the guided sequence (0.702792ms)
✔ profile and region errors are scoped to their own step (16.912958ms)
✔ capacity honors each profile and changing to Standard preserves invalid values (22.646666ms)
✔ capacity rejects missing, fractional, non-finite and string integers (0.167375ms)
✔ TOTP accepts an explicit configurable OFF and rejects missing or forced OFF (0.098959ms)
✔ cost fixture validates without changing inputs and region remains the caller responsibility (2.158709ms)
✔ price strings preserve exact decimal syntax and reject incompatible values (1.235458ms)
✔ pricing date validation covers real calendar and backend year bounds (0.382959ms)
✔ pricing identifiers and integer bounds match backend constraints (1.793833ms)
✔ preview uses explicit same-origin endpoint without cookies (9.826833ms)
✔ preview never reflects backend or network error values (0.337209ms)
✔ Room wizard defaults stay inactive and preserve full API contract on save (8.670625ms)
✔ connection guidance rejects Gateway loops, credentials, normalization surprises and mismatched health URLs (1.060417ms)
✔ prefix validation mirrors canonical and reserved path boundaries (0.251958ms)
✔ route demonstration uses segment boundaries and exclusion precedence (0.086791ms)
✔ capacity allows only bounded integers in the installation profile (18.00725ms)
✔ existing ID and active route conflicts are explained before saving (0.528541ms)
✔ theme checks reject unsafe text but retain multiline plain guidance (0.20625ms)
✔ console routes preserve exact Room identity and tab (10.928584ms)
✔ console rejects external, encoded, query and malformed routes (0.082708ms)
✔ sensitive request freezes original bytes and matches Go digest framing (39.082667ms)
✔ reauth and execution share exact body, revision and stable retry key (17.199333ms)
✔ setup accepts preview reports as editable inputs, retaining explicit false (0.911792ms)
✔ queue metrics use only Coordinator and subtract READY from active leases for ADMITTED (7.239875ms)
✔ stale, missing, wrong-generation and mismatched revision observations cannot appear current (0.301166ms)
✔ failed refresh masks earlier successful counts, health and modes without discarding the saved command (0.071625ms)
✔ origin false and recovery are actionable failures, while old Gateway counters remain unknown (0.091208ms)
✔ HTTP 5xx uses fresh Gateway whole-minute observations and distinguishes warming from zero (13.667917ms)
✔ aggregate is unknown instead of a misleading partial total if any Room lacks fresh source data (0.218083ms)
✔ a late polling response cannot overwrite a newer command generation (0.064542ms)
✔ upload bounds are checked before reading or rendering pixels (4.866125ms)
✔ JPEG dimensions use bounded header parsing and reject truncated segments (1.172708ms)
✔ wizard and editor preserve a selected logo and explicitly remove it (1.872458ms)
✔ Traffic Lab navigation and active states keep interrupted runs distinct (0.598375ms)
ℹ tests 48
ℹ suites 0
ℹ pass 48
ℹ fail 0
ℹ cancelled 0
ℹ skipped 0
ℹ todo 0
ℹ duration_ms 222.554416
node --test test/installplan/*.test.mjs
✔ standard: schema and executable agree on profile/TOTP/region bounds (620.77275ms)
✔ high-scale: schema and executable agree on profile/TOTP/region bounds (174.71075ms)
✔ cost: schema and CLI agree; exact subtotals preserve provenance (209.592958ms)
✔ report: nested input schemas, CLI recomputation and region equality (73.54475ms)
ℹ tests 4
ℹ suites 0
ℹ pass 4
ℹ fail 0
ℹ cancelled 0
ℹ skipped 0
ℹ todo 0
ℹ duration_ms 2882.505
