WR_TEST_TRAFFIC_VALKEY=127.0.0.1:16379 go test -p=1 -tags=integration -race -count=1 -v ./internal/queue/valkeystore/... ./internal/lab/... ./internal/publicguard/... ./internal/trafficlab/... ./internal/runtimeplane/...
=== RUN   TestRuntimeCancellationWhileWaitingForRecoveryDoesNotWriteOrFence
--- PASS: TestRuntimeCancellationWhileWaitingForRecoveryDoesNotWriteOrFence (0.14s)
=== RUN   TestCallDiagnosticsBoundedAndRedacted
--- PASS: TestCallDiagnosticsBoundedAndRedacted (0.00s)
=== RUN   TestRecoveryEpochNamespaceAndOldTicketIsolation
--- PASS: TestRecoveryEpochNamespaceAndOldTicketIsolation (0.42s)
=== RUN   TestRecoveryEpochMissedDeliveryFencesEveryRoomWithOneSafetyWindow
--- PASS: TestRecoveryEpochMissedDeliveryFencesEveryRoomWithOneSafetyWindow (0.12s)
=== RUN   TestInstallationConcurrentCapacity
--- PASS: TestInstallationConcurrentCapacity (0.12s)
=== RUN   TestInstallationCanceledCallerDoesNotPoisonStore
--- PASS: TestInstallationCanceledCallerDoesNotPoisonStore (0.01s)
=== RUN   TestInstallationCanceledPrimaryReadDoesNotPoisonStore
--- PASS: TestInstallationCanceledPrimaryReadDoesNotPoisonStore (0.20s)
=== RUN   TestInstallationIdempotencyAndExpiry
--- PASS: TestInstallationIdempotencyAndExpiry (0.17s)
=== RUN   TestInstallationPartialWriteClosesAllRooms
--- PASS: TestInstallationPartialWriteClosesAllRooms (0.03s)
=== RUN   TestInstallationMissingIndexFailsClosed
--- PASS: TestInstallationMissingIndexFailsClosed (0.02s)
=== RUN   TestInstallationExpiredOwnerRetainsBudget
--- PASS: TestInstallationExpiredOwnerRetainsBudget (0.18s)
=== RUN   TestInstallationMissingRoomCannotResetSequence
--- PASS: TestInstallationMissingRoomCannotResetSequence (0.02s)
=== RUN   TestInstallationWarningBoundaryAndTransitions
--- PASS: TestInstallationWarningBoundaryAndTransitions (0.03s)
=== RUN   TestInstallationBoundedCrossRoomSweep
--- PASS: TestInstallationBoundedCrossRoomSweep (30.52s)
=== RUN   TestInstallationConfig
=== RUN   TestInstallationConfig/standard
=== RUN   TestInstallationConfig/high
=== RUN   TestInstallationConfig/unknown
=== RUN   TestInstallationConfig/too_many_visitors
=== RUN   TestInstallationConfig/too_many_idems
=== RUN   TestInstallationConfig/room_exceeds_installation
=== RUN   TestInstallationConfig/empty
--- PASS: TestInstallationConfig (0.00s)
    --- PASS: TestInstallationConfig/standard (0.00s)
    --- PASS: TestInstallationConfig/high (0.00s)
    --- PASS: TestInstallationConfig/unknown (0.00s)
    --- PASS: TestInstallationConfig/too_many_visitors (0.00s)
    --- PASS: TestInstallationConfig/too_many_idems (0.00s)
    --- PASS: TestInstallationConfig/room_exceeds_installation (0.00s)
    --- PASS: TestInstallationConfig/empty (0.00s)
=== RUN   TestOpenRoomRejectsUnsafeKeysBeforeDial
--- PASS: TestOpenRoomRejectsUnsafeKeysBeforeDial (0.00s)
=== RUN   TestIdlePromotionDoesNotWrite
--- PASS: TestIdlePromotionDoesNotWrite (0.09s)
=== RUN   TestIdlePromotionReadLossDoesNotFenceWaitingVisitors
--- PASS: TestIdlePromotionReadLossDoesNotFenceWaitingVisitors (0.03s)
=== RUN   TestMaintenanceProbeRetainsRealExpiryAndPromotion
--- PASS: TestMaintenanceProbeRetainsRealExpiryAndPromotion (0.73s)
=== RUN   TestNeededPromotionWriteLossStillFences
2026/09/10 15:31:24 queue_call state=uncertain operation=promote read=false code=transport elapsed_ms=4 lock_wait_ms=0 budget_ms=4976
--- PASS: TestNeededPromotionWriteLossStillFences (0.04s)
=== RUN   TestRuntimeMigrationV3V4PreservesRecordsAndFencesOldWriters
=== RUN   TestRuntimeMigrationV3V4PreservesRecordsAndFencesOldWriters/3
=== RUN   TestRuntimeMigrationV3V4PreservesRecordsAndFencesOldWriters/4
--- PASS: TestRuntimeMigrationV3V4PreservesRecordsAndFencesOldWriters (0.09s)
    --- PASS: TestRuntimeMigrationV3V4PreservesRecordsAndFencesOldWriters/3 (0.05s)
    --- PASS: TestRuntimeMigrationV3V4PreservesRecordsAndFencesOldWriters/4 (0.04s)
=== RUN   TestRuntimeMigrationStalePlanAndMissingIndexAreReadOnly
--- PASS: TestRuntimeMigrationStalePlanAndMissingIndexAreReadOnly (0.03s)
=== RUN   TestLostReadReplyDoesNotPoisonUnrelatedVisitors
=== RUN   TestLostReadReplyDoesNotPoisonUnrelatedVisitors/legacy-primary-read
=== RUN   TestLostReadReplyDoesNotPoisonUnrelatedVisitors/legacy-status-read
=== RUN   TestLostReadReplyDoesNotPoisonUnrelatedVisitors/runtime-status-read
=== RUN   TestLostReadReplyDoesNotPoisonUnrelatedVisitors/runtime-metrics-read
--- PASS: TestLostReadReplyDoesNotPoisonUnrelatedVisitors (0.07s)
    --- PASS: TestLostReadReplyDoesNotPoisonUnrelatedVisitors/legacy-primary-read (0.02s)
    --- PASS: TestLostReadReplyDoesNotPoisonUnrelatedVisitors/legacy-status-read (0.01s)
    --- PASS: TestLostReadReplyDoesNotPoisonUnrelatedVisitors/runtime-status-read (0.02s)
    --- PASS: TestLostReadReplyDoesNotPoisonUnrelatedVisitors/runtime-metrics-read (0.02s)
=== RUN   TestLostWriteReplyStillHoldsInstallation
2026/09/10 15:31:24 queue_call state=uncertain operation=join read=false code=transport elapsed_ms=1 lock_wait_ms=0 budget_ms=4988
--- PASS: TestLostWriteReplyStillHoldsInstallation (0.02s)
=== RUN   TestLostLegacyWriteReplyStillLatches
--- PASS: TestLostLegacyWriteReplyStillLatches (0.01s)
=== RUN   TestReadServerInvariantFailureStillHolds
=== RUN   TestReadServerInvariantFailureStillHolds/legacy
=== RUN   TestReadServerInvariantFailureStillHolds/runtime
2026/09/10 15:31:24 queue_call state=uncertain operation=status read=true code=server_or_transport elapsed_ms=0 lock_wait_ms=0 budget_ms=4987
--- PASS: TestReadServerInvariantFailureStillHolds (0.03s)
    --- PASS: TestReadServerInvariantFailureStillHolds/legacy (0.01s)
    --- PASS: TestReadServerInvariantFailureStillHolds/runtime (0.02s)
=== RUN   TestReadTransportFailurePreservesServerFailures
--- PASS: TestReadTransportFailurePreservesServerFailures (0.00s)
=== RUN   TestRuntimeSharedRecoveryWindowAndFence
--- PASS: TestRuntimeSharedRecoveryWindowAndFence (0.02s)
=== RUN   TestRuntimeRealPrimaryRestartSafetyWindow
    recovery_integration_test.go:89: explicit disposable candidate restart required
--- SKIP: TestRuntimeRealPrimaryRestartSafetyWindow (0.00s)
=== RUN   TestRuntimeRecoveryRefusesMissingOwnerIndex
--- PASS: TestRuntimeRecoveryRefusesMissingOwnerIndex (0.02s)
=== RUN   TestRuntimeCanceledBeforeSubmissionDoesNotHoldInstallation
--- PASS: TestRuntimeCanceledBeforeSubmissionDoesNotHoldInstallation (0.01s)
=== RUN   TestRuntimeClockRollbackUsesLastObservedClock
--- PASS: TestRuntimeClockRollbackUsesLastObservedClock (0.01s)
=== RUN   TestRuntimeRecoveryWaitsForEveryRoomAndBoundedValidation
--- PASS: TestRuntimeRecoveryWaitsForEveryRoomAndBoundedValidation (0.32s)
=== RUN   TestRuntimeOriginalJoinSurvivesExpiryAndConfigChange
--- PASS: TestRuntimeOriginalJoinSurvivesExpiryAndConfigChange (0.15s)
=== RUN   TestRuntimeOriginalJoinSnapshotSurvivesPromotion
--- PASS: TestRuntimeOriginalJoinSnapshotSurvivesPromotion (0.02s)
=== RUN   TestRuntimeConfigurationMetricsAndReplay
--- PASS: TestRuntimeConfigurationMetricsAndReplay (0.03s)
=== RUN   TestRuntimeReadyExpiryMetrics
--- PASS: TestRuntimeReadyExpiryMetrics (0.07s)
=== RUN   TestRuntimeV5CommandModelTrace
=== RUN   TestRuntimeV5CommandModelTrace/1
=== RUN   TestRuntimeV5CommandModelTrace/2
=== RUN   TestRuntimeV5CommandModelTrace/3
=== RUN   TestRuntimeV5CommandModelTrace/4
=== RUN   TestRuntimeV5CommandModelTrace/5
--- PASS: TestRuntimeV5CommandModelTrace (2.46s)
    --- PASS: TestRuntimeV5CommandModelTrace/1 (0.47s)
    --- PASS: TestRuntimeV5CommandModelTrace/2 (0.49s)
    --- PASS: TestRuntimeV5CommandModelTrace/3 (0.47s)
    --- PASS: TestRuntimeV5CommandModelTrace/4 (0.54s)
    --- PASS: TestRuntimeV5CommandModelTrace/5 (0.49s)
=== RUN   TestRuntimeV5SharedInstallationTenThousandCap
--- PASS: TestRuntimeV5SharedInstallationTenThousandCap (0.77s)
=== RUN   TestRuntimeV5SharedFenceAndCorruptRecoveryRemainClosed
--- PASS: TestRuntimeV5SharedFenceAndCorruptRecoveryRemainClosed (0.02s)
=== RUN   TestConcurrentJoinPromotionClaim
--- PASS: TestConcurrentJoinPromotionClaim (0.03s)
=== RUN   TestServerTimeModelTrace
=== RUN   TestServerTimeModelTrace/1
=== RUN   TestServerTimeModelTrace/2
=== RUN   TestServerTimeModelTrace/3
=== RUN   TestServerTimeModelTrace/4
=== RUN   TestServerTimeModelTrace/5
--- PASS: TestServerTimeModelTrace (0.60s)
    --- PASS: TestServerTimeModelTrace/1 (0.11s)
    --- PASS: TestServerTimeModelTrace/2 (0.11s)
    --- PASS: TestServerTimeModelTrace/3 (0.13s)
    --- PASS: TestServerTimeModelTrace/4 (0.13s)
    --- PASS: TestServerTimeModelTrace/5 (0.11s)
=== RUN   TestReadOnlyExpiryAndHeartbeat
--- PASS: TestReadOnlyExpiryAndHeartbeat (0.40s)
=== RUN   TestBudgetDrainAndSchema
--- PASS: TestBudgetDrainAndSchema (0.03s)
=== RUN   TestRealTimeRollingWindowAndLeaseGrace
--- PASS: TestRealTimeRollingWindowAndLeaseGrace (61.11s)
=== RUN   TestUnknownWriteFailureLatchesClosed
--- PASS: TestUnknownWriteFailureLatchesClosed (0.01s)
PASS
ok  	waiting-room/internal/queue/valkeystore	100.742s
=== RUN   TestBrowserRefreshTabsClaimAndFailure
    browser_integration_test.go:157: real Valkey: refresh/tabs stable; cookie/CSP; CSRF; deterministic claim; relative return; no origin credential leak; unavailable fail-closed
--- PASS: TestBrowserRefreshTabsClaimAndFailure (0.04s)
=== RUN   TestBrowserCookiesFitMaximumQueryTarget
--- PASS: TestBrowserCookiesFitMaximumQueryTarget (0.00s)
=== RUN   TestBrowserPrepareCannotAllocateBeforeCookieConfirmation
--- PASS: TestBrowserPrepareCannotAllocateBeforeCookieConfirmation (0.00s)
=== RUN   TestBrowserLostInitialResponseAndExpiredRejoin
--- PASS: TestBrowserLostInitialResponseAndExpiredRejoin (2.08s)
=== RUN   TestBrowserReturnWithQueueClockAhead
--- PASS: TestBrowserReturnWithQueueClockAhead (0.00s)
=== RUN   TestSharedReturnKeyIndependentGateways
--- PASS: TestSharedReturnKeyIndependentGateways (0.00s)
=== RUN   TestReturnSealingBindings
--- PASS: TestReturnSealingBindings (0.00s)
=== RUN   TestLabCookieAndHostBoundary
--- PASS: TestLabCookieAndHostBoundary (0.00s)
=== RUN   TestCookieMutationCSRFBeforeCoordinator
--- PASS: TestCookieMutationCSRFBeforeCoordinator (0.00s)
=== RUN   TestBrowserResumeDoesNotConsumePollOrExtendTicket
--- PASS: TestBrowserResumeDoesNotConsumePollOrExtendTicket (0.00s)
=== RUN   TestTargetValidation
--- PASS: TestTargetValidation (0.00s)
=== RUN   TestHeartbeatIntervalPrecedesConfiguredIdleExpiry
--- PASS: TestHeartbeatIntervalPrecedesConfiguredIdleExpiry (0.00s)
=== RUN   TestInternalCredentialAndInput
--- PASS: TestInternalCredentialAndInput (0.00s)
=== RUN   TestLoopbackOnlyAndReservedHeaders
--- PASS: TestLoopbackOnlyAndReservedHeaders (0.00s)
=== RUN   TestJoinInputBoundary
=== RUN   TestJoinInputBoundary/json
=== RUN   TestJoinInputBoundary/charset
=== RUN   TestJoinInputBoundary/case_insensitive_media
=== RUN   TestJoinInputBoundary/prefix_not_type
=== RUN   TestJoinInputBoundary/wrong_charset
=== RUN   TestJoinInputBoundary/unknown_parameter
=== RUN   TestJoinInputBoundary/duplicate
=== RUN   TestJoinInputBoundary/case_field
=== RUN   TestJoinInputBoundary/escaped_duplicate
=== RUN   TestJoinInputBoundary/null
=== RUN   TestJoinInputBoundary/missing
=== RUN   TestJoinInputBoundary/array
=== RUN   TestJoinInputBoundary/invalid_utf8
=== RUN   TestJoinInputBoundary/invalid_utf8_query
=== RUN   TestJoinInputBoundary/unpaired_surrogate
=== RUN   TestJoinInputBoundary/oversize
--- PASS: TestJoinInputBoundary (0.01s)
    --- PASS: TestJoinInputBoundary/json (0.00s)
    --- PASS: TestJoinInputBoundary/charset (0.00s)
    --- PASS: TestJoinInputBoundary/case_insensitive_media (0.00s)
    --- PASS: TestJoinInputBoundary/prefix_not_type (0.00s)
    --- PASS: TestJoinInputBoundary/wrong_charset (0.00s)
    --- PASS: TestJoinInputBoundary/unknown_parameter (0.00s)
    --- PASS: TestJoinInputBoundary/duplicate (0.00s)
    --- PASS: TestJoinInputBoundary/case_field (0.00s)
    --- PASS: TestJoinInputBoundary/escaped_duplicate (0.00s)
    --- PASS: TestJoinInputBoundary/null (0.00s)
    --- PASS: TestJoinInputBoundary/missing (0.00s)
    --- PASS: TestJoinInputBoundary/array (0.00s)
    --- PASS: TestJoinInputBoundary/invalid_utf8 (0.00s)
    --- PASS: TestJoinInputBoundary/invalid_utf8_query (0.00s)
    --- PASS: TestJoinInputBoundary/unpaired_surrogate (0.00s)
    --- PASS: TestJoinInputBoundary/oversize (0.00s)
=== RUN   TestAmbiguousProtocolHeaders
=== RUN   TestAmbiguousProtocolHeaders/Content-Type
=== RUN   TestAmbiguousProtocolHeaders/Idempotency-Key
=== RUN   TestAmbiguousProtocolHeaders/X-WR-Service
=== RUN   TestAmbiguousProtocolHeaders/Authorization
--- PASS: TestAmbiguousProtocolHeaders (0.00s)
    --- PASS: TestAmbiguousProtocolHeaders/Content-Type (0.00s)
    --- PASS: TestAmbiguousProtocolHeaders/Idempotency-Key (0.00s)
    --- PASS: TestAmbiguousProtocolHeaders/X-WR-Service (0.00s)
    --- PASS: TestAmbiguousProtocolHeaders/Authorization (0.00s)
=== RUN   TestDuplicateAdmissionHeaderRejected
--- PASS: TestDuplicateAdmissionHeaderRejected (0.00s)
=== RUN   TestMixedJourneyIndependentGateways
    journey_integration_test.go:260: mixed Quick20: ten browser + ten app, independent Gateways, lost claim responses retried without state changes, FIFO 3 admitted/17 queued, origin reaches exactly 3
    journey_integration_test.go:278: 60-second admission expiry reached: next visitor still queued during 30-second verifier leeway
    journey_integration_test.go:306: real 60s token + 30s leeway elapsed; next FIFO 3 ready; old token blocked; Coordinator loss creates no origin reach
--- PASS: TestMixedJourneyIndependentGateways (90.23s)
=== RUN   TestEarlyPollAndGuardFailureNeverReadQueue
--- PASS: TestEarlyPollAndGuardFailureNeverReadQueue (0.00s)
=== RUN   TestSourceFingerprintIgnoresSpoofedHeadersAndGroupsIPv6
--- PASS: TestSourceFingerprintIgnoresSpoofedHeadersAndGroupsIPv6 (0.00s)
=== RUN   TestPublicMethodMatrixRejectsBeforeQueueOrGuard
--- PASS: TestPublicMethodMatrixRejectsBeforeQueueOrGuard (0.00s)
=== RUN   TestEnablingPublicGuardPreservesLegacyJoinResponse
--- PASS: TestEnablingPublicGuardPreservesLegacyJoinResponse (0.00s)
=== RUN   TestQuick20TwoGatewaysAndFailClosed
    quick_integration_test.go:95: Quick20 visitors=20 admitted=3 queued=17 retryStable=true originProtected=true
--- PASS: TestQuick20TwoGatewaysAndFailClosed (0.13s)
=== RUN   TestHTTPReadDisconnectionRecoversWithoutRestart
    read_loss_integration_test.go:172: actual read reply loss -> HTTP QUEUE_UNAVAILABLE -> same-process retry -> exact join replay/FIFO -> claim -> protected origin
--- PASS: TestHTTPReadDisconnectionRecoversWithoutRestart (3.04s)
=== RUN   TestExpiredJoinHTTPReplaysOriginalBytesAfterConfigChange
--- PASS: TestExpiredJoinHTTPReplaysOriginalBytesAfterConfigChange (0.66s)
=== RUN   FuzzJoinTarget
=== RUN   FuzzJoinTarget/seed#0
=== RUN   FuzzJoinTarget/seed#1
=== RUN   FuzzJoinTarget/seed#2
=== RUN   FuzzJoinTarget/seed#3
=== RUN   FuzzJoinTarget/seed#4
=== RUN   FuzzJoinTarget/seed#5
=== RUN   FuzzJoinTarget/seed#6
=== RUN   FuzzJoinTarget/f432ebb00629261b
--- PASS: FuzzJoinTarget (0.00s)
    --- PASS: FuzzJoinTarget/seed#0 (0.00s)
    --- PASS: FuzzJoinTarget/seed#1 (0.00s)
    --- PASS: FuzzJoinTarget/seed#2 (0.00s)
    --- PASS: FuzzJoinTarget/seed#3 (0.00s)
    --- PASS: FuzzJoinTarget/seed#4 (0.00s)
    --- PASS: FuzzJoinTarget/seed#5 (0.00s)
    --- PASS: FuzzJoinTarget/seed#6 (0.00s)
    --- PASS: FuzzJoinTarget/f432ebb00629261b (0.00s)
PASS
ok  	waiting-room/internal/lab	97.786s
=== RUN   TestSmallClockCorrectionPreservesQuotaAndPollDeadlines
--- PASS: TestSmallClockCorrectionPreservesQuotaAndPollDeadlines (0.96s)
=== RUN   TestGuardDiagnosticsAreBoundedAndRedacted
--- PASS: TestGuardDiagnosticsAreBoundedAndRedacted (0.00s)
=== RUN   TestSharedPollScheduleRejectsEarlyAndConcurrentReads
--- PASS: TestSharedPollScheduleRejectsEarlyAndConcurrentReads (4.76s)
=== RUN   TestSourceQuotaRetryAndOtherSourceIsolation
--- PASS: TestSourceQuotaRetryAndOtherSourceIsolation (0.26s)
=== RUN   TestGuardReconnectSpreadAndClockFailure
2026/09/10 15:34:17 public_guard state=unavailable code=clock_rollback
--- PASS: TestGuardReconnectSpreadAndClockFailure (0.03s)
=== RUN   TestMetadataCapacityPreservesExistingTicketAndReplay
--- PASS: TestMetadataCapacityPreservesExistingTicketAndReplay (0.30s)
=== RUN   TestKnownJoinReplayUsesExistingRequestQuota
--- PASS: TestKnownJoinReplayUsesExistingRequestQuota (2.01s)
=== RUN   TestLegacyLibraryAndGuardRecordsSurviveUpgrade
    upgrade_integration_test.go:29: prior library bytes and all three schema-1 keys preserved; v4 retains existing poll deadline and join record
--- PASS: TestLegacyLibraryAndGuardRecordsSurviveUpgrade (0.02s)
=== RUN   TestPreviousV2LibraryAndGuardRecordsSurviveUpgrade
    upgrade_integration_test.go:32: prior library bytes and all three schema-1 keys preserved; v4 retains existing poll deadline and join record
--- PASS: TestPreviousV2LibraryAndGuardRecordsSurviveUpgrade (0.01s)
=== RUN   TestPreviousV3LibraryAndGuardRecordsSurviveUpgrade
    upgrade_integration_test.go:35: prior library bytes and all three schema-1 keys preserved; v4 retains existing poll deadline and join record
--- PASS: TestPreviousV3LibraryAndGuardRecordsSurviveUpgrade (0.02s)
PASS
ok  	waiting-room/internal/publicguard	9.978s
=== RUN   TestReportRejectsIncompleteOrContradictoryPass
--- PASS: TestReportRejectsIncompleteOrContradictoryPass (0.00s)
=== RUN   TestTrafficLabRealHTTPPresets
=== RUN   TestTrafficLabRealHTTPPresets/quick-20
    run_integration_test.go:57: visitors=20 admitted=3 queued=17 requests=123 durationMs=230
=== RUN   TestTrafficLabRealHTTPPresets/smoke-1k
    run_integration_test.go:57: visitors=1000 admitted=3 queued=997 requests=3013 durationMs=1944
--- PASS: TestTrafficLabRealHTTPPresets (2.19s)
    --- PASS: TestTrafficLabRealHTTPPresets/quick-20 (0.23s)
    --- PASS: TestTrafficLabRealHTTPPresets/smoke-1k (1.95s)
PASS
ok  	waiting-room/internal/trafficlab	3.716s
=== RUN   TestSyncDiagnosticsRedactAndBoundFailures
--- PASS: TestSyncDiagnosticsRedactAndBoundFailures (0.00s)
=== RUN   TestHTTPErrorWindowUsesSixtyBucketsAndResetsOnRollback
--- PASS: TestHTTPErrorWindowUsesSixtyBucketsAndResetsOnRollback (0.00s)
=== RUN   TestHTTPErrorWindowCountsConcurrentResponses
--- PASS: TestHTTPErrorWindowCountsConcurrentResponses (0.00s)
=== RUN   TestHTTPErrorWindowRetainsOnlyUnchangedRoomRouting
--- PASS: TestHTTPErrorWindowRetainsOnlyUnchangedRoomRouting (0.00s)
=== RUN   TestMeasuredRoomCountsOnlyFirstFinal5xxAndPreservesResponse
=== RUN   TestMeasuredRoomCountsOnlyFirstFinal5xxAndPreservesResponse/5xx
=== RUN   TestMeasuredRoomCountsOnlyFirstFinal5xxAndPreservesResponse/4xx
=== RUN   TestMeasuredRoomCountsOnlyFirstFinal5xxAndPreservesResponse/implicit_200
=== RUN   TestMeasuredRoomCountsOnlyFirstFinal5xxAndPreservesResponse/first_final_wins
=== RUN   TestMeasuredRoomCountsOnlyFirstFinal5xxAndPreservesResponse/stream_flush_sends_200
=== RUN   TestMeasuredRoomCountsOnlyFirstFinal5xxAndPreservesResponse/flushed_5xx
--- PASS: TestMeasuredRoomCountsOnlyFirstFinal5xxAndPreservesResponse (0.00s)
    --- PASS: TestMeasuredRoomCountsOnlyFirstFinal5xxAndPreservesResponse/5xx (0.00s)
    --- PASS: TestMeasuredRoomCountsOnlyFirstFinal5xxAndPreservesResponse/4xx (0.00s)
    --- PASS: TestMeasuredRoomCountsOnlyFirstFinal5xxAndPreservesResponse/implicit_200 (0.00s)
    --- PASS: TestMeasuredRoomCountsOnlyFirstFinal5xxAndPreservesResponse/first_final_wins (0.00s)
    --- PASS: TestMeasuredRoomCountsOnlyFirstFinal5xxAndPreservesResponse/stream_flush_sends_200 (0.00s)
    --- PASS: TestMeasuredRoomCountsOnlyFirstFinal5xxAndPreservesResponse/flushed_5xx (0.00s)
=== RUN   TestMeasuredRoomInformationalHeadersDoNotHideFinalError
--- PASS: TestMeasuredRoomInformationalHeadersDoNotHideFinalError (0.00s)
=== RUN   TestGatewayMetricSeparatesRoomFailuresFromHealthProbeErrors
--- PASS: TestGatewayMetricSeparatesRoomFailuresFromHealthProbeErrors (0.00s)
=== RUN   TestGatewayRoutesAttributeErrorsOnlyToKnownRooms
--- PASS: TestGatewayRoutesAttributeErrorsOnlyToKnownRooms (0.01s)
=== RUN   TestGatewayHealthChecksBoundConcurrencyAndPreserveRoomOrder
--- PASS: TestGatewayHealthChecksBoundConcurrencyAndPreserveRoomOrder (0.00s)
=== RUN   TestGatewayCanceledHealthBudgetDoesNotProbeRemainingRoomsOrReportHealthy
--- PASS: TestGatewayCanceledHealthBudgetDoesNotProbeRemainingRoomsOrReportHealthy (0.00s)
=== RUN   TestArrivalWindowRequiresFullObservationAndRejectsRollback
--- PASS: TestArrivalWindowRequiresFullObservationAndRejectsRollback (0.00s)
=== RUN   TestTargetSelectionHonorsRoomAndReservedBoundaries
--- PASS: TestTargetSelectionHonorsRoomAndReservedBoundaries (0.00s)
=== RUN   TestOriginAddressClassification
--- PASS: TestOriginAddressClassification (0.00s)
=== RUN   TestOriginRejectsAllMixedDNSBeforeDial
--- PASS: TestOriginRejectsAllMixedDNSBeforeDial (0.00s)
=== RUN   TestOriginConstructorRejectsAmbiguity
--- PASS: TestOriginConstructorRejectsAmbiguity (0.00s)
=== RUN   TestShutdownDrainsPromotionButKeepsWriteDeadline
=== RUN   TestShutdownDrainsPromotionButKeepsWriteDeadline/normal-drain
=== RUN   TestShutdownDrainsPromotionButKeepsWriteDeadline/real-deadline
2026/09/10 15:34:28 queue_call state=uncertain operation=promote read=false code=deadline elapsed_ms=999 lock_wait_ms=0 budget_ms=999
--- PASS: TestShutdownDrainsPromotionButKeepsWriteDeadline (1.21s)
    --- PASS: TestShutdownDrainsPromotionButKeepsWriteDeadline/normal-drain (0.08s)
    --- PASS: TestShutdownDrainsPromotionButKeepsWriteDeadline/real-deadline (1.13s)
=== RUN   TestServeWaitsForInFlightResponseOnShutdown
--- PASS: TestServeWaitsForInFlightResponseOnShutdown (0.08s)
=== RUN   TestTrafficRPCBoundaryBeforeExecutor
--- PASS: TestTrafficRPCBoundaryBeforeExecutor (0.00s)
=== RUN   TestTrafficRPCStreamsProgressAndInterruptedTerminal
--- PASS: TestTrafficRPCStreamsProgressAndInterruptedTerminal (0.00s)
PASS
ok  	waiting-room/internal/runtimeplane	2.855s
