{"event":"fixture_diagnostic_acl","observedAt":"2026-09-10T08:11:25.559386343Z","onlyAddedCommand":"latency|latest","role":"wr_initializer"}
PASS: six-role Docker installation, actual Linux Control calibration, reviewed policy/region/defaults apply
PASS: PostgreSQL and Control restart preserve exact setup report and calibrated parameters before bootstrap
PASS: applied installation region and Room defaults reach signed runtime with both Gateway/Coordinator ACK
PASS: disposable fixture latency observer enabled at 100ms; durability/TTL/quota unchanged
PUBLIC QUOTA: obeyed 429 responses=1; successful heartbeats=0
PUBLIC QUOTA: obeyed 429 responses=100; successful heartbeats=0
PUBLIC QUOTA: obeyed 429 responses=200; successful heartbeats=0
PUBLIC QUOTA: obeyed 429 responses=300; successful heartbeats=0
PUBLIC QUOTA: obeyed 429 responses=400; successful heartbeats=0
PUBLIC QUOTA: obeyed 429 responses=500; successful heartbeats=0
PUBLIC QUOTA: obeyed 429 responses=600; successful heartbeats=0
PUBLIC QUOTA: obeyed 429 responses=700; successful heartbeats=0
PUBLIC QUOTA: obeyed 429 responses=800; successful heartbeats=0
Failed fixture: waiting-room-beta-tiers-acf53e5e; image=waiting-room-beta8-recovery-snapshot:local; private state retained at /var/folders/j_/blpv946j115gq8l1z2sx975c0000gn/T/waiting-room-beta-tiers-acf53e5e-zW4xEd
Failure kind: assertion
Population failure: explicit 429=811; successful heartbeats=0
Population delivery: {"state":"applied","generation":4,"nodes":[{"id":"coordinator","generation":4,"rooms":[{"epoch":1,"mode":"HOLD","waiting":1000,"ready":0,"recoveryFence":1,"recoveryReason":"","recoveryUntil":0}]},{"id":"gateway","generation":4,"rooms":[{"epoch":1,"mode":"HOLD","waiting":0,"ready":0,"recoveryFence":0,"recoveryReason":"","recoveryUntil":0}]}]}
coordinator-1  | 2026/09/10 08:11:44 runtime_sync node=coordinator state=pending stage=ack code=unavailable generation=1
coordinator-1  | 2026/09/10 08:11:45 runtime_sync node=coordinator state=recovered generation=3
coordinator-1  | 2026/09/10 08:12:15 public_guard state=unavailable code=deadline
VALKEY OBSERVER: {"event":"latency_monitor_enabled","observedAt":"2026-09-10T08:11:51.111155841Z","scope":"disposable_population_fixture","thresholdMs":100}
VALKEY OBSERVER: {"aof_buffer_length":0,"aof_current_size":2332114,"aof_delayed_fsync":0,"aof_enabled":1,"aof_last_bgrewrite_status":"ok","aof_last_write_status":"ok","aof_pending_bio_fsync":0,"aof_rewrite_in_progress":0,"blocked_clients":0,"connected_clients":9,"event":"valkey_sample","eventloop_duration_cmd_sum":92067,"eventloop_duration_sum":501892,"evicted_keys":0,"infoRoundTripMs":0.219,"instantaneous_ops_per_sec":35170,"latest_fork_usec":0,"maxmemory":268435456,"observedAt":"2026-09-10T08:11:52.113226092Z","rdb_bgsave_in_progress":0,"used_memory":3234264}
VALKEY OBSERVER: {"aof_buffer_length":0,"aof_current_size":4673460,"aof_delayed_fsync":0,"aof_enabled":1,"aof_last_bgrewrite_status":"ok","aof_last_write_status":"ok","aof_pending_bio_fsync":0,"aof_rewrite_in_progress":0,"blocked_clients":0,"connected_clients":9,"event":"valkey_sample","eventloop_duration_cmd_sum":525515,"eventloop_duration_sum":1753907,"evicted_keys":0,"infoRoundTripMs":204.124,"instantaneous_ops_per_sec":1958,"latest_fork_usec":0,"maxmemory":268435456,"observedAt":"2026-09-10T08:12:10.452755253Z","rdb_bgsave_in_progress":0,"used_memory":4251944}
VALKEY OBSERVER: {"aof_buffer_length":14256,"aof_current_size":4734444,"aof_delayed_fsync":0,"aof_enabled":1,"aof_last_bgrewrite_status":"ok","aof_last_write_status":"ok","aof_pending_bio_fsync":0,"aof_rewrite_in_progress":0,"blocked_clients":0,"connected_clients":9,"event":"valkey_sample","eventloop_duration_cmd_sum":540680,"eventloop_duration_sum":2245582,"evicted_keys":0,"infoRoundTripMs":202.025,"instantaneous_ops_per_sec":3103,"latest_fork_usec":0,"maxmemory":268435456,"observedAt":"2026-09-10T08:12:11.431276753Z","rdb_bgsave_in_progress":0,"used_memory":4279144}
VALKEY OBSERVER: {"aof_buffer_length":792,"aof_current_size":4773252,"aof_delayed_fsync":0,"aof_enabled":1,"aof_last_bgrewrite_status":"ok","aof_last_write_status":"ok","aof_pending_bio_fsync":0,"aof_rewrite_in_progress":0,"blocked_clients":0,"connected_clients":9,"event":"valkey_sample","eventloop_duration_cmd_sum":585900,"eventloop_duration_sum":2662661,"evicted_keys":0,"infoRoundTripMs":181.682,"instantaneous_ops_per_sec":2911,"latest_fork_usec":0,"maxmemory":268435456,"observedAt":"2026-09-10T08:12:12.29300592Z","rdb_bgsave_in_progress":0,"used_memory":4254168}
VALKEY OBSERVER: {"aof_buffer_length":24552,"aof_current_size":4797012,"aof_delayed_fsync":0,"aof_enabled":1,"aof_last_bgrewrite_status":"ok","aof_last_write_status":"ok","aof_pending_bio_fsync":0,"aof_rewrite_in_progress":0,"blocked_clients":0,"connected_clients":9,"event":"valkey_sample","eventloop_duration_cmd_sum":604588,"eventloop_duration_sum":5609639,"evicted_keys":0,"infoRoundTripMs":1774.735,"instantaneous_ops_per_sec":2202,"latest_fork_usec":0,"maxmemory":268435456,"observedAt":"2026-09-10T08:12:15.900407589Z","rdb_bgsave_in_progress":0,"used_memory":4280544}
VALKEY OBSERVER: {"aof_buffer_length":19008,"aof_current_size":4835028,"aof_delayed_fsync":0,"aof_enabled":1,"aof_last_bgrewrite_status":"ok","aof_last_write_status":"ok","aof_pending_bio_fsync":0,"aof_rewrite_in_progress":0,"blocked_clients":0,"connected_clients":9,"event":"valkey_sample","eventloop_duration_cmd_sum":669608,"eventloop_duration_sum":5962065,"evicted_keys":0,"infoRoundTripMs":181.587,"instantaneous_ops_per_sec":2443,"latest_fork_usec":0,"maxmemory":268435456,"observedAt":"2026-09-10T08:12:16.205914172Z","rdb_bgsave_in_progress":0,"used_memory":4286944}
VALKEY OBSERVER: {"aof_buffer_length":0,"aof_current_size":4970460,"aof_delayed_fsync":0,"aof_enabled":1,"aof_last_bgrewrite_status":"ok","aof_last_write_status":"ok","aof_pending_bio_fsync":0,"aof_rewrite_in_progress":0,"blocked_clients":0,"connected_clients":9,"event":"valkey_sample","eventloop_duration_cmd_sum":835319,"eventloop_duration_sum":7780461,"evicted_keys":0,"infoRoundTripMs":1.856,"instantaneous_ops_per_sec":1197,"latest_fork_usec":0,"maxmemory":268435456,"observedAt":"2026-09-10T08:12:22.119046258Z","rdb_bgsave_in_progress":0,"used_memory":4261824}
node:internal/modules/run_main:107
    triggerUncaughtException(
    ^

AssertionError [ERR_ASSERTION]: real v5 read-only status
+ actual - expected

+ [
+   {
+     code: 'QUEUE_UNAVAILABLE',
+     index: 604,
+     observedAt: '2026-09-10T08:12:15.441Z',
+     phase: 'status',
+     status: 503
+   },
+   {
+     code: 'QUEUE_UNAVAILABLE',
+     index: 616,
+     observedAt: '2026-09-10T08:12:15.442Z',
+     phase: 'status',
+     status: 503
+   },
+   {
+     code: 'QUEUE_UNAVAILABLE',
+     index: 655,
+     observedAt: '2026-09-10T08:12:15.475Z',
+     phase: 'status',
+     status: 503
+   },
+   {
+     code: 'QUEUE_UNAVAILABLE',
+     index: 630,
+     observedAt: '2026-09-10T08:12:15.476Z',
+     phase: 'status',
+     status: 503
+   },
+   {
+     code: 'QUEUE_UNAVAILABLE',
+     index: 719,
+     observedAt: '2026-09-10T08:12:15.476Z',
+     phase: 'status',
+     status: 503
+   },
+   {
+     code: 'QUEUE_UNAVAILABLE',
+     index: 761,
+     observedAt: '2026-09-10T08:12:15.476Z',
+     phase: 'status',
+     status: 503
+   },
+   {
+     code: 'QUEUE_UNAVAILABLE',
+     index: 704,
+     observedAt: '2026-09-10T08:12:15.476Z',
+     phase: 'status',
+     status: 503
+   },
+   {
+     code: 'QUEUE_UNAVAILABLE',
+     index: 687,
+     observedAt: '2026-09-10T08:12:15.476Z',
+     phase: 'status',
+     status: 503
+   },
+   {
+     code: 'QUEUE_UNAVAILABLE',
+     index: 634,
+     observedAt: '2026-09-10T08:12:15.476Z',
+     phase: 'status',
+     status: 503
+   },
+   {
+     code: 'QUEUE_UNAVAILABLE',
+     index: 693,
+     observedAt: '2026-09-10T08:12:15.479Z',
+     phase: 'status',
+     status: 503
+   }
+ ]
- []

    at file:///Users/youngjoo/ethan/waiting-room/test/localbeta/runtime-tiers.mjs:136:362
    at process.processTicksAndRejections (node:internal/process/task_queues:103:5) {
  generatedMessage: false,
  code: 'ERR_ASSERTION',
  actual: [
    {
      phase: 'status',
      index: 604,
      status: 503,
      code: 'QUEUE_UNAVAILABLE',
      observedAt: '2026-09-10T08:12:15.441Z'
    },
    {
      phase: 'status',
      index: 616,
      status: 503,
      code: 'QUEUE_UNAVAILABLE',
      observedAt: '2026-09-10T08:12:15.442Z'
    },
    {
      phase: 'status',
      index: 655,
      status: 503,
      code: 'QUEUE_UNAVAILABLE',
      observedAt: '2026-09-10T08:12:15.475Z'
    },
    {
      phase: 'status',
      index: 630,
      status: 503,
      code: 'QUEUE_UNAVAILABLE',
      observedAt: '2026-09-10T08:12:15.476Z'
    },
    {
      phase: 'status',
      index: 719,
      status: 503,
      code: 'QUEUE_UNAVAILABLE',
      observedAt: '2026-09-10T08:12:15.476Z'
    },
    {
      phase: 'status',
      index: 761,
      status: 503,
      code: 'QUEUE_UNAVAILABLE',
      observedAt: '2026-09-10T08:12:15.476Z'
    },
    {
      phase: 'status',
      index: 704,
      status: 503,
      code: 'QUEUE_UNAVAILABLE',
      observedAt: '2026-09-10T08:12:15.476Z'
    },
    {
      phase: 'status',
      index: 687,
      status: 503,
      code: 'QUEUE_UNAVAILABLE',
      observedAt: '2026-09-10T08:12:15.476Z'
    },
    {
      phase: 'status',
      index: 634,
      status: 503,
      code: 'QUEUE_UNAVAILABLE',
      observedAt: '2026-09-10T08:12:15.476Z'
    },
    {
      phase: 'status',
      index: 693,
      status: 503,
      code: 'QUEUE_UNAVAILABLE',
      observedAt: '2026-09-10T08:12:15.479Z'
    }
  ],
  expected: [],
  operator: 'deepStrictEqual',
  diff: 'simple'
}

Node.js v24.12.0
