PASS: six-role Docker installation, actual Linux Control calibration, reviewed policy/region/defaults apply
PASS: PostgreSQL and Control restart preserve exact setup report and calibrated parameters before bootstrap
PASS: applied installation region and Room defaults reach signed runtime with both Gateway/Coordinator ACK
PUBLIC QUOTA: obeyed 429 responses=1; successful heartbeats=0
PUBLIC QUOTA: obeyed 429 responses=100; successful heartbeats=0
PUBLIC QUOTA: obeyed 429 responses=200; successful heartbeats=0
PUBLIC QUOTA: obeyed 429 responses=300; successful heartbeats=0
PUBLIC QUOTA: obeyed 429 responses=400; successful heartbeats=0
PASS: guarded candidate real Docker HTTPS 1000 visitors, 1000 status reads, 100 recent exact retries; client wall p99 including quota waits=26068.5ms; elapsed=53.1s
PASS: real HTTP heartbeat cycle retained 1800 visitors; total=1800
PUBLIC QUOTA: obeyed 429 responses=500; successful heartbeats=1800
PUBLIC QUOTA: obeyed 429 responses=600; successful heartbeats=1800
PUBLIC QUOTA: obeyed 429 responses=700; successful heartbeats=1800
PUBLIC QUOTA: obeyed 429 responses=800; successful heartbeats=1800
PUBLIC QUOTA: obeyed 429 responses=900; successful heartbeats=1800
PUBLIC QUOTA: obeyed 429 responses=1000; successful heartbeats=1800
PUBLIC QUOTA: obeyed 429 responses=1100; successful heartbeats=1800
PUBLIC QUOTA: obeyed 429 responses=1200; successful heartbeats=1800
PUBLIC QUOTA: obeyed 429 responses=1300; successful heartbeats=1800
PUBLIC QUOTA: obeyed 429 responses=1400; successful heartbeats=1800
PUBLIC QUOTA: obeyed 429 responses=1500; successful heartbeats=1800
PUBLIC QUOTA: obeyed 429 responses=1600; successful heartbeats=1800
PUBLIC QUOTA: obeyed 429 responses=1700; successful heartbeats=1800
PUBLIC QUOTA: obeyed 429 responses=1800; successful heartbeats=1800
PUBLIC QUOTA: obeyed 429 responses=1900; successful heartbeats=1800
PUBLIC QUOTA: obeyed 429 responses=2000; successful heartbeats=1800
PUBLIC QUOTA: obeyed 429 responses=2100; successful heartbeats=1800
PUBLIC QUOTA: obeyed 429 responses=2200; successful heartbeats=1800
PUBLIC QUOTA: obeyed 429 responses=2300; successful heartbeats=1800
PASS: guarded candidate real Docker HTTPS 2000 visitors, 2000 status reads, 100 recent exact retries; client wall p99 including quota waits=60059.5ms; elapsed=128.2s
PUBLIC QUOTA: obeyed 429 responses=2400; successful heartbeats=1800
PASS: real HTTP heartbeat cycle retained 3000 visitors; total=4800
PASS: real HTTP heartbeat cycle retained 4200 visitors; total=9000
PUBLIC QUOTA: obeyed 429 responses=2500; successful heartbeats=9000
Failed fixture: waiting-room-beta-tiers-c17647ad; image=waiting-room-beta7-clock-defer:local; private state retained at /var/folders/j_/blpv946j115gq8l1z2sx975c0000gn/T/waiting-room-beta-tiers-c17647ad-kmPYwA
Population failure: explicit 429=2514; successful heartbeats=9000
Population delivery: {"state":"applied","generation":5,"nodes":[{"id":"coordinator","generation":5,"rooms":[{"epoch":1,"mode":"RECOVERY_HOLD","waiting":4800,"ready":0,"recoveryFence":2,"recoveryReason":"uncertain_write","recoveryUntil":1789020371169}]},{"id":"gateway","generation":5,"rooms":[{"epoch":1,"mode":"HOLD","waiting":0,"ready":0,"recoveryFence":0,"recoveryReason":"","recoveryUntil":0}]}]}
gateway-1  | 2026/09/10 05:56:26 runtime_sync node=gateway state=pending stage=ack code=unavailable generation=1
gateway-1  | 2026/09/10 05:56:28 runtime_sync node=gateway state=recovered generation=3
coordinator-1  | 2026/09/10 05:56:26 runtime_sync node=coordinator state=pending stage=ack code=unavailable generation=1
coordinator-1  | 2026/09/10 05:56:28 runtime_sync node=coordinator state=recovered generation=3
node:internal/modules/run_main:107
    triggerUncaughtException(
    ^

AssertionError [ERR_ASSERTION]: real v5 joins without unexpected 503
+ actual - expected

+ [
+   {
+     code: 'QUEUE_UNAVAILABLE',
+     index: 4806,
+     observedAt: '2026-09-10T06:04:01.042Z',
+     phase: 'join',
+     status: 503
+   },
+   {
+     code: 'QUEUE_UNAVAILABLE',
+     index: 4805,
+     observedAt: '2026-09-10T06:04:01.043Z',
+     phase: 'join',
+     status: 503
+   },
+   {
+     code: 'QUEUE_UNAVAILABLE',
+     index: 4804,
+     observedAt: '2026-09-10T06:04:01.043Z',
+     phase: 'join',
+     status: 503
+   },
+   {
+     code: 'QUEUE_UNAVAILABLE',
+     index: 4817,
+     observedAt: '2026-09-10T06:04:01.046Z',
+     phase: 'join',
+     status: 503
+   },
+   {
+     code: 'QUEUE_UNAVAILABLE',
+     index: 4810,
+     observedAt: '2026-09-10T06:04:01.047Z',
+     phase: 'join',
+     status: 503
+   },
+   {
+     code: 'QUEUE_UNAVAILABLE',
+     index: 4831,
+     observedAt: '2026-09-10T06:04:01.047Z',
+     phase: 'join',
+     status: 503
+   },
+   {
+     code: 'QUEUE_UNAVAILABLE',
+     index: 4824,
+     observedAt: '2026-09-10T06:04:01.047Z',
+     phase: 'join',
+     status: 503
+   },
+   {
+     code: 'QUEUE_UNAVAILABLE',
+     index: 4800,
+     observedAt: '2026-09-10T06:04:01.047Z',
+     phase: 'join',
+     status: 503
+   },
+   {
+     code: 'QUEUE_UNAVAILABLE',
+     index: 4828,
+     observedAt: '2026-09-10T06:04:01.047Z',
+     phase: 'join',
+     status: 503
+   },
+   {
+     code: 'QUEUE_UNAVAILABLE',
+     index: 4826,
+     observedAt: '2026-09-10T06:04:01.047Z',
+     phase: 'join',
+     status: 503
+   },
+   {
+     code: 'QUEUE_UNAVAILABLE',
+     index: 4822,
+     observedAt: '2026-09-10T06:04:01.047Z',
+     phase: 'join',
+     status: 503
+   },
+   {
+     code: 'QUEUE_UNAVAILABLE',
+     index: 4811,
+     observedAt: '2026-09-10T06:04:01.047Z',
+     phase: 'join',
+     status: 503
+   },
+   {
+     code: 'QUEUE_UNAVAILABLE',
+     index: 4802,
+     observedAt: '2026-09-10T06:04:01.047Z',
+     phase: 'join',
+     status: 503
+   },
+   {
+     code: 'QUEUE_UNAVAILABLE',
+     index: 4830,
+     observedAt: '2026-09-10T06:04:01.047Z',
+     phase: 'join',
+     status: 503
+   },
+   {
+     code: 'QUEUE_UNAVAILABLE',
+     index: 4814,
+     observedAt: '2026-09-10T06:04:01.047Z',
+     phase: 'join',
+     status: 503
+   },
+   {
+     code: 'QUEUE_UNAVAILABLE',
+     index: 4803,
+     observedAt: '2026-09-10T06:04:01.047Z',
+     phase: 'join',
+     status: 503
+   },
+   {
+     code: 'QUEUE_UNAVAILABLE',
+     index: 4820,
+     observedAt: '2026-09-10T06:04:01.047Z',
+     phase: 'join',
+     status: 503
+   },
+   {
+     code: 'QUEUE_UNAVAILABLE',
+     index: 4801,
+     observedAt: '2026-09-10T06:04:01.047Z',
+     phase: 'join',
+     status: 503
+   },
+   {
+     code: 'QUEUE_UNAVAILABLE',
+     index: 4808,
+     observedAt: '2026-09-10T06:04:01.047Z',
+     phase: 'join',
+     status: 503
+   },
+   {
+     code: 'QUEUE_UNAVAILABLE',
+     index: 4816,
+     observedAt: '2026-09-10T06:04:01.047Z',
+     phase: 'join',
+     status: 503
+   }
+ ]
- []

    at file:///Users/youngjoo/ethan/waiting-room/test/localbeta/runtime-tiers.mjs:128:12
    at process.processTicksAndRejections (node:internal/process/task_queues:103:5) {
  generatedMessage: false,
  code: 'ERR_ASSERTION',
  actual: [
    {
      phase: 'join',
      index: 4806,
      status: 503,
      code: 'QUEUE_UNAVAILABLE',
      observedAt: '2026-09-10T06:04:01.042Z'
    },
    {
      phase: 'join',
      index: 4805,
      status: 503,
      code: 'QUEUE_UNAVAILABLE',
      observedAt: '2026-09-10T06:04:01.043Z'
    },
    {
      phase: 'join',
      index: 4804,
      status: 503,
      code: 'QUEUE_UNAVAILABLE',
      observedAt: '2026-09-10T06:04:01.043Z'
    },
    {
      phase: 'join',
      index: 4817,
      status: 503,
      code: 'QUEUE_UNAVAILABLE',
      observedAt: '2026-09-10T06:04:01.046Z'
    },
    {
      phase: 'join',
      index: 4810,
      status: 503,
      code: 'QUEUE_UNAVAILABLE',
      observedAt: '2026-09-10T06:04:01.047Z'
    },
    {
      phase: 'join',
      index: 4831,
      status: 503,
      code: 'QUEUE_UNAVAILABLE',
      observedAt: '2026-09-10T06:04:01.047Z'
    },
    {
      phase: 'join',
      index: 4824,
      status: 503,
      code: 'QUEUE_UNAVAILABLE',
      observedAt: '2026-09-10T06:04:01.047Z'
    },
    {
      phase: 'join',
      index: 4800,
      status: 503,
      code: 'QUEUE_UNAVAILABLE',
      observedAt: '2026-09-10T06:04:01.047Z'
    },
    {
      phase: 'join',
      index: 4828,
      status: 503,
      code: 'QUEUE_UNAVAILABLE',
      observedAt: '2026-09-10T06:04:01.047Z'
    },
    {
      phase: 'join',
      index: 4826,
      status: 503,
      code: 'QUEUE_UNAVAILABLE',
      observedAt: '2026-09-10T06:04:01.047Z'
    },
    {
      phase: 'join',
      index: 4822,
      status: 503,
      code: 'QUEUE_UNAVAILABLE',
      observedAt: '2026-09-10T06:04:01.047Z'
    },
    {
      phase: 'join',
      index: 4811,
      status: 503,
      code: 'QUEUE_UNAVAILABLE',
      observedAt: '2026-09-10T06:04:01.047Z'
    },
    {
      phase: 'join',
      index: 4802,
      status: 503,
      code: 'QUEUE_UNAVAILABLE',
      observedAt: '2026-09-10T06:04:01.047Z'
    },
    {
      phase: 'join',
      index: 4830,
      status: 503,
      code: 'QUEUE_UNAVAILABLE',
      observedAt: '2026-09-10T06:04:01.047Z'
    },
    {
      phase: 'join',
      index: 4814,
      status: 503,
      code: 'QUEUE_UNAVAILABLE',
      observedAt: '2026-09-10T06:04:01.047Z'
    },
    {
      phase: 'join',
      index: 4803,
      status: 503,
      code: 'QUEUE_UNAVAILABLE',
      observedAt: '2026-09-10T06:04:01.047Z'
    },
    {
      phase: 'join',
      index: 4820,
      status: 503,
      code: 'QUEUE_UNAVAILABLE',
      observedAt: '2026-09-10T06:04:01.047Z'
    },
    {
      phase: 'join',
      index: 4801,
      status: 503,
      code: 'QUEUE_UNAVAILABLE',
      observedAt: '2026-09-10T06:04:01.047Z'
    },
    {
      phase: 'join',
      index: 4808,
      status: 503,
      code: 'QUEUE_UNAVAILABLE',
      observedAt: '2026-09-10T06:04:01.047Z'
    },
    {
      phase: 'join',
      index: 4816,
      status: 503,
      code: 'QUEUE_UNAVAILABLE',
      observedAt: '2026-09-10T06:04:01.047Z'
    }
  ],
  expected: [],
  operator: 'deepStrictEqual',
  diff: 'simple'
}

Node.js v24.12.0
