PASS: six-role Docker installation, actual Linux Control calibration, reviewed policy/region/defaults apply
PASS: PostgreSQL and Control restart preserve exact setup report and calibrated parameters before bootstrap
PASS: applied installation region and Room defaults reach signed runtime with both Gateway/Coordinator ACK
PUBLIC QUOTA: obeyed 429 responses=1; successful heartbeats=0
PUBLIC QUOTA: obeyed 429 responses=100; successful heartbeats=0
PUBLIC QUOTA: obeyed 429 responses=200; successful heartbeats=0
PUBLIC QUOTA: obeyed 429 responses=300; successful heartbeats=0
PUBLIC QUOTA: obeyed 429 responses=400; successful heartbeats=0
PASS: guarded candidate real Docker HTTPS 1000 visitors, 1000 status reads, 100 recent exact retries; client wall p99 including quota waits=14331.5ms; elapsed=37.1s
PUBLIC QUOTA: obeyed 429 responses=500; successful heartbeats=0
PASS: real HTTP heartbeat cycle retained 1800 visitors; total=1800
PUBLIC QUOTA: obeyed 429 responses=600; successful heartbeats=1800
PUBLIC QUOTA: obeyed 429 responses=700; successful heartbeats=1800
PUBLIC QUOTA: obeyed 429 responses=800; successful heartbeats=1800
PUBLIC QUOTA: obeyed 429 responses=900; successful heartbeats=1800
PUBLIC QUOTA: obeyed 429 responses=1000; successful heartbeats=1800
PUBLIC QUOTA: obeyed 429 responses=1100; successful heartbeats=1800
PUBLIC QUOTA: obeyed 429 responses=1200; successful heartbeats=1800
PUBLIC QUOTA: obeyed 429 responses=1300; successful heartbeats=1800
PUBLIC QUOTA: obeyed 429 responses=1400; successful heartbeats=1800
PUBLIC QUOTA: obeyed 429 responses=1500; successful heartbeats=1800
PUBLIC QUOTA: obeyed 429 responses=1600; successful heartbeats=1800
PUBLIC QUOTA: obeyed 429 responses=1700; successful heartbeats=1800
PUBLIC QUOTA: obeyed 429 responses=1800; successful heartbeats=1800
PUBLIC QUOTA: obeyed 429 responses=1900; successful heartbeats=1800
PUBLIC QUOTA: obeyed 429 responses=2000; successful heartbeats=1800
PUBLIC QUOTA: obeyed 429 responses=2100; successful heartbeats=1800
PUBLIC QUOTA: obeyed 429 responses=2200; successful heartbeats=1800
PUBLIC QUOTA: obeyed 429 responses=2300; successful heartbeats=1800
PASS: guarded candidate real Docker HTTPS 2000 visitors, 2000 status reads, 100 recent exact retries; client wall p99 including quota waits=60047.4ms; elapsed=134.6s
PUBLIC QUOTA: obeyed 429 responses=2400; successful heartbeats=1800
Heartbeat failed: {"observedAt":"2026-09-10T06:19:46.807Z","diagnostic":null}
Failed fixture: waiting-room-beta-tiers-e81eea65; image=waiting-room-beta8-logo-diagnostics:local; private state retained at /var/folders/j_/blpv946j115gq8l1z2sx975c0000gn/T/waiting-room-beta-tiers-e81eea65-344fH4
Population failure: explicit 429=2490; successful heartbeats=1800
Population delivery: {"state":"pending","generation":5,"nodes":[{"id":"coordinator","generation":4,"rooms":[{"epoch":1,"mode":"RECOVERY_HOLD","waiting":2000,"ready":0,"recoveryFence":2,"recoveryReason":"uncertain_write","recoveryUntil":1789021267905}]},{"id":"gateway","generation":5,"rooms":[{"epoch":1,"mode":"HOLD","waiting":0,"ready":0,"recoveryFence":0,"recoveryReason":"","recoveryUntil":0}]}]}
gateway-1  | 2026/09/10 06:15:38 runtime_sync node=gateway state=pending stage=ack code=unavailable generation=1
gateway-1  | 2026/09/10 06:15:39 runtime_sync node=gateway state=recovered generation=3
coordinator-1  | 2026/09/10 06:15:38 runtime_sync node=coordinator state=pending stage=ack code=unavailable generation=1
coordinator-1  | 2026/09/10 06:15:39 runtime_sync node=coordinator state=recovered generation=3
coordinator-1  | 2026/09/10 06:18:37 queue_call state=uncertain operation=promote read=false code=deadline elapsed_ms=1011 lock_wait_ms=0 budget_ms=999
coordinator-1  | 2026/09/10 06:20:46 runtime_sync node=coordinator state=pending stage=apply code=unavailable generation=4
node:internal/modules/run_main:107
    triggerUncaughtException(
    ^

AssertionError [ERR_ASSERTION]: real v5 joins without unexpected 503
+ actual - expected

+ [
+   {
+     code: 'QUEUE_UNAVAILABLE',
+     index: 2022,
+     observedAt: '2026-09-10T06:18:38.240Z',
+     phase: 'join',
+     status: 503
+   },
+   {
+     code: 'QUEUE_UNAVAILABLE',
+     index: 2026,
+     observedAt: '2026-09-10T06:18:38.240Z',
+     phase: 'join',
+     status: 503
+   },
+   {
+     code: 'QUEUE_UNAVAILABLE',
+     index: 2029,
+     observedAt: '2026-09-10T06:18:38.240Z',
+     phase: 'join',
+     status: 503
+   },
+   {
+     code: 'QUEUE_UNAVAILABLE',
+     index: 2024,
+     observedAt: '2026-09-10T06:18:38.241Z',
+     phase: 'join',
+     status: 503
+   },
+   {
+     code: 'QUEUE_UNAVAILABLE',
+     index: 2030,
+     observedAt: '2026-09-10T06:18:38.241Z',
+     phase: 'join',
+     status: 503
+   },
+   {
+     code: 'QUEUE_UNAVAILABLE',
+     index: 2025,
+     observedAt: '2026-09-10T06:18:38.241Z',
+     phase: 'join',
+     status: 503
+   },
+   {
+     code: 'QUEUE_UNAVAILABLE',
+     index: 2023,
+     observedAt: '2026-09-10T06:18:38.241Z',
+     phase: 'join',
+     status: 503
+   },
+   {
+     code: 'QUEUE_UNAVAILABLE',
+     index: 2028,
+     observedAt: '2026-09-10T06:18:38.241Z',
+     phase: 'join',
+     status: 503
+   },
+   {
+     code: 'QUEUE_UNAVAILABLE',
+     index: 2020,
+     observedAt: '2026-09-10T06:18:38.241Z',
+     phase: 'join',
+     status: 503
+   },
+   {
+     code: 'QUEUE_UNAVAILABLE',
+     index: 2027,
+     observedAt: '2026-09-10T06:18:38.241Z',
+     phase: 'join',
+     status: 503
+   },
+   {
+     code: 'QUEUE_UNAVAILABLE',
+     index: 2014,
+     observedAt: '2026-09-10T06:18:38.241Z',
+     phase: 'join',
+     status: 503
+   },
+   {
+     code: 'QUEUE_UNAVAILABLE',
+     index: 2001,
+     observedAt: '2026-09-10T06:18:38.241Z',
+     phase: 'join',
+     status: 503
+   },
+   {
+     code: 'QUEUE_UNAVAILABLE',
+     index: 2019,
+     observedAt: '2026-09-10T06:18:38.241Z',
+     phase: 'join',
+     status: 503
+   },
+   {
+     code: 'QUEUE_UNAVAILABLE',
+     index: 2011,
+     observedAt: '2026-09-10T06:18:38.242Z',
+     phase: 'join',
+     status: 503
+   },
+   {
+     code: 'QUEUE_UNAVAILABLE',
+     index: 2018,
+     observedAt: '2026-09-10T06:18:38.242Z',
+     phase: 'join',
+     status: 503
+   },
+   {
+     code: 'QUEUE_UNAVAILABLE',
+     index: 2003,
+     observedAt: '2026-09-10T06:18:38.242Z',
+     phase: 'join',
+     status: 503
+   },
+   {
+     code: 'QUEUE_UNAVAILABLE',
+     index: 2009,
+     observedAt: '2026-09-10T06:18:38.242Z',
+     phase: 'join',
+     status: 503
+   },
+   {
+     code: 'QUEUE_UNAVAILABLE',
+     index: 2007,
+     observedAt: '2026-09-10T06:18:38.242Z',
+     phase: 'join',
+     status: 503
+   },
+   {
+     code: 'QUEUE_UNAVAILABLE',
+     index: 2008,
+     observedAt: '2026-09-10T06:18:38.243Z',
+     phase: 'join',
+     status: 503
+   },
+   {
+     code: 'QUEUE_UNAVAILABLE',
+     index: 2015,
+     observedAt: '2026-09-10T06:18:38.243Z',
+     phase: 'join',
+     status: 503
+   }
+ ]
- []

    at file:///Users/youngjoo/ethan/waiting-room/test/localbeta/runtime-tiers.mjs:128:12
    at process.processTicksAndRejections (node:internal/process/task_queues:103:5) {
  generatedMessage: false,
  code: 'ERR_ASSERTION',
  actual: [
    {
      phase: 'join',
      index: 2022,
      status: 503,
      code: 'QUEUE_UNAVAILABLE',
      observedAt: '2026-09-10T06:18:38.240Z'
    },
    {
      phase: 'join',
      index: 2026,
      status: 503,
      code: 'QUEUE_UNAVAILABLE',
      observedAt: '2026-09-10T06:18:38.240Z'
    },
    {
      phase: 'join',
      index: 2029,
      status: 503,
      code: 'QUEUE_UNAVAILABLE',
      observedAt: '2026-09-10T06:18:38.240Z'
    },
    {
      phase: 'join',
      index: 2024,
      status: 503,
      code: 'QUEUE_UNAVAILABLE',
      observedAt: '2026-09-10T06:18:38.241Z'
    },
    {
      phase: 'join',
      index: 2030,
      status: 503,
      code: 'QUEUE_UNAVAILABLE',
      observedAt: '2026-09-10T06:18:38.241Z'
    },
    {
      phase: 'join',
      index: 2025,
      status: 503,
      code: 'QUEUE_UNAVAILABLE',
      observedAt: '2026-09-10T06:18:38.241Z'
    },
    {
      phase: 'join',
      index: 2023,
      status: 503,
      code: 'QUEUE_UNAVAILABLE',
      observedAt: '2026-09-10T06:18:38.241Z'
    },
    {
      phase: 'join',
      index: 2028,
      status: 503,
      code: 'QUEUE_UNAVAILABLE',
      observedAt: '2026-09-10T06:18:38.241Z'
    },
    {
      phase: 'join',
      index: 2020,
      status: 503,
      code: 'QUEUE_UNAVAILABLE',
      observedAt: '2026-09-10T06:18:38.241Z'
    },
    {
      phase: 'join',
      index: 2027,
      status: 503,
      code: 'QUEUE_UNAVAILABLE',
      observedAt: '2026-09-10T06:18:38.241Z'
    },
    {
      phase: 'join',
      index: 2014,
      status: 503,
      code: 'QUEUE_UNAVAILABLE',
      observedAt: '2026-09-10T06:18:38.241Z'
    },
    {
      phase: 'join',
      index: 2001,
      status: 503,
      code: 'QUEUE_UNAVAILABLE',
      observedAt: '2026-09-10T06:18:38.241Z'
    },
    {
      phase: 'join',
      index: 2019,
      status: 503,
      code: 'QUEUE_UNAVAILABLE',
      observedAt: '2026-09-10T06:18:38.241Z'
    },
    {
      phase: 'join',
      index: 2011,
      status: 503,
      code: 'QUEUE_UNAVAILABLE',
      observedAt: '2026-09-10T06:18:38.242Z'
    },
    {
      phase: 'join',
      index: 2018,
      status: 503,
      code: 'QUEUE_UNAVAILABLE',
      observedAt: '2026-09-10T06:18:38.242Z'
    },
    {
      phase: 'join',
      index: 2003,
      status: 503,
      code: 'QUEUE_UNAVAILABLE',
      observedAt: '2026-09-10T06:18:38.242Z'
    },
    {
      phase: 'join',
      index: 2009,
      status: 503,
      code: 'QUEUE_UNAVAILABLE',
      observedAt: '2026-09-10T06:18:38.242Z'
    },
    {
      phase: 'join',
      index: 2007,
      status: 503,
      code: 'QUEUE_UNAVAILABLE',
      observedAt: '2026-09-10T06:18:38.242Z'
    },
    {
      phase: 'join',
      index: 2008,
      status: 503,
      code: 'QUEUE_UNAVAILABLE',
      observedAt: '2026-09-10T06:18:38.243Z'
    },
    {
      phase: 'join',
      index: 2015,
      status: 503,
      code: 'QUEUE_UNAVAILABLE',
      observedAt: '2026-09-10T06:18:38.243Z'
    }
  ],
  expected: [],
  operator: 'deepStrictEqual',
  diff: 'simple'
}

Node.js v24.12.0
