go vet ./...
?   	waiting-room/cmd/wr-admin-lab	[no test files]
?   	waiting-room/cmd/wr-auth-calibrate	[no test files]
?   	waiting-room/cmd/wr-lab	[no test files]
?   	waiting-room/cmd/wr-process-lab	[no test files]
ok  	waiting-room/cmd/wrctl	2.232s
ok  	waiting-room/internal/adminauth	8.448s
ok  	waiting-room/internal/adminauth/authhttp	3.640s
ok  	waiting-room/internal/adminauth/pgstore	2.785s
ok  	waiting-room/internal/adminauth/sessionhttp	3.202s
ok  	waiting-room/internal/adminlab	4.042s
ok  	waiting-room/internal/admission	4.972s
ok  	waiting-room/internal/installplan	4.578s
ok  	waiting-room/internal/installplan/clockcheck	5.813s
ok  	waiting-room/internal/installplan/preflight	6.124s
ok  	waiting-room/internal/installplan/preview	6.607s
ok  	waiting-room/internal/lab	6.859s
ok  	waiting-room/internal/policy	7.440s
ok  	waiting-room/internal/processlab	7.858s
ok  	waiting-room/internal/queue/model	6.665s
ok  	waiting-room/internal/queue/valkeystore	6.326s
ok  	waiting-room/internal/waiting	6.362s

> waiting-room-devtools@0.0.0 test
> node --test scripts/*.test.mjs

✔ front matter rejects duplicate keys and absent metadata (2.814417ms)
✔ dependency validator detects missing owners, duplicate IDs and cycles (0.48925ms)
✔ unchecked work and missing evidence cannot become GO (0.138084ms)
✔ 100K child failure blocks final release even if other children report GO (0.227375ms)
✔ declared dependency failure blocks delivery (0.082625ms)
✔ local and M0 success cannot stand in for delivery evidence (0.090667ms)
✔ evidence rejects missing identity, skipped PASS and traversal (39.071875ms)
✔ artifact digest mismatch and missing logs invalidate evidence (1.278208ms)
✔ support matrix rejects wildcard versions and false qualification (0.162375ms)
✔ benchmark targets respect default retention, skew and rolling-rate budgets (0.500167ms)
ℹ tests 10
ℹ suites 0
ℹ pass 10
ℹ fail 0
ℹ cancelled 0
ℹ skipped 0
ℹ todo 0
ℹ duration_ms 107.429709
node scripts/check-docs.mjs
PASS: 9 PRDs; ownership, dependency graph, checklist, links, evidence rules and Git tracking.
npm run lint:api

> waiting-room-devtools@0.0.0 lint:api
> redocly lint api/openapi/public-v1.yaml api/openapi/admin-v1.yaml

node --test test/contract/*.test.mjs
✔ all local OpenAPI references resolve (0.997334ms)
✔ join schema rejects absolute and scheme-relative targets (38.063208ms)
✔ Room IDs exclude invalid base32 characters (20.938333ms)
✔ public status and claim are distinct operations and heartbeat is explicit (0.103583ms)
✔ admin policy and limit schema reject unsupported/unsafe values (24.236041ms)
✔ admin mutations declare authentication and concurrency headers (0.135958ms)
✔ theme contract supports the built-in template and rejects remote/unknown IDs (22.306375ms)
✔ authentication HTTP contract separates challenges and cookie sessions (45.047458ms)
✔ bootstrap and enrollment HTTP contract restricts policy and recovery material (58.903666ms)
✔ session read/logout contract excludes secrets and declares unavailable responses (26.013958ms)
ℹ tests 10
ℹ suites 0
ℹ pass 10
ℹ fail 0
ℹ cancelled 0
ℹ skipped 0
ℹ todo 0
ℹ duration_ms 289.506458
npm run build:admin

> waiting-room-devtools@0.0.0 build:admin
> vite build --config apps/admin/vite.config.mjs

vite v8.2.2 building client environment for production...
transforming...
✓ 50 modules transformed.
rendering chunks...
computing gzip size...
build/admin-ui/index.html                             0.50 kB │ gzip:  0.34 kB
build/admin-ui/assets/preview-6nrmtAL5.css            2.97 kB │ gzip:  0.99 kB
build/admin-ui/assets/index-Bd7BhE6P.css              4.24 kB │ gzip:  1.47 kB
build/admin-ui/assets/rolldown-runtime-CbXtAM7H.js    0.58 kB │ gzip:  0.36 kB
build/admin-ui/assets/preview-BFp9Ldwz.js            12.32 kB │ gzip:  4.64 kB
build/admin-ui/assets/browser-fxCp88pT.js            23.47 kB │ gzip:  8.86 kB
build/admin-ui/assets/index-hQTL5jMA.js             203.48 kB │ gzip: 64.90 kB

✓ built in 78ms
npm run test:admin-ui

> waiting-room-devtools@0.0.0 test:admin-ui
> node --test apps/admin/test/*.test.mjs

✔ HTML patterns compile in UnicodeSets v mode and preserve ID/code bounds (0.391417ms)
✔ local QR URI encodes account and exact algorithm without remote service (0.618125ms)
✔ client keeps credentials in same-origin headers/body and rejects redirects (0.254208ms)
✔ client error does not reflect backend body or network secrets (0.635791ms)
✔ storage is CSRF only and denied storage fails safely (0.413292ms)
✔ download uses fixed filename and JSON bytes, then cleans its temporary URL (0.450167ms)
✔ preview uses explicit same-origin endpoint without cookies (0.636541ms)
✔ preview never reflects backend or network error values (0.270916ms)
ℹ tests 8
ℹ suites 0
ℹ pass 8
ℹ fail 0
ℹ cancelled 0
ℹ skipped 0
ℹ todo 0
ℹ duration_ms 35.8205
node --test test/installplan/*.test.mjs
✔ standard: schema and executable agree on profile/TOTP/region bounds (685.4665ms)
✔ high-scale: schema and executable agree on profile/TOTP/region bounds (107.622459ms)
✔ cost: schema and CLI agree; exact subtotals preserve provenance (132.612583ms)
✔ report: nested input schemas, CLI recomputation and region equality (55.340667ms)
ℹ tests 4
ℹ suites 0
ℹ pass 4
ℹ fail 0
ℹ cancelled 0
ℹ skipped 0
ℹ todo 0
ℹ duration_ms 1689.048334
validating api/openapi/public-v1.yaml...
api/openapi/public-v1.yaml: validated in 18ms

validating api/openapi/admin-v1.yaml...
api/openapi/admin-v1.yaml: validated in 20ms

Woohoo! Your API descriptions are valid. 🎉

