{"Time":"2026-09-06T10:01:14.339542+09:00","Action":"start","Package":"waiting-room/internal/lab"}
{"Time":"2026-09-06T10:01:14.339651+09:00","Action":"start","Package":"waiting-room/internal/admission"}
{"Time":"2026-09-06T10:01:14.339707+09:00","Action":"start","Package":"waiting-room/internal/waiting"}
{"Time":"2026-09-06T10:01:14.641558+09:00","Action":"run","Package":"waiting-room/internal/waiting","Test":"TestTemplateRegistry"}
{"Time":"2026-09-06T10:01:14.641804+09:00","Action":"output","Package":"waiting-room/internal/waiting","Test":"TestTemplateRegistry","Output":"=== RUN   TestTemplateRegistry\n"}
{"Time":"2026-09-06T10:01:14.641826+09:00","Action":"output","Package":"waiting-room/internal/waiting","Test":"TestTemplateRegistry","Output":"--- PASS: TestTemplateRegistry (0.00s)\n"}
{"Time":"2026-09-06T10:01:14.64183+09:00","Action":"pass","Package":"waiting-room/internal/waiting","Test":"TestTemplateRegistry","Elapsed":0}
{"Time":"2026-09-06T10:01:14.641832+09:00","Action":"run","Package":"waiting-room/internal/waiting","Test":"TestTemplateEscapingAndCommonControls"}
{"Time":"2026-09-06T10:01:14.641837+09:00","Action":"output","Package":"waiting-room/internal/waiting","Test":"TestTemplateEscapingAndCommonControls","Output":"=== RUN   TestTemplateEscapingAndCommonControls\n"}
{"Time":"2026-09-06T10:01:14.64218+09:00","Action":"output","Package":"waiting-room/internal/waiting","Test":"TestTemplateEscapingAndCommonControls","Output":"--- PASS: TestTemplateEscapingAndCommonControls (0.00s)\n"}
{"Time":"2026-09-06T10:01:14.642196+09:00","Action":"pass","Package":"waiting-room/internal/waiting","Test":"TestTemplateEscapingAndCommonControls","Elapsed":0}
{"Time":"2026-09-06T10:01:14.642203+09:00","Action":"run","Package":"waiting-room/internal/waiting","Test":"TestAssetAllowlist"}
{"Time":"2026-09-06T10:01:14.642204+09:00","Action":"output","Package":"waiting-room/internal/waiting","Test":"TestAssetAllowlist","Output":"=== RUN   TestAssetAllowlist\n"}
{"Time":"2026-09-06T10:01:14.64239+09:00","Action":"output","Package":"waiting-room/internal/waiting","Test":"TestAssetAllowlist","Output":"--- PASS: TestAssetAllowlist (0.00s)\n"}
{"Time":"2026-09-06T10:01:14.642395+09:00","Action":"pass","Package":"waiting-room/internal/waiting","Test":"TestAssetAllowlist","Elapsed":0}
{"Time":"2026-09-06T10:01:14.642408+09:00","Action":"output","Package":"waiting-room/internal/waiting","Output":"PASS\n"}
{"Time":"2026-09-06T10:01:14.881378+09:00","Action":"run","Package":"waiting-room/internal/admission","Test":"TestDeterministicAdmissionAndBoundaries"}
{"Time":"2026-09-06T10:01:14.881395+09:00","Action":"output","Package":"waiting-room/internal/admission","Test":"TestDeterministicAdmissionAndBoundaries","Output":"=== RUN   TestDeterministicAdmissionAndBoundaries\n"}
{"Time":"2026-09-06T10:01:14.890985+09:00","Action":"output","Package":"waiting-room/internal/admission","Test":"TestDeterministicAdmissionAndBoundaries","Output":"--- PASS: TestDeterministicAdmissionAndBoundaries (0.01s)\n"}
{"Time":"2026-09-06T10:01:14.89101+09:00","Action":"pass","Package":"waiting-room/internal/admission","Test":"TestDeterministicAdmissionAndBoundaries","Elapsed":0.01}
{"Time":"2026-09-06T10:01:14.891017+09:00","Action":"output","Package":"waiting-room/internal/admission","Output":"PASS\n"}
{"Time":"2026-09-06T10:01:15.246024+09:00","Action":"run","Package":"waiting-room/internal/lab","Test":"TestSharedReturnKeyIndependentGateways"}
{"Time":"2026-09-06T10:01:15.246053+09:00","Action":"output","Package":"waiting-room/internal/lab","Test":"TestSharedReturnKeyIndependentGateways","Output":"=== RUN   TestSharedReturnKeyIndependentGateways\n"}
{"Time":"2026-09-06T10:01:15.246681+09:00","Action":"output","Package":"waiting-room/internal/lab","Test":"TestSharedReturnKeyIndependentGateways","Output":"--- PASS: TestSharedReturnKeyIndependentGateways (0.00s)\n"}
{"Time":"2026-09-06T10:01:15.246698+09:00","Action":"pass","Package":"waiting-room/internal/lab","Test":"TestSharedReturnKeyIndependentGateways","Elapsed":0}
{"Time":"2026-09-06T10:01:15.246702+09:00","Action":"run","Package":"waiting-room/internal/lab","Test":"TestReturnSealingBindings"}
{"Time":"2026-09-06T10:01:15.246704+09:00","Action":"output","Package":"waiting-room/internal/lab","Test":"TestReturnSealingBindings","Output":"=== RUN   TestReturnSealingBindings\n"}
{"Time":"2026-09-06T10:01:15.247117+09:00","Action":"output","Package":"waiting-room/internal/lab","Test":"TestReturnSealingBindings","Output":"--- PASS: TestReturnSealingBindings (0.00s)\n"}
{"Time":"2026-09-06T10:01:15.247124+09:00","Action":"pass","Package":"waiting-room/internal/lab","Test":"TestReturnSealingBindings","Elapsed":0}
{"Time":"2026-09-06T10:01:15.247127+09:00","Action":"run","Package":"waiting-room/internal/lab","Test":"TestLabCookieAndHostBoundary"}
{"Time":"2026-09-06T10:01:15.247129+09:00","Action":"output","Package":"waiting-room/internal/lab","Test":"TestLabCookieAndHostBoundary","Output":"=== RUN   TestLabCookieAndHostBoundary\n"}
{"Time":"2026-09-06T10:01:15.247581+09:00","Action":"output","Package":"waiting-room/internal/lab","Test":"TestLabCookieAndHostBoundary","Output":"--- PASS: TestLabCookieAndHostBoundary (0.00s)\n"}
{"Time":"2026-09-06T10:01:15.247602+09:00","Action":"pass","Package":"waiting-room/internal/lab","Test":"TestLabCookieAndHostBoundary","Elapsed":0}
{"Time":"2026-09-06T10:01:15.247607+09:00","Action":"run","Package":"waiting-room/internal/lab","Test":"TestCookieMutationCSRFBeforeCoordinator"}
{"Time":"2026-09-06T10:01:15.247609+09:00","Action":"output","Package":"waiting-room/internal/lab","Test":"TestCookieMutationCSRFBeforeCoordinator","Output":"=== RUN   TestCookieMutationCSRFBeforeCoordinator\n"}
{"Time":"2026-09-06T10:01:15.247964+09:00","Action":"output","Package":"waiting-room/internal/lab","Test":"TestCookieMutationCSRFBeforeCoordinator","Output":"--- PASS: TestCookieMutationCSRFBeforeCoordinator (0.00s)\n"}
{"Time":"2026-09-06T10:01:15.247972+09:00","Action":"pass","Package":"waiting-room/internal/lab","Test":"TestCookieMutationCSRFBeforeCoordinator","Elapsed":0}
{"Time":"2026-09-06T10:01:15.247982+09:00","Action":"run","Package":"waiting-room/internal/lab","Test":"TestTargetValidation"}
{"Time":"2026-09-06T10:01:15.247985+09:00","Action":"output","Package":"waiting-room/internal/lab","Test":"TestTargetValidation","Output":"=== RUN   TestTargetValidation\n"}
{"Time":"2026-09-06T10:01:15.248071+09:00","Action":"output","Package":"waiting-room/internal/lab","Test":"TestTargetValidation","Output":"--- PASS: TestTargetValidation (0.00s)\n"}
{"Time":"2026-09-06T10:01:15.248077+09:00","Action":"pass","Package":"waiting-room/internal/lab","Test":"TestTargetValidation","Elapsed":0}
{"Time":"2026-09-06T10:01:15.248084+09:00","Action":"run","Package":"waiting-room/internal/lab","Test":"TestInternalCredentialAndInput"}
{"Time":"2026-09-06T10:01:15.248086+09:00","Action":"output","Package":"waiting-room/internal/lab","Test":"TestInternalCredentialAndInput","Output":"=== RUN   TestInternalCredentialAndInput\n"}
{"Time":"2026-09-06T10:01:15.253609+09:00","Action":"output","Package":"waiting-room/internal/lab","Test":"TestInternalCredentialAndInput","Output":"--- PASS: TestInternalCredentialAndInput (0.01s)\n"}
{"Time":"2026-09-06T10:01:15.25363+09:00","Action":"pass","Package":"waiting-room/internal/lab","Test":"TestInternalCredentialAndInput","Elapsed":0.01}
{"Time":"2026-09-06T10:01:15.253635+09:00","Action":"run","Package":"waiting-room/internal/lab","Test":"TestLoopbackOnlyAndReservedHeaders"}
{"Time":"2026-09-06T10:01:15.253637+09:00","Action":"output","Package":"waiting-room/internal/lab","Test":"TestLoopbackOnlyAndReservedHeaders","Output":"=== RUN   TestLoopbackOnlyAndReservedHeaders\n"}
{"Time":"2026-09-06T10:01:15.25373+09:00","Action":"output","Package":"waiting-room/internal/lab","Test":"TestLoopbackOnlyAndReservedHeaders","Output":"--- PASS: TestLoopbackOnlyAndReservedHeaders (0.00s)\n"}
{"Time":"2026-09-06T10:01:15.253744+09:00","Action":"pass","Package":"waiting-room/internal/lab","Test":"TestLoopbackOnlyAndReservedHeaders","Elapsed":0}
{"Time":"2026-09-06T10:01:15.253746+09:00","Action":"output","Package":"waiting-room/internal/lab","Output":"PASS\n"}
{"Time":"2026-09-06T10:01:15.645497+09:00","Action":"output","Package":"waiting-room/internal/waiting","Output":"ok  \twaiting-room/internal/waiting\t1.306s\n"}
{"Time":"2026-09-06T10:01:15.645581+09:00","Action":"pass","Package":"waiting-room/internal/waiting","Elapsed":1.306}
{"Time":"2026-09-06T10:01:15.898666+09:00","Action":"output","Package":"waiting-room/internal/admission","Output":"ok  \twaiting-room/internal/admission\t1.559s\n"}
{"Time":"2026-09-06T10:01:15.898754+09:00","Action":"pass","Package":"waiting-room/internal/admission","Elapsed":1.5590000000000002}
{"Time":"2026-09-06T10:01:16.256268+09:00","Action":"output","Package":"waiting-room/internal/lab","Output":"ok  \twaiting-room/internal/lab\t1.917s\n"}
{"Time":"2026-09-06T10:01:16.256291+09:00","Action":"pass","Package":"waiting-room/internal/lab","Elapsed":1.917}
