
> waiting-room-devtools@0.0.0 build:admin
> vite build --config apps/admin/vite.config.mjs

vite v8.2.2 building client environment for production...
transforming...
✓ 77 modules transformed.
rendering chunks...
computing gzip size...
build/admin-ui/index.html                             0.50 kB │ gzip:  0.34 kB
build/admin-ui/assets/setup-Bv17efgs.css              2.41 kB │ gzip:  0.87 kB
build/admin-ui/assets/traffic-lab-CSPhImGA.css        3.75 kB │ gzip:  1.22 kB
build/admin-ui/assets/preview-qBODYFax.css           15.74 kB │ gzip:  3.58 kB
build/admin-ui/assets/index-Ch7b17-9.css             29.80 kB │ gzip:  6.61 kB
build/admin-ui/assets/rolldown-runtime-CbXtAM7H.js    0.58 kB │ gzip:  0.36 kB
build/admin-ui/assets/preview-inputs-mkZsw8EJ.js      2.86 kB │ gzip:  1.55 kB
build/admin-ui/assets/traffic-lab-74o4Hdpv.js         9.94 kB │ gzip:  4.05 kB
build/admin-ui/assets/setup-BsiHRvVO.js              10.83 kB │ gzip:  4.03 kB
build/admin-ui/assets/browser-fxCp88pT.js            23.47 kB │ gzip:  8.86 kB
build/admin-ui/assets/preview-CMSoEDRK.js            27.74 kB │ gzip:  9.35 kB
build/admin-ui/assets/index-BulTz-5z.js             304.25 kB │ gzip: 92.92 kB

✓ built in 105ms
System public CA bundle SHA-256: 9dae8d76e55cb08991f2b672d58999ea15560d910759c16b544f843bdffbb994
#0 building with "desktop-linux" instance using docker driver

#1 [internal] load build definition from control.Dockerfile
#1 transferring dockerfile: 502B done
#1 DONE 0.0s

#2 [internal] load .dockerignore
#2 transferring context: 213B done
#2 DONE 0.0s

#3 [internal] load build context
#3 transferring context: 45.07MB 0.3s done
#3 DONE 0.3s

#4 [1/4] COPY build/local-control/ca-certificates.crt /etc/ssl/certs/ca-certificates.crt
#4 CACHED

#5 [2/4] COPY build/local-control/wr-control /wr-control
#5 DONE 0.1s

#6 [3/4] COPY build/local-control/wr-node /wr-node
#6 DONE 0.1s

#7 [4/4] COPY build/admin-ui /ui
#7 DONE 0.0s

#8 exporting to image
#8 exporting layers
#8 exporting layers 0.5s done
#8 exporting manifest sha256:f5c3f371ae26b68de076ef2226778c9a24500798ab9781a1c7e38761d605eb25
#8 exporting manifest sha256:f5c3f371ae26b68de076ef2226778c9a24500798ab9781a1c7e38761d605eb25 done
#8 exporting config sha256:a060c85bd6395f424d57f54c55618624cc21ae1f0c950ac3ac5241ba2359eaad done
#8 exporting attestation manifest sha256:7723bf53eb0a257ecf518abe1441983ccf7540658edde94b6ae08ab847fe06b9 0.0s done
#8 exporting manifest list sha256:54f89fa95f3a3499d959495869ef8f8ad57effdb172bbadab1bf7d596874ec55 done
#8 naming to docker.io/library/waiting-room-beta-rebuild-check:local done
#8 unpacking to docker.io/library/waiting-room-beta-rebuild-check:local 0.1s done
#8 DONE 0.7s
Built isolated local candidate waiting-room-beta-rebuild-check:local sha256:54f89fa95f3a3499d959495869ef8f8ad57effdb172bbadab1bf7d596874ec55. No installation was started or changed.
