PASS: six-role Docker installation, actual Linux Control calibration, reviewed policy/region/defaults apply
PASS: PostgreSQL and Control restart preserve exact setup report and calibrated parameters before bootstrap
PASS: applied installation region and Room defaults reach signed runtime with both Gateway/Coordinator ACK
coordinator-1  | 2026/09/09 05:07:11 runtime_sync node=coordinator state=pending stage=fetch code=deadline generation=4
coordinator-1  | 2026/09/09 05:07:11 runtime_sync node=coordinator state=recovered generation=4
gateway-1      | 2026/09/09 05:07:11 runtime_sync node=gateway state=pending stage=fetch code=deadline generation=4
gateway-1      | 2026/09/09 05:07:11 runtime_sync node=gateway state=recovered generation=4
PASS: actual Control process pause exceeds fetch timeout; signed LKG serves a held join; both roles acknowledge a new generation after unpause without restart
PASS: quick-20 via real Control/Coordinator mTLS, wr_traffic ACL runtime-key denial, isolated runtime-v4 HTTP fixture; requests=123
PASS: smoke-1k via real Control/Coordinator mTLS, wr_traffic ACL runtime-key denial, isolated runtime-v4 HTTP fixture; requests=3013
PASS: real published Room verification tab starts Quick 20, renders its saved result, and preserves the Room draft
coordinator-1  | 2026/09/09 05:07:11 runtime_sync node=coordinator state=pending stage=fetch code=deadline generation=4
coordinator-1  | 2026/09/09 05:07:11 runtime_sync node=coordinator state=recovered generation=4
coordinator-1  | 2026/09/09 05:07:35 runtime_sync node=coordinator state=pending stage=apply code=unavailable generation=0
gateway-1      | 2026/09/09 05:07:11 runtime_sync node=gateway state=pending stage=fetch code=deadline generation=4
gateway-1      | 2026/09/09 05:07:11 runtime_sync node=gateway state=recovered generation=4
file:///Users/youngjoo/ethan/waiting-room/test/localbeta/traffic-runtime.mjs:32
async function until(check){for(let i=0;i<40;i++){if(await check())return;await delay(500);}throw Error('isolated runtime did not apply setup');}
                                                                                                  ^

Error: isolated runtime did not apply setup
    at until (file:///Users/youngjoo/ethan/waiting-room/test/localbeta/traffic-runtime.mjs:32:99)
    at async file:///Users/youngjoo/ethan/waiting-room/test/localbeta/traffic-runtime.mjs:98:5

Node.js v24.12.0
