go vet ./...
?   	waiting-room/cmd/wr-lab	[no test files]
ok  	waiting-room/internal/admission	1.292s
ok  	waiting-room/internal/lab	1.317s
ok  	waiting-room/internal/policy	1.668s
ok  	waiting-room/internal/queue/model	2.260s
?   	waiting-room/internal/queue/valkeystore	[no test files]

> waiting-room-devtools@0.0.0 test
> node --test scripts/*.test.mjs

✔ front matter rejects duplicate keys and absent metadata (2.41075ms)
✔ dependency validator detects missing owners, duplicate IDs and cycles (0.314625ms)
✔ unchecked work and missing evidence cannot become GO (0.100458ms)
✔ 100K child failure blocks final release even if other children report GO (0.164167ms)
✔ declared dependency failure blocks delivery (0.055ms)
✔ local and M0 success cannot stand in for delivery evidence (0.066ms)
✔ evidence rejects missing identity, skipped PASS and traversal (33.604333ms)
✔ artifact digest mismatch and missing logs invalidate evidence (1.56425ms)
✔ support matrix rejects wildcard versions and false qualification (0.138875ms)
✔ benchmark targets respect default retention, skew and rolling-rate budgets (0.300334ms)
ℹ tests 10
ℹ suites 0
ℹ pass 10
ℹ fail 0
ℹ cancelled 0
ℹ skipped 0
ℹ todo 0
ℹ duration_ms 92.657208
node scripts/check-docs.mjs
PASS: 9 PRDs; ownership, dependency graph, checklist, links, evidence rules and Git tracking.
npm run lint:api

> waiting-room-devtools@0.0.0 lint:api
> redocly lint api/openapi/public-v1.yaml api/openapi/admin-v1.yaml

node --test test/contract/*.test.mjs
✔ all local OpenAPI references resolve (0.928167ms)
✔ join schema rejects absolute and scheme-relative targets (33.743ms)
✔ Room IDs exclude invalid base32 characters (17.715125ms)
✔ public status and claim are distinct operations and heartbeat is explicit (0.073208ms)
✔ admin policy and limit schema reject unsupported/unsafe values (22.257875ms)
✔ admin mutations declare authentication and concurrency headers (0.134792ms)
ℹ tests 6
ℹ suites 0
ℹ pass 6
ℹ fail 0
ℹ cancelled 0
ℹ skipped 0
ℹ todo 0
ℹ duration_ms 125.636958
validating api/openapi/public-v1.yaml...
api/openapi/public-v1.yaml: validated in 16ms

validating api/openapi/admin-v1.yaml...
api/openapi/admin-v1.yaml: validated in 19ms

Woohoo! Your API descriptions are valid. 🎉

