go vet ./...
?   	waiting-room/cmd/wr-admin-lab	[no test files]
?   	waiting-room/cmd/wr-auth-calibrate	[no test files]
?   	waiting-room/cmd/wr-lab	[no test files]
ok  	waiting-room/cmd/wrctl	1.554s
ok  	waiting-room/internal/adminauth	7.846s
ok  	waiting-room/internal/adminauth/authhttp	2.228s
ok  	waiting-room/internal/adminauth/pgstore	2.603s
ok  	waiting-room/internal/adminauth/sessionhttp	3.880s
ok  	waiting-room/internal/adminlab	3.006s
ok  	waiting-room/internal/admission	3.462s
ok  	waiting-room/internal/installplan	4.099s
ok  	waiting-room/internal/installplan/preflight	4.322s
ok  	waiting-room/internal/lab	4.672s
ok  	waiting-room/internal/policy	5.160s
ok  	waiting-room/internal/queue/model	6.298s
?   	waiting-room/internal/queue/valkeystore	[no test files]
ok  	waiting-room/internal/waiting	5.579s

> waiting-room-devtools@0.0.0 test
> node --test scripts/*.test.mjs

✔ front matter rejects duplicate keys and absent metadata (2.228875ms)
✔ dependency validator detects missing owners, duplicate IDs and cycles (0.291209ms)
✔ unchecked work and missing evidence cannot become GO (0.115ms)
✔ 100K child failure blocks final release even if other children report GO (0.549917ms)
✔ declared dependency failure blocks delivery (0.065833ms)
✔ local and M0 success cannot stand in for delivery evidence (0.073208ms)
✔ evidence rejects missing identity, skipped PASS and traversal (32.914083ms)
✔ artifact digest mismatch and missing logs invalidate evidence (0.867667ms)
✔ support matrix rejects wildcard versions and false qualification (0.149208ms)
✔ benchmark targets respect default retention, skew and rolling-rate budgets (0.277542ms)
ℹ tests 10
ℹ suites 0
ℹ pass 10
ℹ fail 0
ℹ cancelled 0
ℹ skipped 0
ℹ todo 0
ℹ duration_ms 88.457375
node scripts/check-docs.mjs
PASS: 9 PRDs; ownership, dependency graph, checklist, links, evidence rules and Git tracking.
npm run lint:api

> waiting-room-devtools@0.0.0 lint:api
> redocly lint api/openapi/public-v1.yaml api/openapi/admin-v1.yaml

node --test test/contract/*.test.mjs
✔ all local OpenAPI references resolve (0.922416ms)
✔ join schema rejects absolute and scheme-relative targets (32.312875ms)
✔ Room IDs exclude invalid base32 characters (16.761709ms)
✔ public status and claim are distinct operations and heartbeat is explicit (0.066209ms)
✔ admin policy and limit schema reject unsupported/unsafe values (20.792125ms)
✔ admin mutations declare authentication and concurrency headers (0.187417ms)
✔ theme contract supports the built-in template and rejects remote/unknown IDs (19.592334ms)
✔ authentication HTTP contract separates challenges and cookie sessions (39.046375ms)
✔ bootstrap and enrollment HTTP contract restricts policy and recovery material (50.280417ms)
✔ session read/logout contract excludes secrets and declares unavailable responses (21.458333ms)
ℹ tests 10
ℹ suites 0
ℹ pass 10
ℹ fail 0
ℹ cancelled 0
ℹ skipped 0
ℹ todo 0
ℹ duration_ms 245.477458
npm run build:admin

> waiting-room-devtools@0.0.0 build:admin
> vite build --config apps/admin/vite.config.mjs

vite v8.2.2 building client environment for production...
transforming...
✓ 46 modules transformed.
rendering chunks...
computing gzip size...
build/admin-ui/index.html                    0.41 kB │ gzip:  0.31 kB
build/admin-ui/assets/index-Bd7BhE6P.css     4.24 kB │ gzip:  1.47 kB
build/admin-ui/assets/browser-CafTK0sU.js   23.46 kB │ gzip:  8.85 kB
build/admin-ui/assets/index-3f-0SIFZ.js    203.34 kB │ gzip: 64.84 kB

✓ built in 70ms
npm run test:admin-ui

> waiting-room-devtools@0.0.0 test:admin-ui
> node --test apps/admin/test/*.test.mjs

✔ HTML patterns compile in UnicodeSets v mode and preserve ID/code bounds (0.33725ms)
✔ local QR URI encodes account and exact algorithm without remote service (0.164458ms)
✔ client keeps credentials in same-origin headers/body and rejects redirects (0.146ms)
✔ client error does not reflect backend body or network secrets (0.429792ms)
✔ storage is CSRF only and denied storage fails safely (0.286709ms)
ℹ tests 5
ℹ suites 0
ℹ pass 5
ℹ fail 0
ℹ cancelled 0
ℹ skipped 0
ℹ todo 0
ℹ duration_ms 31.644
node --test test/installplan/*.test.mjs
✔ standard: schema and executable agree on profile/TOTP/region bounds (617.227584ms)
✔ high-scale: schema and executable agree on profile/TOTP/region bounds (45.682208ms)
✔ cost: schema and CLI agree; exact subtotals preserve provenance (57.425958ms)
ℹ tests 3
ℹ suites 0
ℹ pass 3
ℹ fail 0
ℹ cancelled 0
ℹ skipped 0
ℹ todo 0
ℹ duration_ms 930.832125
validating api/openapi/public-v1.yaml...
api/openapi/public-v1.yaml: validated in 15ms

validating api/openapi/admin-v1.yaml...
api/openapi/admin-v1.yaml: validated in 18ms

Woohoo! Your API descriptions are valid. 🎉

