go vet ./...
?   	waiting-room/cmd/wr-auth-calibrate	[no test files]
?   	waiting-room/cmd/wr-lab	[no test files]
ok  	waiting-room/internal/adminauth	9.434s
ok  	waiting-room/internal/adminauth/pgstore	1.444s
ok  	waiting-room/internal/adminauth/sessionhttp	1.618s
ok  	waiting-room/internal/admission	1.782s
ok  	waiting-room/internal/lab	1.963s
ok  	waiting-room/internal/policy	2.287s
ok  	waiting-room/internal/queue/model	2.363s
?   	waiting-room/internal/queue/valkeystore	[no test files]
ok  	waiting-room/internal/waiting	2.487s

> waiting-room-devtools@0.0.0 test
> node --test scripts/*.test.mjs

✔ front matter rejects duplicate keys and absent metadata (4.242416ms)
✔ dependency validator detects missing owners, duplicate IDs and cycles (0.372167ms)
✔ unchecked work and missing evidence cannot become GO (0.1135ms)
✔ 100K child failure blocks final release even if other children report GO (0.176708ms)
✔ declared dependency failure blocks delivery (0.062292ms)
✔ local and M0 success cannot stand in for delivery evidence (0.084042ms)
✔ evidence rejects missing identity, skipped PASS and traversal (47.709334ms)
✔ artifact digest mismatch and missing logs invalidate evidence (1.511708ms)
✔ support matrix rejects wildcard versions and false qualification (0.194334ms)
✔ benchmark targets respect default retention, skew and rolling-rate budgets (0.342834ms)
ℹ tests 10
ℹ suites 0
ℹ pass 10
ℹ fail 0
ℹ cancelled 0
ℹ skipped 0
ℹ todo 0
ℹ duration_ms 134.448375
node scripts/check-docs.mjs
PASS: 9 PRDs; ownership, dependency graph, checklist, links, evidence rules and Git tracking.
npm run lint:api

> waiting-room-devtools@0.0.0 lint:api
> redocly lint api/openapi/public-v1.yaml api/openapi/admin-v1.yaml

node --test test/contract/*.test.mjs
✔ all local OpenAPI references resolve (2.612875ms)
✔ join schema rejects absolute and scheme-relative targets (48.115125ms)
✔ Room IDs exclude invalid base32 characters (19.099083ms)
✔ public status and claim are distinct operations and heartbeat is explicit (0.086708ms)
✔ admin policy and limit schema reject unsupported/unsafe values (25.352583ms)
✔ admin mutations declare authentication and concurrency headers (0.137333ms)
✔ theme contract supports the built-in template and rejects remote/unknown IDs (21.178917ms)
✔ session read/logout contract excludes secrets and declares unavailable responses (33.970666ms)
ℹ tests 8
ℹ suites 0
ℹ pass 8
ℹ fail 0
ℹ cancelled 0
ℹ skipped 0
ℹ todo 0
ℹ duration_ms 240.35575
validating api/openapi/public-v1.yaml...
api/openapi/public-v1.yaml: validated in 34ms

validating api/openapi/admin-v1.yaml...
api/openapi/admin-v1.yaml: validated in 29ms

Woohoo! Your API descriptions are valid. 🎉

