go vet ./...
?   	waiting-room/build/problem-preview	[no test files]
?   	waiting-room/cmd/wr-admin-lab	[no test files]
?   	waiting-room/cmd/wr-auth-calibrate	[no test files]
?   	waiting-room/cmd/wr-control	[no test files]
?   	waiting-room/cmd/wr-lab	[no test files]
?   	waiting-room/cmd/wr-node	[no test files]
?   	waiting-room/cmd/wr-process-lab	[no test files]
ok  	waiting-room/cmd/wrctl	1.481s
?   	waiting-room/deploy	[no test files]
ok  	waiting-room/internal/adminauth	14.097s
ok  	waiting-room/internal/adminauth/authhttp	2.171s
ok  	waiting-room/internal/adminauth/controlhttp	2.522s
ok  	waiting-room/internal/adminauth/pgstore	2.899s
ok  	waiting-room/internal/adminauth/sessionhttp	3.184s
ok  	waiting-room/internal/adminlab	3.556s
ok  	waiting-room/internal/adminserver	3.923s
ok  	waiting-room/internal/admission	4.264s
ok  	waiting-room/internal/configtrust	4.783s
ok  	waiting-room/internal/control	4.978s
ok  	waiting-room/internal/installer	10.568s
ok  	waiting-room/internal/installplan	5.481s
ok  	waiting-room/internal/installplan/clockcheck	5.958s
ok  	waiting-room/internal/installplan/preflight	5.454s
ok  	waiting-room/internal/installplan/preview	5.068s
ok  	waiting-room/internal/keyring	5.024s
ok  	waiting-room/internal/lab	5.055s
ok  	waiting-room/internal/localcontrol	5.171s
ok  	waiting-room/internal/policy	5.020s
ok  	waiting-room/internal/processlab	5.165s
?   	waiting-room/internal/publicguard	[no test files]
ok  	waiting-room/internal/queue/model	5.369s
ok  	waiting-room/internal/queue/valkeystore	4.991s
ok  	waiting-room/internal/recoveryarchive	5.194s
ok  	waiting-room/internal/runtimeplane	5.097s
ok  	waiting-room/internal/trafficlab	4.961s
ok  	waiting-room/internal/waiting	4.728s

> waiting-room-devtools@0.0.0 test
> node --test scripts/*.test.mjs

✔ front matter rejects duplicate keys and absent metadata (2.542333ms)
✔ dependency validator detects missing owners, duplicate IDs and cycles (0.659291ms)
✔ unchecked work and missing evidence cannot become GO (0.15025ms)
✔ 100K child failure blocks final release even if other children report GO (0.196042ms)
✔ declared dependency failure blocks delivery (0.060416ms)
✔ local and M0 success cannot stand in for delivery evidence (0.07275ms)
✔ evidence rejects missing identity, skipped PASS and traversal (36.719625ms)
✔ artifact digest mismatch and missing logs invalidate evidence (1.240917ms)
✔ support matrix rejects wildcard versions and false qualification (0.179042ms)
✔ benchmark targets respect default retention, skew and rolling-rate budgets (0.5865ms)
✔ source startup preserves readiness during bounded coordinator recovery (0.532084ms)
✔ source startup waits for all roles and enforces deadline (7.538625ms)
ℹ tests 12
ℹ suites 0
ℹ pass 12
ℹ fail 0
ℹ cancelled 0
ℹ skipped 0
ℹ todo 0
ℹ duration_ms 125.950042
node scripts/check-docs.mjs
PASS: 9 PRDs; ownership, dependency graph, checklist, links, evidence rules and Git tracking.
npm run lint:api

> waiting-room-devtools@0.0.0 lint:api
> redocly lint api/openapi/public-v1.yaml api/openapi/admin-v1.yaml

validating api/openapi/public-v1.yaml...
api/openapi/public-v1.yaml: validated in 19ms

validating api/openapi/admin-v1.yaml...
api/openapi/admin-v1.yaml: validated in 32ms

Woohoo! Your API descriptions are valid. 🎉

node --test test/contract/*.test.mjs
✔ draft authoring client matches the strict saved ConfigDraft contract (41.928ms)
✔ draft audit contract accepts redacted digests and excludes payloads (17.078416ms)
✔ all local OpenAPI references resolve (1.155625ms)
✔ join and browser preparation accept root paths and reject external targets (46.421ms)
✔ Room IDs exclude invalid base32 characters (15.384333ms)
✔ public status and claim are distinct operations and heartbeat is explicit (0.063625ms)
✔ admin policy and limit schema reject unsupported/unsafe values (20.567917ms)
✔ admin mutations declare authentication and concurrency headers (0.482375ms)
✔ route check is a typed read-only POST that cannot reflect target URL (32.006792ms)
✔ implemented security contracts use lowercase roles, explicit enabled and policy revision (27.117167ms)
✔ runtime publication and authenticated enrollment paths have explicit response contracts (15.143417ms)
✔ theme contract supports the built-in template and rejects remote/unknown IDs (21.02275ms)
✔ authentication HTTP contract separates challenges and cookie sessions (40.043292ms)
✔ bootstrap and enrollment HTTP contract restricts policy and recovery material (60.528834ms)
✔ session read/logout contract excludes secrets and declares unavailable responses (25.313667ms)
✔ Traffic Lab accepts fixed presets only and protects mutations with role and retry contracts (29.8015ms)
✔ every implemented operation declares current lowercase roles and typed failures (0.222958ms)
ℹ tests 17
ℹ suites 0
ℹ pass 17
ℹ fail 0
ℹ cancelled 0
ℹ skipped 0
ℹ todo 0
ℹ duration_ms 447.841458
npm run build:admin

> waiting-room-devtools@0.0.0 build:admin
> vite build --config apps/admin/vite.config.mjs

vite v8.2.2 building client environment for production...
transforming...
✓ 77 modules transformed.
rendering chunks...
computing gzip size...
build/admin-ui/index.html                             0.50 kB │ gzip:  0.34 kB
build/admin-ui/assets/setup-Bv17efgs.css              2.41 kB │ gzip:  0.87 kB
build/admin-ui/assets/traffic-lab-CSPhImGA.css        3.75 kB │ gzip:  1.22 kB
build/admin-ui/assets/preview-qBODYFax.css           15.74 kB │ gzip:  3.58 kB
build/admin-ui/assets/index-Ch7b17-9.css             29.80 kB │ gzip:  6.61 kB
build/admin-ui/assets/rolldown-runtime-CbXtAM7H.js    0.58 kB │ gzip:  0.36 kB
build/admin-ui/assets/preview-inputs-mkZsw8EJ.js      2.86 kB │ gzip:  1.55 kB
build/admin-ui/assets/traffic-lab-74o4Hdpv.js         9.94 kB │ gzip:  4.05 kB
build/admin-ui/assets/setup-BsiHRvVO.js              10.83 kB │ gzip:  4.03 kB
build/admin-ui/assets/browser-fxCp88pT.js            23.47 kB │ gzip:  8.86 kB
build/admin-ui/assets/preview-CMSoEDRK.js            27.74 kB │ gzip:  9.35 kB
build/admin-ui/assets/index-BulTz-5z.js             304.25 kB │ gzip: 92.92 kB

✓ built in 94ms
npm run test:admin-ui

> waiting-room-devtools@0.0.0 test:admin-ui
> node --test apps/admin/test/*.test.mjs

✔ HTML patterns compile in UnicodeSets v mode and preserve ID/code bounds (0.433208ms)
✔ local QR URI encodes account and exact algorithm without remote service (0.805916ms)
✔ client keeps credentials in same-origin headers/body and rejects redirects (1.32175ms)
✔ client error does not reflect backend body or network secrets (1.450792ms)
✔ storage is CSRF only and denied storage fails safely (0.441417ms)
✔ audit uses the public at field and does not label accepted operations as rejected (25.380833ms)
✔ system recovery labels reflect held/resumed; unknown labels and invalid time fail safely (0.099708ms)
✔ authentication audit distinguishes second factor from completed login (0.058292ms)
✔ new Room remains inactive, FIFO and local built-in template (4.234333ms)
✔ draft write preserves caller replay key and ETag and never reports activation (8.02075ms)
✔ revision conflict is explicit and raw errors are not shown (0.724708ms)
✔ local event inputs preserve seconds and serialize UTC (3.160791ms)
✔ event form rejects missing, normalized calendar dates, past, reversed and oversized range (0.293708ms)
✔ download uses fixed filename and JSON bytes, then cleans its temporary URL (0.491542ms)
✔ default plan is valid at every input step and exports the guided sequence (0.630541ms)
✔ profile and region errors are scoped to their own step (1.489042ms)
✔ capacity honors each profile and changing to Standard preserves invalid values (16.344375ms)
✔ capacity rejects missing, fractional, non-finite and string integers (0.162958ms)
✔ TOTP accepts an explicit configurable OFF and rejects missing or forced OFF (0.099417ms)
✔ cost fixture validates without changing inputs and region remains the caller responsibility (0.433666ms)
✔ price strings preserve exact decimal syntax and reject incompatible values (1.011166ms)
✔ pricing date validation covers real calendar and backend year bounds (0.440959ms)
✔ pricing identifiers and integer bounds match backend constraints (1.765375ms)
✔ preview uses explicit same-origin endpoint without cookies (0.689333ms)
✔ preview never reflects backend or network error values (0.271375ms)
✔ Room wizard defaults stay inactive and preserve full API contract on save (4.325875ms)
✔ connection guidance rejects Gateway loops, credentials, normalization surprises and mismatched health URLs (1.362084ms)
✔ prefix validation mirrors canonical and reserved path boundaries (0.443125ms)
✔ route demonstration uses segment boundaries and exclusion precedence (0.110875ms)
✔ capacity allows only bounded integers in the installation profile (9.904416ms)
✔ existing ID and active route conflicts are explained before saving (0.211166ms)
✔ theme checks reject unsafe text but retain multiline plain guidance (0.14175ms)
✔ console routes preserve exact Room identity and tab (0.672708ms)
✔ console rejects external, encoded, query and malformed routes (0.0785ms)
✔ sensitive request freezes original bytes and matches Go digest framing (3.00775ms)
✔ reauth and execution share exact body, revision and stable retry key (8.271625ms)
✔ setup accepts preview reports as editable inputs, retaining explicit false (0.817792ms)
✔ queue metrics use only Coordinator and subtract READY from active leases for ADMITTED (3.788334ms)
✔ stale, missing, wrong-generation and mismatched revision observations cannot appear current (0.24325ms)
✔ failed refresh masks earlier successful counts, health and modes without discarding the saved command (0.072333ms)
✔ origin false and recovery are actionable failures, while old Gateway counters remain unknown (0.257292ms)
✔ HTTP 5xx uses fresh Gateway whole-minute observations and distinguishes warming from zero (10.474792ms)
✔ aggregate is unknown instead of a misleading partial total if any Room lacks fresh source data (0.21375ms)
✔ a late polling response cannot overwrite a newer command generation (0.076083ms)
✔ Traffic Lab navigation and active states keep interrupted runs distinct (0.706167ms)
ℹ tests 45
ℹ suites 0
ℹ pass 45
ℹ fail 0
ℹ cancelled 0
ℹ skipped 0
ℹ todo 0
ℹ duration_ms 71.415042
node --test test/installplan/*.test.mjs
✔ standard: schema and executable agree on profile/TOTP/region bounds (514.850584ms)
✔ high-scale: schema and executable agree on profile/TOTP/region bounds (105.46025ms)
✔ cost: schema and CLI agree; exact subtotals preserve provenance (133.0795ms)
✔ report: nested input schemas, CLI recomputation and region equality (50.968916ms)
ℹ tests 4
ℹ suites 0
ℹ pass 4
ℹ fail 0
ℹ cancelled 0
ℹ skipped 0
ℹ todo 0
ℹ duration_ms 1885.222209
