#0 building with "desktop-linux" instance using docker driver

#1 [internal] load build definition from control.Dockerfile
#1 transferring dockerfile: 502B done
#1 DONE 0.0s

#2 [internal] load .dockerignore
#2 transferring context: 2B done
#2 DONE 0.0s

#3 [internal] load build context
#3 transferring context: 45.09MB 0.3s done
#3 DONE 0.3s

#4 [1/4] COPY build/local-control/ca-certificates.crt /etc/ssl/certs/ca-certificates.crt
#4 CACHED

#5 [2/4] COPY build/local-control/wr-control /wr-control
#5 DONE 0.1s

#6 [3/4] COPY build/local-control/wr-node /wr-node
#6 DONE 0.1s

#7 [4/4] COPY build/admin-ui /ui
#7 DONE 0.0s

#8 exporting to image
#8 exporting layers
#8 exporting layers 0.6s done
#8 exporting manifest sha256:a9cf59cb67d9395dd15c64b2e0b0f839a919c43f87cbf9f04f71e6bc071181d5
#8 exporting manifest sha256:a9cf59cb67d9395dd15c64b2e0b0f839a919c43f87cbf9f04f71e6bc071181d5 done
#8 exporting config sha256:194f1bc30ab90272a5b3e150f97e21f693addea3492a753c9cc319de6dbf649b done
#8 exporting attestation manifest sha256:2e96bd8bcaccc5ec231b204b9b24096e40baa9ecfe84c9acd89b45dd600caca5 done
#8 exporting manifest list sha256:9e21be80e9e79a01f9f0e490d4ab4c84024cf28655f859ef39e9bd1ca5514b75 done
#8 naming to docker.io/library/waiting-room-beta6-diagnostics:local done
#8 unpacking to docker.io/library/waiting-room-beta6-diagnostics:local
#8 unpacking to docker.io/library/waiting-room-beta6-diagnostics:local 0.3s done
#8 DONE 0.9s
