PASS: six-role Docker installation, actual Linux Control calibration, reviewed policy/region/defaults apply
PASS: PostgreSQL and Control restart preserve exact setup report and calibrated parameters before bootstrap
PASS: applied installation region and Room defaults reach signed runtime with both Gateway/Coordinator ACK
PASS: Admin reauth/new epoch exact retry, both mTLS ACK epoch 2, latency 1024ms, actual safety deadline 2026-09-09T16:18:06.914Z
PASS: 1 epoch cycles; maximum ACK latency 1024ms
coordinator-1  | 2026/09/09 15:22:36 runtime_sync node=coordinator state=pending stage=ack code=http_409 generation=5
coordinator-1  | 2026/09/09 15:22:38 runtime_sync node=coordinator state=recovered generation=6
coordinator-1  | 2026/09/09 15:27:34 runtime_sync node=coordinator state=pending stage=ack code=deadline generation=6
coordinator-1  | 2026/09/09 15:27:35 runtime_sync node=coordinator state=recovered generation=6
coordinator-1  | 2026/09/09 15:58:34 runtime_sync node=coordinator state=pending stage=current code=snapshot_unavailable generation=13
coordinator-1  | 2026/09/09 15:59:35 runtime_sync node=coordinator state=pending stage=current code=snapshot_unavailable generation=13
coordinator-1  | 2026/09/09 16:00:36 runtime_sync node=coordinator state=pending stage=current code=snapshot_unavailable generation=13
coordinator-1  | 2026/09/09 16:01:37 runtime_sync node=coordinator state=pending stage=current code=snapshot_unavailable generation=13
coordinator-1  | 2026/09/09 16:02:37 runtime_sync node=coordinator state=pending stage=current code=snapshot_unavailable generation=13
coordinator-1  | 2026/09/09 16:03:38 runtime_sync node=coordinator state=pending stage=current code=snapshot_unavailable generation=13
coordinator-1  | 2026/09/09 16:04:38 runtime_sync node=coordinator state=pending stage=current code=snapshot_unavailable generation=13
coordinator-1  | 2026/09/09 16:05:39 runtime_sync node=coordinator state=pending stage=current code=snapshot_unavailable generation=13
coordinator-1  | 2026/09/09 16:06:40 runtime_sync node=coordinator state=pending stage=current code=snapshot_unavailable generation=13
coordinator-1  | 2026/09/09 16:07:40 runtime_sync node=coordinator state=pending stage=current code=snapshot_unavailable generation=13
coordinator-1  | 2026/09/09 16:08:40 runtime_sync node=coordinator state=pending stage=current code=snapshot_unavailable generation=13
coordinator-1  | 2026/09/09 16:09:41 runtime_sync node=coordinator state=pending stage=current code=snapshot_unavailable generation=13
coordinator-1  | 2026/09/09 16:10:41 runtime_sync node=coordinator state=pending stage=current code=snapshot_unavailable generation=13
coordinator-1  | 2026/09/09 16:11:42 runtime_sync node=coordinator state=pending stage=current code=snapshot_unavailable generation=13
coordinator-1  | 2026/09/09 16:12:42 runtime_sync node=coordinator state=pending stage=current code=snapshot_unavailable generation=13
coordinator-1  | 2026/09/09 16:13:43 runtime_sync node=coordinator state=pending stage=current code=snapshot_unavailable generation=13
coordinator-1  | 2026/09/09 16:14:44 runtime_sync node=coordinator state=pending stage=current code=snapshot_unavailable generation=13
coordinator-1  | 2026/09/09 16:15:44 runtime_sync node=coordinator state=pending stage=current code=snapshot_unavailable generation=13
coordinator-1  | 2026/09/09 16:16:45 runtime_sync node=coordinator state=pending stage=current code=snapshot_unavailable generation=13
coordinator-1  | 2026/09/09 16:17:46 runtime_sync node=coordinator state=pending stage=current code=snapshot_unavailable generation=13
gateway-1      | 2026/09/09 15:17:26 runtime_sync node=gateway state=pending stage=ack code=http_409 generation=1
gateway-1      | 2026/09/09 15:17:27 runtime_sync node=gateway state=recovered generation=3
gateway-1      | 2026/09/09 15:22:36 runtime_sync node=gateway state=pending stage=ack code=http_409 generation=5
gateway-1      | 2026/09/09 15:22:38 runtime_sync node=gateway state=recovered generation=6
gateway-1      | 2026/09/09 15:27:34 runtime_sync node=gateway state=pending stage=ack code=deadline generation=6
gateway-1      | 2026/09/09 15:27:35 runtime_sync node=gateway state=recovered generation=6
gateway-1      | 2026/09/09 15:58:34 runtime_sync node=gateway state=pending stage=current code=snapshot_unavailable generation=13
gateway-1      | 2026/09/09 15:59:35 runtime_sync node=gateway state=pending stage=current code=snapshot_unavailable generation=13
gateway-1      | 2026/09/09 16:00:36 runtime_sync node=gateway state=pending stage=current code=snapshot_unavailable generation=13
gateway-1      | 2026/09/09 16:01:37 runtime_sync node=gateway state=pending stage=current code=snapshot_unavailable generation=13
gateway-1      | 2026/09/09 16:02:38 runtime_sync node=gateway state=pending stage=current code=snapshot_unavailable generation=13
gateway-1      | 2026/09/09 16:03:39 runtime_sync node=gateway state=pending stage=current code=snapshot_unavailable generation=13
gateway-1      | 2026/09/09 16:04:39 runtime_sync node=gateway state=pending stage=current code=snapshot_unavailable generation=13
gateway-1      | 2026/09/09 16:05:40 runtime_sync node=gateway state=pending stage=current code=snapshot_unavailable generation=13
gateway-1      | 2026/09/09 16:06:40 runtime_sync node=gateway state=pending stage=current code=snapshot_unavailable generation=13
gateway-1      | 2026/09/09 16:07:41 runtime_sync node=gateway state=pending stage=current code=snapshot_unavailable generation=13
gateway-1      | 2026/09/09 16:08:41 runtime_sync node=gateway state=pending stage=current code=snapshot_unavailable generation=13
gateway-1      | 2026/09/09 16:09:42 runtime_sync node=gateway state=pending stage=current code=snapshot_unavailable generation=13
gateway-1      | 2026/09/09 16:10:43 runtime_sync node=gateway state=pending stage=current code=snapshot_unavailable generation=13
gateway-1      | 2026/09/09 16:11:44 runtime_sync node=gateway state=pending stage=current code=snapshot_unavailable generation=13
gateway-1      | 2026/09/09 16:12:45 runtime_sync node=gateway state=pending stage=current code=snapshot_unavailable generation=13
gateway-1      | 2026/09/09 16:13:45 runtime_sync node=gateway state=pending stage=current code=snapshot_unavailable generation=13
gateway-1      | 2026/09/09 16:14:45 runtime_sync node=gateway state=pending stage=current code=snapshot_unavailable generation=13
gateway-1      | 2026/09/09 16:15:46 runtime_sync node=gateway state=pending stage=current code=snapshot_unavailable generation=13
gateway-1      | 2026/09/09 16:16:46 runtime_sync node=gateway state=pending stage=current code=snapshot_unavailable generation=13
gateway-1      | 2026/09/09 16:17:46 runtime_sync node=gateway state=pending stage=current code=snapshot_unavailable generation=13
file:///Users/youngjoo/ethan/waiting-room/test/localbeta/epoch-runtime.mjs:31
async function until(check){for(let i=0;i<40;i++){if(await check())return;await delay(500);}throw Error('isolated runtime did not apply setup');}
                                                                                                  ^

Error: isolated runtime did not apply setup
    at until (file:///Users/youngjoo/ethan/waiting-room/test/localbeta/epoch-runtime.mjs:31:99)
    at async file:///Users/youngjoo/ethan/waiting-room/test/localbeta/epoch-runtime.mjs:95:3

Node.js v24.12.0
