PASS: six-role Docker installation, actual Linux Control calibration, reviewed policy/region/defaults apply
PASS: PostgreSQL and Control restart preserve exact setup report and calibrated parameters before bootstrap
PASS: applied installation region and Room defaults reach signed runtime with both Gateway/Coordinator ACK
PUBLIC QUOTA: obeyed 429 responses=1; successful heartbeats=0
PUBLIC QUOTA: obeyed 429 responses=100; successful heartbeats=0
PUBLIC QUOTA: obeyed 429 responses=200; successful heartbeats=0
PUBLIC QUOTA: obeyed 429 responses=300; successful heartbeats=0
PUBLIC QUOTA: obeyed 429 responses=400; successful heartbeats=0
PASS: guarded candidate real Docker HTTPS 1000 visitors, 1000 status reads, 100 recent exact retries; client wall p99 including quota waits=28095.1ms; elapsed=49.0s
PASS: real HTTP heartbeat cycle retained 1800 visitors; total=1800
PUBLIC QUOTA: obeyed 429 responses=500; successful heartbeats=1800
PUBLIC QUOTA: obeyed 429 responses=600; successful heartbeats=1800
PUBLIC QUOTA: obeyed 429 responses=700; successful heartbeats=1800
PUBLIC QUOTA: obeyed 429 responses=800; successful heartbeats=1800
PUBLIC QUOTA: obeyed 429 responses=900; successful heartbeats=1800
PUBLIC QUOTA: obeyed 429 responses=1000; successful heartbeats=1800
PUBLIC QUOTA: obeyed 429 responses=1100; successful heartbeats=1800
PUBLIC QUOTA: obeyed 429 responses=1200; successful heartbeats=1800
PUBLIC QUOTA: obeyed 429 responses=1300; successful heartbeats=1800
PUBLIC QUOTA: obeyed 429 responses=1400; successful heartbeats=1800
PUBLIC QUOTA: obeyed 429 responses=1500; successful heartbeats=1800
PUBLIC QUOTA: obeyed 429 responses=1600; successful heartbeats=1800
PUBLIC QUOTA: obeyed 429 responses=1700; successful heartbeats=1800
PUBLIC QUOTA: obeyed 429 responses=1800; successful heartbeats=1800
PUBLIC QUOTA: obeyed 429 responses=1900; successful heartbeats=1800
PUBLIC QUOTA: obeyed 429 responses=2000; successful heartbeats=1800
PUBLIC QUOTA: obeyed 429 responses=2100; successful heartbeats=1800
PUBLIC QUOTA: obeyed 429 responses=2200; successful heartbeats=1800
PUBLIC QUOTA: obeyed 429 responses=2300; successful heartbeats=1800
PASS: guarded candidate real Docker HTTPS 2000 visitors, 2000 status reads, 100 recent exact retries; client wall p99 including quota waits=60100.3ms; elapsed=135.0s
PUBLIC QUOTA: obeyed 429 responses=2400; successful heartbeats=1800
PASS: real HTTP heartbeat cycle retained 3000 visitors; total=4800
PASS: real HTTP heartbeat cycle retained 4200 visitors; total=9000
PUBLIC QUOTA: obeyed 429 responses=2500; successful heartbeats=9000
PUBLIC QUOTA: obeyed 429 responses=2600; successful heartbeats=9000
PUBLIC QUOTA: obeyed 429 responses=2700; successful heartbeats=9000
PUBLIC QUOTA: obeyed 429 responses=2800; successful heartbeats=9000
PUBLIC QUOTA: obeyed 429 responses=2900; successful heartbeats=9000
PUBLIC QUOTA: obeyed 429 responses=3000; successful heartbeats=9000
PUBLIC QUOTA: obeyed 429 responses=3100; successful heartbeats=9000
PUBLIC QUOTA: obeyed 429 responses=3200; successful heartbeats=9000
PUBLIC QUOTA: obeyed 429 responses=3300; successful heartbeats=9000
PUBLIC QUOTA: obeyed 429 responses=3400; successful heartbeats=9000
PUBLIC QUOTA: obeyed 429 responses=3500; successful heartbeats=9000
PUBLIC QUOTA: obeyed 429 responses=3600; successful heartbeats=9000
PUBLIC QUOTA: obeyed 429 responses=3700; successful heartbeats=9000
PUBLIC QUOTA: obeyed 429 responses=3800; successful heartbeats=9000
PUBLIC QUOTA: obeyed 429 responses=3900; successful heartbeats=9000
PUBLIC QUOTA: obeyed 429 responses=4000; successful heartbeats=9000
PUBLIC QUOTA: obeyed 429 responses=4100; successful heartbeats=9000
PUBLIC QUOTA: obeyed 429 responses=4200; successful heartbeats=9000
PUBLIC QUOTA: obeyed 429 responses=4300; successful heartbeats=9000
PUBLIC QUOTA: obeyed 429 responses=4400; successful heartbeats=9000
PUBLIC QUOTA: obeyed 429 responses=4500; successful heartbeats=9000
PUBLIC QUOTA: obeyed 429 responses=4600; successful heartbeats=9000
PUBLIC QUOTA: obeyed 429 responses=4700; successful heartbeats=9000
PUBLIC QUOTA: obeyed 429 responses=4800; successful heartbeats=9000
PUBLIC QUOTA: obeyed 429 responses=4900; successful heartbeats=9000
PUBLIC QUOTA: obeyed 429 responses=5000; successful heartbeats=9000
PUBLIC QUOTA: obeyed 429 responses=5100; successful heartbeats=9000
PUBLIC QUOTA: obeyed 429 responses=5200; successful heartbeats=9000
PUBLIC QUOTA: obeyed 429 responses=5300; successful heartbeats=9000
PUBLIC QUOTA: obeyed 429 responses=5400; successful heartbeats=9000
PUBLIC QUOTA: obeyed 429 responses=5500; successful heartbeats=9000
PUBLIC QUOTA: obeyed 429 responses=5600; successful heartbeats=9000
PUBLIC QUOTA: obeyed 429 responses=5700; successful heartbeats=9000
PUBLIC QUOTA: obeyed 429 responses=5800; successful heartbeats=9000
PUBLIC QUOTA: obeyed 429 responses=5900; successful heartbeats=9000
PUBLIC QUOTA: obeyed 429 responses=6000; successful heartbeats=9094
PUBLIC QUOTA: obeyed 429 responses=6100; successful heartbeats=9094
PUBLIC QUOTA: obeyed 429 responses=6200; successful heartbeats=9094
PUBLIC QUOTA: obeyed 429 responses=6300; successful heartbeats=9094
PUBLIC QUOTA: obeyed 429 responses=6400; successful heartbeats=9094
PUBLIC QUOTA: obeyed 429 responses=6500; successful heartbeats=9094
PUBLIC QUOTA: obeyed 429 responses=6600; successful heartbeats=9094
PUBLIC QUOTA: obeyed 429 responses=6700; successful heartbeats=9094
PUBLIC QUOTA: obeyed 429 responses=6800; successful heartbeats=9094
PUBLIC QUOTA: obeyed 429 responses=6900; successful heartbeats=9094
PUBLIC QUOTA: obeyed 429 responses=7000; successful heartbeats=9094
PUBLIC QUOTA: obeyed 429 responses=7100; successful heartbeats=10231
PUBLIC QUOTA: obeyed 429 responses=7200; successful heartbeats=10261
PUBLIC QUOTA: obeyed 429 responses=7300; successful heartbeats=10290
PUBLIC QUOTA: obeyed 429 responses=7400; successful heartbeats=10303
PUBLIC QUOTA: obeyed 429 responses=7500; successful heartbeats=10311
PUBLIC QUOTA: obeyed 429 responses=7600; successful heartbeats=10320
PUBLIC QUOTA: obeyed 429 responses=7700; successful heartbeats=10326
PUBLIC QUOTA: obeyed 429 responses=7800; successful heartbeats=10331
PUBLIC QUOTA: obeyed 429 responses=7900; successful heartbeats=10341
PUBLIC QUOTA: obeyed 429 responses=8000; successful heartbeats=10352
PUBLIC QUOTA: obeyed 429 responses=8100; successful heartbeats=13046
PUBLIC QUOTA: obeyed 429 responses=8200; successful heartbeats=13046
PUBLIC QUOTA: obeyed 429 responses=8300; successful heartbeats=13046
PUBLIC QUOTA: obeyed 429 responses=8400; successful heartbeats=13046
PUBLIC QUOTA: obeyed 429 responses=8500; successful heartbeats=13046
PUBLIC QUOTA: obeyed 429 responses=8600; successful heartbeats=13046
PUBLIC QUOTA: obeyed 429 responses=8700; successful heartbeats=13046
PUBLIC QUOTA: obeyed 429 responses=8800; successful heartbeats=13046
PUBLIC QUOTA: obeyed 429 responses=8900; successful heartbeats=13046
PUBLIC QUOTA: obeyed 429 responses=9000; successful heartbeats=13046
PUBLIC QUOTA: obeyed 429 responses=9100; successful heartbeats=13046
PUBLIC QUOTA: obeyed 429 responses=9200; successful heartbeats=13086
PUBLIC QUOTA: obeyed 429 responses=9300; successful heartbeats=13117
PUBLIC QUOTA: obeyed 429 responses=9400; successful heartbeats=13117
PUBLIC QUOTA: obeyed 429 responses=9500; successful heartbeats=13118
PUBLIC QUOTA: obeyed 429 responses=9600; successful heartbeats=13118
PUBLIC QUOTA: obeyed 429 responses=9700; successful heartbeats=13139
PUBLIC QUOTA: obeyed 429 responses=9800; successful heartbeats=13139
PUBLIC QUOTA: obeyed 429 responses=9900; successful heartbeats=13139
PUBLIC QUOTA: obeyed 429 responses=10000; successful heartbeats=13139
PUBLIC QUOTA: obeyed 429 responses=10100; successful heartbeats=13149
PASS: real HTTP heartbeat cycle retained 5000 visitors; total=14000
PUBLIC QUOTA: obeyed 429 responses=10200; successful heartbeats=14000
PUBLIC QUOTA: obeyed 429 responses=10300; successful heartbeats=14000
PUBLIC QUOTA: obeyed 429 responses=10400; successful heartbeats=14000
PUBLIC QUOTA: obeyed 429 responses=10500; successful heartbeats=14000
PUBLIC QUOTA: obeyed 429 responses=10600; successful heartbeats=14000
PASS: guarded candidate real Docker HTTPS 5000 visitors, 5000 status reads, 100 recent exact retries; client wall p99 including quota waits=60091.7ms; elapsed=416.9s
PUBLIC QUOTA: obeyed 429 responses=10700; successful heartbeats=14000
PASS: real HTTP heartbeat cycle retained 6800 visitors; total=20800
PUBLIC QUOTA: obeyed 429 responses=10800; successful heartbeats=20800
Population failure: explicit 429=10893; successful heartbeats=26800
Population delivery: {"state":"pending","generation":7,"nodes":[{"id":"coordinator","generation":7,"rooms":[{"epoch":1,"mode":"HOLD","waiting":8600,"ready":0,"recoveryFence":1,"recoveryReason":"","recoveryUntil":0}]},{"id":"gateway","generation":7,"rooms":[{"epoch":1,"mode":"HOLD","waiting":0,"ready":0,"recoveryFence":0,"recoveryReason":"","recoveryUntil":0}]}]}
gateway-1  | 2026/09/09 15:43:25 runtime_sync node=gateway state=pending stage=ack code=unavailable generation=1
gateway-1  | 2026/09/09 15:43:26 runtime_sync node=gateway state=recovered generation=3
gateway-1  | 2026/09/09 15:58:35 runtime_sync node=gateway state=pending stage=current code=snapshot_unavailable generation=7
coordinator-1  | 2026/09/09 15:43:25 runtime_sync node=coordinator state=pending stage=ack code=unavailable generation=1
coordinator-1  | 2026/09/09 15:43:26 runtime_sync node=coordinator state=recovered generation=3
coordinator-1  | 2026/09/09 15:58:35 runtime_sync node=coordinator state=pending stage=current code=snapshot_unavailable generation=7
node:internal/modules/run_main:107
    triggerUncaughtException(
    ^

AssertionError [ERR_ASSERTION]: real v5 joins without unexpected 503
+ actual - expected

+ [
+   {
+     code: 'CONFIG_UNAVAILABLE',
+     index: 7992,
+     phase: 'join',
+     status: 503
+   },
+   {
+     code: 'CONFIG_UNAVAILABLE',
+     index: 7995,
+     phase: 'join',
+     status: 503
+   },
+   {
+     code: 'CONFIG_UNAVAILABLE',
+     index: 8632,
+     phase: 'join',
+     status: 503
+   },
+   {
+     code: 'CONFIG_UNAVAILABLE',
+     index: 7994,
+     phase: 'join',
+     status: 503
+   },
+   {
+     code: 'CONFIG_UNAVAILABLE',
+     index: 8633,
+     phase: 'join',
+     status: 503
+   },
+   {
+     code: 'CONFIG_UNAVAILABLE',
+     index: 7996,
+     phase: 'join',
+     status: 503
+   },
+   {
+     code: 'CONFIG_UNAVAILABLE',
+     index: 8634,
+     phase: 'join',
+     status: 503
+   },
+   {
+     code: 'CONFIG_UNAVAILABLE',
+     index: 8635,
+     phase: 'join',
+     status: 503
+   },
+   {
+     code: 'CONFIG_UNAVAILABLE',
+     index: 8637,
+     phase: 'join',
+     status: 503
+   },
+   {
+     code: 'CONFIG_UNAVAILABLE',
+     index: 8636,
+     phase: 'join',
+     status: 503
+   },
+   {
+     code: 'CONFIG_UNAVAILABLE',
+     index: 8638,
+     phase: 'join',
+     status: 503
+   },
+   {
+     code: 'CONFIG_UNAVAILABLE',
+     index: 8639,
+     phase: 'join',
+     status: 503
+   },
+   {
+     code: 'CONFIG_UNAVAILABLE',
+     index: 8641,
+     phase: 'join',
+     status: 503
+   },
+   {
+     code: 'CONFIG_UNAVAILABLE',
+     index: 8640,
+     phase: 'join',
+     status: 503
+   },
+   {
+     code: 'CONFIG_UNAVAILABLE',
+     index: 8645,
+     phase: 'join',
+     status: 503
+   },
+   {
+     code: 'CONFIG_UNAVAILABLE',
+     index: 8644,
+     phase: 'join',
+     status: 503
+   },
+   {
+     code: 'CONFIG_UNAVAILABLE',
+     index: 8643,
+     phase: 'join',
+     status: 503
+   },
+   {
+     code: 'CONFIG_UNAVAILABLE',
+     index: 8642,
+     phase: 'join',
+     status: 503
+   },
+   {
+     code: 'CONFIG_UNAVAILABLE',
+     index: 8646,
+     phase: 'join',
+     status: 503
+   },
+   {
+     code: 'CONFIG_UNAVAILABLE',
+     index: 8647,
+     phase: 'join',
+     status: 503
+   }
+ ]
- []

    at file:///Users/youngjoo/ethan/waiting-room/test/localbeta/runtime-tiers.mjs:103:12
    at process.processTicksAndRejections (node:internal/process/task_queues:103:5) {
  generatedMessage: false,
  code: 'ERR_ASSERTION',
  actual: [
    {
      phase: 'join',
      index: 7992,
      status: 503,
      code: 'CONFIG_UNAVAILABLE'
    },
    {
      phase: 'join',
      index: 7995,
      status: 503,
      code: 'CONFIG_UNAVAILABLE'
    },
    {
      phase: 'join',
      index: 8632,
      status: 503,
      code: 'CONFIG_UNAVAILABLE'
    },
    {
      phase: 'join',
      index: 7994,
      status: 503,
      code: 'CONFIG_UNAVAILABLE'
    },
    {
      phase: 'join',
      index: 8633,
      status: 503,
      code: 'CONFIG_UNAVAILABLE'
    },
    {
      phase: 'join',
      index: 7996,
      status: 503,
      code: 'CONFIG_UNAVAILABLE'
    },
    {
      phase: 'join',
      index: 8634,
      status: 503,
      code: 'CONFIG_UNAVAILABLE'
    },
    {
      phase: 'join',
      index: 8635,
      status: 503,
      code: 'CONFIG_UNAVAILABLE'
    },
    {
      phase: 'join',
      index: 8637,
      status: 503,
      code: 'CONFIG_UNAVAILABLE'
    },
    {
      phase: 'join',
      index: 8636,
      status: 503,
      code: 'CONFIG_UNAVAILABLE'
    },
    {
      phase: 'join',
      index: 8638,
      status: 503,
      code: 'CONFIG_UNAVAILABLE'
    },
    {
      phase: 'join',
      index: 8639,
      status: 503,
      code: 'CONFIG_UNAVAILABLE'
    },
    {
      phase: 'join',
      index: 8641,
      status: 503,
      code: 'CONFIG_UNAVAILABLE'
    },
    {
      phase: 'join',
      index: 8640,
      status: 503,
      code: 'CONFIG_UNAVAILABLE'
    },
    {
      phase: 'join',
      index: 8645,
      status: 503,
      code: 'CONFIG_UNAVAILABLE'
    },
    {
      phase: 'join',
      index: 8644,
      status: 503,
      code: 'CONFIG_UNAVAILABLE'
    },
    {
      phase: 'join',
      index: 8643,
      status: 503,
      code: 'CONFIG_UNAVAILABLE'
    },
    {
      phase: 'join',
      index: 8642,
      status: 503,
      code: 'CONFIG_UNAVAILABLE'
    },
    {
      phase: 'join',
      index: 8646,
      status: 503,
      code: 'CONFIG_UNAVAILABLE'
    },
    {
      phase: 'join',
      index: 8647,
      status: 503,
      code: 'CONFIG_UNAVAILABLE'
    }
  ],
  expected: [],
  operator: 'deepStrictEqual',
  diff: 'simple'
}

Node.js v24.12.0
