=== RUN   TestRecoveryEpochNamespaceAndOldTicketIsolation
--- PASS: TestRecoveryEpochNamespaceAndOldTicketIsolation (0.66s)
=== RUN   TestRecoveryEpochMissedDeliveryFencesEveryRoomWithOneSafetyWindow
--- PASS: TestRecoveryEpochMissedDeliveryFencesEveryRoomWithOneSafetyWindow (2.27s)
=== RUN   TestInstallationConcurrentCapacity
--- PASS: TestInstallationConcurrentCapacity (1.62s)
=== RUN   TestInstallationCanceledCallerDoesNotPoisonStore
--- PASS: TestInstallationCanceledCallerDoesNotPoisonStore (0.03s)
=== RUN   TestInstallationCanceledPrimaryReadDoesNotPoisonStore
--- PASS: TestInstallationCanceledPrimaryReadDoesNotPoisonStore (0.20s)
=== RUN   TestInstallationIdempotencyAndExpiry
--- PASS: TestInstallationIdempotencyAndExpiry (0.19s)
=== RUN   TestInstallationPartialWriteClosesAllRooms
--- PASS: TestInstallationPartialWriteClosesAllRooms (0.03s)
=== RUN   TestInstallationMissingIndexFailsClosed
--- PASS: TestInstallationMissingIndexFailsClosed (0.02s)
=== RUN   TestInstallationExpiredOwnerRetainsBudget
--- PASS: TestInstallationExpiredOwnerRetainsBudget (0.20s)
=== RUN   TestInstallationMissingRoomCannotResetSequence
--- PASS: TestInstallationMissingRoomCannotResetSequence (0.04s)
=== RUN   TestInstallationWarningBoundaryAndTransitions
--- PASS: TestInstallationWarningBoundaryAndTransitions (0.07s)
=== RUN   TestInstallationBoundedCrossRoomSweep
--- PASS: TestInstallationBoundedCrossRoomSweep (30.74s)
=== RUN   TestInstallationConfig
=== RUN   TestInstallationConfig/standard
=== RUN   TestInstallationConfig/high
=== RUN   TestInstallationConfig/unknown
=== RUN   TestInstallationConfig/too_many_visitors
=== RUN   TestInstallationConfig/too_many_idems
=== RUN   TestInstallationConfig/room_exceeds_installation
=== RUN   TestInstallationConfig/empty
--- PASS: TestInstallationConfig (0.00s)
    --- PASS: TestInstallationConfig/standard (0.00s)
    --- PASS: TestInstallationConfig/high (0.00s)
    --- PASS: TestInstallationConfig/unknown (0.00s)
    --- PASS: TestInstallationConfig/too_many_visitors (0.00s)
    --- PASS: TestInstallationConfig/too_many_idems (0.00s)
    --- PASS: TestInstallationConfig/room_exceeds_installation (0.00s)
    --- PASS: TestInstallationConfig/empty (0.00s)
=== RUN   TestOpenRoomRejectsUnsafeKeysBeforeDial
--- PASS: TestOpenRoomRejectsUnsafeKeysBeforeDial (0.00s)
=== RUN   TestRuntimeMigrationV3V4PreservesRecordsAndFencesOldWriters
=== RUN   TestRuntimeMigrationV3V4PreservesRecordsAndFencesOldWriters/3
=== RUN   TestRuntimeMigrationV3V4PreservesRecordsAndFencesOldWriters/4
--- PASS: TestRuntimeMigrationV3V4PreservesRecordsAndFencesOldWriters (0.12s)
    --- PASS: TestRuntimeMigrationV3V4PreservesRecordsAndFencesOldWriters/3 (0.06s)
    --- PASS: TestRuntimeMigrationV3V4PreservesRecordsAndFencesOldWriters/4 (0.06s)
=== RUN   TestRuntimeMigrationStalePlanAndMissingIndexAreReadOnly
--- PASS: TestRuntimeMigrationStalePlanAndMissingIndexAreReadOnly (0.03s)
=== RUN   TestLostReadReplyDoesNotPoisonUnrelatedVisitors
=== RUN   TestLostReadReplyDoesNotPoisonUnrelatedVisitors/legacy-primary-read
=== RUN   TestLostReadReplyDoesNotPoisonUnrelatedVisitors/legacy-status-read
=== RUN   TestLostReadReplyDoesNotPoisonUnrelatedVisitors/runtime-status-read
=== RUN   TestLostReadReplyDoesNotPoisonUnrelatedVisitors/runtime-metrics-read
--- PASS: TestLostReadReplyDoesNotPoisonUnrelatedVisitors (0.09s)
    --- PASS: TestLostReadReplyDoesNotPoisonUnrelatedVisitors/legacy-primary-read (0.01s)
    --- PASS: TestLostReadReplyDoesNotPoisonUnrelatedVisitors/legacy-status-read (0.02s)
    --- PASS: TestLostReadReplyDoesNotPoisonUnrelatedVisitors/runtime-status-read (0.04s)
    --- PASS: TestLostReadReplyDoesNotPoisonUnrelatedVisitors/runtime-metrics-read (0.02s)
=== RUN   TestLostWriteReplyStillHoldsInstallation
--- PASS: TestLostWriteReplyStillHoldsInstallation (0.02s)
=== RUN   TestLostLegacyWriteReplyStillLatches
--- PASS: TestLostLegacyWriteReplyStillLatches (0.01s)
=== RUN   TestReadServerInvariantFailureStillHolds
=== RUN   TestReadServerInvariantFailureStillHolds/legacy
=== RUN   TestReadServerInvariantFailureStillHolds/runtime
--- PASS: TestReadServerInvariantFailureStillHolds (0.03s)
    --- PASS: TestReadServerInvariantFailureStillHolds/legacy (0.01s)
    --- PASS: TestReadServerInvariantFailureStillHolds/runtime (0.02s)
=== RUN   TestReadTransportFailurePreservesServerFailures
--- PASS: TestReadTransportFailurePreservesServerFailures (0.00s)
=== RUN   TestRuntimeSharedRecoveryWindowAndFence
--- PASS: TestRuntimeSharedRecoveryWindowAndFence (0.04s)
=== RUN   TestRuntimeRealPrimaryRestartSafetyWindow
    recovery_integration_test.go:89: explicit disposable candidate restart required
--- SKIP: TestRuntimeRealPrimaryRestartSafetyWindow (0.00s)
=== RUN   TestRuntimeRecoveryRefusesMissingOwnerIndex
--- PASS: TestRuntimeRecoveryRefusesMissingOwnerIndex (0.02s)
=== RUN   TestRuntimeCanceledBeforeSubmissionDoesNotHoldInstallation
--- PASS: TestRuntimeCanceledBeforeSubmissionDoesNotHoldInstallation (0.01s)
=== RUN   TestRuntimeClockRollbackUsesLastObservedClock
--- PASS: TestRuntimeClockRollbackUsesLastObservedClock (0.01s)
=== RUN   TestRuntimeRecoveryWaitsForEveryRoomAndBoundedValidation
--- PASS: TestRuntimeRecoveryWaitsForEveryRoomAndBoundedValidation (0.29s)
=== RUN   TestRuntimeOriginalJoinSurvivesExpiryAndConfigChange
--- PASS: TestRuntimeOriginalJoinSurvivesExpiryAndConfigChange (0.15s)
=== RUN   TestRuntimeOriginalJoinSnapshotSurvivesPromotion
--- PASS: TestRuntimeOriginalJoinSnapshotSurvivesPromotion (0.02s)
=== RUN   TestRuntimeConfigurationMetricsAndReplay
--- PASS: TestRuntimeConfigurationMetricsAndReplay (0.03s)
=== RUN   TestRuntimeReadyExpiryMetrics
--- PASS: TestRuntimeReadyExpiryMetrics (0.07s)
=== RUN   TestRuntimeV5CommandModelTrace
=== RUN   TestRuntimeV5CommandModelTrace/1
=== RUN   TestRuntimeV5CommandModelTrace/2
=== RUN   TestRuntimeV5CommandModelTrace/3
=== RUN   TestRuntimeV5CommandModelTrace/4
=== RUN   TestRuntimeV5CommandModelTrace/5
--- PASS: TestRuntimeV5CommandModelTrace (2.51s)
    --- PASS: TestRuntimeV5CommandModelTrace/1 (0.53s)
    --- PASS: TestRuntimeV5CommandModelTrace/2 (0.50s)
    --- PASS: TestRuntimeV5CommandModelTrace/3 (0.51s)
    --- PASS: TestRuntimeV5CommandModelTrace/4 (0.50s)
    --- PASS: TestRuntimeV5CommandModelTrace/5 (0.47s)
=== RUN   TestRuntimeV5SharedInstallationTenThousandCap
--- PASS: TestRuntimeV5SharedInstallationTenThousandCap (1.16s)
=== RUN   TestRuntimeV5SharedFenceAndCorruptRecoveryRemainClosed
--- PASS: TestRuntimeV5SharedFenceAndCorruptRecoveryRemainClosed (0.03s)
=== RUN   TestConcurrentJoinPromotionClaim
--- PASS: TestConcurrentJoinPromotionClaim (0.03s)
=== RUN   TestServerTimeModelTrace
=== RUN   TestServerTimeModelTrace/1
=== RUN   TestServerTimeModelTrace/2
=== RUN   TestServerTimeModelTrace/3
=== RUN   TestServerTimeModelTrace/4
=== RUN   TestServerTimeModelTrace/5
--- PASS: TestServerTimeModelTrace (0.61s)
    --- PASS: TestServerTimeModelTrace/1 (0.13s)
    --- PASS: TestServerTimeModelTrace/2 (0.11s)
    --- PASS: TestServerTimeModelTrace/3 (0.12s)
    --- PASS: TestServerTimeModelTrace/4 (0.13s)
    --- PASS: TestServerTimeModelTrace/5 (0.13s)
=== RUN   TestReadOnlyExpiryAndHeartbeat
--- PASS: TestReadOnlyExpiryAndHeartbeat (0.40s)
=== RUN   TestBudgetDrainAndSchema
--- PASS: TestBudgetDrainAndSchema (0.02s)
=== RUN   TestRealTimeRollingWindowAndLeaseGrace
--- PASS: TestRealTimeRollingWindowAndLeaseGrace (61.30s)
=== RUN   TestUnknownWriteFailureLatchesClosed
--- PASS: TestUnknownWriteFailureLatchesClosed (0.03s)
PASS
ok  	waiting-room/internal/queue/valkeystore	104.488s
=== RUN   TestBrowserRefreshTabsClaimAndFailure
    browser_integration_test.go:157: real Valkey: refresh/tabs stable; cookie/CSP; CSRF; deterministic claim; relative return; no origin credential leak; unavailable fail-closed
--- PASS: TestBrowserRefreshTabsClaimAndFailure (0.09s)
=== RUN   TestBrowserCookiesFitMaximumQueryTarget
--- PASS: TestBrowserCookiesFitMaximumQueryTarget (0.00s)
=== RUN   TestBrowserPrepareCannotAllocateBeforeCookieConfirmation
--- PASS: TestBrowserPrepareCannotAllocateBeforeCookieConfirmation (0.00s)
=== RUN   TestBrowserLostInitialResponseAndExpiredRejoin
--- PASS: TestBrowserLostInitialResponseAndExpiredRejoin (2.09s)
=== RUN   TestBrowserReturnWithQueueClockAhead
--- PASS: TestBrowserReturnWithQueueClockAhead (0.00s)
=== RUN   TestSharedReturnKeyIndependentGateways
--- PASS: TestSharedReturnKeyIndependentGateways (0.00s)
=== RUN   TestReturnSealingBindings
--- PASS: TestReturnSealingBindings (0.00s)
=== RUN   TestLabCookieAndHostBoundary
--- PASS: TestLabCookieAndHostBoundary (0.00s)
=== RUN   TestCookieMutationCSRFBeforeCoordinator
--- PASS: TestCookieMutationCSRFBeforeCoordinator (0.00s)
=== RUN   TestBrowserResumeDoesNotConsumePollOrExtendTicket
--- PASS: TestBrowserResumeDoesNotConsumePollOrExtendTicket (0.00s)
=== RUN   TestTargetValidation
--- PASS: TestTargetValidation (0.00s)
=== RUN   TestHeartbeatIntervalPrecedesConfiguredIdleExpiry
--- PASS: TestHeartbeatIntervalPrecedesConfiguredIdleExpiry (0.00s)
=== RUN   TestInternalCredentialAndInput
--- PASS: TestInternalCredentialAndInput (0.00s)
=== RUN   TestLoopbackOnlyAndReservedHeaders
--- PASS: TestLoopbackOnlyAndReservedHeaders (0.00s)
=== RUN   TestJoinInputBoundary
=== RUN   TestJoinInputBoundary/json
=== RUN   TestJoinInputBoundary/charset
=== RUN   TestJoinInputBoundary/case_insensitive_media
=== RUN   TestJoinInputBoundary/prefix_not_type
=== RUN   TestJoinInputBoundary/wrong_charset
=== RUN   TestJoinInputBoundary/unknown_parameter
=== RUN   TestJoinInputBoundary/duplicate
=== RUN   TestJoinInputBoundary/case_field
=== RUN   TestJoinInputBoundary/escaped_duplicate
=== RUN   TestJoinInputBoundary/null
=== RUN   TestJoinInputBoundary/missing
=== RUN   TestJoinInputBoundary/array
=== RUN   TestJoinInputBoundary/invalid_utf8
=== RUN   TestJoinInputBoundary/invalid_utf8_query
=== RUN   TestJoinInputBoundary/unpaired_surrogate
=== RUN   TestJoinInputBoundary/oversize
--- PASS: TestJoinInputBoundary (0.01s)
    --- PASS: TestJoinInputBoundary/json (0.00s)
    --- PASS: TestJoinInputBoundary/charset (0.00s)
    --- PASS: TestJoinInputBoundary/case_insensitive_media (0.00s)
    --- PASS: TestJoinInputBoundary/prefix_not_type (0.00s)
    --- PASS: TestJoinInputBoundary/wrong_charset (0.00s)
    --- PASS: TestJoinInputBoundary/unknown_parameter (0.00s)
    --- PASS: TestJoinInputBoundary/duplicate (0.00s)
    --- PASS: TestJoinInputBoundary/case_field (0.00s)
    --- PASS: TestJoinInputBoundary/escaped_duplicate (0.00s)
    --- PASS: TestJoinInputBoundary/null (0.00s)
    --- PASS: TestJoinInputBoundary/missing (0.00s)
    --- PASS: TestJoinInputBoundary/array (0.00s)
    --- PASS: TestJoinInputBoundary/invalid_utf8 (0.00s)
    --- PASS: TestJoinInputBoundary/invalid_utf8_query (0.00s)
    --- PASS: TestJoinInputBoundary/unpaired_surrogate (0.00s)
    --- PASS: TestJoinInputBoundary/oversize (0.00s)
=== RUN   TestAmbiguousProtocolHeaders
=== RUN   TestAmbiguousProtocolHeaders/Content-Type
=== RUN   TestAmbiguousProtocolHeaders/Idempotency-Key
=== RUN   TestAmbiguousProtocolHeaders/X-WR-Service
=== RUN   TestAmbiguousProtocolHeaders/Authorization
--- PASS: TestAmbiguousProtocolHeaders (0.00s)
    --- PASS: TestAmbiguousProtocolHeaders/Content-Type (0.00s)
    --- PASS: TestAmbiguousProtocolHeaders/Idempotency-Key (0.00s)
    --- PASS: TestAmbiguousProtocolHeaders/X-WR-Service (0.00s)
    --- PASS: TestAmbiguousProtocolHeaders/Authorization (0.00s)
=== RUN   TestDuplicateAdmissionHeaderRejected
--- PASS: TestDuplicateAdmissionHeaderRejected (0.00s)
=== RUN   TestMixedJourneyIndependentGateways
    journey_integration_test.go:260: mixed Quick20: ten browser + ten app, independent Gateways, lost claim responses retried without state changes, FIFO 3 admitted/17 queued, origin reaches exactly 3
    journey_integration_test.go:278: 60-second admission expiry reached: next visitor still queued during 30-second verifier leeway
    journey_integration_test.go:306: real 60s token + 30s leeway elapsed; next FIFO 3 ready; old token blocked; Coordinator loss creates no origin reach
--- PASS: TestMixedJourneyIndependentGateways (90.50s)
=== RUN   TestEarlyPollAndGuardFailureNeverReadQueue
--- PASS: TestEarlyPollAndGuardFailureNeverReadQueue (0.00s)
=== RUN   TestSourceFingerprintIgnoresSpoofedHeadersAndGroupsIPv6
--- PASS: TestSourceFingerprintIgnoresSpoofedHeadersAndGroupsIPv6 (0.00s)
=== RUN   TestPublicMethodMatrixRejectsBeforeQueueOrGuard
--- PASS: TestPublicMethodMatrixRejectsBeforeQueueOrGuard (0.00s)
=== RUN   TestEnablingPublicGuardPreservesLegacyJoinResponse
--- PASS: TestEnablingPublicGuardPreservesLegacyJoinResponse (0.00s)
=== RUN   TestQuick20TwoGatewaysAndFailClosed
    quick_integration_test.go:95: Quick20 visitors=20 admitted=3 queued=17 retryStable=true originProtected=true
--- PASS: TestQuick20TwoGatewaysAndFailClosed (0.23s)
=== RUN   TestExpiredJoinHTTPReplaysOriginalBytesAfterConfigChange
--- PASS: TestExpiredJoinHTTPReplaysOriginalBytesAfterConfigChange (0.68s)
=== RUN   FuzzJoinTarget
=== RUN   FuzzJoinTarget/seed#0
=== RUN   FuzzJoinTarget/seed#1
=== RUN   FuzzJoinTarget/seed#2
=== RUN   FuzzJoinTarget/seed#3
=== RUN   FuzzJoinTarget/seed#4
=== RUN   FuzzJoinTarget/seed#5
=== RUN   FuzzJoinTarget/seed#6
=== RUN   FuzzJoinTarget/f432ebb00629261b
--- PASS: FuzzJoinTarget (0.00s)
    --- PASS: FuzzJoinTarget/seed#0 (0.00s)
    --- PASS: FuzzJoinTarget/seed#1 (0.00s)
    --- PASS: FuzzJoinTarget/seed#2 (0.00s)
    --- PASS: FuzzJoinTarget/seed#3 (0.00s)
    --- PASS: FuzzJoinTarget/seed#4 (0.00s)
    --- PASS: FuzzJoinTarget/seed#5 (0.00s)
    --- PASS: FuzzJoinTarget/seed#6 (0.00s)
    --- PASS: FuzzJoinTarget/f432ebb00629261b (0.00s)
PASS
ok  	waiting-room/internal/lab	95.318s
=== RUN   TestSharedPollScheduleRejectsEarlyAndConcurrentReads
    guard_integration_test.go:54: public request guard unavailable
--- FAIL: TestSharedPollScheduleRejectsEarlyAndConcurrentReads (0.01s)
=== RUN   TestSourceQuotaRetryAndOtherSourceIsolation
    guard_integration_test.go:97: public request guard unavailable
--- FAIL: TestSourceQuotaRetryAndOtherSourceIsolation (0.01s)
=== RUN   TestGuardReconnectSpreadAndClockFailure
    guard_integration_test.go:132: public request guard unavailable
--- FAIL: TestGuardReconnectSpreadAndClockFailure (0.00s)
=== RUN   TestMetadataCapacityPreservesExistingTicketAndReplay
    guard_integration_test.go:158: public request guard unavailable
--- FAIL: TestMetadataCapacityPreservesExistingTicketAndReplay (0.00s)
=== RUN   TestKnownJoinReplayUsesExistingRequestQuota
    guard_integration_test.go:214: public request guard unavailable
--- FAIL: TestKnownJoinReplayUsesExistingRequestQuota (0.00s)
FAIL
FAIL	waiting-room/internal/publicguard	0.433s
FAIL
