=== RUN   TestCapabilityRegistry
--- PASS: TestCapabilityRegistry (0.00s)
=== RUN   TestFIFOEligibility
--- PASS: TestFIFOEligibility (0.00s)
PASS
ok  	waiting-room/internal/policy	1.469s
=== RUN   TestConfigValidation
--- PASS: TestConfigValidation (0.00s)
=== RUN   TestRouteMatching
--- PASS: TestRouteMatching (0.00s)
=== RUN   TestRouteConflicts
--- PASS: TestRouteConflicts (0.00s)
=== RUN   TestExactConfigDecode
--- PASS: TestExactConfigDecode (0.00s)
=== RUN   TestCheckRouteUsesCanonicalRulesWithoutReflectingURL
--- PASS: TestCheckRouteUsesCanonicalRulesWithoutReflectingURL (0.00s)
=== RUN   TestRuntimeDelivery
--- PASS: TestRuntimeDelivery (0.00s)
=== RUN   TestEventOrderingOverrideAndOverlap
--- PASS: TestEventOrderingOverrideAndOverlap (0.00s)
=== RUN   FuzzConfigDecode
=== RUN   FuzzConfigDecode/seed#0
=== RUN   FuzzConfigDecode/seed#1
--- PASS: FuzzConfigDecode (0.00s)
    --- PASS: FuzzConfigDecode/seed#0 (0.00s)
    --- PASS: FuzzConfigDecode/seed#1 (0.00s)
PASS
ok  	waiting-room/internal/control	1.833s
=== RUN   TestProblemPageSelfContainedAndCredentialFree
--- PASS: TestProblemPageSelfContainedAndCredentialFree (0.00s)
=== RUN   TestTemplateRegistry
--- PASS: TestTemplateRegistry (0.00s)
=== RUN   TestTemplateEscapingAndCommonControls
--- PASS: TestTemplateEscapingAndCommonControls (0.00s)
=== RUN   TestAssetAllowlist
--- PASS: TestAssetAllowlist (0.00s)
PASS
ok  	waiting-room/internal/waiting	2.154s
