=== RUN   TestLostReadReplyDoesNotPoisonUnrelatedVisitors
=== RUN   TestLostReadReplyDoesNotPoisonUnrelatedVisitors/legacy-primary-read
=== RUN   TestLostReadReplyDoesNotPoisonUnrelatedVisitors/legacy-status-read
=== RUN   TestLostReadReplyDoesNotPoisonUnrelatedVisitors/runtime-status-read
=== RUN   TestLostReadReplyDoesNotPoisonUnrelatedVisitors/runtime-metrics-read
--- PASS: TestLostReadReplyDoesNotPoisonUnrelatedVisitors (0.20s)
    --- PASS: TestLostReadReplyDoesNotPoisonUnrelatedVisitors/legacy-primary-read (0.06s)
    --- PASS: TestLostReadReplyDoesNotPoisonUnrelatedVisitors/legacy-status-read (0.04s)
    --- PASS: TestLostReadReplyDoesNotPoisonUnrelatedVisitors/runtime-status-read (0.05s)
    --- PASS: TestLostReadReplyDoesNotPoisonUnrelatedVisitors/runtime-metrics-read (0.05s)
=== RUN   TestLostWriteReplyStillHoldsInstallation
--- PASS: TestLostWriteReplyStillHoldsInstallation (0.06s)
=== RUN   TestLostLegacyWriteReplyStillLatches
--- PASS: TestLostLegacyWriteReplyStillLatches (0.02s)
=== RUN   TestReadServerInvariantFailureStillHolds
=== RUN   TestReadServerInvariantFailureStillHolds/legacy
=== RUN   TestReadServerInvariantFailureStillHolds/runtime
--- PASS: TestReadServerInvariantFailureStillHolds (0.08s)
    --- PASS: TestReadServerInvariantFailureStillHolds/legacy (0.04s)
    --- PASS: TestReadServerInvariantFailureStillHolds/runtime (0.05s)
=== RUN   TestReadTransportFailurePreservesServerFailures
--- PASS: TestReadTransportFailurePreservesServerFailures (0.00s)
=== RUN   TestReadOnlyExpiryAndHeartbeat
--- PASS: TestReadOnlyExpiryAndHeartbeat (0.42s)
=== RUN   TestLostReadReplyDoesNotPoisonUnrelatedVisitors
=== RUN   TestLostReadReplyDoesNotPoisonUnrelatedVisitors/legacy-primary-read
=== RUN   TestLostReadReplyDoesNotPoisonUnrelatedVisitors/legacy-status-read
=== RUN   TestLostReadReplyDoesNotPoisonUnrelatedVisitors/runtime-status-read
=== RUN   TestLostReadReplyDoesNotPoisonUnrelatedVisitors/runtime-metrics-read
--- PASS: TestLostReadReplyDoesNotPoisonUnrelatedVisitors (0.12s)
    --- PASS: TestLostReadReplyDoesNotPoisonUnrelatedVisitors/legacy-primary-read (0.02s)
    --- PASS: TestLostReadReplyDoesNotPoisonUnrelatedVisitors/legacy-status-read (0.02s)
    --- PASS: TestLostReadReplyDoesNotPoisonUnrelatedVisitors/runtime-status-read (0.04s)
    --- PASS: TestLostReadReplyDoesNotPoisonUnrelatedVisitors/runtime-metrics-read (0.04s)
=== RUN   TestLostWriteReplyStillHoldsInstallation
--- PASS: TestLostWriteReplyStillHoldsInstallation (0.02s)
=== RUN   TestLostLegacyWriteReplyStillLatches
--- PASS: TestLostLegacyWriteReplyStillLatches (0.01s)
=== RUN   TestReadServerInvariantFailureStillHolds
=== RUN   TestReadServerInvariantFailureStillHolds/legacy
=== RUN   TestReadServerInvariantFailureStillHolds/runtime
--- PASS: TestReadServerInvariantFailureStillHolds (0.04s)
    --- PASS: TestReadServerInvariantFailureStillHolds/legacy (0.02s)
    --- PASS: TestReadServerInvariantFailureStillHolds/runtime (0.02s)
=== RUN   TestReadTransportFailurePreservesServerFailures
--- PASS: TestReadTransportFailurePreservesServerFailures (0.00s)
=== RUN   TestReadOnlyExpiryAndHeartbeat
--- PASS: TestReadOnlyExpiryAndHeartbeat (0.40s)
=== RUN   TestLostReadReplyDoesNotPoisonUnrelatedVisitors
=== RUN   TestLostReadReplyDoesNotPoisonUnrelatedVisitors/legacy-primary-read
=== RUN   TestLostReadReplyDoesNotPoisonUnrelatedVisitors/legacy-status-read
=== RUN   TestLostReadReplyDoesNotPoisonUnrelatedVisitors/runtime-status-read
=== RUN   TestLostReadReplyDoesNotPoisonUnrelatedVisitors/runtime-metrics-read
--- PASS: TestLostReadReplyDoesNotPoisonUnrelatedVisitors (0.10s)
    --- PASS: TestLostReadReplyDoesNotPoisonUnrelatedVisitors/legacy-primary-read (0.02s)
    --- PASS: TestLostReadReplyDoesNotPoisonUnrelatedVisitors/legacy-status-read (0.03s)
    --- PASS: TestLostReadReplyDoesNotPoisonUnrelatedVisitors/runtime-status-read (0.03s)
    --- PASS: TestLostReadReplyDoesNotPoisonUnrelatedVisitors/runtime-metrics-read (0.03s)
=== RUN   TestLostWriteReplyStillHoldsInstallation
--- PASS: TestLostWriteReplyStillHoldsInstallation (0.03s)
=== RUN   TestLostLegacyWriteReplyStillLatches
--- PASS: TestLostLegacyWriteReplyStillLatches (0.01s)
=== RUN   TestReadServerInvariantFailureStillHolds
=== RUN   TestReadServerInvariantFailureStillHolds/legacy
=== RUN   TestReadServerInvariantFailureStillHolds/runtime
--- PASS: TestReadServerInvariantFailureStillHolds (0.03s)
    --- PASS: TestReadServerInvariantFailureStillHolds/legacy (0.01s)
    --- PASS: TestReadServerInvariantFailureStillHolds/runtime (0.02s)
=== RUN   TestReadTransportFailurePreservesServerFailures
--- PASS: TestReadTransportFailurePreservesServerFailures (0.00s)
=== RUN   TestReadOnlyExpiryAndHeartbeat
--- PASS: TestReadOnlyExpiryAndHeartbeat (0.41s)
PASS
ok  	waiting-room/internal/queue/valkeystore	3.516s
