go vet ./...
?   	waiting-room/build/problem-preview	[no test files]
?   	waiting-room/cmd/wr-admin-lab	[no test files]
?   	waiting-room/cmd/wr-auth-calibrate	[no test files]
?   	waiting-room/cmd/wr-control	[no test files]
?   	waiting-room/cmd/wr-lab	[no test files]
?   	waiting-room/cmd/wr-node	[no test files]
?   	waiting-room/cmd/wr-process-lab	[no test files]
ok  	waiting-room/cmd/wrctl	5.480s
?   	waiting-room/deploy	[no test files]
ok  	waiting-room/internal/adminauth	17.939s
ok  	waiting-room/internal/adminauth/authhttp	3.009s
ok  	waiting-room/internal/adminauth/controlhttp	5.888s
ok  	waiting-room/internal/adminauth/pgstore	3.445s
ok  	waiting-room/internal/adminauth/sessionhttp	3.914s
ok  	waiting-room/internal/adminlab	4.308s
ok  	waiting-room/internal/adminserver	5.080s
ok  	waiting-room/internal/admission	4.710s
ok  	waiting-room/internal/configtrust	6.394s
ok  	waiting-room/internal/control	6.597s
ok  	waiting-room/internal/installer	12.714s
ok  	waiting-room/internal/installplan	7.010s
ok  	waiting-room/internal/installplan/clockcheck	7.296s
ok  	waiting-room/internal/installplan/preflight	5.285s
ok  	waiting-room/internal/installplan/preview	5.212s
ok  	waiting-room/internal/keyring	5.096s
ok  	waiting-room/internal/lab	5.169s
ok  	waiting-room/internal/localcontrol	5.250s
ok  	waiting-room/internal/policy	5.118s
ok  	waiting-room/internal/processlab	5.338s
?   	waiting-room/internal/publicguard	[no test files]
ok  	waiting-room/internal/queue/model	5.691s
ok  	waiting-room/internal/queue/valkeystore	5.196s
ok  	waiting-room/internal/recoveryarchive	5.578s
ok  	waiting-room/internal/runtimeplane	5.624s
ok  	waiting-room/internal/trafficlab	5.420s
ok  	waiting-room/internal/waiting	5.510s

> waiting-room-devtools@0.0.0 test
> node --test scripts/*.test.mjs

✔ front matter rejects duplicate keys and absent metadata (3.2635ms)
✔ dependency validator detects missing owners, duplicate IDs and cycles (0.779125ms)
✔ unchecked work and missing evidence cannot become GO (0.178292ms)
✔ 100K child failure blocks final release even if other children report GO (0.339958ms)
✔ declared dependency failure blocks delivery (0.095834ms)
✔ local and M0 success cannot stand in for delivery evidence (0.097167ms)
✔ evidence rejects missing identity, skipped PASS and traversal (50.533292ms)
✔ artifact digest mismatch and missing logs invalidate evidence (2.472042ms)
✔ support matrix rejects wildcard versions and false qualification (0.245625ms)
✔ benchmark targets respect default retention, skew and rolling-rate budgets (0.714833ms)
✔ source startup preserves readiness during bounded coordinator recovery (0.862917ms)
✔ source startup waits for all roles and enforces deadline (7.987084ms)
ℹ tests 12
ℹ suites 0
ℹ pass 12
ℹ fail 0
ℹ cancelled 0
ℹ skipped 0
ℹ todo 0
ℹ duration_ms 181.423334
node scripts/check-docs.mjs
PASS: 9 PRDs; ownership, dependency graph, checklist, links, evidence rules and Git tracking.
npm run lint:api

> waiting-room-devtools@0.0.0 lint:api
> redocly lint api/openapi/public-v1.yaml api/openapi/admin-v1.yaml

validating api/openapi/public-v1.yaml...
api/openapi/public-v1.yaml: validated in 37ms

validating api/openapi/admin-v1.yaml...
api/openapi/admin-v1.yaml: validated in 51ms

Woohoo! Your API descriptions are valid. 🎉

node --test test/contract/*.test.mjs
✔ draft authoring client matches the strict saved ConfigDraft contract (58.225792ms)
✔ draft audit contract accepts redacted digests and excludes payloads (23.412791ms)
✔ all local OpenAPI references resolve (2.2545ms)
✔ join and browser preparation accept root paths and reject external targets (65.265208ms)
✔ Room IDs exclude invalid base32 characters (29.474709ms)
✔ public status and claim are distinct operations and heartbeat is explicit (0.118083ms)
✔ admin policy and limit schema reject unsupported/unsafe values (41.33625ms)
✔ admin mutations declare authentication and concurrency headers (0.650834ms)
✔ route check is a typed read-only POST that cannot reflect target URL (44.581708ms)
✔ implemented security contracts use lowercase roles, explicit enabled and policy revision (50.21775ms)
✔ runtime publication and authenticated enrollment paths have explicit response contracts (23.601334ms)
✔ theme contract supports the built-in template and rejects remote/unknown IDs (30.231834ms)
✔ authentication HTTP contract separates challenges and cookie sessions (61.762125ms)
✔ bootstrap and enrollment HTTP contract restricts policy and recovery material (90.8095ms)
✔ session read/logout contract excludes secrets and declares unavailable responses (37.547709ms)
✔ Traffic Lab accepts fixed presets only and protects mutations with role and retry contracts (44.884709ms)
✔ every implemented operation declares current lowercase roles and typed failures (0.293167ms)
ℹ tests 17
ℹ suites 0
ℹ pass 17
ℹ fail 0
ℹ cancelled 0
ℹ skipped 0
ℹ todo 0
ℹ duration_ms 674.621833
npm run build:admin

> waiting-room-devtools@0.0.0 build:admin
> vite build --config apps/admin/vite.config.mjs

vite v8.2.2 building client environment for production...
transforming...
✓ 77 modules transformed.
rendering chunks...
computing gzip size...
build/admin-ui/index.html                             0.50 kB │ gzip:  0.34 kB
build/admin-ui/assets/setup-Bv17efgs.css              2.41 kB │ gzip:  0.87 kB
build/admin-ui/assets/traffic-lab-CSPhImGA.css        3.75 kB │ gzip:  1.22 kB
build/admin-ui/assets/preview-qBODYFax.css           15.74 kB │ gzip:  3.58 kB
build/admin-ui/assets/index-Ch7b17-9.css             29.80 kB │ gzip:  6.61 kB
build/admin-ui/assets/rolldown-runtime-CbXtAM7H.js    0.58 kB │ gzip:  0.36 kB
build/admin-ui/assets/preview-inputs-mkZsw8EJ.js      2.86 kB │ gzip:  1.55 kB
build/admin-ui/assets/traffic-lab-74o4Hdpv.js         9.94 kB │ gzip:  4.05 kB
build/admin-ui/assets/setup-BsiHRvVO.js              10.83 kB │ gzip:  4.03 kB
build/admin-ui/assets/browser-fxCp88pT.js            23.47 kB │ gzip:  8.86 kB
build/admin-ui/assets/preview-CMSoEDRK.js            27.74 kB │ gzip:  9.35 kB
build/admin-ui/assets/index-BulTz-5z.js             304.25 kB │ gzip: 92.92 kB

✓ built in 132ms
npm run test:admin-ui

> waiting-room-devtools@0.0.0 test:admin-ui
> node --test apps/admin/test/*.test.mjs

✔ HTML patterns compile in UnicodeSets v mode and preserve ID/code bounds (0.570583ms)
✔ local QR URI encodes account and exact algorithm without remote service (0.283042ms)
✔ client keeps credentials in same-origin headers/body and rejects redirects (0.25025ms)
✔ client error does not reflect backend body or network secrets (2.833792ms)
✔ storage is CSRF only and denied storage fails safely (0.552958ms)
✔ audit uses the public at field and does not label accepted operations as rejected (38.263708ms)
✔ system recovery labels reflect held/resumed; unknown labels and invalid time fail safely (0.124167ms)
✔ authentication audit distinguishes second factor from completed login (0.075333ms)
✔ new Room remains inactive, FIFO and local built-in template (10.439ms)
✔ draft write preserves caller replay key and ETag and never reports activation (31.76125ms)
✔ revision conflict is explicit and raw errors are not shown (0.870541ms)
✔ local event inputs preserve seconds and serialize UTC (8.597125ms)
✔ event form rejects missing, normalized calendar dates, past, reversed and oversized range (0.653708ms)
✔ download uses fixed filename and JSON bytes, then cleans its temporary URL (4.531375ms)
✔ default plan is valid at every input step and exports the guided sequence (1.974333ms)
✔ profile and region errors are scoped to their own step (5.325834ms)
✔ capacity honors each profile and changing to Standard preserves invalid values (47.465209ms)
✔ capacity rejects missing, fractional, non-finite and string integers (0.213917ms)
✔ TOTP accepts an explicit configurable OFF and rejects missing or forced OFF (0.132125ms)
✔ cost fixture validates without changing inputs and region remains the caller responsibility (0.775041ms)
✔ price strings preserve exact decimal syntax and reject incompatible values (2.502166ms)
✔ pricing date validation covers real calendar and backend year bounds (0.618167ms)
✔ pricing identifiers and integer bounds match backend constraints (2.693417ms)
✔ preview uses explicit same-origin endpoint without cookies (2.464041ms)
✔ preview never reflects backend or network error values (0.835458ms)
✔ Room wizard defaults stay inactive and preserve full API contract on save (12.527041ms)
✔ connection guidance rejects Gateway loops, credentials, normalization surprises and mismatched health URLs (3.498792ms)
✔ prefix validation mirrors canonical and reserved path boundaries (0.434584ms)
✔ route demonstration uses segment boundaries and exclusion precedence (0.139625ms)
✔ capacity allows only bounded integers in the installation profile (34.332292ms)
✔ existing ID and active route conflicts are explained before saving (0.299584ms)
✔ theme checks reject unsafe text but retain multiline plain guidance (0.192ms)
✔ console routes preserve exact Room identity and tab (2.378542ms)
✔ console rejects external, encoded, query and malformed routes (0.1285ms)
✔ sensitive request freezes original bytes and matches Go digest framing (5.657583ms)
✔ reauth and execution share exact body, revision and stable retry key (13.232458ms)
✔ setup accepts preview reports as editable inputs, retaining explicit false (1.143208ms)
✔ queue metrics use only Coordinator and subtract READY from active leases for ADMITTED (2.389209ms)
✔ stale, missing, wrong-generation and mismatched revision observations cannot appear current (0.394083ms)
✔ failed refresh masks earlier successful counts, health and modes without discarding the saved command (0.090917ms)
✔ origin false and recovery are actionable failures, while old Gateway counters remain unknown (0.148958ms)
✔ HTTP 5xx uses fresh Gateway whole-minute observations and distinguishes warming from zero (13.612791ms)
✔ aggregate is unknown instead of a misleading partial total if any Room lacks fresh source data (0.26825ms)
✔ a late polling response cannot overwrite a newer command generation (0.081208ms)
✔ Traffic Lab navigation and active states keep interrupted runs distinct (1.195834ms)
ℹ tests 45
ℹ suites 0
ℹ pass 45
ℹ fail 0
ℹ cancelled 0
ℹ skipped 0
ℹ todo 0
ℹ duration_ms 179.439083
node --test test/installplan/*.test.mjs
✔ standard: schema and executable agree on profile/TOTP/region bounds (635.353334ms)
✔ high-scale: schema and executable agree on profile/TOTP/region bounds (165.140375ms)
✔ cost: schema and CLI agree; exact subtotals preserve provenance (321.486583ms)
✔ report: nested input schemas, CLI recomputation and region equality (136.782625ms)
ℹ tests 4
ℹ suites 0
ℹ pass 4
ℹ fail 0
ℹ cancelled 0
ℹ skipped 0
ℹ todo 0
ℹ duration_ms 3464.745833
