go vet ./...
?   	waiting-room/build/problem-preview	[no test files]
?   	waiting-room/cmd/wr-admin-lab	[no test files]
?   	waiting-room/cmd/wr-auth-calibrate	[no test files]
?   	waiting-room/cmd/wr-control	[no test files]
?   	waiting-room/cmd/wr-lab	[no test files]
?   	waiting-room/cmd/wr-node	[no test files]
?   	waiting-room/cmd/wr-process-lab	[no test files]
ok  	waiting-room/cmd/wrctl	1.490s
?   	waiting-room/deploy	[no test files]
ok  	waiting-room/internal/adminauth	13.910s
ok  	waiting-room/internal/adminauth/authhttp	2.237s
ok  	waiting-room/internal/adminauth/controlhttp	2.530s
ok  	waiting-room/internal/adminauth/pgstore	2.646s
ok  	waiting-room/internal/adminauth/sessionhttp	3.401s
ok  	waiting-room/internal/adminlab	3.785s
ok  	waiting-room/internal/adminserver	3.018s
ok  	waiting-room/internal/admission	4.136s
ok  	waiting-room/internal/configtrust	4.886s
ok  	waiting-room/internal/control	4.525s
ok  	waiting-room/internal/installer	10.651s
ok  	waiting-room/internal/installplan	5.908s
ok  	waiting-room/internal/installplan/clockcheck	5.637s
ok  	waiting-room/internal/installplan/preflight	5.171s
ok  	waiting-room/internal/installplan/preview	4.773s
ok  	waiting-room/internal/keyring	4.739s
ok  	waiting-room/internal/lab	4.768s
ok  	waiting-room/internal/localcontrol	4.897s
ok  	waiting-room/internal/policy	4.760s
ok  	waiting-room/internal/processlab	4.892s
?   	waiting-room/internal/publicguard	[no test files]
ok  	waiting-room/internal/queue/model	5.117s
ok  	waiting-room/internal/queue/valkeystore	4.860s
ok  	waiting-room/internal/recoveryarchive	4.916s
ok  	waiting-room/internal/runtimeplane	4.762s
ok  	waiting-room/internal/trafficlab	4.767s
ok  	waiting-room/internal/waiting	4.810s

> waiting-room-devtools@0.0.0 test
> node --test scripts/*.test.mjs

✔ front matter rejects duplicate keys and absent metadata (2.82775ms)
✔ dependency validator detects missing owners, duplicate IDs and cycles (1.016833ms)
✔ unchecked work and missing evidence cannot become GO (0.145166ms)
✔ 100K child failure blocks final release even if other children report GO (0.206667ms)
✔ declared dependency failure blocks delivery (0.063ms)
✔ local and M0 success cannot stand in for delivery evidence (0.074917ms)
✔ evidence rejects missing identity, skipped PASS and traversal (37.286709ms)
✔ artifact digest mismatch and missing logs invalidate evidence (1.326292ms)
✔ support matrix rejects wildcard versions and false qualification (0.176708ms)
✔ benchmark targets respect default retention, skew and rolling-rate budgets (0.556ms)
✔ source startup preserves readiness during bounded coordinator recovery (0.57175ms)
✔ source startup waits for all roles and enforces deadline (8.898334ms)
ℹ tests 12
ℹ suites 0
ℹ pass 12
ℹ fail 0
ℹ cancelled 0
ℹ skipped 0
ℹ todo 0
ℹ duration_ms 126.861791
node scripts/check-docs.mjs
PASS: 9 PRDs; ownership, dependency graph, checklist, links, evidence rules and Git tracking.
npm run lint:api

> waiting-room-devtools@0.0.0 lint:api
> redocly lint api/openapi/public-v1.yaml api/openapi/admin-v1.yaml

validating api/openapi/public-v1.yaml...
api/openapi/public-v1.yaml: validated in 21ms

validating api/openapi/admin-v1.yaml...
api/openapi/admin-v1.yaml: validated in 33ms

Woohoo! Your API descriptions are valid. 🎉

node --test test/contract/*.test.mjs
✔ draft authoring client matches the strict saved ConfigDraft contract (43.336458ms)
✔ draft audit contract accepts redacted digests and excludes payloads (17.3145ms)
✔ all local OpenAPI references resolve (1.183333ms)
✔ join and browser preparation accept root paths and reject external targets (50.436125ms)
✔ Room IDs exclude invalid base32 characters (15.10825ms)
✔ public status and claim are distinct operations and heartbeat is explicit (0.085875ms)
✔ admin policy and limit schema reject unsupported/unsafe values (20.738834ms)
✔ admin mutations declare authentication and concurrency headers (0.534917ms)
✔ route check is a typed read-only POST that cannot reflect target URL (31.428792ms)
✔ implemented security contracts use lowercase roles, explicit enabled and policy revision (29.040584ms)
✔ runtime publication and authenticated enrollment paths have explicit response contracts (14.722792ms)
✔ theme contract supports the built-in template and rejects remote/unknown IDs (22.674417ms)
✔ authentication HTTP contract separates challenges and cookie sessions (47.738292ms)
✔ bootstrap and enrollment HTTP contract restricts policy and recovery material (61.03ms)
✔ session read/logout contract excludes secrets and declares unavailable responses (25.813916ms)
✔ Traffic Lab accepts fixed presets only and protects mutations with role and retry contracts (33.201542ms)
✔ every implemented operation declares current lowercase roles and typed failures (0.226916ms)
ℹ tests 17
ℹ suites 0
ℹ pass 17
ℹ fail 0
ℹ cancelled 0
ℹ skipped 0
ℹ todo 0
ℹ duration_ms 470.875667
npm run build:admin

> waiting-room-devtools@0.0.0 build:admin
> vite build --config apps/admin/vite.config.mjs

vite v8.2.2 building client environment for production...
transforming...
✓ 77 modules transformed.
rendering chunks...
computing gzip size...
build/admin-ui/index.html                             0.50 kB │ gzip:  0.34 kB
build/admin-ui/assets/setup-Bv17efgs.css              2.41 kB │ gzip:  0.87 kB
build/admin-ui/assets/traffic-lab-CSPhImGA.css        3.75 kB │ gzip:  1.22 kB
build/admin-ui/assets/preview-qBODYFax.css           15.74 kB │ gzip:  3.58 kB
build/admin-ui/assets/index-Ch7b17-9.css             29.80 kB │ gzip:  6.61 kB
build/admin-ui/assets/rolldown-runtime-CbXtAM7H.js    0.58 kB │ gzip:  0.36 kB
build/admin-ui/assets/preview-inputs-mkZsw8EJ.js      2.86 kB │ gzip:  1.55 kB
build/admin-ui/assets/traffic-lab-74o4Hdpv.js         9.94 kB │ gzip:  4.05 kB
build/admin-ui/assets/setup-BsiHRvVO.js              10.83 kB │ gzip:  4.03 kB
build/admin-ui/assets/browser-fxCp88pT.js            23.47 kB │ gzip:  8.86 kB
build/admin-ui/assets/preview-CMSoEDRK.js            27.74 kB │ gzip:  9.35 kB
build/admin-ui/assets/index-BulTz-5z.js             304.25 kB │ gzip: 92.92 kB

✓ built in 119ms
npm run test:admin-ui

> waiting-room-devtools@0.0.0 test:admin-ui
> node --test apps/admin/test/*.test.mjs

✔ HTML patterns compile in UnicodeSets v mode and preserve ID/code bounds (0.662875ms)
✔ local QR URI encodes account and exact algorithm without remote service (0.269667ms)
✔ client keeps credentials in same-origin headers/body and rejects redirects (0.210791ms)
✔ client error does not reflect backend body or network secrets (0.719666ms)
✔ storage is CSRF only and denied storage fails safely (0.404208ms)
✔ audit uses the public at field and does not label accepted operations as rejected (21.441334ms)
✔ system recovery labels reflect held/resumed; unknown labels and invalid time fail safely (0.097916ms)
✔ authentication audit distinguishes second factor from completed login (0.094833ms)
✔ new Room remains inactive, FIFO and local built-in template (4.399542ms)
✔ draft write preserves caller replay key and ETag and never reports activation (11.722959ms)
✔ revision conflict is explicit and raw errors are not shown (0.550792ms)
✔ local event inputs preserve seconds and serialize UTC (5.815041ms)
✔ event form rejects missing, normalized calendar dates, past, reversed and oversized range (0.294584ms)
✔ download uses fixed filename and JSON bytes, then cleans its temporary URL (0.481416ms)
✔ default plan is valid at every input step and exports the guided sequence (1.375833ms)
✔ profile and region errors are scoped to their own step (3.136584ms)
✔ capacity honors each profile and changing to Standard preserves invalid values (23.423417ms)
✔ capacity rejects missing, fractional, non-finite and string integers (0.194708ms)
✔ TOTP accepts an explicit configurable OFF and rejects missing or forced OFF (0.1035ms)
✔ cost fixture validates without changing inputs and region remains the caller responsibility (0.710334ms)
✔ price strings preserve exact decimal syntax and reject incompatible values (1.066875ms)
✔ pricing date validation covers real calendar and backend year bounds (0.339916ms)
✔ pricing identifiers and integer bounds match backend constraints (1.363083ms)
✔ preview uses explicit same-origin endpoint without cookies (0.667458ms)
✔ preview never reflects backend or network error values (0.283291ms)
✔ Room wizard defaults stay inactive and preserve full API contract on save (2.480167ms)
✔ connection guidance rejects Gateway loops, credentials, normalization surprises and mismatched health URLs (1.624458ms)
✔ prefix validation mirrors canonical and reserved path boundaries (0.303458ms)
✔ route demonstration uses segment boundaries and exclusion precedence (0.115375ms)
✔ capacity allows only bounded integers in the installation profile (13.467208ms)
✔ existing ID and active route conflicts are explained before saving (0.247666ms)
✔ theme checks reject unsafe text but retain multiline plain guidance (0.142666ms)
✔ console routes preserve exact Room identity and tab (0.709792ms)
✔ console rejects external, encoded, query and malformed routes (0.080875ms)
✔ sensitive request freezes original bytes and matches Go digest framing (2.218542ms)
✔ reauth and execution share exact body, revision and stable retry key (8.289333ms)
✔ setup accepts preview reports as editable inputs, retaining explicit false (0.9295ms)
✔ queue metrics use only Coordinator and subtract READY from active leases for ADMITTED (1.575208ms)
✔ stale, missing, wrong-generation and mismatched revision observations cannot appear current (0.21225ms)
✔ failed refresh masks earlier successful counts, health and modes without discarding the saved command (0.061834ms)
✔ origin false and recovery are actionable failures, while old Gateway counters remain unknown (0.087125ms)
✔ HTTP 5xx uses fresh Gateway whole-minute observations and distinguishes warming from zero (14.399542ms)
✔ aggregate is unknown instead of a misleading partial total if any Room lacks fresh source data (0.219209ms)
✔ a late polling response cannot overwrite a newer command generation (0.064708ms)
✔ Traffic Lab navigation and active states keep interrupted runs distinct (0.6425ms)
ℹ tests 45
ℹ suites 0
ℹ pass 45
ℹ fail 0
ℹ cancelled 0
ℹ skipped 0
ℹ todo 0
ℹ duration_ms 86.240542
node --test test/installplan/*.test.mjs
✔ standard: schema and executable agree on profile/TOTP/region bounds (521.276166ms)
✔ high-scale: schema and executable agree on profile/TOTP/region bounds (114.837875ms)
✔ cost: schema and CLI agree; exact subtotals preserve provenance (144.576875ms)
✔ report: nested input schemas, CLI recomputation and region equality (61.942459ms)
ℹ tests 4
ℹ suites 0
ℹ pass 4
ℹ fail 0
ℹ cancelled 0
ℹ skipped 0
ℹ todo 0
ℹ duration_ms 2267.755875
