Failed fixture: waiting-room-beta-tiers-877d0531; image=waiting-room-beta-20260912:local; private state retained at /Users/youngjoo/Projects/Waiting-Room/.cache/beta-fixtures/waiting-room-beta-tiers-877d0531-xE3518
Failure kind: assertion
Population failure: explicit 429=0; successful heartbeats=0
node:internal/modules/run_main:107
    triggerUncaughtException(
    ^

AssertionError [ERR_ASSERTION]: isolated Compose up succeeded; credential output suppressed

1 !== 0

    at docker (file:///Users/youngjoo/Projects/Waiting-Room/test/localbeta/runtime-tiers.mjs:37:159)
    at file:///Users/youngjoo/Projects/Waiting-Room/test/localbeta/runtime-tiers.mjs:49:79
    at ModuleJob.run (node:internal/modules/esm/module_job:561:25)
    at async node:internal/modules/esm/loader:647:26
    at async asyncRunEntryPointWithESMLoader (node:internal/modules/run_main:101:5) {
  generatedMessage: false,
  code: 'ERR_ASSERTION',
  actual: 1,
  expected: 0,
  operator: 'strictEqual',
  diff: 'simple'
}

Node.js v24.20.0
