
> waiting-room-devtools@0.0.0 test:admin-ui
> node --test apps/admin/test/*.test.mjs

✔ HTML patterns compile in UnicodeSets v mode and preserve ID/code bounds (2.369375ms)
✔ local QR URI encodes account and exact algorithm without remote service (0.899041ms)
✔ client keeps credentials in same-origin headers/body and rejects redirects (0.392125ms)
✔ client error does not reflect backend body or network secrets (3.398458ms)
✔ storage is CSRF only and denied storage fails safely (3.54425ms)
✔ audit uses the public at field and does not label accepted operations as rejected (19.013417ms)
✔ system recovery labels reflect held/resumed; unknown labels and invalid time fail safely (0.11175ms)
✔ authentication audit distinguishes second factor from completed login (0.074167ms)
✔ new Room remains inactive, FIFO and local built-in template (20.37375ms)
✔ draft write preserves caller replay key and ETag and never reports activation (27.835459ms)
✔ revision conflict is explicit and raw errors are not shown (0.572708ms)
✔ local event inputs preserve seconds and serialize UTC (6.97875ms)
✔ event form rejects missing, normalized calendar dates, past, reversed and oversized range (0.425417ms)
✔ download uses fixed filename and JSON bytes, then cleans its temporary URL (2.309708ms)
✔ default plan is valid at every input step and exports the guided sequence (2.534417ms)
✔ profile and region errors are scoped to their own step (0.864ms)
✔ capacity honors each profile and changing to Standard preserves invalid values (16.784125ms)
✔ capacity rejects missing, fractional, non-finite and string integers (0.283625ms)
✔ TOTP accepts an explicit configurable OFF and rejects missing or forced OFF (0.158667ms)
✔ cost fixture validates without changing inputs and region remains the caller responsibility (1.814875ms)
✔ price strings preserve exact decimal syntax and reject incompatible values (2.087667ms)
✔ pricing date validation covers real calendar and backend year bounds (0.4855ms)
✔ pricing identifiers and integer bounds match backend constraints (3.370834ms)
✔ preview uses explicit same-origin endpoint without cookies (4.318208ms)
✔ preview never reflects backend or network error values (0.481292ms)
✔ Room wizard defaults stay inactive and preserve full API contract on save (6.694459ms)
✔ connection guidance rejects Gateway loops, credentials, normalization surprises and mismatched health URLs (1.832958ms)
✔ prefix validation mirrors canonical and reserved path boundaries (0.35ms)
✔ route demonstration uses segment boundaries and exclusion precedence (0.136208ms)
✔ capacity allows only bounded integers in the installation profile (14.19675ms)
✔ existing ID and active route conflicts are explained before saving (0.288583ms)
✔ theme checks reject unsafe text but retain multiline plain guidance (0.191333ms)
✔ page-first connection derives the proxy route and preserves a custom waiting hostname (0.205834ms)
✔ page helper rejects unsafe URL boundaries without fetching the target (0.114833ms)
✔ console routes preserve exact Room identity and tab (1.066292ms)
✔ console rejects external, encoded, query and malformed routes (0.107916ms)
✔ sensitive request freezes original bytes and matches Go digest framing (3.4215ms)
✔ reauth and execution share exact body, revision and stable retry key (12.468625ms)
✔ setup accepts preview reports as editable inputs, retaining explicit false (1.287792ms)
✔ queue metrics use only Coordinator and subtract READY from active leases for ADMITTED (1.455292ms)
✔ stale, missing, wrong-generation and mismatched revision observations cannot appear current (0.300792ms)
✔ failed refresh masks earlier successful counts, health and modes without discarding the saved command (0.20575ms)
✔ origin false and recovery are actionable failures, while old Gateway counters remain unknown (0.29075ms)
✔ HTTP 5xx uses fresh Gateway whole-minute observations and distinguishes warming from zero (12.957125ms)
✔ aggregate is unknown instead of a misleading partial total if any Room lacks fresh source data (0.265917ms)
✔ a late polling response cannot overwrite a newer command generation (0.082542ms)
✔ upload bounds are checked before reading or rendering pixels (1.952708ms)
✔ JPEG dimensions use bounded header parsing and reject truncated segments (0.5355ms)
✔ wizard and editor preserve a selected logo and explicitly remove it (1.993792ms)
✔ Traffic Lab navigation and active states keep interrupted runs distinct (0.87675ms)
ℹ tests 50
ℹ suites 0
ℹ pass 50
ℹ fail 0
ℹ cancelled 0
ℹ skipped 0
ℹ todo 0
ℹ duration_ms 169.013583
