go test -tags=integration -race -count=1 -v ./internal/queue/valkeystore/... ./internal/lab/...
=== RUN   TestInstallationConcurrentCapacity
--- PASS: TestInstallationConcurrentCapacity (0.35s)
=== RUN   TestInstallationIdempotencyAndExpiry
--- PASS: TestInstallationIdempotencyAndExpiry (0.20s)
=== RUN   TestInstallationPartialWriteClosesAllRooms
--- PASS: TestInstallationPartialWriteClosesAllRooms (0.11s)
=== RUN   TestInstallationMissingIndexFailsClosed
--- PASS: TestInstallationMissingIndexFailsClosed (0.04s)
=== RUN   TestInstallationWarningBoundaryAndTransitions
--- PASS: TestInstallationWarningBoundaryAndTransitions (0.10s)
=== RUN   TestInstallationBoundedCrossRoomSweep
--- PASS: TestInstallationBoundedCrossRoomSweep (1.84s)
=== RUN   TestInstallationConfig
=== RUN   TestInstallationConfig/standard
=== RUN   TestInstallationConfig/high
=== RUN   TestInstallationConfig/unknown
=== RUN   TestInstallationConfig/too_many_visitors
=== RUN   TestInstallationConfig/too_many_idems
=== RUN   TestInstallationConfig/room_exceeds_installation
=== RUN   TestInstallationConfig/empty
--- PASS: TestInstallationConfig (0.00s)
    --- PASS: TestInstallationConfig/standard (0.00s)
    --- PASS: TestInstallationConfig/high (0.00s)
    --- PASS: TestInstallationConfig/unknown (0.00s)
    --- PASS: TestInstallationConfig/too_many_visitors (0.00s)
    --- PASS: TestInstallationConfig/too_many_idems (0.00s)
    --- PASS: TestInstallationConfig/room_exceeds_installation (0.00s)
    --- PASS: TestInstallationConfig/empty (0.00s)
=== RUN   TestOpenRoomRejectsUnsafeKeysBeforeDial
--- PASS: TestOpenRoomRejectsUnsafeKeysBeforeDial (0.01s)
=== RUN   TestConcurrentJoinPromotionClaim
--- PASS: TestConcurrentJoinPromotionClaim (0.25s)
=== RUN   TestServerTimeModelTrace
=== RUN   TestServerTimeModelTrace/1
=== RUN   TestServerTimeModelTrace/2
=== RUN   TestServerTimeModelTrace/3
=== RUN   TestServerTimeModelTrace/4
=== RUN   TestServerTimeModelTrace/5
--- PASS: TestServerTimeModelTrace (1.74s)
    --- PASS: TestServerTimeModelTrace/1 (0.47s)
    --- PASS: TestServerTimeModelTrace/2 (0.37s)
    --- PASS: TestServerTimeModelTrace/3 (0.30s)
    --- PASS: TestServerTimeModelTrace/4 (0.30s)
    --- PASS: TestServerTimeModelTrace/5 (0.29s)
=== RUN   TestReadOnlyExpiryAndHeartbeat
--- PASS: TestReadOnlyExpiryAndHeartbeat (0.42s)
=== RUN   TestBudgetDrainAndSchema
--- PASS: TestBudgetDrainAndSchema (0.03s)
=== RUN   TestRealTimeRollingWindowAndLeaseGrace
--- PASS: TestRealTimeRollingWindowAndLeaseGrace (61.11s)
=== RUN   TestUnknownWriteFailureLatchesClosed
--- PASS: TestUnknownWriteFailureLatchesClosed (0.01s)
PASS
ok  	waiting-room/internal/queue/valkeystore	67.890s
=== RUN   TestBrowserRefreshTabsClaimAndFailure
    browser_integration_test.go:149: real Valkey: refresh/tabs stable; cookie/CSP; CSRF; deterministic claim; relative return; no origin credential leak; unavailable fail-closed
--- PASS: TestBrowserRefreshTabsClaimAndFailure (0.12s)
=== RUN   TestSharedReturnKeyIndependentGateways
--- PASS: TestSharedReturnKeyIndependentGateways (0.00s)
=== RUN   TestReturnSealingBindings
--- PASS: TestReturnSealingBindings (0.00s)
=== RUN   TestLabCookieAndHostBoundary
--- PASS: TestLabCookieAndHostBoundary (0.00s)
=== RUN   TestCookieMutationCSRFBeforeCoordinator
--- PASS: TestCookieMutationCSRFBeforeCoordinator (0.00s)
=== RUN   TestTargetValidation
--- PASS: TestTargetValidation (0.00s)
=== RUN   TestInternalCredentialAndInput
--- PASS: TestInternalCredentialAndInput (0.00s)
=== RUN   TestLoopbackOnlyAndReservedHeaders
--- PASS: TestLoopbackOnlyAndReservedHeaders (0.00s)
=== RUN   TestJoinInputBoundary
=== RUN   TestJoinInputBoundary/json
=== RUN   TestJoinInputBoundary/charset
=== RUN   TestJoinInputBoundary/case_insensitive_media
=== RUN   TestJoinInputBoundary/prefix_not_type
=== RUN   TestJoinInputBoundary/wrong_charset
=== RUN   TestJoinInputBoundary/unknown_parameter
=== RUN   TestJoinInputBoundary/duplicate
=== RUN   TestJoinInputBoundary/case_field
=== RUN   TestJoinInputBoundary/escaped_duplicate
=== RUN   TestJoinInputBoundary/null
=== RUN   TestJoinInputBoundary/missing
=== RUN   TestJoinInputBoundary/array
=== RUN   TestJoinInputBoundary/invalid_utf8
=== RUN   TestJoinInputBoundary/invalid_utf8_query
=== RUN   TestJoinInputBoundary/unpaired_surrogate
=== RUN   TestJoinInputBoundary/oversize
--- PASS: TestJoinInputBoundary (0.02s)
    --- PASS: TestJoinInputBoundary/json (0.01s)
    --- PASS: TestJoinInputBoundary/charset (0.00s)
    --- PASS: TestJoinInputBoundary/case_insensitive_media (0.00s)
    --- PASS: TestJoinInputBoundary/prefix_not_type (0.00s)
    --- PASS: TestJoinInputBoundary/wrong_charset (0.00s)
    --- PASS: TestJoinInputBoundary/unknown_parameter (0.00s)
    --- PASS: TestJoinInputBoundary/duplicate (0.00s)
    --- PASS: TestJoinInputBoundary/case_field (0.00s)
    --- PASS: TestJoinInputBoundary/escaped_duplicate (0.00s)
    --- PASS: TestJoinInputBoundary/null (0.00s)
    --- PASS: TestJoinInputBoundary/missing (0.00s)
    --- PASS: TestJoinInputBoundary/array (0.00s)
    --- PASS: TestJoinInputBoundary/invalid_utf8 (0.00s)
    --- PASS: TestJoinInputBoundary/invalid_utf8_query (0.00s)
    --- PASS: TestJoinInputBoundary/unpaired_surrogate (0.00s)
    --- PASS: TestJoinInputBoundary/oversize (0.00s)
=== RUN   TestAmbiguousProtocolHeaders
=== RUN   TestAmbiguousProtocolHeaders/Content-Type
=== RUN   TestAmbiguousProtocolHeaders/Idempotency-Key
=== RUN   TestAmbiguousProtocolHeaders/X-WR-Service
=== RUN   TestAmbiguousProtocolHeaders/Authorization
--- PASS: TestAmbiguousProtocolHeaders (0.03s)
    --- PASS: TestAmbiguousProtocolHeaders/Content-Type (0.00s)
    --- PASS: TestAmbiguousProtocolHeaders/Idempotency-Key (0.03s)
    --- PASS: TestAmbiguousProtocolHeaders/X-WR-Service (0.00s)
    --- PASS: TestAmbiguousProtocolHeaders/Authorization (0.00s)
=== RUN   TestDuplicateAdmissionHeaderRejected
--- PASS: TestDuplicateAdmissionHeaderRejected (0.00s)
=== RUN   TestMixedJourneyIndependentGateways
    journey_integration_test.go:259: mixed Quick20: ten browser + ten app, independent Gateways, lost claim responses retried without state changes, FIFO 3 admitted/17 queued, origin reaches exactly 3
    journey_integration_test.go:277: 60-second admission expiry reached: next visitor still queued during 30-second verifier leeway
    journey_integration_test.go:305: real 60s token + 30s leeway elapsed; next FIFO 3 ready; old token blocked; Coordinator loss creates no origin reach
--- PASS: TestMixedJourneyIndependentGateways (90.77s)
=== RUN   TestQuick20TwoGatewaysAndFailClosed
    quick_integration_test.go:95: Quick20 visitors=20 admitted=3 queued=17 retryStable=true originProtected=true
--- PASS: TestQuick20TwoGatewaysAndFailClosed (0.20s)
=== RUN   FuzzJoinTarget
=== RUN   FuzzJoinTarget/seed#0
=== RUN   FuzzJoinTarget/seed#1
=== RUN   FuzzJoinTarget/seed#2
=== RUN   FuzzJoinTarget/seed#3
=== RUN   FuzzJoinTarget/seed#4
=== RUN   FuzzJoinTarget/seed#5
=== RUN   FuzzJoinTarget/seed#6
=== RUN   FuzzJoinTarget/f432ebb00629261b
--- PASS: FuzzJoinTarget (0.00s)
    --- PASS: FuzzJoinTarget/seed#0 (0.00s)
    --- PASS: FuzzJoinTarget/seed#1 (0.00s)
    --- PASS: FuzzJoinTarget/seed#2 (0.00s)
    --- PASS: FuzzJoinTarget/seed#3 (0.00s)
    --- PASS: FuzzJoinTarget/seed#4 (0.00s)
    --- PASS: FuzzJoinTarget/seed#5 (0.00s)
    --- PASS: FuzzJoinTarget/seed#6 (0.00s)
    --- PASS: FuzzJoinTarget/f432ebb00629261b (0.00s)
PASS
ok  	waiting-room/internal/lab	93.125s
