=== RUN   TestPostgresConcurrentChallengeAndCounter
=== RUN   TestPostgresConcurrentChallengeAndCounter/same_challenge=true
    store_integration_test.go:165: PostgreSQL 17.11 (Debian 17.11-1.pgdg13+2) ; two independent pools
=== RUN   TestPostgresConcurrentChallengeAndCounter/same_challenge=false
    store_integration_test.go:165: PostgreSQL 17.11 (Debian 17.11-1.pgdg13+2) ; two independent pools
--- PASS: TestPostgresConcurrentChallengeAndCounter (0.44s)
    --- PASS: TestPostgresConcurrentChallengeAndCounter/same_challenge=true (0.21s)
    --- PASS: TestPostgresConcurrentChallengeAndCounter/same_challenge=false (0.22s)
=== RUN   TestPostgresFiveFailuresAndExpiry
    store_integration_test.go:206: PostgreSQL 17.11 (Debian 17.11-1.pgdg13+2) ; two independent pools
--- PASS: TestPostgresFiveFailuresAndExpiry (0.06s)
=== RUN   TestPostgresStaleIdentityAndPolicy
=== RUN   TestPostgresStaleIdentityAndPolicy/UPDATE_auth_accounts_SET_enabled=false
    store_integration_test.go:239: PostgreSQL 17.11 (Debian 17.11-1.pgdg13+2) ; two independent pools
=== RUN   TestPostgresStaleIdentityAndPolicy/UPDATE_auth_accounts_SET_session_version=2
    store_integration_test.go:239: PostgreSQL 17.11 (Debian 17.11-1.pgdg13+2) ; two independent pools
=== RUN   TestPostgresStaleIdentityAndPolicy/UPDATE_auth_policy_SET_version=2
    store_integration_test.go:239: PostgreSQL 17.11 (Debian 17.11-1.pgdg13+2) ; two independent pools
=== RUN   TestPostgresStaleIdentityAndPolicy/UPDATE_auth_policy_SET_totp_enabled=false
    store_integration_test.go:239: PostgreSQL 17.11 (Debian 17.11-1.pgdg13+2) ; two independent pools
=== RUN   TestPostgresStaleIdentityAndPolicy/UPDATE_auth_totp_credentials_SET_version=2
    store_integration_test.go:239: PostgreSQL 17.11 (Debian 17.11-1.pgdg13+2) ; two independent pools
--- PASS: TestPostgresStaleIdentityAndPolicy (0.19s)
    --- PASS: TestPostgresStaleIdentityAndPolicy/UPDATE_auth_accounts_SET_enabled=false (0.04s)
    --- PASS: TestPostgresStaleIdentityAndPolicy/UPDATE_auth_accounts_SET_session_version=2 (0.04s)
    --- PASS: TestPostgresStaleIdentityAndPolicy/UPDATE_auth_policy_SET_version=2 (0.04s)
    --- PASS: TestPostgresStaleIdentityAndPolicy/UPDATE_auth_policy_SET_totp_enabled=false (0.04s)
    --- PASS: TestPostgresStaleIdentityAndPolicy/UPDATE_auth_totp_credentials_SET_version=2 (0.04s)
=== RUN   TestPostgresRollbackSessionFailure
    store_integration_test.go:251: PostgreSQL 17.11 (Debian 17.11-1.pgdg13+2) ; two independent pools
--- PASS: TestPostgresRollbackSessionFailure (0.07s)
=== RUN   TestPostgresCiphertextAndCancellationFailClosed
    store_integration_test.go:286: PostgreSQL 17.11 (Debian 17.11-1.pgdg13+2) ; two independent pools
--- PASS: TestPostgresCiphertextAndCancellationFailClosed (0.04s)
=== RUN   TestPostgresExpiryAfterLockWait
    store_integration_test.go:302: PostgreSQL 17.11 (Debian 17.11-1.pgdg13+2) ; two independent pools
--- PASS: TestPostgresExpiryAfterLockWait (0.36s)
=== RUN   TestPostgresConcurrentChallengeAndCounter
=== RUN   TestPostgresConcurrentChallengeAndCounter/same_challenge=true
    store_integration_test.go:165: PostgreSQL 17.11 (Debian 17.11-1.pgdg13+2) ; two independent pools
=== RUN   TestPostgresConcurrentChallengeAndCounter/same_challenge=false
    store_integration_test.go:165: PostgreSQL 17.11 (Debian 17.11-1.pgdg13+2) ; two independent pools
--- PASS: TestPostgresConcurrentChallengeAndCounter (0.43s)
    --- PASS: TestPostgresConcurrentChallengeAndCounter/same_challenge=true (0.20s)
    --- PASS: TestPostgresConcurrentChallengeAndCounter/same_challenge=false (0.23s)
=== RUN   TestPostgresFiveFailuresAndExpiry
    store_integration_test.go:206: PostgreSQL 17.11 (Debian 17.11-1.pgdg13+2) ; two independent pools
--- PASS: TestPostgresFiveFailuresAndExpiry (0.06s)
=== RUN   TestPostgresStaleIdentityAndPolicy
=== RUN   TestPostgresStaleIdentityAndPolicy/UPDATE_auth_accounts_SET_enabled=false
    store_integration_test.go:239: PostgreSQL 17.11 (Debian 17.11-1.pgdg13+2) ; two independent pools
=== RUN   TestPostgresStaleIdentityAndPolicy/UPDATE_auth_accounts_SET_session_version=2
    store_integration_test.go:239: PostgreSQL 17.11 (Debian 17.11-1.pgdg13+2) ; two independent pools
=== RUN   TestPostgresStaleIdentityAndPolicy/UPDATE_auth_policy_SET_version=2
    store_integration_test.go:239: PostgreSQL 17.11 (Debian 17.11-1.pgdg13+2) ; two independent pools
=== RUN   TestPostgresStaleIdentityAndPolicy/UPDATE_auth_policy_SET_totp_enabled=false
    store_integration_test.go:239: PostgreSQL 17.11 (Debian 17.11-1.pgdg13+2) ; two independent pools
=== RUN   TestPostgresStaleIdentityAndPolicy/UPDATE_auth_totp_credentials_SET_version=2
    store_integration_test.go:239: PostgreSQL 17.11 (Debian 17.11-1.pgdg13+2) ; two independent pools
--- PASS: TestPostgresStaleIdentityAndPolicy (0.19s)
    --- PASS: TestPostgresStaleIdentityAndPolicy/UPDATE_auth_accounts_SET_enabled=false (0.04s)
    --- PASS: TestPostgresStaleIdentityAndPolicy/UPDATE_auth_accounts_SET_session_version=2 (0.04s)
    --- PASS: TestPostgresStaleIdentityAndPolicy/UPDATE_auth_policy_SET_version=2 (0.04s)
    --- PASS: TestPostgresStaleIdentityAndPolicy/UPDATE_auth_policy_SET_totp_enabled=false (0.04s)
    --- PASS: TestPostgresStaleIdentityAndPolicy/UPDATE_auth_totp_credentials_SET_version=2 (0.04s)
=== RUN   TestPostgresRollbackSessionFailure
    store_integration_test.go:251: PostgreSQL 17.11 (Debian 17.11-1.pgdg13+2) ; two independent pools
--- PASS: TestPostgresRollbackSessionFailure (0.08s)
=== RUN   TestPostgresCiphertextAndCancellationFailClosed
    store_integration_test.go:286: PostgreSQL 17.11 (Debian 17.11-1.pgdg13+2) ; two independent pools
--- PASS: TestPostgresCiphertextAndCancellationFailClosed (0.04s)
=== RUN   TestPostgresExpiryAfterLockWait
    store_integration_test.go:302: PostgreSQL 17.11 (Debian 17.11-1.pgdg13+2) ; two independent pools
--- PASS: TestPostgresExpiryAfterLockWait (0.36s)
=== RUN   TestPostgresConcurrentChallengeAndCounter
=== RUN   TestPostgresConcurrentChallengeAndCounter/same_challenge=true
    store_integration_test.go:165: PostgreSQL 17.11 (Debian 17.11-1.pgdg13+2) ; two independent pools
=== RUN   TestPostgresConcurrentChallengeAndCounter/same_challenge=false
    store_integration_test.go:165: PostgreSQL 17.11 (Debian 17.11-1.pgdg13+2) ; two independent pools
--- PASS: TestPostgresConcurrentChallengeAndCounter (0.46s)
    --- PASS: TestPostgresConcurrentChallengeAndCounter/same_challenge=true (0.22s)
    --- PASS: TestPostgresConcurrentChallengeAndCounter/same_challenge=false (0.25s)
=== RUN   TestPostgresFiveFailuresAndExpiry
    store_integration_test.go:206: PostgreSQL 17.11 (Debian 17.11-1.pgdg13+2) ; two independent pools
--- PASS: TestPostgresFiveFailuresAndExpiry (0.06s)
=== RUN   TestPostgresStaleIdentityAndPolicy
=== RUN   TestPostgresStaleIdentityAndPolicy/UPDATE_auth_accounts_SET_enabled=false
    store_integration_test.go:239: PostgreSQL 17.11 (Debian 17.11-1.pgdg13+2) ; two independent pools
=== RUN   TestPostgresStaleIdentityAndPolicy/UPDATE_auth_accounts_SET_session_version=2
    store_integration_test.go:239: PostgreSQL 17.11 (Debian 17.11-1.pgdg13+2) ; two independent pools
=== RUN   TestPostgresStaleIdentityAndPolicy/UPDATE_auth_policy_SET_version=2
    store_integration_test.go:239: PostgreSQL 17.11 (Debian 17.11-1.pgdg13+2) ; two independent pools
=== RUN   TestPostgresStaleIdentityAndPolicy/UPDATE_auth_policy_SET_totp_enabled=false
    store_integration_test.go:239: PostgreSQL 17.11 (Debian 17.11-1.pgdg13+2) ; two independent pools
=== RUN   TestPostgresStaleIdentityAndPolicy/UPDATE_auth_totp_credentials_SET_version=2
    store_integration_test.go:239: PostgreSQL 17.11 (Debian 17.11-1.pgdg13+2) ; two independent pools
--- PASS: TestPostgresStaleIdentityAndPolicy (0.21s)
    --- PASS: TestPostgresStaleIdentityAndPolicy/UPDATE_auth_accounts_SET_enabled=false (0.04s)
    --- PASS: TestPostgresStaleIdentityAndPolicy/UPDATE_auth_accounts_SET_session_version=2 (0.04s)
    --- PASS: TestPostgresStaleIdentityAndPolicy/UPDATE_auth_policy_SET_version=2 (0.04s)
    --- PASS: TestPostgresStaleIdentityAndPolicy/UPDATE_auth_policy_SET_totp_enabled=false (0.04s)
    --- PASS: TestPostgresStaleIdentityAndPolicy/UPDATE_auth_totp_credentials_SET_version=2 (0.04s)
=== RUN   TestPostgresRollbackSessionFailure
    store_integration_test.go:251: PostgreSQL 17.11 (Debian 17.11-1.pgdg13+2) ; two independent pools
--- PASS: TestPostgresRollbackSessionFailure (0.08s)
=== RUN   TestPostgresCiphertextAndCancellationFailClosed
    store_integration_test.go:286: PostgreSQL 17.11 (Debian 17.11-1.pgdg13+2) ; two independent pools
--- PASS: TestPostgresCiphertextAndCancellationFailClosed (0.04s)
=== RUN   TestPostgresExpiryAfterLockWait
    store_integration_test.go:302: PostgreSQL 17.11 (Debian 17.11-1.pgdg13+2) ; two independent pools
--- PASS: TestPostgresExpiryAfterLockWait (0.36s)
=== RUN   TestPostgresConcurrentChallengeAndCounter
=== RUN   TestPostgresConcurrentChallengeAndCounter/same_challenge=true
    store_integration_test.go:165: PostgreSQL 17.11 (Debian 17.11-1.pgdg13+2) ; two independent pools
=== RUN   TestPostgresConcurrentChallengeAndCounter/same_challenge=false
    store_integration_test.go:165: PostgreSQL 17.11 (Debian 17.11-1.pgdg13+2) ; two independent pools
--- PASS: TestPostgresConcurrentChallengeAndCounter (0.48s)
    --- PASS: TestPostgresConcurrentChallengeAndCounter/same_challenge=true (0.21s)
    --- PASS: TestPostgresConcurrentChallengeAndCounter/same_challenge=false (0.27s)
=== RUN   TestPostgresFiveFailuresAndExpiry
    store_integration_test.go:206: PostgreSQL 17.11 (Debian 17.11-1.pgdg13+2) ; two independent pools
--- PASS: TestPostgresFiveFailuresAndExpiry (0.06s)
=== RUN   TestPostgresStaleIdentityAndPolicy
=== RUN   TestPostgresStaleIdentityAndPolicy/UPDATE_auth_accounts_SET_enabled=false
    store_integration_test.go:239: PostgreSQL 17.11 (Debian 17.11-1.pgdg13+2) ; two independent pools
=== RUN   TestPostgresStaleIdentityAndPolicy/UPDATE_auth_accounts_SET_session_version=2
    store_integration_test.go:239: PostgreSQL 17.11 (Debian 17.11-1.pgdg13+2) ; two independent pools
=== RUN   TestPostgresStaleIdentityAndPolicy/UPDATE_auth_policy_SET_version=2
    store_integration_test.go:239: PostgreSQL 17.11 (Debian 17.11-1.pgdg13+2) ; two independent pools
=== RUN   TestPostgresStaleIdentityAndPolicy/UPDATE_auth_policy_SET_totp_enabled=false
    store_integration_test.go:239: PostgreSQL 17.11 (Debian 17.11-1.pgdg13+2) ; two independent pools
=== RUN   TestPostgresStaleIdentityAndPolicy/UPDATE_auth_totp_credentials_SET_version=2
    store_integration_test.go:239: PostgreSQL 17.11 (Debian 17.11-1.pgdg13+2) ; two independent pools
--- PASS: TestPostgresStaleIdentityAndPolicy (0.19s)
    --- PASS: TestPostgresStaleIdentityAndPolicy/UPDATE_auth_accounts_SET_enabled=false (0.04s)
    --- PASS: TestPostgresStaleIdentityAndPolicy/UPDATE_auth_accounts_SET_session_version=2 (0.04s)
    --- PASS: TestPostgresStaleIdentityAndPolicy/UPDATE_auth_policy_SET_version=2 (0.04s)
    --- PASS: TestPostgresStaleIdentityAndPolicy/UPDATE_auth_policy_SET_totp_enabled=false (0.04s)
    --- PASS: TestPostgresStaleIdentityAndPolicy/UPDATE_auth_totp_credentials_SET_version=2 (0.04s)
=== RUN   TestPostgresRollbackSessionFailure
    store_integration_test.go:251: PostgreSQL 17.11 (Debian 17.11-1.pgdg13+2) ; two independent pools
--- PASS: TestPostgresRollbackSessionFailure (0.08s)
=== RUN   TestPostgresCiphertextAndCancellationFailClosed
    store_integration_test.go:286: PostgreSQL 17.11 (Debian 17.11-1.pgdg13+2) ; two independent pools
--- PASS: TestPostgresCiphertextAndCancellationFailClosed (0.04s)
=== RUN   TestPostgresExpiryAfterLockWait
    store_integration_test.go:302: PostgreSQL 17.11 (Debian 17.11-1.pgdg13+2) ; two independent pools
--- PASS: TestPostgresExpiryAfterLockWait (0.36s)
=== RUN   TestPostgresConcurrentChallengeAndCounter
=== RUN   TestPostgresConcurrentChallengeAndCounter/same_challenge=true
    store_integration_test.go:165: PostgreSQL 17.11 (Debian 17.11-1.pgdg13+2) ; two independent pools
=== RUN   TestPostgresConcurrentChallengeAndCounter/same_challenge=false
    store_integration_test.go:165: PostgreSQL 17.11 (Debian 17.11-1.pgdg13+2) ; two independent pools
--- PASS: TestPostgresConcurrentChallengeAndCounter (0.44s)
    --- PASS: TestPostgresConcurrentChallengeAndCounter/same_challenge=true (0.20s)
    --- PASS: TestPostgresConcurrentChallengeAndCounter/same_challenge=false (0.23s)
=== RUN   TestPostgresFiveFailuresAndExpiry
    store_integration_test.go:206: PostgreSQL 17.11 (Debian 17.11-1.pgdg13+2) ; two independent pools
--- PASS: TestPostgresFiveFailuresAndExpiry (0.06s)
=== RUN   TestPostgresStaleIdentityAndPolicy
=== RUN   TestPostgresStaleIdentityAndPolicy/UPDATE_auth_accounts_SET_enabled=false
    store_integration_test.go:239: PostgreSQL 17.11 (Debian 17.11-1.pgdg13+2) ; two independent pools
=== RUN   TestPostgresStaleIdentityAndPolicy/UPDATE_auth_accounts_SET_session_version=2
    store_integration_test.go:239: PostgreSQL 17.11 (Debian 17.11-1.pgdg13+2) ; two independent pools
=== RUN   TestPostgresStaleIdentityAndPolicy/UPDATE_auth_policy_SET_version=2
    store_integration_test.go:239: PostgreSQL 17.11 (Debian 17.11-1.pgdg13+2) ; two independent pools
=== RUN   TestPostgresStaleIdentityAndPolicy/UPDATE_auth_policy_SET_totp_enabled=false
    store_integration_test.go:239: PostgreSQL 17.11 (Debian 17.11-1.pgdg13+2) ; two independent pools
=== RUN   TestPostgresStaleIdentityAndPolicy/UPDATE_auth_totp_credentials_SET_version=2
    store_integration_test.go:239: PostgreSQL 17.11 (Debian 17.11-1.pgdg13+2) ; two independent pools
--- PASS: TestPostgresStaleIdentityAndPolicy (0.20s)
    --- PASS: TestPostgresStaleIdentityAndPolicy/UPDATE_auth_accounts_SET_enabled=false (0.04s)
    --- PASS: TestPostgresStaleIdentityAndPolicy/UPDATE_auth_accounts_SET_session_version=2 (0.04s)
    --- PASS: TestPostgresStaleIdentityAndPolicy/UPDATE_auth_policy_SET_version=2 (0.04s)
    --- PASS: TestPostgresStaleIdentityAndPolicy/UPDATE_auth_policy_SET_totp_enabled=false (0.04s)
    --- PASS: TestPostgresStaleIdentityAndPolicy/UPDATE_auth_totp_credentials_SET_version=2 (0.04s)
=== RUN   TestPostgresRollbackSessionFailure
    store_integration_test.go:251: PostgreSQL 17.11 (Debian 17.11-1.pgdg13+2) ; two independent pools
--- PASS: TestPostgresRollbackSessionFailure (0.08s)
=== RUN   TestPostgresCiphertextAndCancellationFailClosed
    store_integration_test.go:286: PostgreSQL 17.11 (Debian 17.11-1.pgdg13+2) ; two independent pools
--- PASS: TestPostgresCiphertextAndCancellationFailClosed (0.04s)
=== RUN   TestPostgresExpiryAfterLockWait
    store_integration_test.go:302: PostgreSQL 17.11 (Debian 17.11-1.pgdg13+2) ; two independent pools
--- PASS: TestPostgresExpiryAfterLockWait (0.36s)
=== RUN   TestPostgresConcurrentChallengeAndCounter
=== RUN   TestPostgresConcurrentChallengeAndCounter/same_challenge=true
    store_integration_test.go:165: PostgreSQL 17.11 (Debian 17.11-1.pgdg13+2) ; two independent pools
=== RUN   TestPostgresConcurrentChallengeAndCounter/same_challenge=false
    store_integration_test.go:165: PostgreSQL 17.11 (Debian 17.11-1.pgdg13+2) ; two independent pools
--- PASS: TestPostgresConcurrentChallengeAndCounter (0.46s)
    --- PASS: TestPostgresConcurrentChallengeAndCounter/same_challenge=true (0.21s)
    --- PASS: TestPostgresConcurrentChallengeAndCounter/same_challenge=false (0.26s)
=== RUN   TestPostgresFiveFailuresAndExpiry
    store_integration_test.go:206: PostgreSQL 17.11 (Debian 17.11-1.pgdg13+2) ; two independent pools
--- PASS: TestPostgresFiveFailuresAndExpiry (0.06s)
=== RUN   TestPostgresStaleIdentityAndPolicy
=== RUN   TestPostgresStaleIdentityAndPolicy/UPDATE_auth_accounts_SET_enabled=false
    store_integration_test.go:239: PostgreSQL 17.11 (Debian 17.11-1.pgdg13+2) ; two independent pools
=== RUN   TestPostgresStaleIdentityAndPolicy/UPDATE_auth_accounts_SET_session_version=2
    store_integration_test.go:239: PostgreSQL 17.11 (Debian 17.11-1.pgdg13+2) ; two independent pools
=== RUN   TestPostgresStaleIdentityAndPolicy/UPDATE_auth_policy_SET_version=2
    store_integration_test.go:239: PostgreSQL 17.11 (Debian 17.11-1.pgdg13+2) ; two independent pools
=== RUN   TestPostgresStaleIdentityAndPolicy/UPDATE_auth_policy_SET_totp_enabled=false
    store_integration_test.go:239: PostgreSQL 17.11 (Debian 17.11-1.pgdg13+2) ; two independent pools
=== RUN   TestPostgresStaleIdentityAndPolicy/UPDATE_auth_totp_credentials_SET_version=2
    store_integration_test.go:239: PostgreSQL 17.11 (Debian 17.11-1.pgdg13+2) ; two independent pools
--- PASS: TestPostgresStaleIdentityAndPolicy (0.20s)
    --- PASS: TestPostgresStaleIdentityAndPolicy/UPDATE_auth_accounts_SET_enabled=false (0.04s)
    --- PASS: TestPostgresStaleIdentityAndPolicy/UPDATE_auth_accounts_SET_session_version=2 (0.04s)
    --- PASS: TestPostgresStaleIdentityAndPolicy/UPDATE_auth_policy_SET_version=2 (0.04s)
    --- PASS: TestPostgresStaleIdentityAndPolicy/UPDATE_auth_policy_SET_totp_enabled=false (0.04s)
    --- PASS: TestPostgresStaleIdentityAndPolicy/UPDATE_auth_totp_credentials_SET_version=2 (0.04s)
=== RUN   TestPostgresRollbackSessionFailure
    store_integration_test.go:251: PostgreSQL 17.11 (Debian 17.11-1.pgdg13+2) ; two independent pools
--- PASS: TestPostgresRollbackSessionFailure (0.08s)
=== RUN   TestPostgresCiphertextAndCancellationFailClosed
    store_integration_test.go:286: PostgreSQL 17.11 (Debian 17.11-1.pgdg13+2) ; two independent pools
--- PASS: TestPostgresCiphertextAndCancellationFailClosed (0.04s)
=== RUN   TestPostgresExpiryAfterLockWait
    store_integration_test.go:302: PostgreSQL 17.11 (Debian 17.11-1.pgdg13+2) ; two independent pools
--- PASS: TestPostgresExpiryAfterLockWait (0.37s)
=== RUN   TestPostgresConcurrentChallengeAndCounter
=== RUN   TestPostgresConcurrentChallengeAndCounter/same_challenge=true
    store_integration_test.go:165: PostgreSQL 17.11 (Debian 17.11-1.pgdg13+2) ; two independent pools
=== RUN   TestPostgresConcurrentChallengeAndCounter/same_challenge=false
    store_integration_test.go:165: PostgreSQL 17.11 (Debian 17.11-1.pgdg13+2) ; two independent pools
--- PASS: TestPostgresConcurrentChallengeAndCounter (0.44s)
    --- PASS: TestPostgresConcurrentChallengeAndCounter/same_challenge=true (0.19s)
    --- PASS: TestPostgresConcurrentChallengeAndCounter/same_challenge=false (0.25s)
=== RUN   TestPostgresFiveFailuresAndExpiry
    store_integration_test.go:206: PostgreSQL 17.11 (Debian 17.11-1.pgdg13+2) ; two independent pools
--- PASS: TestPostgresFiveFailuresAndExpiry (0.07s)
=== RUN   TestPostgresStaleIdentityAndPolicy
=== RUN   TestPostgresStaleIdentityAndPolicy/UPDATE_auth_accounts_SET_enabled=false
    store_integration_test.go:239: PostgreSQL 17.11 (Debian 17.11-1.pgdg13+2) ; two independent pools
=== RUN   TestPostgresStaleIdentityAndPolicy/UPDATE_auth_accounts_SET_session_version=2
    store_integration_test.go:239: PostgreSQL 17.11 (Debian 17.11-1.pgdg13+2) ; two independent pools
=== RUN   TestPostgresStaleIdentityAndPolicy/UPDATE_auth_policy_SET_version=2
    store_integration_test.go:239: PostgreSQL 17.11 (Debian 17.11-1.pgdg13+2) ; two independent pools
=== RUN   TestPostgresStaleIdentityAndPolicy/UPDATE_auth_policy_SET_totp_enabled=false
    store_integration_test.go:239: PostgreSQL 17.11 (Debian 17.11-1.pgdg13+2) ; two independent pools
=== RUN   TestPostgresStaleIdentityAndPolicy/UPDATE_auth_totp_credentials_SET_version=2
    store_integration_test.go:239: PostgreSQL 17.11 (Debian 17.11-1.pgdg13+2) ; two independent pools
--- PASS: TestPostgresStaleIdentityAndPolicy (0.21s)
    --- PASS: TestPostgresStaleIdentityAndPolicy/UPDATE_auth_accounts_SET_enabled=false (0.04s)
    --- PASS: TestPostgresStaleIdentityAndPolicy/UPDATE_auth_accounts_SET_session_version=2 (0.04s)
    --- PASS: TestPostgresStaleIdentityAndPolicy/UPDATE_auth_policy_SET_version=2 (0.04s)
    --- PASS: TestPostgresStaleIdentityAndPolicy/UPDATE_auth_policy_SET_totp_enabled=false (0.04s)
    --- PASS: TestPostgresStaleIdentityAndPolicy/UPDATE_auth_totp_credentials_SET_version=2 (0.04s)
=== RUN   TestPostgresRollbackSessionFailure
    store_integration_test.go:251: PostgreSQL 17.11 (Debian 17.11-1.pgdg13+2) ; two independent pools
--- PASS: TestPostgresRollbackSessionFailure (0.08s)
=== RUN   TestPostgresCiphertextAndCancellationFailClosed
    store_integration_test.go:286: PostgreSQL 17.11 (Debian 17.11-1.pgdg13+2) ; two independent pools
--- PASS: TestPostgresCiphertextAndCancellationFailClosed (0.04s)
=== RUN   TestPostgresExpiryAfterLockWait
    store_integration_test.go:302: PostgreSQL 17.11 (Debian 17.11-1.pgdg13+2) ; two independent pools
--- PASS: TestPostgresExpiryAfterLockWait (0.36s)
=== RUN   TestPostgresConcurrentChallengeAndCounter
=== RUN   TestPostgresConcurrentChallengeAndCounter/same_challenge=true
    store_integration_test.go:165: PostgreSQL 17.11 (Debian 17.11-1.pgdg13+2) ; two independent pools
=== RUN   TestPostgresConcurrentChallengeAndCounter/same_challenge=false
    store_integration_test.go:165: PostgreSQL 17.11 (Debian 17.11-1.pgdg13+2) ; two independent pools
--- PASS: TestPostgresConcurrentChallengeAndCounter (0.42s)
    --- PASS: TestPostgresConcurrentChallengeAndCounter/same_challenge=true (0.19s)
    --- PASS: TestPostgresConcurrentChallengeAndCounter/same_challenge=false (0.23s)
=== RUN   TestPostgresFiveFailuresAndExpiry
    store_integration_test.go:206: PostgreSQL 17.11 (Debian 17.11-1.pgdg13+2) ; two independent pools
--- PASS: TestPostgresFiveFailuresAndExpiry (0.06s)
=== RUN   TestPostgresStaleIdentityAndPolicy
=== RUN   TestPostgresStaleIdentityAndPolicy/UPDATE_auth_accounts_SET_enabled=false
    store_integration_test.go:239: PostgreSQL 17.11 (Debian 17.11-1.pgdg13+2) ; two independent pools
=== RUN   TestPostgresStaleIdentityAndPolicy/UPDATE_auth_accounts_SET_session_version=2
    store_integration_test.go:239: PostgreSQL 17.11 (Debian 17.11-1.pgdg13+2) ; two independent pools
=== RUN   TestPostgresStaleIdentityAndPolicy/UPDATE_auth_policy_SET_version=2
    store_integration_test.go:239: PostgreSQL 17.11 (Debian 17.11-1.pgdg13+2) ; two independent pools
=== RUN   TestPostgresStaleIdentityAndPolicy/UPDATE_auth_policy_SET_totp_enabled=false
    store_integration_test.go:239: PostgreSQL 17.11 (Debian 17.11-1.pgdg13+2) ; two independent pools
=== RUN   TestPostgresStaleIdentityAndPolicy/UPDATE_auth_totp_credentials_SET_version=2
    store_integration_test.go:239: PostgreSQL 17.11 (Debian 17.11-1.pgdg13+2) ; two independent pools
--- PASS: TestPostgresStaleIdentityAndPolicy (0.20s)
    --- PASS: TestPostgresStaleIdentityAndPolicy/UPDATE_auth_accounts_SET_enabled=false (0.04s)
    --- PASS: TestPostgresStaleIdentityAndPolicy/UPDATE_auth_accounts_SET_session_version=2 (0.04s)
    --- PASS: TestPostgresStaleIdentityAndPolicy/UPDATE_auth_policy_SET_version=2 (0.04s)
    --- PASS: TestPostgresStaleIdentityAndPolicy/UPDATE_auth_policy_SET_totp_enabled=false (0.04s)
    --- PASS: TestPostgresStaleIdentityAndPolicy/UPDATE_auth_totp_credentials_SET_version=2 (0.04s)
=== RUN   TestPostgresRollbackSessionFailure
    store_integration_test.go:251: PostgreSQL 17.11 (Debian 17.11-1.pgdg13+2) ; two independent pools
--- PASS: TestPostgresRollbackSessionFailure (0.07s)
=== RUN   TestPostgresCiphertextAndCancellationFailClosed
    store_integration_test.go:286: PostgreSQL 17.11 (Debian 17.11-1.pgdg13+2) ; two independent pools
--- PASS: TestPostgresCiphertextAndCancellationFailClosed (0.04s)
=== RUN   TestPostgresExpiryAfterLockWait
    store_integration_test.go:302: PostgreSQL 17.11 (Debian 17.11-1.pgdg13+2) ; two independent pools
--- PASS: TestPostgresExpiryAfterLockWait (0.37s)
=== RUN   TestPostgresConcurrentChallengeAndCounter
=== RUN   TestPostgresConcurrentChallengeAndCounter/same_challenge=true
    store_integration_test.go:165: PostgreSQL 17.11 (Debian 17.11-1.pgdg13+2) ; two independent pools
=== RUN   TestPostgresConcurrentChallengeAndCounter/same_challenge=false
    store_integration_test.go:165: PostgreSQL 17.11 (Debian 17.11-1.pgdg13+2) ; two independent pools
--- PASS: TestPostgresConcurrentChallengeAndCounter (0.44s)
    --- PASS: TestPostgresConcurrentChallengeAndCounter/same_challenge=true (0.20s)
    --- PASS: TestPostgresConcurrentChallengeAndCounter/same_challenge=false (0.24s)
=== RUN   TestPostgresFiveFailuresAndExpiry
    store_integration_test.go:206: PostgreSQL 17.11 (Debian 17.11-1.pgdg13+2) ; two independent pools
--- PASS: TestPostgresFiveFailuresAndExpiry (0.06s)
=== RUN   TestPostgresStaleIdentityAndPolicy
=== RUN   TestPostgresStaleIdentityAndPolicy/UPDATE_auth_accounts_SET_enabled=false
    store_integration_test.go:239: PostgreSQL 17.11 (Debian 17.11-1.pgdg13+2) ; two independent pools
=== RUN   TestPostgresStaleIdentityAndPolicy/UPDATE_auth_accounts_SET_session_version=2
    store_integration_test.go:239: PostgreSQL 17.11 (Debian 17.11-1.pgdg13+2) ; two independent pools
=== RUN   TestPostgresStaleIdentityAndPolicy/UPDATE_auth_policy_SET_version=2
    store_integration_test.go:239: PostgreSQL 17.11 (Debian 17.11-1.pgdg13+2) ; two independent pools
=== RUN   TestPostgresStaleIdentityAndPolicy/UPDATE_auth_policy_SET_totp_enabled=false
    store_integration_test.go:239: PostgreSQL 17.11 (Debian 17.11-1.pgdg13+2) ; two independent pools
=== RUN   TestPostgresStaleIdentityAndPolicy/UPDATE_auth_totp_credentials_SET_version=2
    store_integration_test.go:239: PostgreSQL 17.11 (Debian 17.11-1.pgdg13+2) ; two independent pools
--- PASS: TestPostgresStaleIdentityAndPolicy (0.19s)
    --- PASS: TestPostgresStaleIdentityAndPolicy/UPDATE_auth_accounts_SET_enabled=false (0.04s)
    --- PASS: TestPostgresStaleIdentityAndPolicy/UPDATE_auth_accounts_SET_session_version=2 (0.04s)
    --- PASS: TestPostgresStaleIdentityAndPolicy/UPDATE_auth_policy_SET_version=2 (0.04s)
    --- PASS: TestPostgresStaleIdentityAndPolicy/UPDATE_auth_policy_SET_totp_enabled=false (0.04s)
    --- PASS: TestPostgresStaleIdentityAndPolicy/UPDATE_auth_totp_credentials_SET_version=2 (0.04s)
=== RUN   TestPostgresRollbackSessionFailure
    store_integration_test.go:251: PostgreSQL 17.11 (Debian 17.11-1.pgdg13+2) ; two independent pools
--- PASS: TestPostgresRollbackSessionFailure (0.08s)
=== RUN   TestPostgresCiphertextAndCancellationFailClosed
    store_integration_test.go:286: PostgreSQL 17.11 (Debian 17.11-1.pgdg13+2) ; two independent pools
--- PASS: TestPostgresCiphertextAndCancellationFailClosed (0.04s)
=== RUN   TestPostgresExpiryAfterLockWait
    store_integration_test.go:302: PostgreSQL 17.11 (Debian 17.11-1.pgdg13+2) ; two independent pools
--- PASS: TestPostgresExpiryAfterLockWait (0.36s)
=== RUN   TestPostgresConcurrentChallengeAndCounter
=== RUN   TestPostgresConcurrentChallengeAndCounter/same_challenge=true
    store_integration_test.go:165: PostgreSQL 17.11 (Debian 17.11-1.pgdg13+2) ; two independent pools
=== RUN   TestPostgresConcurrentChallengeAndCounter/same_challenge=false
    store_integration_test.go:165: PostgreSQL 17.11 (Debian 17.11-1.pgdg13+2) ; two independent pools
--- PASS: TestPostgresConcurrentChallengeAndCounter (0.42s)
    --- PASS: TestPostgresConcurrentChallengeAndCounter/same_challenge=true (0.18s)
    --- PASS: TestPostgresConcurrentChallengeAndCounter/same_challenge=false (0.24s)
=== RUN   TestPostgresFiveFailuresAndExpiry
    store_integration_test.go:206: PostgreSQL 17.11 (Debian 17.11-1.pgdg13+2) ; two independent pools
--- PASS: TestPostgresFiveFailuresAndExpiry (0.06s)
=== RUN   TestPostgresStaleIdentityAndPolicy
=== RUN   TestPostgresStaleIdentityAndPolicy/UPDATE_auth_accounts_SET_enabled=false
    store_integration_test.go:239: PostgreSQL 17.11 (Debian 17.11-1.pgdg13+2) ; two independent pools
=== RUN   TestPostgresStaleIdentityAndPolicy/UPDATE_auth_accounts_SET_session_version=2
    store_integration_test.go:239: PostgreSQL 17.11 (Debian 17.11-1.pgdg13+2) ; two independent pools
=== RUN   TestPostgresStaleIdentityAndPolicy/UPDATE_auth_policy_SET_version=2
    store_integration_test.go:239: PostgreSQL 17.11 (Debian 17.11-1.pgdg13+2) ; two independent pools
=== RUN   TestPostgresStaleIdentityAndPolicy/UPDATE_auth_policy_SET_totp_enabled=false
    store_integration_test.go:239: PostgreSQL 17.11 (Debian 17.11-1.pgdg13+2) ; two independent pools
=== RUN   TestPostgresStaleIdentityAndPolicy/UPDATE_auth_totp_credentials_SET_version=2
    store_integration_test.go:239: PostgreSQL 17.11 (Debian 17.11-1.pgdg13+2) ; two independent pools
--- PASS: TestPostgresStaleIdentityAndPolicy (0.20s)
    --- PASS: TestPostgresStaleIdentityAndPolicy/UPDATE_auth_accounts_SET_enabled=false (0.04s)
    --- PASS: TestPostgresStaleIdentityAndPolicy/UPDATE_auth_accounts_SET_session_version=2 (0.04s)
    --- PASS: TestPostgresStaleIdentityAndPolicy/UPDATE_auth_policy_SET_version=2 (0.04s)
    --- PASS: TestPostgresStaleIdentityAndPolicy/UPDATE_auth_policy_SET_totp_enabled=false (0.04s)
    --- PASS: TestPostgresStaleIdentityAndPolicy/UPDATE_auth_totp_credentials_SET_version=2 (0.04s)
=== RUN   TestPostgresRollbackSessionFailure
    store_integration_test.go:251: PostgreSQL 17.11 (Debian 17.11-1.pgdg13+2) ; two independent pools
--- PASS: TestPostgresRollbackSessionFailure (0.08s)
=== RUN   TestPostgresCiphertextAndCancellationFailClosed
    store_integration_test.go:286: PostgreSQL 17.11 (Debian 17.11-1.pgdg13+2) ; two independent pools
--- PASS: TestPostgresCiphertextAndCancellationFailClosed (0.04s)
=== RUN   TestPostgresExpiryAfterLockWait
    store_integration_test.go:302: PostgreSQL 17.11 (Debian 17.11-1.pgdg13+2) ; two independent pools
--- PASS: TestPostgresExpiryAfterLockWait (0.35s)
PASS
ok  	waiting-room/internal/adminauth/pgstore	13.500s
