go test -tags=integration,tiers -race -count=1 -timeout=5m -v -run '^TestProcessHTTPVisitorTiers$' ./internal/processlab
=== RUN   TestProcessHTTPVisitorTiers
=== RUN   TestProcessHTTPVisitorTiers/1000
    tiers_integration_test.go:298: HTTP_TIER_RESULT {"admitted":3,"coordinatorDeathChecked":false,"elapsedSeconds":2.163272333,"evictions":0,"expectedCapacityRejections":0,"expectedUnsafeRejections":128,"joinP95ms":70.301,"joinP99ms":85.703,"joined":1000,"qualification":"NOT_RUN","queued":997,"retries":100,"scope":"local-app-http-four-child-processes","statusP95ms":53.07,"statusP99ms":77.71,"statusReads":1000,"valkeyUsedBytes":3988416,"visitors":1000,"workers":32}
=== RUN   TestProcessHTTPVisitorTiers/2000
    tiers_integration_test.go:298: HTTP_TIER_RESULT {"admitted":3,"coordinatorDeathChecked":false,"elapsedSeconds":4.05922075,"evictions":0,"expectedCapacityRejections":0,"expectedUnsafeRejections":128,"joinP95ms":65.447,"joinP99ms":84.664,"joined":2000,"qualification":"NOT_RUN","queued":1997,"retries":200,"scope":"local-app-http-four-child-processes","statusP95ms":58.68,"statusP99ms":99.6,"statusReads":2000,"valkeyUsedBytes":5469224,"visitors":2000,"workers":32}
=== RUN   TestProcessHTTPVisitorTiers/5000
    tiers_integration_test.go:298: HTTP_TIER_RESULT {"admitted":3,"coordinatorDeathChecked":false,"elapsedSeconds":10.777561667,"evictions":0,"expectedCapacityRejections":0,"expectedUnsafeRejections":128,"joinP95ms":97.35,"joinP99ms":243.793,"joined":5000,"qualification":"NOT_RUN","queued":4997,"retries":500,"scope":"local-app-http-four-child-processes","statusP95ms":47.288,"statusP99ms":69.094,"statusReads":5000,"valkeyUsedBytes":9879328,"visitors":5000,"workers":32}
=== RUN   TestProcessHTTPVisitorTiers/10000
    tiers_integration_test.go:186: status[9713] transport/encoding failure
    tiers_integration_test.go:186: status[9717] transport/encoding failure
    tiers_integration_test.go:186: status[9746] transport/encoding failure
    tiers_integration_test.go:186: status[9747] transport/encoding failure
    tiers_integration_test.go:186: status[9748] transport/encoding failure
    tiers_integration_test.go:186: status[9749] transport/encoding failure
    tiers_integration_test.go:186: status[9745] transport/encoding failure
    tiers_integration_test.go:186: status[9750] transport/encoding failure
    tiers_integration_test.go:186: status[9740] transport/encoding failure
    tiers_integration_test.go:186: status[9752] transport/encoding failure
    tiers_integration_test.go:186: status[9753] transport/encoding failure
    tiers_integration_test.go:186: status[9723] transport/encoding failure
    tiers_integration_test.go:186: status[9728] transport/encoding failure
    tiers_integration_test.go:186: status[9729] transport/encoding failure
    tiers_integration_test.go:186: status[9757] transport/encoding failure
    tiers_integration_test.go:186: status[9724] transport/encoding failure
    tiers_integration_test.go:186: status[9751] transport/encoding failure
    tiers_integration_test.go:186: status[9742] transport/encoding failure
    tiers_integration_test.go:186: status[9715] transport/encoding failure
    tiers_integration_test.go:186: status[9718] transport/encoding failure
    tiers_integration_test.go:186: status[9756] transport/encoding failure
    tiers_integration_test.go:186: status[9735] transport/encoding failure
    tiers_integration_test.go:186: status[9766] transport/encoding failure
    tiers_integration_test.go:186: status[9732] transport/encoding failure
    tiers_integration_test.go:186: status[9768] transport/encoding failure
    tiers_integration_test.go:186: status[9754] transport/encoding failure
    tiers_integration_test.go:186: status[9770] transport/encoding failure
    tiers_integration_test.go:186: status[9771] transport/encoding failure
    tiers_integration_test.go:186: status[9772] transport/encoding failure
    tiers_integration_test.go:186: status[9773] transport/encoding failure
    tiers_integration_test.go:186: status[9774] transport/encoding failure
    tiers_integration_test.go:186: status[9741] transport/encoding failure
    tiers_integration_test.go:186: status[9776] transport/encoding failure
    tiers_integration_test.go:186: status[9725] transport/encoding failure
    tiers_integration_test.go:186: status[9743] transport/encoding failure
    tiers_integration_test.go:186: status[9714] transport/encoding failure
    tiers_integration_test.go:186: status[9755] transport/encoding failure
    tiers_integration_test.go:186: status[9769] transport/encoding failure
    tiers_integration_test.go:186: status[9734] transport/encoding failure
    tiers_integration_test.go:186: status[9733] transport/encoding failure
    tiers_integration_test.go:186: status[9763] transport/encoding failure
    tiers_integration_test.go:186: status[9726] transport/encoding failure
    tiers_integration_test.go:186: status[9738] transport/encoding failure
    tiers_integration_test.go:186: status[9786] transport/encoding failure
    tiers_integration_test.go:186: status[9787] transport/encoding failure
    tiers_integration_test.go:186: status[9789] transport/encoding failure
    tiers_integration_test.go:186: status[9790] transport/encoding failure
    tiers_integration_test.go:186: status[9721] transport/encoding failure
    tiers_integration_test.go:186: status[9782] transport/encoding failure
    tiers_integration_test.go:186: status[9788] transport/encoding failure
    tiers_integration_test.go:186: status[9793] transport/encoding failure
    tiers_integration_test.go:186: status[9795] transport/encoding failure
    tiers_integration_test.go:186: status[9716] transport/encoding failure
    tiers_integration_test.go:186: status[9775] transport/encoding failure
    tiers_integration_test.go:186: status[9791] transport/encoding failure
    tiers_integration_test.go:186: status[9792] transport/encoding failure
    tiers_integration_test.go:186: status[9794] transport/encoding failure
    tiers_integration_test.go:186: status[9800] transport/encoding failure
    tiers_integration_test.go:186: status[9802] transport/encoding failure
    tiers_integration_test.go:186: status[9719] transport/encoding failure
    tiers_integration_test.go:186: status[9804] transport/encoding failure
    tiers_integration_test.go:186: status[9767] transport/encoding failure
    tiers_integration_test.go:186: status[9781] transport/encoding failure
    tiers_integration_test.go:186: status[9797] transport/encoding failure
    tiers_integration_test.go:186: status[9796] transport/encoding failure
    tiers_integration_test.go:186: status[9798] transport/encoding failure
    tiers_integration_test.go:186: status[9799] transport/encoding failure
    tiers_integration_test.go:186: status[9801] transport/encoding failure
    tiers_integration_test.go:186: status[9803] transport/encoding failure
    tiers_integration_test.go:186: status[9811] transport/encoding failure
    tiers_integration_test.go:186: status[9814] transport/encoding failure
    tiers_integration_test.go:186: status[9737] transport/encoding failure
    tiers_integration_test.go:186: status[9816] transport/encoding failure
    tiers_integration_test.go:186: status[9806] transport/encoding failure
    tiers_integration_test.go:186: status[9818] transport/encoding failure
    tiers_integration_test.go:186: status[9807] transport/encoding failure
    tiers_integration_test.go:186: status[9730] transport/encoding failure
    tiers_integration_test.go:186: status[9739] transport/encoding failure
    tiers_integration_test.go:186: status[9777] transport/encoding failure
    tiers_integration_test.go:186: status[9809] transport/encoding failure
    tiers_integration_test.go:186: status[9817] transport/encoding failure
    tiers_integration_test.go:186: status[9812] transport/encoding failure
    tiers_integration_test.go:186: status[9819] transport/encoding failure
    tiers_integration_test.go:186: status[9822] transport/encoding failure
    tiers_integration_test.go:186: status[9824] transport/encoding failure
    tiers_integration_test.go:186: status[9826] transport/encoding failure
    tiers_integration_test.go:186: status[9821] transport/encoding failure
    tiers_integration_test.go:186: status[9829] transport/encoding failure
    tiers_integration_test.go:186: status[9830] transport/encoding failure
    tiers_integration_test.go:186: status[9831] transport/encoding failure
    tiers_integration_test.go:186: status[9832] transport/encoding failure
    tiers_integration_test.go:186: status[9815] transport/encoding failure
    tiers_integration_test.go:186: status[9834] transport/encoding failure
    tiers_integration_test.go:186: status[9836] transport/encoding failure
    tiers_integration_test.go:186: status[9805] transport/encoding failure
    tiers_integration_test.go:186: status[9779] transport/encoding failure
    tiers_integration_test.go:186: status[9838] transport/encoding failure
    tiers_integration_test.go:186: status[9839] transport/encoding failure
    tiers_integration_test.go:186: status[9837] transport/encoding failure
    tiers_integration_test.go:186: status[9841] transport/encoding failure
    tiers_integration_test.go:186: status[9823] transport/encoding failure
    tiers_integration_test.go:186: status[9842] transport/encoding failure
    tiers_integration_test.go:186: status[9810] transport/encoding failure
    tiers_integration_test.go:186: status[9844] transport/encoding failure
    tiers_integration_test.go:186: status[9846] transport/encoding failure
    tiers_integration_test.go:186: status[9845] transport/encoding failure
    tiers_integration_test.go:186: status[9780] transport/encoding failure
    tiers_integration_test.go:186: status[9848] transport/encoding failure
    tiers_integration_test.go:186: status[9847] transport/encoding failure
    tiers_integration_test.go:186: status[9851] transport/encoding failure
    tiers_integration_test.go:186: status[9849] transport/encoding failure
    tiers_integration_test.go:186: status[9840] transport/encoding failure
    tiers_integration_test.go:186: status[9853] transport/encoding failure
    tiers_integration_test.go:186: status[9833] transport/encoding failure
    tiers_integration_test.go:186: status[9855] transport/encoding failure
    tiers_integration_test.go:186: status[9854] transport/encoding failure
    tiers_integration_test.go:186: status[9850] transport/encoding failure
    tiers_integration_test.go:186: status[9858] transport/encoding failure
    tiers_integration_test.go:186: status[9852] transport/encoding failure
    tiers_integration_test.go:186: status[9720] transport/encoding failure
    tiers_integration_test.go:186: status[9860] transport/encoding failure
    tiers_integration_test.go:186: status[9862] transport/encoding failure
    tiers_integration_test.go:186: status[9762] transport/encoding failure
    tiers_integration_test.go:186: status[9861] transport/encoding failure
    tiers_integration_test.go:186: status[9764] transport/encoding failure
    tiers_integration_test.go:186: status[9761] transport/encoding failure
    tiers_integration_test.go:186: status[9865] transport/encoding failure
    tiers_integration_test.go:186: status[9866] transport/encoding failure
    tiers_integration_test.go:186: status[9867] transport/encoding failure
    tiers_integration_test.go:186: status[9868] transport/encoding failure
    tiers_integration_test.go:186: status[9869] transport/encoding failure
    tiers_integration_test.go:186: status[9758] transport/encoding failure
    tiers_integration_test.go:186: status[9872] transport/encoding failure
    tiers_integration_test.go:186: status[9873] transport/encoding failure
    tiers_integration_test.go:186: status[9874] transport/encoding failure
    tiers_integration_test.go:186: status[9727] transport/encoding failure
    tiers_integration_test.go:186: status[9820] transport/encoding failure
    tiers_integration_test.go:186: status[9731] transport/encoding failure
    tiers_integration_test.go:186: status[9827] transport/encoding failure
    tiers_integration_test.go:186: status[9828] transport/encoding failure
    tiers_integration_test.go:186: status[9825] transport/encoding failure
    tiers_integration_test.go:186: status[9835] transport/encoding failure
    tiers_integration_test.go:186: status[9881] transport/encoding failure
    tiers_integration_test.go:186: status[9882] transport/encoding failure
    tiers_integration_test.go:186: status[9884] transport/encoding failure
    tiers_integration_test.go:186: status[9885] transport/encoding failure
    tiers_integration_test.go:186: status[9887] transport/encoding failure
    tiers_integration_test.go:186: status[9736] transport/encoding failure
    tiers_integration_test.go:186: status[9886] transport/encoding failure
    tiers_integration_test.go:186: status[9890] transport/encoding failure
    tiers_integration_test.go:186: status[9889] transport/encoding failure
    tiers_integration_test.go:186: status[9892] transport/encoding failure
    tiers_integration_test.go:186: status[9859] transport/encoding failure
    tiers_integration_test.go:186: status[9893] transport/encoding failure
    tiers_integration_test.go:186: status[9808] transport/encoding failure
    tiers_integration_test.go:186: status[9895] transport/encoding failure
    tiers_integration_test.go:186: status[9760] transport/encoding failure
    tiers_integration_test.go:186: status[9864] transport/encoding failure
    tiers_integration_test.go:186: status[9785] transport/encoding failure
    tiers_integration_test.go:186: status[9899] transport/encoding failure
    tiers_integration_test.go:186: status[9897] transport/encoding failure
    tiers_integration_test.go:186: status[9875] transport/encoding failure
    tiers_integration_test.go:186: status[9903] transport/encoding failure
    tiers_integration_test.go:186: status[9902] transport/encoding failure
    tiers_integration_test.go:186: status[9905] transport/encoding failure
    tiers_integration_test.go:186: status[9906] transport/encoding failure
    tiers_integration_test.go:186: status[9901] transport/encoding failure
    tiers_integration_test.go:186: status[9907] transport/encoding failure
    tiers_integration_test.go:186: status[9904] transport/encoding failure
    tiers_integration_test.go:186: status[9722] transport/encoding failure
    tiers_integration_test.go:186: status[9910] transport/encoding failure
    tiers_integration_test.go:186: status[9913] transport/encoding failure
    tiers_integration_test.go:186: status[9912] transport/encoding failure
    tiers_integration_test.go:186: status[9914] transport/encoding failure
    tiers_integration_test.go:186: status[9891] transport/encoding failure
    tiers_integration_test.go:186: status[9894] transport/encoding failure
    tiers_integration_test.go:186: status[9896] transport/encoding failure
    tiers_integration_test.go:186: status[9919] transport/encoding failure
    tiers_integration_test.go:186: status[9921] transport/encoding failure
    tiers_integration_test.go:186: status[9783] transport/encoding failure
    tiers_integration_test.go:186: status[9920] transport/encoding failure
    tiers_integration_test.go:186: status[9918] transport/encoding failure
    tiers_integration_test.go:186: status[9924] transport/encoding failure
    tiers_integration_test.go:186: status[9926] transport/encoding failure
    tiers_integration_test.go:186: status[9923] transport/encoding failure
    tiers_integration_test.go:186: status[9927] transport/encoding failure
    tiers_integration_test.go:186: status[9928] transport/encoding failure
    tiers_integration_test.go:186: status[9930] transport/encoding failure
    tiers_integration_test.go:186: status[9908] transport/encoding failure
    tiers_integration_test.go:186: status[9871] transport/encoding failure
    tiers_integration_test.go:186: status[9879] transport/encoding failure
    tiers_integration_test.go:186: status[9883] transport/encoding failure
    tiers_integration_test.go:186: status[9911] transport/encoding failure
    tiers_integration_test.go:186: status[9857] transport/encoding failure
    tiers_integration_test.go:186: status[9937] transport/encoding failure
    tiers_integration_test.go:186: status[9916] transport/encoding failure
    tiers_integration_test.go:186: status[9936] transport/encoding failure
    tiers_integration_test.go:186: status[9938] transport/encoding failure
    tiers_integration_test.go:186: status[9941] transport/encoding failure
    tiers_integration_test.go:186: status[9915] transport/encoding failure
    tiers_integration_test.go:186: status[9942] transport/encoding failure
    tiers_integration_test.go:186: status[9917] transport/encoding failure
    tiers_integration_test.go:186: status[9944] transport/encoding failure
    tiers_integration_test.go:186: status[9945] transport/encoding failure
    tiers_integration_test.go:186: status[9946] transport/encoding failure
    tiers_integration_test.go:186: status[9947] transport/encoding failure
    tiers_integration_test.go:186: status[9948] transport/encoding failure
    tiers_integration_test.go:186: status[9940] transport/encoding failure
    tiers_integration_test.go:186: status[9951] transport/encoding failure
    tiers_integration_test.go:186: status[9843] transport/encoding failure
    tiers_integration_test.go:186: status[9952] transport/encoding failure
    tiers_integration_test.go:186: status[9953] transport/encoding failure
    tiers_integration_test.go:186: status[9949] transport/encoding failure
    tiers_integration_test.go:186: status[9922] transport/encoding failure
    tiers_integration_test.go:186: status[9950] transport/encoding failure
    tiers_integration_test.go:186: status[9784] transport/encoding failure
    tiers_integration_test.go:186: status[9925] transport/encoding failure
    tiers_integration_test.go:186: status[9959] transport/encoding failure
    tiers_integration_test.go:186: status[9957] transport/encoding failure
    tiers_integration_test.go:186: status[9961] transport/encoding failure
    tiers_integration_test.go:186: status[9960] transport/encoding failure
    tiers_integration_test.go:186: status[9929] transport/encoding failure
    tiers_integration_test.go:186: status[9963] transport/encoding failure
    tiers_integration_test.go:186: status[9863] transport/encoding failure
    tiers_integration_test.go:186: status[9967] transport/encoding failure
    tiers_integration_test.go:186: status[9968] transport/encoding failure
    tiers_integration_test.go:186: status[9876] transport/encoding failure
    tiers_integration_test.go:186: status[9931] transport/encoding failure
    tiers_integration_test.go:186: status[9964] transport/encoding failure
    tiers_integration_test.go:186: status[9972] transport/encoding failure
    tiers_integration_test.go:186: status[9971] transport/encoding failure
    tiers_integration_test.go:186: status[9973] transport/encoding failure
    tiers_integration_test.go:186: status[9744] transport/encoding failure
    tiers_integration_test.go:186: status[9975] transport/encoding failure
    tiers_integration_test.go:186: status[9969] transport/encoding failure
    tiers_integration_test.go:186: status[9977] transport/encoding failure
    tiers_integration_test.go:186: status[9978] transport/encoding failure
    tiers_integration_test.go:186: status[9970] transport/encoding failure
    tiers_integration_test.go:186: status[9974] transport/encoding failure
    tiers_integration_test.go:186: status[9976] transport/encoding failure
    tiers_integration_test.go:186: status[9981] transport/encoding failure
    tiers_integration_test.go:186: status[9979] transport/encoding failure
    tiers_integration_test.go:186: status[9983] transport/encoding failure
    tiers_integration_test.go:186: status[9813] transport/encoding failure
    tiers_integration_test.go:186: status[9985] transport/encoding failure
    tiers_integration_test.go:186: status[9987] transport/encoding failure
    tiers_integration_test.go:186: status[9965] transport/encoding failure
    tiers_integration_test.go:186: status[9988] transport/encoding failure
    tiers_integration_test.go:186: status[9986] transport/encoding failure
    tiers_integration_test.go:186: status[9991] transport/encoding failure
    tiers_integration_test.go:186: status[9989] transport/encoding failure
    tiers_integration_test.go:186: status[9993] transport/encoding failure
    tiers_integration_test.go:186: status[9990] transport/encoding failure
    tiers_integration_test.go:186: status[9994] transport/encoding failure
    tiers_integration_test.go:186: status[9995] transport/encoding failure
    tiers_integration_test.go:186: status[9996] transport/encoding failure
    tiers_integration_test.go:186: status[9992] transport/encoding failure
    tiers_integration_test.go:186: status[9997] transport/encoding failure
    tiers_integration_test.go:186: status[9856] transport/encoding failure
    tiers_integration_test.go:186: status[9870] transport/encoding failure
    tiers_integration_test.go:186: status[9759] transport/encoding failure
    tiers_integration_test.go:186: status[9778] transport/encoding failure
    tiers_integration_test.go:186: status[9984] transport/encoding failure
    tiers_integration_test.go:186: status[9982] transport/encoding failure
    tiers_integration_test.go:186: status[9999] transport/encoding failure
    tiers_integration_test.go:186: status[9909] transport/encoding failure
    tiers_integration_test.go:186: status[9932] transport/encoding failure
    tiers_integration_test.go:186: status[9998] transport/encoding failure
    tiers_integration_test.go:186: status[9880] transport/encoding failure
    tiers_integration_test.go:186: status[9933] transport/encoding failure
    tiers_integration_test.go:186: status[9888] transport/encoding failure
    tiers_integration_test.go:186: status[9878] transport/encoding failure
    tiers_integration_test.go:186: status[9934] transport/encoding failure
    tiers_integration_test.go:186: status[9935] transport/encoding failure
    tiers_integration_test.go:186: status[9943] transport/encoding failure
    tiers_integration_test.go:186: status[9939] transport/encoding failure
    tiers_integration_test.go:186: status[9898] transport/encoding failure
    tiers_integration_test.go:186: status[9900] transport/encoding failure
    tiers_integration_test.go:186: status[9954] transport/encoding failure
    tiers_integration_test.go:186: status[9956] transport/encoding failure
    tiers_integration_test.go:186: status[9958] transport/encoding failure
    tiers_integration_test.go:186: status[9962] transport/encoding failure
    tiers_integration_test.go:186: status[9877] transport/encoding failure
    tiers_integration_test.go:186: status[9966] transport/encoding failure
    tiers_integration_test.go:186: status[9955] transport/encoding failure
    tiers_integration_test.go:186: status[9980] transport/encoding failure
    tiers_integration_test.go:186: status[9765] transport/encoding failure
    tiers_integration_test.go:199: join replay[190] changed
    tiers_integration_test.go:199: join replay[130] changed
    tiers_integration_test.go:199: join replay[40] changed
    tiers_integration_test.go:199: join replay[90] changed
    tiers_integration_test.go:199: join replay[60] changed
    tiers_integration_test.go:199: join replay[80] changed
    tiers_integration_test.go:199: join replay[320] changed
    tiers_integration_test.go:199: join replay[110] changed
    tiers_integration_test.go:199: join replay[120] changed
    tiers_integration_test.go:199: join replay[150] changed
    tiers_integration_test.go:199: join replay[100] changed
    tiers_integration_test.go:199: join replay[360] changed
    tiers_integration_test.go:199: join replay[30] changed
    tiers_integration_test.go:199: join replay[0] changed
    tiers_integration_test.go:199: join replay[160] changed
    tiers_integration_test.go:199: join replay[260] changed
    tiers_integration_test.go:199: join replay[350] changed
    tiers_integration_test.go:199: join replay[340] changed
    tiers_integration_test.go:199: join replay[400] changed
    tiers_integration_test.go:199: join replay[410] changed
    tiers_integration_test.go:199: join replay[50] changed
    tiers_integration_test.go:199: join replay[230] changed
    tiers_integration_test.go:199: join replay[460] changed
    tiers_integration_test.go:199: join replay[440] changed
    tiers_integration_test.go:199: join replay[240] changed
    tiers_integration_test.go:199: join replay[480] changed
    tiers_integration_test.go:199: join replay[390] changed
    tiers_integration_test.go:199: join replay[70] changed
    tiers_integration_test.go:199: join replay[380] changed
    tiers_integration_test.go:199: join replay[450] changed
    tiers_integration_test.go:199: join replay[530] changed
    tiers_integration_test.go:199: join replay[500] changed
    tiers_integration_test.go:199: join replay[180] changed
    tiers_integration_test.go:199: join replay[270] changed
    tiers_integration_test.go:199: join replay[540] changed
    tiers_integration_test.go:199: join replay[470] changed
    tiers_integration_test.go:199: join replay[520] changed
    tiers_integration_test.go:199: join replay[250] changed
    tiers_integration_test.go:199: join replay[300] changed
    tiers_integration_test.go:199: join replay[560] changed
    tiers_integration_test.go:199: join replay[280] changed
    tiers_integration_test.go:199: join replay[580] changed
    tiers_integration_test.go:199: join replay[220] changed
    tiers_integration_test.go:199: join replay[610] changed
    tiers_integration_test.go:199: join replay[330] changed
    tiers_integration_test.go:199: join replay[650] changed
    tiers_integration_test.go:199: join replay[660] changed
    tiers_integration_test.go:199: join replay[490] changed
    tiers_integration_test.go:199: join replay[20] changed
    tiers_integration_test.go:199: join replay[170] changed
    tiers_integration_test.go:199: join replay[310] changed
    tiers_integration_test.go:199: join replay[10] changed
    tiers_integration_test.go:199: join replay[790] changed
    tiers_integration_test.go:199: join replay[690] changed
    tiers_integration_test.go:199: join replay[780] changed
    tiers_integration_test.go:199: join replay[810] changed
    tiers_integration_test.go:199: join replay[730] changed
    tiers_integration_test.go:199: join replay[760] changed
    tiers_integration_test.go:199: join replay[840] changed
    tiers_integration_test.go:199: join replay[860] changed
    tiers_integration_test.go:199: join replay[420] changed
    tiers_integration_test.go:199: join replay[870] changed
    tiers_integration_test.go:199: join replay[830] changed
    tiers_integration_test.go:199: join replay[770] changed
    tiers_integration_test.go:199: join replay[370] changed
    tiers_integration_test.go:199: join replay[910] changed
    tiers_integration_test.go:199: join replay[510] changed
    tiers_integration_test.go:199: join replay[210] changed
    tiers_integration_test.go:199: join replay[960] changed
    tiers_integration_test.go:199: join replay[950] changed
    tiers_integration_test.go:199: join replay[920] changed
    tiers_integration_test.go:199: join replay[930] changed
    tiers_integration_test.go:199: join replay[940] changed
    tiers_integration_test.go:199: join replay[980] changed
    tiers_integration_test.go:199: join replay[590] changed
    tiers_integration_test.go:199: join replay[630] changed
    tiers_integration_test.go:199: join replay[1040] changed
    tiers_integration_test.go:199: join replay[1030] changed
    tiers_integration_test.go:199: join replay[670] changed
    tiers_integration_test.go:199: join replay[430] changed
    tiers_integration_test.go:199: join replay[680] changed
    tiers_integration_test.go:199: join replay[740] changed
    tiers_integration_test.go:199: join replay[1110] changed
    tiers_integration_test.go:199: join replay[1050] changed
    tiers_integration_test.go:199: join replay[750] changed
    tiers_integration_test.go:199: join replay[800] changed
    tiers_integration_test.go:199: join replay[1150] changed
    tiers_integration_test.go:199: join replay[850] changed
    tiers_integration_test.go:199: join replay[880] changed
    tiers_integration_test.go:199: join replay[890] changed
    tiers_integration_test.go:199: join replay[900] changed
    tiers_integration_test.go:199: join replay[1180] changed
    tiers_integration_test.go:199: join replay[1200] changed
    tiers_integration_test.go:199: join replay[1190] changed
    tiers_integration_test.go:199: join replay[1210] changed
    tiers_integration_test.go:199: join replay[1220] changed
    tiers_integration_test.go:199: join replay[200] changed
    tiers_integration_test.go:199: join replay[550] changed
    tiers_integration_test.go:199: join replay[1010] changed
    tiers_integration_test.go:199: join replay[1270] changed
    tiers_integration_test.go:199: join replay[1070] changed
    tiers_integration_test.go:199: join replay[1300] changed
    tiers_integration_test.go:199: join replay[1080] changed
    tiers_integration_test.go:199: join replay[1100] changed
    tiers_integration_test.go:199: join replay[1130] changed
    tiers_integration_test.go:199: join replay[1320] changed
    tiers_integration_test.go:199: join replay[1340] changed
    tiers_integration_test.go:199: join replay[1330] changed
    tiers_integration_test.go:199: join replay[1310] changed
    tiers_integration_test.go:199: join replay[1360] changed
    tiers_integration_test.go:199: join replay[1370] changed
    tiers_integration_test.go:199: join replay[1020] changed
    tiers_integration_test.go:199: join replay[720] changed
    tiers_integration_test.go:199: join replay[820] changed
    tiers_integration_test.go:199: join replay[1410] changed
    tiers_integration_test.go:199: join replay[1420] changed
    tiers_integration_test.go:199: join replay[1120] changed
    tiers_integration_test.go:199: join replay[1450] changed
    tiers_integration_test.go:199: join replay[1460] changed
    tiers_integration_test.go:199: join replay[1430] changed
    tiers_integration_test.go:199: join replay[1160] changed
    tiers_integration_test.go:199: join replay[1170] changed
    tiers_integration_test.go:199: join replay[1500] changed
    tiers_integration_test.go:199: join replay[1490] changed
    tiers_integration_test.go:199: join replay[1510] changed
    tiers_integration_test.go:199: join replay[140] changed
    tiers_integration_test.go:199: join replay[970] changed
    tiers_integration_test.go:199: join replay[1250] changed
    tiers_integration_test.go:199: join replay[1570] changed
    tiers_integration_test.go:199: join replay[1260] changed
    tiers_integration_test.go:199: join replay[1590] changed
    tiers_integration_test.go:199: join replay[1290] changed
    tiers_integration_test.go:199: join replay[600] changed
    tiers_integration_test.go:199: join replay[570] changed
    tiers_integration_test.go:199: join replay[1620] changed
    tiers_integration_test.go:199: join replay[1640] changed
    tiers_integration_test.go:199: join replay[640] changed
    tiers_integration_test.go:199: join replay[710] changed
    tiers_integration_test.go:199: join replay[1660] changed
    tiers_integration_test.go:199: join replay[1670] changed
    tiers_integration_test.go:199: join replay[700] changed
    tiers_integration_test.go:199: join replay[1680] changed
    tiers_integration_test.go:199: join replay[1060] changed
    tiers_integration_test.go:199: join replay[1720] changed
    tiers_integration_test.go:199: join replay[1350] changed
    tiers_integration_test.go:199: join replay[1730] changed
    tiers_integration_test.go:199: join replay[1700] changed
    tiers_integration_test.go:199: join replay[1750] changed
    tiers_integration_test.go:199: join replay[1770] changed
    tiers_integration_test.go:199: join replay[1780] changed
    tiers_integration_test.go:199: join replay[1380] changed
    tiers_integration_test.go:199: join replay[1530] changed
    tiers_integration_test.go:199: join replay[1790] changed
    tiers_integration_test.go:199: join replay[1540] changed
    tiers_integration_test.go:199: join replay[1830] changed
    tiers_integration_test.go:199: join replay[1800] changed
    tiers_integration_test.go:199: join replay[1840] changed
    tiers_integration_test.go:199: join replay[1810] changed
    tiers_integration_test.go:199: join replay[1870] changed
    tiers_integration_test.go:199: join replay[1820] changed
    tiers_integration_test.go:199: join replay[1000] changed
    tiers_integration_test.go:199: join replay[1860] changed
    tiers_integration_test.go:199: join replay[1890] changed
    tiers_integration_test.go:199: join replay[1900] changed
    tiers_integration_test.go:199: join replay[1910] changed
    tiers_integration_test.go:199: join replay[1940] changed
    tiers_integration_test.go:199: join replay[1920] changed
    tiers_integration_test.go:199: join replay[1950] changed
    tiers_integration_test.go:199: join replay[1930] changed
    tiers_integration_test.go:199: join replay[990] changed
    tiers_integration_test.go:199: join replay[1980] changed
    tiers_integration_test.go:199: join replay[1960] changed
    tiers_integration_test.go:199: join replay[2010] changed
    tiers_integration_test.go:199: join replay[1970] changed
    tiers_integration_test.go:199: join replay[2020] changed
    tiers_integration_test.go:199: join replay[1600] changed
    tiers_integration_test.go:199: join replay[1990] changed
    tiers_integration_test.go:199: join replay[2050] changed
    tiers_integration_test.go:199: join replay[1610] changed
    tiers_integration_test.go:199: join replay[1650] changed
    tiers_integration_test.go:199: join replay[620] changed
    tiers_integration_test.go:199: join replay[1630] changed
    tiers_integration_test.go:199: join replay[2090] changed
    tiers_integration_test.go:199: join replay[1690] changed
    tiers_integration_test.go:199: join replay[2130] changed
    tiers_integration_test.go:199: join replay[2110] changed
    tiers_integration_test.go:199: join replay[2120] changed
    tiers_integration_test.go:199: join replay[290] changed
    tiers_integration_test.go:199: join replay[2170] changed
    tiers_integration_test.go:199: join replay[2180] changed
    tiers_integration_test.go:199: join replay[1710] changed
    tiers_integration_test.go:199: join replay[1740] changed
    tiers_integration_test.go:199: join replay[2200] changed
    tiers_integration_test.go:199: join replay[2220] changed
    tiers_integration_test.go:199: join replay[1400] changed
    tiers_integration_test.go:199: join replay[2210] changed
    tiers_integration_test.go:199: join replay[1760] changed
    tiers_integration_test.go:199: join replay[1470] changed
    tiers_integration_test.go:199: join replay[2250] changed
    tiers_integration_test.go:199: join replay[1520] changed
    tiers_integration_test.go:199: join replay[1390] changed
    tiers_integration_test.go:199: join replay[2270] changed
    tiers_integration_test.go:199: join replay[2260] changed
    tiers_integration_test.go:199: join replay[2290] changed
    tiers_integration_test.go:199: join replay[2280] changed
    tiers_integration_test.go:199: join replay[2310] changed
    tiers_integration_test.go:199: join replay[1480] changed
    tiers_integration_test.go:199: join replay[2350] changed
    tiers_integration_test.go:199: join replay[2330] changed
    tiers_integration_test.go:199: join replay[2380] changed
    tiers_integration_test.go:199: join replay[2340] changed
    tiers_integration_test.go:199: join replay[2370] changed
    tiers_integration_test.go:199: join replay[1550] changed
    tiers_integration_test.go:199: join replay[2410] changed
    tiers_integration_test.go:199: join replay[1560] changed
    tiers_integration_test.go:199: join replay[2420] changed
    tiers_integration_test.go:199: join replay[2400] changed
    tiers_integration_test.go:199: join replay[2430] changed
    tiers_integration_test.go:199: join replay[1580] changed
    tiers_integration_test.go:199: join replay[2320] changed
    tiers_integration_test.go:199: join replay[2470] changed
    tiers_integration_test.go:199: join replay[2440] changed
    tiers_integration_test.go:199: join replay[2450] changed
    tiers_integration_test.go:199: join replay[2460] changed
    tiers_integration_test.go:199: join replay[2510] changed
    tiers_integration_test.go:199: join replay[2390] changed
    tiers_integration_test.go:199: join replay[2500] changed
    tiers_integration_test.go:199: join replay[2520] changed
    tiers_integration_test.go:199: join replay[2480] changed
    tiers_integration_test.go:199: join replay[2490] changed
    tiers_integration_test.go:199: join replay[2060] changed
    tiers_integration_test.go:199: join replay[2030] changed
    tiers_integration_test.go:199: join replay[2070] changed
    tiers_integration_test.go:199: join replay[2100] changed
    tiers_integration_test.go:199: join replay[2620] changed
    tiers_integration_test.go:199: join replay[2630] changed
    tiers_integration_test.go:199: join replay[2600] changed
    tiers_integration_test.go:199: join replay[2650] changed
    tiers_integration_test.go:199: join replay[2670] changed
    tiers_integration_test.go:199: join replay[2660] changed
    tiers_integration_test.go:199: join replay[1140] changed
    tiers_integration_test.go:199: join replay[2140] changed
    tiers_integration_test.go:199: join replay[2720] changed
    tiers_integration_test.go:199: join replay[2610] changed
    tiers_integration_test.go:199: join replay[2700] changed
    tiers_integration_test.go:199: join replay[2730] changed
    tiers_integration_test.go:199: join replay[1230] changed
    tiers_integration_test.go:199: join replay[2770] changed
    tiers_integration_test.go:199: join replay[2550] changed
    tiers_integration_test.go:199: join replay[2040] changed
    tiers_integration_test.go:199: join replay[2800] changed
    tiers_integration_test.go:199: join replay[2580] changed
    tiers_integration_test.go:199: join replay[2810] changed
    tiers_integration_test.go:199: join replay[2820] changed
    tiers_integration_test.go:199: join replay[2830] changed
    tiers_integration_test.go:199: join replay[2690] changed
    tiers_integration_test.go:199: join replay[2150] changed
    tiers_integration_test.go:199: join replay[2740] changed
    tiers_integration_test.go:199: join replay[2750] changed
    tiers_integration_test.go:199: join replay[2710] changed
    tiers_integration_test.go:199: join replay[2680] changed
    tiers_integration_test.go:199: join replay[2240] changed
    tiers_integration_test.go:199: join replay[2890] changed
    tiers_integration_test.go:199: join replay[2920] changed
    tiers_integration_test.go:199: join replay[1440] changed
    tiers_integration_test.go:199: join replay[2930] changed
    tiers_integration_test.go:199: join replay[2360] changed
    tiers_integration_test.go:199: join replay[2950] changed
    tiers_integration_test.go:199: join replay[1880] changed
    tiers_integration_test.go:199: join replay[2970] changed
    tiers_integration_test.go:199: join replay[1850] changed
    tiers_integration_test.go:199: join replay[2760] changed
    tiers_integration_test.go:199: join replay[2000] changed
    tiers_integration_test.go:199: join replay[3000] changed
    tiers_integration_test.go:199: join replay[2540] changed
    tiers_integration_test.go:199: join replay[2530] changed
    tiers_integration_test.go:199: join replay[2790] changed
    tiers_integration_test.go:199: join replay[1280] changed
    tiers_integration_test.go:199: join replay[2840] changed
    tiers_integration_test.go:199: join replay[2190] changed
    tiers_integration_test.go:199: join replay[2860] changed
    tiers_integration_test.go:199: join replay[3080] changed
    tiers_integration_test.go:199: join replay[3090] changed
    tiers_integration_test.go:199: join replay[3100] changed
    tiers_integration_test.go:199: join replay[2230] changed
    tiers_integration_test.go:199: join replay[2300] changed
    tiers_integration_test.go:199: join replay[2910] changed
    tiers_integration_test.go:199: join replay[2880] changed
    tiers_integration_test.go:199: join replay[1090] changed
    tiers_integration_test.go:199: join replay[3150] changed
    tiers_integration_test.go:199: join replay[3160] changed
    tiers_integration_test.go:199: join replay[3140] changed
    tiers_integration_test.go:199: join replay[2940] changed
    tiers_integration_test.go:199: join replay[3210] changed
    tiers_integration_test.go:199: join replay[3200] changed
    tiers_integration_test.go:199: join replay[2990] changed
    tiers_integration_test.go:199: join replay[3010] changed
    tiers_integration_test.go:199: join replay[3020] changed
    tiers_integration_test.go:199: join replay[3030] changed
    tiers_integration_test.go:199: join replay[3040] changed
    tiers_integration_test.go:199: join replay[3270] changed
    tiers_integration_test.go:199: join replay[3280] changed
    tiers_integration_test.go:199: join replay[2570] changed
    tiers_integration_test.go:199: join replay[3300] changed
    tiers_integration_test.go:199: join replay[3290] changed
    tiers_integration_test.go:199: join replay[2560] changed
    tiers_integration_test.go:199: join replay[3340] changed
    tiers_integration_test.go:199: join replay[2590] changed
    tiers_integration_test.go:199: join replay[3310] changed
    tiers_integration_test.go:199: join replay[3370] changed
    tiers_integration_test.go:199: join replay[3380] changed
    tiers_integration_test.go:199: join replay[3050] changed
    tiers_integration_test.go:199: join replay[3130] changed
    tiers_integration_test.go:199: join replay[3180] changed
    tiers_integration_test.go:199: join replay[3410] changed
    tiers_integration_test.go:199: join replay[3430] changed
    tiers_integration_test.go:199: join replay[3440] changed
    tiers_integration_test.go:199: join replay[3420] changed
    tiers_integration_test.go:199: join replay[2980] changed
    tiers_integration_test.go:199: join replay[3470] changed
    tiers_integration_test.go:199: join replay[3480] changed
    tiers_integration_test.go:199: join replay[3460] changed
    tiers_integration_test.go:199: join replay[3220] changed
    tiers_integration_test.go:199: join replay[3250] changed
    tiers_integration_test.go:199: join replay[3510] changed
    tiers_integration_test.go:199: join replay[3260] changed
    tiers_integration_test.go:199: join replay[3550] changed
    tiers_integration_test.go:199: join replay[3540] changed
    tiers_integration_test.go:199: join replay[3330] changed
    tiers_integration_test.go:199: join replay[2780] changed
    tiers_integration_test.go:199: join replay[3590] changed
    tiers_integration_test.go:199: join replay[3580] changed
    tiers_integration_test.go:199: join replay[3320] changed
    tiers_integration_test.go:199: join replay[3610] changed
    tiers_integration_test.go:199: join replay[3620] changed
    tiers_integration_test.go:199: join replay[3640] changed
    tiers_integration_test.go:199: join replay[3350] changed
    tiers_integration_test.go:199: join replay[3630] changed
    tiers_integration_test.go:199: join replay[3390] changed
    tiers_integration_test.go:199: join replay[3670] changed
    tiers_integration_test.go:199: join replay[3650] changed
    tiers_integration_test.go:199: join replay[3660] changed
    tiers_integration_test.go:199: join replay[3710] changed
    tiers_integration_test.go:199: join replay[3680] changed
    tiers_integration_test.go:199: join replay[3060] changed
    tiers_integration_test.go:199: join replay[2640] changed
    tiers_integration_test.go:199: join replay[3170] changed
    tiers_integration_test.go:199: join replay[1240] changed
    tiers_integration_test.go:199: join replay[3240] changed
    tiers_integration_test.go:199: join replay[3520] changed
    tiers_integration_test.go:199: join replay[3530] changed
    tiers_integration_test.go:199: join replay[3740] changed
    tiers_integration_test.go:199: join replay[3570] changed
    tiers_integration_test.go:199: join replay[3770] changed
    tiers_integration_test.go:199: join replay[3760] changed
    tiers_integration_test.go:199: join replay[3790] changed
    tiers_integration_test.go:199: join replay[3360] changed
    tiers_integration_test.go:199: join replay[3810] changed
    tiers_integration_test.go:199: join replay[3700] changed
    tiers_integration_test.go:199: join replay[3840] changed
    tiers_integration_test.go:199: join replay[2080] changed
    tiers_integration_test.go:199: join replay[3720] changed
    tiers_integration_test.go:199: join replay[3870] changed
    tiers_integration_test.go:199: join replay[3860] changed
    tiers_integration_test.go:199: join replay[3880] changed
    tiers_integration_test.go:199: join replay[3070] changed
    tiers_integration_test.go:199: join replay[3900] changed
    tiers_integration_test.go:199: join replay[3890] changed
    tiers_integration_test.go:199: join replay[2870] changed
    tiers_integration_test.go:199: join replay[3910] changed
    tiers_integration_test.go:199: join replay[3920] changed
    tiers_integration_test.go:199: join replay[3930] changed
    tiers_integration_test.go:199: join replay[3960] changed
    tiers_integration_test.go:199: join replay[3980] changed
    tiers_integration_test.go:199: join replay[3990] changed
    tiers_integration_test.go:199: join replay[4000] changed
    tiers_integration_test.go:199: join replay[4010] changed
    tiers_integration_test.go:199: join replay[4020] changed
    tiers_integration_test.go:199: join replay[4030] changed
    tiers_integration_test.go:199: join replay[2900] changed
    tiers_integration_test.go:199: join replay[3110] changed
    tiers_integration_test.go:199: join replay[3120] changed
    tiers_integration_test.go:199: join replay[2960] changed
    tiers_integration_test.go:199: join replay[4040] changed
    tiers_integration_test.go:199: join replay[4080] changed
    tiers_integration_test.go:199: join replay[4070] changed
    tiers_integration_test.go:199: join replay[3490] changed
    tiers_integration_test.go:199: join replay[3970] changed
    tiers_integration_test.go:199: join replay[4170] changed
    tiers_integration_test.go:199: join replay[3400] changed
    tiers_integration_test.go:199: join replay[3950] changed
    tiers_integration_test.go:199: join replay[4180] changed
    tiers_integration_test.go:199: join replay[3940] changed
    tiers_integration_test.go:199: join replay[2850] changed
    tiers_integration_test.go:199: join replay[4160] changed
    tiers_integration_test.go:199: join replay[4190] changed
    tiers_integration_test.go:199: join replay[4200] changed
    tiers_integration_test.go:199: join replay[4230] changed
    tiers_integration_test.go:199: join replay[4060] changed
    tiers_integration_test.go:199: join replay[4260] changed
    tiers_integration_test.go:199: join replay[4280] changed
    tiers_integration_test.go:199: join replay[3190] changed
    tiers_integration_test.go:199: join replay[3450] changed
    tiers_integration_test.go:199: join replay[4290] changed
    tiers_integration_test.go:199: join replay[3230] changed
    tiers_integration_test.go:199: join replay[3500] changed
    tiers_integration_test.go:199: join replay[4110] changed
    tiers_integration_test.go:199: join replay[4340] changed
    tiers_integration_test.go:199: join replay[4320] changed
    tiers_integration_test.go:199: join replay[3560] changed
    tiers_integration_test.go:199: join replay[3800] changed
    tiers_integration_test.go:199: join replay[3780] changed
    tiers_integration_test.go:199: join replay[4360] changed
    tiers_integration_test.go:199: join replay[4310] changed
    tiers_integration_test.go:199: join replay[4420] changed
    tiers_integration_test.go:199: join replay[4380] changed
    tiers_integration_test.go:199: join replay[4430] changed
    tiers_integration_test.go:199: join replay[3600] changed
    tiers_integration_test.go:199: join replay[4330] changed
    tiers_integration_test.go:199: join replay[4400] changed
    tiers_integration_test.go:199: join replay[4390] changed
    tiers_integration_test.go:199: join replay[4450] changed
    tiers_integration_test.go:199: join replay[4500] changed
    tiers_integration_test.go:199: join replay[4480] changed
    tiers_integration_test.go:199: join replay[4300] changed
    tiers_integration_test.go:199: join replay[4510] changed
    tiers_integration_test.go:199: join replay[4410] changed
    tiers_integration_test.go:199: join replay[4540] changed
    tiers_integration_test.go:199: join replay[4460] changed
    tiers_integration_test.go:199: join replay[4370] changed
    tiers_integration_test.go:199: join replay[4520] changed
    tiers_integration_test.go:199: join replay[4550] changed
    tiers_integration_test.go:199: join replay[4570] changed
    tiers_integration_test.go:199: join replay[4560] changed
    tiers_integration_test.go:199: join replay[4590] changed
    tiers_integration_test.go:199: join replay[4580] changed
    tiers_integration_test.go:199: join replay[4630] changed
    tiers_integration_test.go:199: join replay[4490] changed
    tiers_integration_test.go:199: join replay[4440] changed
    tiers_integration_test.go:199: join replay[4610] changed
    tiers_integration_test.go:199: join replay[4650] changed
    tiers_integration_test.go:199: join replay[4680] changed
    tiers_integration_test.go:199: join replay[4130] changed
    tiers_integration_test.go:199: join replay[4660] changed
    tiers_integration_test.go:199: join replay[4670] changed
    tiers_integration_test.go:199: join replay[4700] changed
    tiers_integration_test.go:199: join replay[4690] changed
    tiers_integration_test.go:199: join replay[2160] changed
    tiers_integration_test.go:199: join replay[3850] changed
    tiers_integration_test.go:199: join replay[4730] changed
    tiers_integration_test.go:199: join replay[4760] changed
    tiers_integration_test.go:199: join replay[3730] changed
    tiers_integration_test.go:199: join replay[4780] changed
    tiers_integration_test.go:199: join replay[4720] changed
    tiers_integration_test.go:199: join replay[4790] changed
    tiers_integration_test.go:199: join replay[4770] changed
    tiers_integration_test.go:199: join replay[4150] changed
    tiers_integration_test.go:199: join replay[4050] changed
    tiers_integration_test.go:199: join replay[4090] changed
    tiers_integration_test.go:199: join replay[4840] changed
    tiers_integration_test.go:199: join replay[4830] changed
    tiers_integration_test.go:199: join replay[4850] changed
    tiers_integration_test.go:199: join replay[4880] changed
    tiers_integration_test.go:199: join replay[4220] changed
    tiers_integration_test.go:199: join replay[4210] changed
    tiers_integration_test.go:199: join replay[4910] changed
    tiers_integration_test.go:199: join replay[4920] changed
    tiers_integration_test.go:199: join replay[4870] changed
    tiers_integration_test.go:199: join replay[3750] changed
    tiers_integration_test.go:199: join replay[4470] changed
    tiers_integration_test.go:199: join replay[4350] changed
    tiers_integration_test.go:199: join replay[4970] changed
    tiers_integration_test.go:199: join replay[4710] changed
    tiers_integration_test.go:199: join replay[4640] changed
    tiers_integration_test.go:199: join replay[4990] changed
    tiers_integration_test.go:199: join replay[5020] changed
    tiers_integration_test.go:199: join replay[5000] changed
    tiers_integration_test.go:199: join replay[5030] changed
    tiers_integration_test.go:199: join replay[5050] changed
    tiers_integration_test.go:199: join replay[4740] changed
    tiers_integration_test.go:199: join replay[5060] changed
    tiers_integration_test.go:199: join replay[4750] changed
    tiers_integration_test.go:199: join replay[5070] changed
    tiers_integration_test.go:199: join replay[5080] changed
    tiers_integration_test.go:199: join replay[5090] changed
    tiers_integration_test.go:199: join replay[4820] changed
    tiers_integration_test.go:199: join replay[5110] changed
    tiers_integration_test.go:199: join replay[5120] changed
    tiers_integration_test.go:199: join replay[5130] changed
    tiers_integration_test.go:199: join replay[5140] changed
    tiers_integration_test.go:199: join replay[5150] changed
    tiers_integration_test.go:199: join replay[5160] changed
    tiers_integration_test.go:199: join replay[4100] changed
    tiers_integration_test.go:199: join replay[4240] changed
    tiers_integration_test.go:199: join replay[5190] changed
    tiers_integration_test.go:199: join replay[5200] changed
    tiers_integration_test.go:199: join replay[5210] changed
    tiers_integration_test.go:199: join replay[4940] changed
    tiers_integration_test.go:199: join replay[5230] changed
    tiers_integration_test.go:199: join replay[3690] changed
    tiers_integration_test.go:199: join replay[5240] changed
    tiers_integration_test.go:199: join replay[5280] changed
    tiers_integration_test.go:199: join replay[5250] changed
    tiers_integration_test.go:199: join replay[5270] changed
    tiers_integration_test.go:199: join replay[4950] changed
    tiers_integration_test.go:199: join replay[5290] changed
    tiers_integration_test.go:199: join replay[5300] changed
    tiers_integration_test.go:199: join replay[4900] changed
    tiers_integration_test.go:199: join replay[5260] changed
    tiers_integration_test.go:199: join replay[4140] changed
    tiers_integration_test.go:199: join replay[5100] changed
    tiers_integration_test.go:199: join replay[4810] changed
    tiers_integration_test.go:199: join replay[5380] changed
    tiers_integration_test.go:199: join replay[4890] changed
    tiers_integration_test.go:199: join replay[4860] changed
    tiers_integration_test.go:199: join replay[5180] changed
    tiers_integration_test.go:199: join replay[5430] changed
    tiers_integration_test.go:199: join replay[5460] changed
    tiers_integration_test.go:199: join replay[5440] changed
    tiers_integration_test.go:199: join replay[5480] changed
    tiers_integration_test.go:199: join replay[5340] changed
    tiers_integration_test.go:199: join replay[3820] changed
    tiers_integration_test.go:199: join replay[5320] changed
    tiers_integration_test.go:199: join replay[5530] changed
    tiers_integration_test.go:199: join replay[5510] changed
    tiers_integration_test.go:199: join replay[5540] changed
    tiers_integration_test.go:199: join replay[5550] changed
    tiers_integration_test.go:199: join replay[5520] changed
    tiers_integration_test.go:199: join replay[4530] changed
    tiers_integration_test.go:199: join replay[4960] changed
    tiers_integration_test.go:199: join replay[4600] changed
    tiers_integration_test.go:199: join replay[5580] changed
    tiers_integration_test.go:199: join replay[5570] changed
    tiers_integration_test.go:199: join replay[4620] changed
    tiers_integration_test.go:199: join replay[5600] changed
    tiers_integration_test.go:199: join replay[4980] changed
    tiers_integration_test.go:199: join replay[5010] changed
    tiers_integration_test.go:199: join replay[5360] changed
    tiers_integration_test.go:199: join replay[5390] changed
    tiers_integration_test.go:199: join replay[5650] changed
    tiers_integration_test.go:199: join replay[4250] changed
    tiers_integration_test.go:199: join replay[5630] changed
    tiers_integration_test.go:199: join replay[5400] changed
    tiers_integration_test.go:199: join replay[5410] changed
    tiers_integration_test.go:199: join replay[5690] changed
    tiers_integration_test.go:199: join replay[5450] changed
    tiers_integration_test.go:199: join replay[5470] changed
    tiers_integration_test.go:199: join replay[5310] changed
    tiers_integration_test.go:199: join replay[5330] changed
    tiers_integration_test.go:199: join replay[5740] changed
    tiers_integration_test.go:199: join replay[5560] changed
    tiers_integration_test.go:199: join replay[5590] changed
    tiers_integration_test.go:199: join replay[5350] changed
    tiers_integration_test.go:199: join replay[5760] changed
    tiers_integration_test.go:199: join replay[5780] changed
    tiers_integration_test.go:199: join replay[5770] changed
    tiers_integration_test.go:199: join replay[5790] changed
    tiers_integration_test.go:199: join replay[5810] changed
    tiers_integration_test.go:199: join replay[5830] changed
    tiers_integration_test.go:199: join replay[5840] changed
    tiers_integration_test.go:199: join replay[4800] changed
    tiers_integration_test.go:199: join replay[5860] changed
    tiers_integration_test.go:199: join replay[5660] changed
    tiers_integration_test.go:199: join replay[5870] changed
    tiers_integration_test.go:199: join replay[5880] changed
    tiers_integration_test.go:199: join replay[5680] changed
    tiers_integration_test.go:199: join replay[5900] changed
    tiers_integration_test.go:199: join replay[5920] changed
    tiers_integration_test.go:199: join replay[5910] changed
    tiers_integration_test.go:199: join replay[4270] changed
    tiers_integration_test.go:199: join replay[5700] changed
    tiers_integration_test.go:199: join replay[4930] changed
    tiers_integration_test.go:199: join replay[5170] changed
    tiers_integration_test.go:199: join replay[5980] changed
    tiers_integration_test.go:199: join replay[5970] changed
    tiers_integration_test.go:199: join replay[6000] changed
    tiers_integration_test.go:199: join replay[4120] changed
    tiers_integration_test.go:199: join replay[5990] changed
    tiers_integration_test.go:199: join replay[5220] changed
    tiers_integration_test.go:199: join replay[5720] changed
    tiers_integration_test.go:199: join replay[6050] changed
    tiers_integration_test.go:199: join replay[6060] changed
    tiers_integration_test.go:199: join replay[6080] changed
    tiers_integration_test.go:199: join replay[5500] changed
    tiers_integration_test.go:199: join replay[5040] changed
    tiers_integration_test.go:199: join replay[6120] changed
    tiers_integration_test.go:199: join replay[6100] changed
    tiers_integration_test.go:199: join replay[5620] changed
    tiers_integration_test.go:199: join replay[6140] changed
    tiers_integration_test.go:199: join replay[6150] changed
    tiers_integration_test.go:199: join replay[5370] changed
    tiers_integration_test.go:199: join replay[5850] changed
    tiers_integration_test.go:199: join replay[5610] changed
    tiers_integration_test.go:199: join replay[6160] changed
    tiers_integration_test.go:199: join replay[6170] changed
    tiers_integration_test.go:199: join replay[6210] changed
    tiers_integration_test.go:199: join replay[6200] changed
    tiers_integration_test.go:199: join replay[6250] changed
    tiers_integration_test.go:199: join replay[5670] changed
    tiers_integration_test.go:199: join replay[5890] changed
    tiers_integration_test.go:199: join replay[6270] changed
    tiers_integration_test.go:199: join replay[6230] changed
    tiers_integration_test.go:199: join replay[6220] changed
    tiers_integration_test.go:199: join replay[5930] changed
    tiers_integration_test.go:199: join replay[6240] changed
    tiers_integration_test.go:199: join replay[5950] changed
    tiers_integration_test.go:199: join replay[6320] changed
    tiers_integration_test.go:199: join replay[5490] changed
    tiers_integration_test.go:199: join replay[6340] changed
    tiers_integration_test.go:199: join replay[6020] changed
    tiers_integration_test.go:199: join replay[6030] changed
    tiers_integration_test.go:199: join replay[6010] changed
    tiers_integration_test.go:199: join replay[6370] changed
    tiers_integration_test.go:199: join replay[6380] changed
    tiers_integration_test.go:199: join replay[6040] changed
    tiers_integration_test.go:199: join replay[6390] changed
    tiers_integration_test.go:199: join replay[6090] changed
    tiers_integration_test.go:199: join replay[6070] changed
    tiers_integration_test.go:199: join replay[6440] changed
    tiers_integration_test.go:199: join replay[6450] changed
    tiers_integration_test.go:199: join replay[6410] changed
    tiers_integration_test.go:199: join replay[5730] changed
    tiers_integration_test.go:199: join replay[6460] changed
    tiers_integration_test.go:199: join replay[5750] changed
    tiers_integration_test.go:199: join replay[5800] changed
    tiers_integration_test.go:199: join replay[6500] changed
    tiers_integration_test.go:199: join replay[6520] changed
    tiers_integration_test.go:199: join replay[6470] changed
    tiers_integration_test.go:199: join replay[6510] changed
    tiers_integration_test.go:199: join replay[6530] changed
    tiers_integration_test.go:199: join replay[5820] changed
    tiers_integration_test.go:199: join replay[6570] changed
    tiers_integration_test.go:199: join replay[6190] changed
    tiers_integration_test.go:199: join replay[6560] changed
    tiers_integration_test.go:199: join replay[6610] changed
    tiers_integration_test.go:199: join replay[6260] changed
    tiers_integration_test.go:199: join replay[6630] changed
    tiers_integration_test.go:199: join replay[6620] changed
    tiers_integration_test.go:199: join replay[6640] changed
    tiers_integration_test.go:199: join replay[5940] changed
    tiers_integration_test.go:199: join replay[6650] changed
    tiers_integration_test.go:199: join replay[6330] changed
    tiers_integration_test.go:199: join replay[6690] changed
    tiers_integration_test.go:199: join replay[6360] changed
    tiers_integration_test.go:199: join replay[6400] changed
    tiers_integration_test.go:199: join replay[6710] changed
    tiers_integration_test.go:199: join replay[6420] changed
    tiers_integration_test.go:199: join replay[6430] changed
    tiers_integration_test.go:199: join replay[6730] changed
    tiers_integration_test.go:199: join replay[6740] changed
    tiers_integration_test.go:199: join replay[6480] changed
    tiers_integration_test.go:199: join replay[6720] changed
    tiers_integration_test.go:199: join replay[6750] changed
    tiers_integration_test.go:199: join replay[6770] changed
    tiers_integration_test.go:199: join replay[6790] changed
    tiers_integration_test.go:199: join replay[6800] changed
    tiers_integration_test.go:199: join replay[6780] changed
    tiers_integration_test.go:199: join replay[6820] changed
    tiers_integration_test.go:199: join replay[6830] changed
    tiers_integration_test.go:199: join replay[6130] changed
    tiers_integration_test.go:199: join replay[6590] changed
    tiers_integration_test.go:199: join replay[6580] changed
    tiers_integration_test.go:199: join replay[6180] changed
    tiers_integration_test.go:199: join replay[5420] changed
    tiers_integration_test.go:199: join replay[6600] changed
    tiers_integration_test.go:199: join replay[6280] changed
    tiers_integration_test.go:199: join replay[6900] changed
    tiers_integration_test.go:199: join replay[6930] changed
    tiers_integration_test.go:199: join replay[6880] changed
    tiers_integration_test.go:199: join replay[6950] changed
    tiers_integration_test.go:199: join replay[6870] changed
    tiers_integration_test.go:199: join replay[6670] changed
    tiers_integration_test.go:199: join replay[6310] changed
    tiers_integration_test.go:199: join replay[5710] changed
    tiers_integration_test.go:199: join replay[5960] changed
    tiers_integration_test.go:199: join replay[6680] changed
    tiers_integration_test.go:199: join replay[6350] changed
    tiers_integration_test.go:199: join replay[6700] changed
    tiers_integration_test.go:199: join replay[3830] changed
    tiers_integration_test.go:199: join replay[7020] changed
    tiers_integration_test.go:199: join replay[6760] changed
    tiers_integration_test.go:199: join replay[7000] changed
    tiers_integration_test.go:199: join replay[7060] changed
    tiers_integration_test.go:199: join replay[7070] changed
    tiers_integration_test.go:199: join replay[7080] changed
    tiers_integration_test.go:199: join replay[7090] changed
    tiers_integration_test.go:199: join replay[7110] changed
    tiers_integration_test.go:199: join replay[6810] changed
    tiers_integration_test.go:199: join replay[6490] changed
    tiers_integration_test.go:199: join replay[7130] changed
    tiers_integration_test.go:199: join replay[7140] changed
    tiers_integration_test.go:199: join replay[6110] changed
    tiers_integration_test.go:199: join replay[6850] changed
    tiers_integration_test.go:199: join replay[7180] changed
    tiers_integration_test.go:199: join replay[5640] changed
    tiers_integration_test.go:199: join replay[6860] changed
    tiers_integration_test.go:199: join replay[7200] changed
    tiers_integration_test.go:199: join replay[6890] changed
    tiers_integration_test.go:199: join replay[7210] changed
    tiers_integration_test.go:199: join replay[6300] changed
    tiers_integration_test.go:199: join replay[6920] changed
    tiers_integration_test.go:199: join replay[6940] changed
    tiers_integration_test.go:199: join replay[7270] changed
    tiers_integration_test.go:199: join replay[6960] changed
    tiers_integration_test.go:199: join replay[7290] changed
    tiers_integration_test.go:199: join replay[6970] changed
    tiers_integration_test.go:199: join replay[7300] changed
    tiers_integration_test.go:199: join replay[6980] changed
    tiers_integration_test.go:199: join replay[7310] changed
    tiers_integration_test.go:199: join replay[6990] changed
    tiers_integration_test.go:199: join replay[7350] changed
    tiers_integration_test.go:199: join replay[7380] changed
    tiers_integration_test.go:199: join replay[7360] changed
    tiers_integration_test.go:199: join replay[7390] changed
    tiers_integration_test.go:199: join replay[7050] changed
    tiers_integration_test.go:199: join replay[7410] changed
    tiers_integration_test.go:199: join replay[7420] changed
    tiers_integration_test.go:199: join replay[7430] changed
    tiers_integration_test.go:199: join replay[7460] changed
    tiers_integration_test.go:199: join replay[7440] changed
    tiers_integration_test.go:199: join replay[7120] changed
    tiers_integration_test.go:199: join replay[7470] changed
    tiers_integration_test.go:199: join replay[7490] changed
    tiers_integration_test.go:199: join replay[7500] changed
    tiers_integration_test.go:199: join replay[7510] changed
    tiers_integration_test.go:199: join replay[6550] changed
    tiers_integration_test.go:199: join replay[6910] changed
    tiers_integration_test.go:199: join replay[7550] changed
    tiers_integration_test.go:199: join replay[7560] changed
    tiers_integration_test.go:199: join replay[6660] changed
    tiers_integration_test.go:199: join replay[7590] changed
    tiers_integration_test.go:199: join replay[7250] changed
    tiers_integration_test.go:199: join replay[7610] changed
    tiers_integration_test.go:199: join replay[7280] changed
    tiers_integration_test.go:199: join replay[7400] changed
    tiers_integration_test.go:199: join replay[7450] changed
    tiers_integration_test.go:199: join replay[7480] changed
    tiers_integration_test.go:199: join replay[7150] changed
    tiers_integration_test.go:199: join replay[6540] changed
    tiers_integration_test.go:199: join replay[7170] changed
    tiers_integration_test.go:199: join replay[7520] changed
    tiers_integration_test.go:199: join replay[7230] changed
    tiers_integration_test.go:199: join replay[7680] changed
    tiers_integration_test.go:199: join replay[7220] changed
    tiers_integration_test.go:199: join replay[7240] changed
    tiers_integration_test.go:199: join replay[7570] changed
    tiers_integration_test.go:199: join replay[7580] changed
    tiers_integration_test.go:199: join replay[7720] changed
    tiers_integration_test.go:199: join replay[7700] changed
    tiers_integration_test.go:199: join replay[7740] changed
    tiers_integration_test.go:199: join replay[7600] changed
    tiers_integration_test.go:199: join replay[7750] changed
    tiers_integration_test.go:199: join replay[7770] changed
    tiers_integration_test.go:199: join replay[6290] changed
    tiers_integration_test.go:199: join replay[7320] changed
    tiers_integration_test.go:199: join replay[7010] changed
    tiers_integration_test.go:199: join replay[7790] changed
    tiers_integration_test.go:199: join replay[7340] changed
    tiers_integration_test.go:199: join replay[7370] changed
    tiers_integration_test.go:199: join replay[7820] changed
    tiers_integration_test.go:199: join replay[7830] changed
    tiers_integration_test.go:199: join replay[7030] changed
    tiers_integration_test.go:199: join replay[7650] changed
    tiers_integration_test.go:199: join replay[7880] changed
    tiers_integration_test.go:199: join replay[7860] changed
    tiers_integration_test.go:199: join replay[7890] changed
    tiers_integration_test.go:199: join replay[7910] changed
    tiers_integration_test.go:199: join replay[7660] changed
    tiers_integration_test.go:199: join replay[7160] changed
    tiers_integration_test.go:199: join replay[7940] changed
    tiers_integration_test.go:199: join replay[7950] changed
    tiers_integration_test.go:199: join replay[7960] changed
    tiers_integration_test.go:199: join replay[7970] changed
    tiers_integration_test.go:199: join replay[7670] changed
    tiers_integration_test.go:199: join replay[7980] changed
    tiers_integration_test.go:199: join replay[8000] changed
    tiers_integration_test.go:199: join replay[7530] changed
    tiers_integration_test.go:199: join replay[7710] changed
    tiers_integration_test.go:199: join replay[7260] changed
    tiers_integration_test.go:199: join replay[7330] changed
    tiers_integration_test.go:199: join replay[8060] changed
    tiers_integration_test.go:199: join replay[7630] changed
    tiers_integration_test.go:199: join replay[7760] changed
    tiers_integration_test.go:199: join replay[8090] changed
    tiers_integration_test.go:199: join replay[8110] changed
    tiers_integration_test.go:199: join replay[7850] changed
    tiers_integration_test.go:199: join replay[7840] changed
    tiers_integration_test.go:199: join replay[7620] changed
    tiers_integration_test.go:199: join replay[7100] changed
    tiers_integration_test.go:199: join replay[8140] changed
    tiers_integration_test.go:199: join replay[8160] changed
    tiers_integration_test.go:199: join replay[8180] changed
    tiers_integration_test.go:199: join replay[8190] changed
    tiers_integration_test.go:199: join replay[7920] changed
    tiers_integration_test.go:199: join replay[8200] changed
    tiers_integration_test.go:199: join replay[8210] changed
    tiers_integration_test.go:199: join replay[8020] changed
    tiers_integration_test.go:199: join replay[8240] changed
    tiers_integration_test.go:199: join replay[8230] changed
    tiers_integration_test.go:199: join replay[8010] changed
    tiers_integration_test.go:199: join replay[7190] changed
    tiers_integration_test.go:199: join replay[8030] changed
    tiers_integration_test.go:199: join replay[8270] changed
    tiers_integration_test.go:199: join replay[7730] changed
    tiers_integration_test.go:199: join replay[8040] changed
    tiers_integration_test.go:199: join replay[8050] changed
    tiers_integration_test.go:199: join replay[8300] changed
    tiers_integration_test.go:199: join replay[8280] changed
    tiers_integration_test.go:199: join replay[8080] changed
    tiers_integration_test.go:199: join replay[8350] changed
    tiers_integration_test.go:199: join replay[8310] changed
    tiers_integration_test.go:199: join replay[8340] changed
    tiers_integration_test.go:199: join replay[8380] changed
    tiers_integration_test.go:199: join replay[8370] changed
    tiers_integration_test.go:199: join replay[8100] changed
    tiers_integration_test.go:199: join replay[8390] changed
    tiers_integration_test.go:199: join replay[8400] changed
    tiers_integration_test.go:199: join replay[8430] changed
    tiers_integration_test.go:199: join replay[7810] changed
    tiers_integration_test.go:199: join replay[8440] changed
    tiers_integration_test.go:199: join replay[8450] changed
    tiers_integration_test.go:199: join replay[7640] changed
    tiers_integration_test.go:199: join replay[8130] changed
    tiers_integration_test.go:199: join replay[7040] changed
    tiers_integration_test.go:199: join replay[8150] changed
    tiers_integration_test.go:199: join replay[8480] changed
    tiers_integration_test.go:199: join replay[8490] changed
    tiers_integration_test.go:199: join replay[7900] changed
    tiers_integration_test.go:199: join replay[8500] changed
    tiers_integration_test.go:199: join replay[6840] changed
    tiers_integration_test.go:199: join replay[8510] changed
    tiers_integration_test.go:199: join replay[8520] changed
    tiers_integration_test.go:199: join replay[8550] changed
    tiers_integration_test.go:199: join replay[8530] changed
    tiers_integration_test.go:199: join replay[8540] changed
    tiers_integration_test.go:199: join replay[7540] changed
    tiers_integration_test.go:199: join replay[8250] changed
    tiers_integration_test.go:199: join replay[8070] changed
    tiers_integration_test.go:199: join replay[7800] changed
    tiers_integration_test.go:199: join replay[8410] changed
    tiers_integration_test.go:199: join replay[8610] changed
    tiers_integration_test.go:199: join replay[8120] changed
    tiers_integration_test.go:199: join replay[8650] changed
    tiers_integration_test.go:199: join replay[7780] changed
    tiers_integration_test.go:199: join replay[8670] changed
    tiers_integration_test.go:199: join replay[8680] changed
    tiers_integration_test.go:199: join replay[8660] changed
    tiers_integration_test.go:199: join replay[8700] changed
    tiers_integration_test.go:199: join replay[8470] changed
    tiers_integration_test.go:199: join replay[8170] changed
    tiers_integration_test.go:199: join replay[8570] changed
    tiers_integration_test.go:199: join replay[8220] changed
    tiers_integration_test.go:199: join replay[8560] changed
    tiers_integration_test.go:199: join replay[8750] changed
    tiers_integration_test.go:199: join replay[8580] changed
    tiers_integration_test.go:199: join replay[8590] changed
    tiers_integration_test.go:199: join replay[8780] changed
    tiers_integration_test.go:199: join replay[8600] changed
    tiers_integration_test.go:199: join replay[7690] changed
    tiers_integration_test.go:199: join replay[8790] changed
    tiers_integration_test.go:199: join replay[8810] changed
    tiers_integration_test.go:199: join replay[8820] changed
    tiers_integration_test.go:199: join replay[8320] changed
    tiers_integration_test.go:199: join replay[8840] changed
    tiers_integration_test.go:199: join replay[8830] changed
    tiers_integration_test.go:199: join replay[8360] changed
    tiers_integration_test.go:199: join replay[8880] changed
    tiers_integration_test.go:199: join replay[8890] changed
    tiers_integration_test.go:199: join replay[8870] changed
    tiers_integration_test.go:199: join replay[8640] changed
    tiers_integration_test.go:199: join replay[7870] changed
    tiers_integration_test.go:199: join replay[8910] changed
    tiers_integration_test.go:199: join replay[8930] changed
    tiers_integration_test.go:199: join replay[8950] changed
    tiers_integration_test.go:199: join replay[8900] changed
    tiers_integration_test.go:199: join replay[8990] changed
    tiers_integration_test.go:199: join replay[9000] changed
    tiers_integration_test.go:199: join replay[8740] changed
    tiers_integration_test.go:199: join replay[7990] changed
    tiers_integration_test.go:199: join replay[9030] changed
    tiers_integration_test.go:199: join replay[9040] changed
    tiers_integration_test.go:199: join replay[8260] changed
    tiers_integration_test.go:199: join replay[9050] changed
    tiers_integration_test.go:199: join replay[8800] changed
    tiers_integration_test.go:199: join replay[9080] changed
    tiers_integration_test.go:199: join replay[9100] changed
    tiers_integration_test.go:199: join replay[8330] changed
    tiers_integration_test.go:199: join replay[9110] changed
    tiers_integration_test.go:199: join replay[8850] changed
    tiers_integration_test.go:199: join replay[9130] changed
    tiers_integration_test.go:199: join replay[9150] changed
    tiers_integration_test.go:199: join replay[9120] changed
    tiers_integration_test.go:199: join replay[9140] changed
    tiers_integration_test.go:199: join replay[8860] changed
    tiers_integration_test.go:199: join replay[9170] changed
    tiers_integration_test.go:199: join replay[9180] changed
    tiers_integration_test.go:199: join replay[8420] changed
    tiers_integration_test.go:199: join replay[9200] changed
    tiers_integration_test.go:199: join replay[9220] changed
    tiers_integration_test.go:199: join replay[9230] changed
    tiers_integration_test.go:199: join replay[9210] changed
    tiers_integration_test.go:199: join replay[8940] changed
    tiers_integration_test.go:199: join replay[9250] changed
    tiers_integration_test.go:199: join replay[8710] changed
    tiers_integration_test.go:199: join replay[8690] changed
    tiers_integration_test.go:199: join replay[9290] changed
    tiers_integration_test.go:199: join replay[9270] changed
    tiers_integration_test.go:199: join replay[8960] changed
    tiers_integration_test.go:199: join replay[8920] changed
    tiers_integration_test.go:199: join replay[8970] changed
    tiers_integration_test.go:199: join replay[9340] changed
    tiers_integration_test.go:199: join replay[8980] changed
    tiers_integration_test.go:199: join replay[8720] changed
    tiers_integration_test.go:199: join replay[9330] changed
    tiers_integration_test.go:199: join replay[9360] changed
    tiers_integration_test.go:199: join replay[7930] changed
    tiers_integration_test.go:199: join replay[8630] changed
    tiers_integration_test.go:199: join replay[8620] changed
    tiers_integration_test.go:199: join replay[9190] changed
    tiers_integration_test.go:199: join replay[9460] changed
    tiers_integration_test.go:199: join replay[9480] changed
    tiers_integration_test.go:199: join replay[9450] changed
    tiers_integration_test.go:199: join replay[9310] changed
    tiers_integration_test.go:199: join replay[9300] changed
    tiers_integration_test.go:199: join replay[9510] changed
    tiers_integration_test.go:199: join replay[9540] changed
    tiers_integration_test.go:199: join replay[9550] changed
    tiers_integration_test.go:199: join replay[9560] changed
    tiers_integration_test.go:199: join replay[9370] changed
    tiers_integration_test.go:199: join replay[9570] changed
    tiers_integration_test.go:199: join replay[9580] changed
    tiers_integration_test.go:199: join replay[9380] changed
    tiers_integration_test.go:199: join replay[9590] changed
    tiers_integration_test.go:199: join replay[9600] changed
    tiers_integration_test.go:199: join replay[8730] changed
    tiers_integration_test.go:199: join replay[8760] changed
    tiers_integration_test.go:199: join replay[9640] changed
    tiers_integration_test.go:199: join replay[9620] changed
    tiers_integration_test.go:199: join replay[9650] changed
    tiers_integration_test.go:199: join replay[8770] changed
    tiers_integration_test.go:199: join replay[9400] changed
    tiers_integration_test.go:199: join replay[9060] changed
    tiers_integration_test.go:199: join replay[9070] changed
    tiers_integration_test.go:199: join replay[9430] changed
    tiers_integration_test.go:199: join replay[9680] changed
    tiers_integration_test.go:199: join replay[8460] changed
    tiers_integration_test.go:199: join replay[9610] changed
    tiers_integration_test.go:199: join replay[9690] changed
    tiers_integration_test.go:199: join replay[9630] changed
    tiers_integration_test.go:199: join replay[9660] changed
    tiers_integration_test.go:199: join replay[8290] changed
    tiers_integration_test.go:199: join replay[9740] changed
    tiers_integration_test.go:199: join replay[9780] changed
    tiers_integration_test.go:199: join replay[9770] changed
    tiers_integration_test.go:199: join replay[9160] changed
    tiers_integration_test.go:199: join replay[9090] changed
    tiers_integration_test.go:199: join replay[9830] changed
    tiers_integration_test.go:199: join replay[9840] changed
    tiers_integration_test.go:199: join replay[9860] changed
    tiers_integration_test.go:199: join replay[9870] changed
    tiers_integration_test.go:199: join replay[9820] changed
    tiers_integration_test.go:199: join replay[9440] changed
    tiers_integration_test.go:199: join replay[9260] changed
    tiers_integration_test.go:199: join replay[9720] changed
    tiers_integration_test.go:199: join replay[9500] changed
    tiers_integration_test.go:199: join replay[9930] changed
    tiers_integration_test.go:199: join replay[9490] changed
    tiers_integration_test.go:199: join replay[9950] changed
    tiers_integration_test.go:199: join replay[9940] changed
    tiers_integration_test.go:199: join replay[9970] changed
    tiers_integration_test.go:199: join replay[9470] changed
    tiers_integration_test.go:199: join replay[9980] changed
    tiers_integration_test.go:199: join replay[9520] changed
    tiers_integration_test.go:199: join replay[9350] changed
    tiers_integration_test.go:199: join replay[9010] changed
    tiers_integration_test.go:199: join replay[9730] changed
    tiers_integration_test.go:199: join replay[9670] changed
    tiers_integration_test.go:199: join replay[9850] changed
    tiers_integration_test.go:199: join replay[9240] changed
    tiers_integration_test.go:199: join replay[9880] changed
    tiers_integration_test.go:199: join replay[9890] changed
    tiers_integration_test.go:199: join replay[9900] changed
    tiers_integration_test.go:199: join replay[9920] changed
    tiers_integration_test.go:199: join replay[9910] changed
    tiers_integration_test.go:199: join replay[9320] changed
    tiers_integration_test.go:199: join replay[9960] changed
    tiers_integration_test.go:199: join replay[9990] changed
    tiers_integration_test.go:199: join replay[9530] changed
    tiers_integration_test.go:199: join replay[9700] changed
    tiers_integration_test.go:199: join replay[9020] changed
    tiers_integration_test.go:199: join replay[9760] changed
    tiers_integration_test.go:199: join replay[9800] changed
    tiers_integration_test.go:199: join replay[9790] changed
    tiers_integration_test.go:199: join replay[9810] changed
    tiers_integration_test.go:199: join replay[9420] changed
    tiers_integration_test.go:199: join replay[9390] changed
    tiers_integration_test.go:199: join replay[9410] changed
    tiers_integration_test.go:199: join replay[9750] changed
    tiers_integration_test.go:199: join replay[9280] changed
    tiers_integration_test.go:199: join replay[9710] changed
--- FAIL: TestProcessHTTPVisitorTiers (82.44s)
    --- PASS: TestProcessHTTPVisitorTiers/1000 (3.54s)
    --- PASS: TestProcessHTTPVisitorTiers/2000 (4.29s)
    --- PASS: TestProcessHTTPVisitorTiers/5000 (10.97s)
    --- FAIL: TestProcessHTTPVisitorTiers/10000 (59.41s)
FAIL
FAIL	waiting-room/internal/processlab	83.249s
FAIL
make: *** [test-http-tiers] Error 1
