{"Time":"2026-09-06T10:09:43.661828+09:00","Action":"start","Package":"waiting-room/internal/lab"}
{"Time":"2026-09-06T10:09:43.66197+09:00","Action":"start","Package":"waiting-room/internal/admission"}
{"Time":"2026-09-06T10:09:43.662035+09:00","Action":"start","Package":"waiting-room/internal/waiting"}
{"Time":"2026-09-06T10:09:44.058706+09:00","Action":"run","Package":"waiting-room/internal/waiting","Test":"TestTemplateRegistry"}
{"Time":"2026-09-06T10:09:44.058985+09:00","Action":"output","Package":"waiting-room/internal/waiting","Test":"TestTemplateRegistry","Output":"=== RUN   TestTemplateRegistry\n"}
{"Time":"2026-09-06T10:09:44.059018+09:00","Action":"output","Package":"waiting-room/internal/waiting","Test":"TestTemplateRegistry","Output":"--- PASS: TestTemplateRegistry (0.00s)\n"}
{"Time":"2026-09-06T10:09:44.059022+09:00","Action":"pass","Package":"waiting-room/internal/waiting","Test":"TestTemplateRegistry","Elapsed":0}
{"Time":"2026-09-06T10:09:44.059026+09:00","Action":"run","Package":"waiting-room/internal/waiting","Test":"TestTemplateEscapingAndCommonControls"}
{"Time":"2026-09-06T10:09:44.059033+09:00","Action":"output","Package":"waiting-room/internal/waiting","Test":"TestTemplateEscapingAndCommonControls","Output":"=== RUN   TestTemplateEscapingAndCommonControls\n"}
{"Time":"2026-09-06T10:09:44.059843+09:00","Action":"output","Package":"waiting-room/internal/waiting","Test":"TestTemplateEscapingAndCommonControls","Output":"--- PASS: TestTemplateEscapingAndCommonControls (0.00s)\n"}
{"Time":"2026-09-06T10:09:44.059865+09:00","Action":"pass","Package":"waiting-room/internal/waiting","Test":"TestTemplateEscapingAndCommonControls","Elapsed":0}
{"Time":"2026-09-06T10:09:44.059876+09:00","Action":"run","Package":"waiting-room/internal/waiting","Test":"TestAssetAllowlist"}
{"Time":"2026-09-06T10:09:44.059879+09:00","Action":"output","Package":"waiting-room/internal/waiting","Test":"TestAssetAllowlist","Output":"=== RUN   TestAssetAllowlist\n"}
{"Time":"2026-09-06T10:09:44.060171+09:00","Action":"output","Package":"waiting-room/internal/waiting","Test":"TestAssetAllowlist","Output":"--- PASS: TestAssetAllowlist (0.00s)\n"}
{"Time":"2026-09-06T10:09:44.060184+09:00","Action":"pass","Package":"waiting-room/internal/waiting","Test":"TestAssetAllowlist","Elapsed":0}
{"Time":"2026-09-06T10:09:44.060199+09:00","Action":"output","Package":"waiting-room/internal/waiting","Output":"PASS\n"}
{"Time":"2026-09-06T10:09:44.552168+09:00","Action":"run","Package":"waiting-room/internal/lab","Test":"TestSharedReturnKeyIndependentGateways"}
{"Time":"2026-09-06T10:09:44.552201+09:00","Action":"output","Package":"waiting-room/internal/lab","Test":"TestSharedReturnKeyIndependentGateways","Output":"=== RUN   TestSharedReturnKeyIndependentGateways\n"}
{"Time":"2026-09-06T10:09:44.553011+09:00","Action":"output","Package":"waiting-room/internal/lab","Test":"TestSharedReturnKeyIndependentGateways","Output":"--- PASS: TestSharedReturnKeyIndependentGateways (0.00s)\n"}
{"Time":"2026-09-06T10:09:44.553024+09:00","Action":"pass","Package":"waiting-room/internal/lab","Test":"TestSharedReturnKeyIndependentGateways","Elapsed":0}
{"Time":"2026-09-06T10:09:44.553033+09:00","Action":"run","Package":"waiting-room/internal/lab","Test":"TestReturnSealingBindings"}
{"Time":"2026-09-06T10:09:44.553035+09:00","Action":"output","Package":"waiting-room/internal/lab","Test":"TestReturnSealingBindings","Output":"=== RUN   TestReturnSealingBindings\n"}
{"Time":"2026-09-06T10:09:44.553604+09:00","Action":"output","Package":"waiting-room/internal/lab","Test":"TestReturnSealingBindings","Output":"--- PASS: TestReturnSealingBindings (0.00s)\n"}
{"Time":"2026-09-06T10:09:44.553613+09:00","Action":"pass","Package":"waiting-room/internal/lab","Test":"TestReturnSealingBindings","Elapsed":0}
{"Time":"2026-09-06T10:09:44.55363+09:00","Action":"run","Package":"waiting-room/internal/lab","Test":"TestLabCookieAndHostBoundary"}
{"Time":"2026-09-06T10:09:44.553636+09:00","Action":"output","Package":"waiting-room/internal/lab","Test":"TestLabCookieAndHostBoundary","Output":"=== RUN   TestLabCookieAndHostBoundary\n"}
{"Time":"2026-09-06T10:09:44.554362+09:00","Action":"output","Package":"waiting-room/internal/lab","Test":"TestLabCookieAndHostBoundary","Output":"--- PASS: TestLabCookieAndHostBoundary (0.00s)\n"}
{"Time":"2026-09-06T10:09:44.554402+09:00","Action":"pass","Package":"waiting-room/internal/lab","Test":"TestLabCookieAndHostBoundary","Elapsed":0}
{"Time":"2026-09-06T10:09:44.554452+09:00","Action":"run","Package":"waiting-room/internal/lab","Test":"TestCookieMutationCSRFBeforeCoordinator"}
{"Time":"2026-09-06T10:09:44.554456+09:00","Action":"output","Package":"waiting-room/internal/lab","Test":"TestCookieMutationCSRFBeforeCoordinator","Output":"=== RUN   TestCookieMutationCSRFBeforeCoordinator\n"}
{"Time":"2026-09-06T10:09:44.555068+09:00","Action":"output","Package":"waiting-room/internal/lab","Test":"TestCookieMutationCSRFBeforeCoordinator","Output":"--- PASS: TestCookieMutationCSRFBeforeCoordinator (0.00s)\n"}
{"Time":"2026-09-06T10:09:44.555087+09:00","Action":"pass","Package":"waiting-room/internal/lab","Test":"TestCookieMutationCSRFBeforeCoordinator","Elapsed":0}
{"Time":"2026-09-06T10:09:44.555091+09:00","Action":"run","Package":"waiting-room/internal/lab","Test":"TestTargetValidation"}
{"Time":"2026-09-06T10:09:44.555105+09:00","Action":"output","Package":"waiting-room/internal/lab","Test":"TestTargetValidation","Output":"=== RUN   TestTargetValidation\n"}
{"Time":"2026-09-06T10:09:44.555211+09:00","Action":"output","Package":"waiting-room/internal/lab","Test":"TestTargetValidation","Output":"--- PASS: TestTargetValidation (0.00s)\n"}
{"Time":"2026-09-06T10:09:44.55523+09:00","Action":"pass","Package":"waiting-room/internal/lab","Test":"TestTargetValidation","Elapsed":0}
{"Time":"2026-09-06T10:09:44.555233+09:00","Action":"run","Package":"waiting-room/internal/lab","Test":"TestInternalCredentialAndInput"}
{"Time":"2026-09-06T10:09:44.555235+09:00","Action":"output","Package":"waiting-room/internal/lab","Test":"TestInternalCredentialAndInput","Output":"=== RUN   TestInternalCredentialAndInput\n"}
{"Time":"2026-09-06T10:09:44.561975+09:00","Action":"output","Package":"waiting-room/internal/lab","Test":"TestInternalCredentialAndInput","Output":"--- PASS: TestInternalCredentialAndInput (0.01s)\n"}
{"Time":"2026-09-06T10:09:44.561989+09:00","Action":"pass","Package":"waiting-room/internal/lab","Test":"TestInternalCredentialAndInput","Elapsed":0.01}
{"Time":"2026-09-06T10:09:44.561999+09:00","Action":"run","Package":"waiting-room/internal/lab","Test":"TestLoopbackOnlyAndReservedHeaders"}
{"Time":"2026-09-06T10:09:44.562001+09:00","Action":"output","Package":"waiting-room/internal/lab","Test":"TestLoopbackOnlyAndReservedHeaders","Output":"=== RUN   TestLoopbackOnlyAndReservedHeaders\n"}
{"Time":"2026-09-06T10:09:44.56218+09:00","Action":"output","Package":"waiting-room/internal/lab","Test":"TestLoopbackOnlyAndReservedHeaders","Output":"--- PASS: TestLoopbackOnlyAndReservedHeaders (0.00s)\n"}
{"Time":"2026-09-06T10:09:44.562189+09:00","Action":"pass","Package":"waiting-room/internal/lab","Test":"TestLoopbackOnlyAndReservedHeaders","Elapsed":0}
{"Time":"2026-09-06T10:09:44.562207+09:00","Action":"output","Package":"waiting-room/internal/lab","Output":"PASS\n"}
{"Time":"2026-09-06T10:09:44.844939+09:00","Action":"run","Package":"waiting-room/internal/admission","Test":"TestDeterministicAdmissionAndBoundaries"}
{"Time":"2026-09-06T10:09:44.844959+09:00","Action":"output","Package":"waiting-room/internal/admission","Test":"TestDeterministicAdmissionAndBoundaries","Output":"=== RUN   TestDeterministicAdmissionAndBoundaries\n"}
{"Time":"2026-09-06T10:09:44.860174+09:00","Action":"output","Package":"waiting-room/internal/admission","Test":"TestDeterministicAdmissionAndBoundaries","Output":"--- PASS: TestDeterministicAdmissionAndBoundaries (0.02s)\n"}
{"Time":"2026-09-06T10:09:44.860208+09:00","Action":"pass","Package":"waiting-room/internal/admission","Test":"TestDeterministicAdmissionAndBoundaries","Elapsed":0.02}
{"Time":"2026-09-06T10:09:44.860227+09:00","Action":"output","Package":"waiting-room/internal/admission","Output":"PASS\n"}
{"Time":"2026-09-06T10:09:45.062362+09:00","Action":"output","Package":"waiting-room/internal/waiting","Output":"ok  \twaiting-room/internal/waiting\t1.400s\n"}
{"Time":"2026-09-06T10:09:45.062412+09:00","Action":"pass","Package":"waiting-room/internal/waiting","Elapsed":1.4}
{"Time":"2026-09-06T10:09:45.563944+09:00","Action":"output","Package":"waiting-room/internal/lab","Output":"ok  \twaiting-room/internal/lab\t1.902s\n"}
{"Time":"2026-09-06T10:09:45.563978+09:00","Action":"pass","Package":"waiting-room/internal/lab","Elapsed":1.9020000000000001}
{"Time":"2026-09-06T10:09:45.866591+09:00","Action":"output","Package":"waiting-room/internal/admission","Output":"ok  \twaiting-room/internal/admission\t2.205s\n"}
{"Time":"2026-09-06T10:09:45.866619+09:00","Action":"pass","Package":"waiting-room/internal/admission","Elapsed":2.205}
