{"Time":"2026-09-06T08:47:39.788835+09:00","Action":"start","Package":"waiting-room/internal/lab"}
{"Time":"2026-09-06T08:47:39.788937+09:00","Action":"start","Package":"waiting-room/internal/admission"}
{"Time":"2026-09-06T08:47:39.788994+09:00","Action":"start","Package":"waiting-room/internal/waiting"}
{"Time":"2026-09-06T08:47:40.040321+09:00","Action":"run","Package":"waiting-room/internal/waiting","Test":"TestTemplateRegistry"}
{"Time":"2026-09-06T08:47:40.040568+09:00","Action":"output","Package":"waiting-room/internal/waiting","Test":"TestTemplateRegistry","Output":"=== RUN   TestTemplateRegistry\n"}
{"Time":"2026-09-06T08:47:40.040581+09:00","Action":"output","Package":"waiting-room/internal/waiting","Test":"TestTemplateRegistry","Output":"--- PASS: TestTemplateRegistry (0.00s)\n"}
{"Time":"2026-09-06T08:47:40.040584+09:00","Action":"pass","Package":"waiting-room/internal/waiting","Test":"TestTemplateRegistry","Elapsed":0}
{"Time":"2026-09-06T08:47:40.040586+09:00","Action":"run","Package":"waiting-room/internal/waiting","Test":"TestTemplateEscapingAndCommonControls"}
{"Time":"2026-09-06T08:47:40.040589+09:00","Action":"output","Package":"waiting-room/internal/waiting","Test":"TestTemplateEscapingAndCommonControls","Output":"=== RUN   TestTemplateEscapingAndCommonControls\n"}
{"Time":"2026-09-06T08:47:40.040995+09:00","Action":"output","Package":"waiting-room/internal/waiting","Test":"TestTemplateEscapingAndCommonControls","Output":"--- PASS: TestTemplateEscapingAndCommonControls (0.00s)\n"}
{"Time":"2026-09-06T08:47:40.04101+09:00","Action":"pass","Package":"waiting-room/internal/waiting","Test":"TestTemplateEscapingAndCommonControls","Elapsed":0}
{"Time":"2026-09-06T08:47:40.041014+09:00","Action":"run","Package":"waiting-room/internal/waiting","Test":"TestAssetAllowlist"}
{"Time":"2026-09-06T08:47:40.041017+09:00","Action":"output","Package":"waiting-room/internal/waiting","Test":"TestAssetAllowlist","Output":"=== RUN   TestAssetAllowlist\n"}
{"Time":"2026-09-06T08:47:40.042209+09:00","Action":"output","Package":"waiting-room/internal/waiting","Test":"TestAssetAllowlist","Output":"--- PASS: TestAssetAllowlist (0.00s)\n"}
{"Time":"2026-09-06T08:47:40.042232+09:00","Action":"pass","Package":"waiting-room/internal/waiting","Test":"TestAssetAllowlist","Elapsed":0}
{"Time":"2026-09-06T08:47:40.042246+09:00","Action":"output","Package":"waiting-room/internal/waiting","Output":"PASS\n"}
{"Time":"2026-09-06T08:47:40.231731+09:00","Action":"run","Package":"waiting-room/internal/lab","Test":"TestSharedReturnKeyIndependentGateways"}
{"Time":"2026-09-06T08:47:40.231749+09:00","Action":"output","Package":"waiting-room/internal/lab","Test":"TestSharedReturnKeyIndependentGateways","Output":"=== RUN   TestSharedReturnKeyIndependentGateways\n"}
{"Time":"2026-09-06T08:47:40.233318+09:00","Action":"output","Package":"waiting-room/internal/lab","Test":"TestSharedReturnKeyIndependentGateways","Output":"--- PASS: TestSharedReturnKeyIndependentGateways (0.00s)\n"}
{"Time":"2026-09-06T08:47:40.233326+09:00","Action":"pass","Package":"waiting-room/internal/lab","Test":"TestSharedReturnKeyIndependentGateways","Elapsed":0}
{"Time":"2026-09-06T08:47:40.233344+09:00","Action":"run","Package":"waiting-room/internal/lab","Test":"TestReturnSealingBindings"}
{"Time":"2026-09-06T08:47:40.233347+09:00","Action":"output","Package":"waiting-room/internal/lab","Test":"TestReturnSealingBindings","Output":"=== RUN   TestReturnSealingBindings\n"}
{"Time":"2026-09-06T08:47:40.233823+09:00","Action":"output","Package":"waiting-room/internal/lab","Test":"TestReturnSealingBindings","Output":"--- PASS: TestReturnSealingBindings (0.00s)\n"}
{"Time":"2026-09-06T08:47:40.23383+09:00","Action":"pass","Package":"waiting-room/internal/lab","Test":"TestReturnSealingBindings","Elapsed":0}
{"Time":"2026-09-06T08:47:40.233846+09:00","Action":"run","Package":"waiting-room/internal/lab","Test":"TestLabCookieAndHostBoundary"}
{"Time":"2026-09-06T08:47:40.233849+09:00","Action":"output","Package":"waiting-room/internal/lab","Test":"TestLabCookieAndHostBoundary","Output":"=== RUN   TestLabCookieAndHostBoundary\n"}
{"Time":"2026-09-06T08:47:40.234623+09:00","Action":"output","Package":"waiting-room/internal/lab","Test":"TestLabCookieAndHostBoundary","Output":"--- PASS: TestLabCookieAndHostBoundary (0.00s)\n"}
{"Time":"2026-09-06T08:47:40.234643+09:00","Action":"pass","Package":"waiting-room/internal/lab","Test":"TestLabCookieAndHostBoundary","Elapsed":0}
{"Time":"2026-09-06T08:47:40.234646+09:00","Action":"run","Package":"waiting-room/internal/lab","Test":"TestCookieMutationCSRFBeforeCoordinator"}
{"Time":"2026-09-06T08:47:40.234648+09:00","Action":"output","Package":"waiting-room/internal/lab","Test":"TestCookieMutationCSRFBeforeCoordinator","Output":"=== RUN   TestCookieMutationCSRFBeforeCoordinator\n"}
{"Time":"2026-09-06T08:47:40.235045+09:00","Action":"output","Package":"waiting-room/internal/lab","Test":"TestCookieMutationCSRFBeforeCoordinator","Output":"--- PASS: TestCookieMutationCSRFBeforeCoordinator (0.00s)\n"}
{"Time":"2026-09-06T08:47:40.23505+09:00","Action":"pass","Package":"waiting-room/internal/lab","Test":"TestCookieMutationCSRFBeforeCoordinator","Elapsed":0}
{"Time":"2026-09-06T08:47:40.235063+09:00","Action":"run","Package":"waiting-room/internal/lab","Test":"TestTargetValidation"}
{"Time":"2026-09-06T08:47:40.235066+09:00","Action":"output","Package":"waiting-room/internal/lab","Test":"TestTargetValidation","Output":"=== RUN   TestTargetValidation\n"}
{"Time":"2026-09-06T08:47:40.23517+09:00","Action":"output","Package":"waiting-room/internal/lab","Test":"TestTargetValidation","Output":"--- PASS: TestTargetValidation (0.00s)\n"}
{"Time":"2026-09-06T08:47:40.235178+09:00","Action":"pass","Package":"waiting-room/internal/lab","Test":"TestTargetValidation","Elapsed":0}
{"Time":"2026-09-06T08:47:40.235183+09:00","Action":"run","Package":"waiting-room/internal/lab","Test":"TestInternalCredentialAndInput"}
{"Time":"2026-09-06T08:47:40.235185+09:00","Action":"output","Package":"waiting-room/internal/lab","Test":"TestInternalCredentialAndInput","Output":"=== RUN   TestInternalCredentialAndInput\n"}
{"Time":"2026-09-06T08:47:40.241585+09:00","Action":"output","Package":"waiting-room/internal/lab","Test":"TestInternalCredentialAndInput","Output":"--- PASS: TestInternalCredentialAndInput (0.01s)\n"}
{"Time":"2026-09-06T08:47:40.241594+09:00","Action":"pass","Package":"waiting-room/internal/lab","Test":"TestInternalCredentialAndInput","Elapsed":0.01}
{"Time":"2026-09-06T08:47:40.2416+09:00","Action":"run","Package":"waiting-room/internal/lab","Test":"TestLoopbackOnlyAndReservedHeaders"}
{"Time":"2026-09-06T08:47:40.241602+09:00","Action":"output","Package":"waiting-room/internal/lab","Test":"TestLoopbackOnlyAndReservedHeaders","Output":"=== RUN   TestLoopbackOnlyAndReservedHeaders\n"}
{"Time":"2026-09-06T08:47:40.241767+09:00","Action":"output","Package":"waiting-room/internal/lab","Test":"TestLoopbackOnlyAndReservedHeaders","Output":"--- PASS: TestLoopbackOnlyAndReservedHeaders (0.00s)\n"}
{"Time":"2026-09-06T08:47:40.241775+09:00","Action":"pass","Package":"waiting-room/internal/lab","Test":"TestLoopbackOnlyAndReservedHeaders","Elapsed":0}
{"Time":"2026-09-06T08:47:40.241793+09:00","Action":"output","Package":"waiting-room/internal/lab","Output":"PASS\n"}
{"Time":"2026-09-06T08:47:40.391304+09:00","Action":"run","Package":"waiting-room/internal/admission","Test":"TestDeterministicAdmissionAndBoundaries"}
{"Time":"2026-09-06T08:47:40.39133+09:00","Action":"output","Package":"waiting-room/internal/admission","Test":"TestDeterministicAdmissionAndBoundaries","Output":"=== RUN   TestDeterministicAdmissionAndBoundaries\n"}
{"Time":"2026-09-06T08:47:40.407305+09:00","Action":"output","Package":"waiting-room/internal/admission","Test":"TestDeterministicAdmissionAndBoundaries","Output":"--- PASS: TestDeterministicAdmissionAndBoundaries (0.02s)\n"}
{"Time":"2026-09-06T08:47:40.407335+09:00","Action":"pass","Package":"waiting-room/internal/admission","Test":"TestDeterministicAdmissionAndBoundaries","Elapsed":0.02}
{"Time":"2026-09-06T08:47:40.407341+09:00","Action":"output","Package":"waiting-room/internal/admission","Output":"PASS\n"}
{"Time":"2026-09-06T08:47:41.04667+09:00","Action":"output","Package":"waiting-room/internal/waiting","Output":"ok  \twaiting-room/internal/waiting\t1.258s\n"}
{"Time":"2026-09-06T08:47:41.046755+09:00","Action":"pass","Package":"waiting-room/internal/waiting","Elapsed":1.258}
{"Time":"2026-09-06T08:47:41.246297+09:00","Action":"output","Package":"waiting-room/internal/lab","Output":"ok  \twaiting-room/internal/lab\t1.457s\n"}
{"Time":"2026-09-06T08:47:41.246359+09:00","Action":"pass","Package":"waiting-room/internal/lab","Elapsed":1.458}
{"Time":"2026-09-06T08:47:41.412563+09:00","Action":"output","Package":"waiting-room/internal/admission","Output":"ok  \twaiting-room/internal/admission\t1.624s\n"}
{"Time":"2026-09-06T08:47:41.412607+09:00","Action":"pass","Package":"waiting-room/internal/admission","Elapsed":1.624}
