go vet ./...
?   	waiting-room/cmd/wr-admin-lab	[no test files]
?   	waiting-room/cmd/wr-auth-calibrate	[no test files]
?   	waiting-room/cmd/wr-lab	[no test files]
?   	waiting-room/cmd/wr-process-lab	[no test files]
ok  	waiting-room/cmd/wrctl	1.523s
ok  	waiting-room/internal/adminauth	8.599s
ok  	waiting-room/internal/adminauth/authhttp	2.240s
ok  	waiting-room/internal/adminauth/pgstore	2.536s
ok  	waiting-room/internal/adminauth/sessionhttp	2.908s
ok  	waiting-room/internal/adminlab	4.617s
ok  	waiting-room/internal/admission	3.262s
ok  	waiting-room/internal/installplan	4.009s
ok  	waiting-room/internal/installplan/clockcheck	4.669s
ok  	waiting-room/internal/installplan/preflight	3.635s
ok  	waiting-room/internal/installplan/preview	4.994s
ok  	waiting-room/internal/lab	5.287s
ok  	waiting-room/internal/policy	5.627s
ok  	waiting-room/internal/processlab	5.732s
ok  	waiting-room/internal/queue/model	5.183s
?   	waiting-room/internal/queue/valkeystore	[no test files]
ok  	waiting-room/internal/waiting	4.587s

> waiting-room-devtools@0.0.0 test
> node --test scripts/*.test.mjs

✔ front matter rejects duplicate keys and absent metadata (2.496583ms)
✔ dependency validator detects missing owners, duplicate IDs and cycles (0.387417ms)
✔ unchecked work and missing evidence cannot become GO (0.110083ms)
✔ 100K child failure blocks final release even if other children report GO (0.18425ms)
✔ declared dependency failure blocks delivery (0.05475ms)
✔ local and M0 success cannot stand in for delivery evidence (0.069375ms)
✔ evidence rejects missing identity, skipped PASS and traversal (36.148458ms)
✔ artifact digest mismatch and missing logs invalidate evidence (0.980125ms)
✔ support matrix rejects wildcard versions and false qualification (0.1725ms)
✔ benchmark targets respect default retention, skew and rolling-rate budgets (0.334708ms)
ℹ tests 10
ℹ suites 0
ℹ pass 10
ℹ fail 0
ℹ cancelled 0
ℹ skipped 0
ℹ todo 0
ℹ duration_ms 98.471125
node scripts/check-docs.mjs
PASS: 9 PRDs; ownership, dependency graph, checklist, links, evidence rules and Git tracking.
npm run lint:api

> waiting-room-devtools@0.0.0 lint:api
> redocly lint api/openapi/public-v1.yaml api/openapi/admin-v1.yaml

node --test test/contract/*.test.mjs
✔ all local OpenAPI references resolve (1.052333ms)
✔ join schema rejects absolute and scheme-relative targets (35.698541ms)
✔ Room IDs exclude invalid base32 characters (19.711458ms)
✔ public status and claim are distinct operations and heartbeat is explicit (0.083042ms)
✔ admin policy and limit schema reject unsupported/unsafe values (23.659083ms)
✔ admin mutations declare authentication and concurrency headers (0.141667ms)
✔ theme contract supports the built-in template and rejects remote/unknown IDs (22.771167ms)
✔ authentication HTTP contract separates challenges and cookie sessions (44.035958ms)
✔ bootstrap and enrollment HTTP contract restricts policy and recovery material (58.174167ms)
✔ session read/logout contract excludes secrets and declares unavailable responses (25.428917ms)
ℹ tests 10
ℹ suites 0
ℹ pass 10
ℹ fail 0
ℹ cancelled 0
ℹ skipped 0
ℹ todo 0
ℹ duration_ms 282.928834
npm run build:admin

> waiting-room-devtools@0.0.0 build:admin
> vite build --config apps/admin/vite.config.mjs

vite v8.2.2 building client environment for production...
transforming...
✓ 50 modules transformed.
rendering chunks...
computing gzip size...
build/admin-ui/index.html                             0.50 kB │ gzip:  0.34 kB
build/admin-ui/assets/preview-6nrmtAL5.css            2.97 kB │ gzip:  0.99 kB
build/admin-ui/assets/index-Bd7BhE6P.css              4.24 kB │ gzip:  1.47 kB
build/admin-ui/assets/rolldown-runtime-CbXtAM7H.js    0.58 kB │ gzip:  0.36 kB
build/admin-ui/assets/preview-BFp9Ldwz.js            12.32 kB │ gzip:  4.64 kB
build/admin-ui/assets/browser-fxCp88pT.js            23.47 kB │ gzip:  8.86 kB
build/admin-ui/assets/index-hQTL5jMA.js             203.48 kB │ gzip: 64.90 kB

✓ built in 84ms
npm run test:admin-ui

> waiting-room-devtools@0.0.0 test:admin-ui
> node --test apps/admin/test/*.test.mjs

✔ HTML patterns compile in UnicodeSets v mode and preserve ID/code bounds (0.421708ms)
✔ local QR URI encodes account and exact algorithm without remote service (0.21ms)
✔ client keeps credentials in same-origin headers/body and rejects redirects (0.17075ms)
✔ client error does not reflect backend body or network secrets (0.527833ms)
✔ storage is CSRF only and denied storage fails safely (0.342125ms)
✔ download uses fixed filename and JSON bytes, then cleans its temporary URL (0.453584ms)
✔ preview uses explicit same-origin endpoint without cookies (0.632792ms)
✔ preview never reflects backend or network error values (0.261833ms)
ℹ tests 8
ℹ suites 0
ℹ pass 8
ℹ fail 0
ℹ cancelled 0
ℹ skipped 0
ℹ todo 0
ℹ duration_ms 35.429042
node --test test/installplan/*.test.mjs
✔ standard: schema and executable agree on profile/TOTP/region bounds (519.930375ms)
✔ high-scale: schema and executable agree on profile/TOTP/region bounds (88.695167ms)
✔ cost: schema and CLI agree; exact subtotals preserve provenance (115.657459ms)
✔ report: nested input schemas, CLI recomputation and region equality (45.21ms)
ℹ tests 4
ℹ suites 0
ℹ pass 4
ℹ fail 0
ℹ cancelled 0
ℹ skipped 0
ℹ todo 0
ℹ duration_ms 1409.742667
validating api/openapi/public-v1.yaml...
api/openapi/public-v1.yaml: validated in 17ms

validating api/openapi/admin-v1.yaml...
api/openapi/admin-v1.yaml: validated in 19ms

Woohoo! Your API descriptions are valid. 🎉

