go vet ./...
?   	waiting-room/cmd/wr-admin-lab	[no test files]
?   	waiting-room/cmd/wr-auth-calibrate	[no test files]
?   	waiting-room/cmd/wr-lab	[no test files]
?   	waiting-room/cmd/wr-process-lab	[no test files]
ok  	waiting-room/cmd/wrctl	1.664s
ok  	waiting-room/internal/adminauth	8.482s
ok  	waiting-room/internal/adminauth/authhttp	2.364s
ok  	waiting-room/internal/adminauth/pgstore	4.497s
ok  	waiting-room/internal/adminauth/sessionhttp	2.739s
ok  	waiting-room/internal/adminlab	4.085s
ok  	waiting-room/internal/admission	5.838s
ok  	waiting-room/internal/installplan	3.162s
ok  	waiting-room/internal/installplan/clockcheck	3.821s
ok  	waiting-room/internal/installplan/preflight	6.244s
ok  	waiting-room/internal/installplan/preview	4.929s
ok  	waiting-room/internal/lab	5.433s
ok  	waiting-room/internal/policy	6.629s
ok  	waiting-room/internal/processlab	7.014s
ok  	waiting-room/internal/queue/model	6.308s
ok  	waiting-room/internal/queue/valkeystore	5.701s
ok  	waiting-room/internal/waiting	5.744s

> waiting-room-devtools@0.0.0 test
> node --test scripts/*.test.mjs

✔ front matter rejects duplicate keys and absent metadata (2.504875ms)
✔ dependency validator detects missing owners, duplicate IDs and cycles (0.320709ms)
✔ unchecked work and missing evidence cannot become GO (0.10025ms)
✔ 100K child failure blocks final release even if other children report GO (0.170583ms)
✔ declared dependency failure blocks delivery (0.05475ms)
✔ local and M0 success cannot stand in for delivery evidence (0.069292ms)
✔ evidence rejects missing identity, skipped PASS and traversal (35.013041ms)
✔ artifact digest mismatch and missing logs invalidate evidence (1.102875ms)
✔ support matrix rejects wildcard versions and false qualification (0.17375ms)
✔ benchmark targets respect default retention, skew and rolling-rate budgets (0.324584ms)
ℹ tests 10
ℹ suites 0
ℹ pass 10
ℹ fail 0
ℹ cancelled 0
ℹ skipped 0
ℹ todo 0
ℹ duration_ms 93.221459
node scripts/check-docs.mjs
PASS: 9 PRDs; ownership, dependency graph, checklist, links, evidence rules and Git tracking.
npm run lint:api

> waiting-room-devtools@0.0.0 lint:api
> redocly lint api/openapi/public-v1.yaml api/openapi/admin-v1.yaml

node --test test/contract/*.test.mjs
✔ all local OpenAPI references resolve (0.975834ms)
✔ join schema rejects absolute and scheme-relative targets (33.00775ms)
✔ Room IDs exclude invalid base32 characters (17.021666ms)
✔ public status and claim are distinct operations and heartbeat is explicit (0.072167ms)
✔ admin policy and limit schema reject unsupported/unsafe values (21.097291ms)
✔ admin mutations declare authentication and concurrency headers (0.135292ms)
✔ theme contract supports the built-in template and rejects remote/unknown IDs (19.68ms)
✔ authentication HTTP contract separates challenges and cookie sessions (40.543583ms)
✔ bootstrap and enrollment HTTP contract restricts policy and recovery material (53.267959ms)
✔ session read/logout contract excludes secrets and declares unavailable responses (24.175833ms)
ℹ tests 10
ℹ suites 0
ℹ pass 10
ℹ fail 0
ℹ cancelled 0
ℹ skipped 0
ℹ todo 0
ℹ duration_ms 258.82125
npm run build:admin

> waiting-room-devtools@0.0.0 build:admin
> vite build --config apps/admin/vite.config.mjs

vite v8.2.2 building client environment for production...
transforming...
✓ 50 modules transformed.
rendering chunks...
computing gzip size...
build/admin-ui/index.html                             0.50 kB │ gzip:  0.34 kB
build/admin-ui/assets/preview-6nrmtAL5.css            2.97 kB │ gzip:  0.99 kB
build/admin-ui/assets/index-Bd7BhE6P.css              4.24 kB │ gzip:  1.47 kB
build/admin-ui/assets/rolldown-runtime-CbXtAM7H.js    0.58 kB │ gzip:  0.36 kB
build/admin-ui/assets/preview-BFp9Ldwz.js            12.32 kB │ gzip:  4.64 kB
build/admin-ui/assets/browser-fxCp88pT.js            23.47 kB │ gzip:  8.86 kB
build/admin-ui/assets/index-hQTL5jMA.js             203.48 kB │ gzip: 64.90 kB

✓ built in 73ms
npm run test:admin-ui

> waiting-room-devtools@0.0.0 test:admin-ui
> node --test apps/admin/test/*.test.mjs

✔ HTML patterns compile in UnicodeSets v mode and preserve ID/code bounds (0.351167ms)
✔ local QR URI encodes account and exact algorithm without remote service (0.183083ms)
✔ client keeps credentials in same-origin headers/body and rejects redirects (0.160208ms)
✔ client error does not reflect backend body or network secrets (0.497416ms)
✔ storage is CSRF only and denied storage fails safely (0.321333ms)
✔ download uses fixed filename and JSON bytes, then cleans its temporary URL (0.441708ms)
✔ preview uses explicit same-origin endpoint without cookies (0.541917ms)
✔ preview never reflects backend or network error values (0.249417ms)
ℹ tests 8
ℹ suites 0
ℹ pass 8
ℹ fail 0
ℹ cancelled 0
ℹ skipped 0
ℹ todo 0
ℹ duration_ms 33.022208
node --test test/installplan/*.test.mjs
✔ standard: schema and executable agree on profile/TOTP/region bounds (534.993625ms)
✔ high-scale: schema and executable agree on profile/TOTP/region bounds (70.685166ms)
✔ cost: schema and CLI agree; exact subtotals preserve provenance (91.361416ms)
✔ report: nested input schemas, CLI recomputation and region equality (38.218417ms)
ℹ tests 4
ℹ suites 0
ℹ pass 4
ℹ fail 0
ℹ cancelled 0
ℹ skipped 0
ℹ todo 0
ℹ duration_ms 1299.176292
validating api/openapi/public-v1.yaml...
api/openapi/public-v1.yaml: validated in 16ms

validating api/openapi/admin-v1.yaml...
api/openapi/admin-v1.yaml: validated in 18ms

Woohoo! Your API descriptions are valid. 🎉

