=== RUN   TestPostgresConcurrentChallengeAndCounter
=== RUN   TestPostgresConcurrentChallengeAndCounter/same_challenge=true
    store_integration_test.go:156: PostgreSQL 17.11 (Debian 17.11-1.pgdg13+2) ; two independent pools
=== RUN   TestPostgresConcurrentChallengeAndCounter/same_challenge=false
    store_integration_test.go:156: PostgreSQL 17.11 (Debian 17.11-1.pgdg13+2) ; two independent pools
--- PASS: TestPostgresConcurrentChallengeAndCounter (0.48s)
    --- PASS: TestPostgresConcurrentChallengeAndCounter/same_challenge=true (0.19s)
    --- PASS: TestPostgresConcurrentChallengeAndCounter/same_challenge=false (0.29s)
=== RUN   TestPostgresFiveFailuresAndExpiry
    store_integration_test.go:197: PostgreSQL 17.11 (Debian 17.11-1.pgdg13+2) ; two independent pools
--- PASS: TestPostgresFiveFailuresAndExpiry (0.05s)
=== RUN   TestPostgresStaleIdentityAndPolicy
=== RUN   TestPostgresStaleIdentityAndPolicy/UPDATE_auth_accounts_SET_enabled=false
    store_integration_test.go:230: PostgreSQL 17.11 (Debian 17.11-1.pgdg13+2) ; two independent pools
=== RUN   TestPostgresStaleIdentityAndPolicy/UPDATE_auth_accounts_SET_session_version=2
    store_integration_test.go:230: PostgreSQL 17.11 (Debian 17.11-1.pgdg13+2) ; two independent pools
=== RUN   TestPostgresStaleIdentityAndPolicy/UPDATE_auth_policy_SET_version=2
    store_integration_test.go:230: PostgreSQL 17.11 (Debian 17.11-1.pgdg13+2) ; two independent pools
=== RUN   TestPostgresStaleIdentityAndPolicy/UPDATE_auth_policy_SET_totp_enabled=false
    store_integration_test.go:230: PostgreSQL 17.11 (Debian 17.11-1.pgdg13+2) ; two independent pools
=== RUN   TestPostgresStaleIdentityAndPolicy/UPDATE_auth_totp_credentials_SET_version=2
    store_integration_test.go:230: PostgreSQL 17.11 (Debian 17.11-1.pgdg13+2) ; two independent pools
--- PASS: TestPostgresStaleIdentityAndPolicy (0.17s)
    --- PASS: TestPostgresStaleIdentityAndPolicy/UPDATE_auth_accounts_SET_enabled=false (0.04s)
    --- PASS: TestPostgresStaleIdentityAndPolicy/UPDATE_auth_accounts_SET_session_version=2 (0.04s)
    --- PASS: TestPostgresStaleIdentityAndPolicy/UPDATE_auth_policy_SET_version=2 (0.03s)
    --- PASS: TestPostgresStaleIdentityAndPolicy/UPDATE_auth_policy_SET_totp_enabled=false (0.03s)
    --- PASS: TestPostgresStaleIdentityAndPolicy/UPDATE_auth_totp_credentials_SET_version=2 (0.03s)
=== RUN   TestPostgresRollbackSessionFailure
    store_integration_test.go:242: PostgreSQL 17.11 (Debian 17.11-1.pgdg13+2) ; two independent pools
--- PASS: TestPostgresRollbackSessionFailure (0.07s)
=== RUN   TestPostgresCiphertextAndCancellationFailClosed
    store_integration_test.go:277: PostgreSQL 17.11 (Debian 17.11-1.pgdg13+2) ; two independent pools
--- PASS: TestPostgresCiphertextAndCancellationFailClosed (0.04s)
=== RUN   TestPostgresExpiryAfterLockWait
    store_integration_test.go:293: PostgreSQL 17.11 (Debian 17.11-1.pgdg13+2) ; two independent pools
--- PASS: TestPostgresExpiryAfterLockWait (0.35s)
=== RUN   TestPostgresConcurrentChallengeAndCounter
=== RUN   TestPostgresConcurrentChallengeAndCounter/same_challenge=true
    store_integration_test.go:156: PostgreSQL 17.11 (Debian 17.11-1.pgdg13+2) ; two independent pools
=== RUN   TestPostgresConcurrentChallengeAndCounter/same_challenge=false
    store_integration_test.go:156: PostgreSQL 17.11 (Debian 17.11-1.pgdg13+2) ; two independent pools
--- PASS: TestPostgresConcurrentChallengeAndCounter (0.42s)
    --- PASS: TestPostgresConcurrentChallengeAndCounter/same_challenge=true (0.19s)
    --- PASS: TestPostgresConcurrentChallengeAndCounter/same_challenge=false (0.24s)
=== RUN   TestPostgresFiveFailuresAndExpiry
    store_integration_test.go:197: PostgreSQL 17.11 (Debian 17.11-1.pgdg13+2) ; two independent pools
--- PASS: TestPostgresFiveFailuresAndExpiry (0.05s)
=== RUN   TestPostgresStaleIdentityAndPolicy
=== RUN   TestPostgresStaleIdentityAndPolicy/UPDATE_auth_accounts_SET_enabled=false
    store_integration_test.go:230: PostgreSQL 17.11 (Debian 17.11-1.pgdg13+2) ; two independent pools
=== RUN   TestPostgresStaleIdentityAndPolicy/UPDATE_auth_accounts_SET_session_version=2
    store_integration_test.go:230: PostgreSQL 17.11 (Debian 17.11-1.pgdg13+2) ; two independent pools
=== RUN   TestPostgresStaleIdentityAndPolicy/UPDATE_auth_policy_SET_version=2
    store_integration_test.go:230: PostgreSQL 17.11 (Debian 17.11-1.pgdg13+2) ; two independent pools
=== RUN   TestPostgresStaleIdentityAndPolicy/UPDATE_auth_policy_SET_totp_enabled=false
    store_integration_test.go:230: PostgreSQL 17.11 (Debian 17.11-1.pgdg13+2) ; two independent pools
=== RUN   TestPostgresStaleIdentityAndPolicy/UPDATE_auth_totp_credentials_SET_version=2
    store_integration_test.go:230: PostgreSQL 17.11 (Debian 17.11-1.pgdg13+2) ; two independent pools
--- PASS: TestPostgresStaleIdentityAndPolicy (0.17s)
    --- PASS: TestPostgresStaleIdentityAndPolicy/UPDATE_auth_accounts_SET_enabled=false (0.03s)
    --- PASS: TestPostgresStaleIdentityAndPolicy/UPDATE_auth_accounts_SET_session_version=2 (0.03s)
    --- PASS: TestPostgresStaleIdentityAndPolicy/UPDATE_auth_policy_SET_version=2 (0.03s)
    --- PASS: TestPostgresStaleIdentityAndPolicy/UPDATE_auth_policy_SET_totp_enabled=false (0.03s)
    --- PASS: TestPostgresStaleIdentityAndPolicy/UPDATE_auth_totp_credentials_SET_version=2 (0.03s)
=== RUN   TestPostgresRollbackSessionFailure
    store_integration_test.go:242: PostgreSQL 17.11 (Debian 17.11-1.pgdg13+2) ; two independent pools
--- PASS: TestPostgresRollbackSessionFailure (0.07s)
=== RUN   TestPostgresCiphertextAndCancellationFailClosed
    store_integration_test.go:277: PostgreSQL 17.11 (Debian 17.11-1.pgdg13+2) ; two independent pools
--- PASS: TestPostgresCiphertextAndCancellationFailClosed (0.04s)
=== RUN   TestPostgresExpiryAfterLockWait
    store_integration_test.go:293: PostgreSQL 17.11 (Debian 17.11-1.pgdg13+2) ; two independent pools
--- PASS: TestPostgresExpiryAfterLockWait (0.35s)
=== RUN   TestPostgresConcurrentChallengeAndCounter
=== RUN   TestPostgresConcurrentChallengeAndCounter/same_challenge=true
    store_integration_test.go:156: PostgreSQL 17.11 (Debian 17.11-1.pgdg13+2) ; two independent pools
=== RUN   TestPostgresConcurrentChallengeAndCounter/same_challenge=false
    store_integration_test.go:156: PostgreSQL 17.11 (Debian 17.11-1.pgdg13+2) ; two independent pools
--- PASS: TestPostgresConcurrentChallengeAndCounter (0.47s)
    --- PASS: TestPostgresConcurrentChallengeAndCounter/same_challenge=true (0.19s)
    --- PASS: TestPostgresConcurrentChallengeAndCounter/same_challenge=false (0.28s)
=== RUN   TestPostgresFiveFailuresAndExpiry
    store_integration_test.go:197: PostgreSQL 17.11 (Debian 17.11-1.pgdg13+2) ; two independent pools
--- PASS: TestPostgresFiveFailuresAndExpiry (0.05s)
=== RUN   TestPostgresStaleIdentityAndPolicy
=== RUN   TestPostgresStaleIdentityAndPolicy/UPDATE_auth_accounts_SET_enabled=false
    store_integration_test.go:230: PostgreSQL 17.11 (Debian 17.11-1.pgdg13+2) ; two independent pools
=== RUN   TestPostgresStaleIdentityAndPolicy/UPDATE_auth_accounts_SET_session_version=2
    store_integration_test.go:230: PostgreSQL 17.11 (Debian 17.11-1.pgdg13+2) ; two independent pools
=== RUN   TestPostgresStaleIdentityAndPolicy/UPDATE_auth_policy_SET_version=2
    store_integration_test.go:230: PostgreSQL 17.11 (Debian 17.11-1.pgdg13+2) ; two independent pools
=== RUN   TestPostgresStaleIdentityAndPolicy/UPDATE_auth_policy_SET_totp_enabled=false
    store_integration_test.go:230: PostgreSQL 17.11 (Debian 17.11-1.pgdg13+2) ; two independent pools
=== RUN   TestPostgresStaleIdentityAndPolicy/UPDATE_auth_totp_credentials_SET_version=2
    store_integration_test.go:230: PostgreSQL 17.11 (Debian 17.11-1.pgdg13+2) ; two independent pools
--- PASS: TestPostgresStaleIdentityAndPolicy (0.17s)
    --- PASS: TestPostgresStaleIdentityAndPolicy/UPDATE_auth_accounts_SET_enabled=false (0.03s)
    --- PASS: TestPostgresStaleIdentityAndPolicy/UPDATE_auth_accounts_SET_session_version=2 (0.04s)
    --- PASS: TestPostgresStaleIdentityAndPolicy/UPDATE_auth_policy_SET_version=2 (0.04s)
    --- PASS: TestPostgresStaleIdentityAndPolicy/UPDATE_auth_policy_SET_totp_enabled=false (0.03s)
    --- PASS: TestPostgresStaleIdentityAndPolicy/UPDATE_auth_totp_credentials_SET_version=2 (0.04s)
=== RUN   TestPostgresRollbackSessionFailure
    store_integration_test.go:242: PostgreSQL 17.11 (Debian 17.11-1.pgdg13+2) ; two independent pools
--- PASS: TestPostgresRollbackSessionFailure (0.07s)
=== RUN   TestPostgresCiphertextAndCancellationFailClosed
    store_integration_test.go:277: PostgreSQL 17.11 (Debian 17.11-1.pgdg13+2) ; two independent pools
--- PASS: TestPostgresCiphertextAndCancellationFailClosed (0.03s)
=== RUN   TestPostgresExpiryAfterLockWait
    store_integration_test.go:293: PostgreSQL 17.11 (Debian 17.11-1.pgdg13+2) ; two independent pools
--- PASS: TestPostgresExpiryAfterLockWait (0.34s)
=== RUN   TestPostgresConcurrentChallengeAndCounter
=== RUN   TestPostgresConcurrentChallengeAndCounter/same_challenge=true
    store_integration_test.go:156: PostgreSQL 17.11 (Debian 17.11-1.pgdg13+2) ; two independent pools
=== RUN   TestPostgresConcurrentChallengeAndCounter/same_challenge=false
    store_integration_test.go:156: PostgreSQL 17.11 (Debian 17.11-1.pgdg13+2) ; two independent pools
--- PASS: TestPostgresConcurrentChallengeAndCounter (0.41s)
    --- PASS: TestPostgresConcurrentChallengeAndCounter/same_challenge=true (0.18s)
    --- PASS: TestPostgresConcurrentChallengeAndCounter/same_challenge=false (0.23s)
=== RUN   TestPostgresFiveFailuresAndExpiry
    store_integration_test.go:197: PostgreSQL 17.11 (Debian 17.11-1.pgdg13+2) ; two independent pools
--- PASS: TestPostgresFiveFailuresAndExpiry (0.05s)
=== RUN   TestPostgresStaleIdentityAndPolicy
=== RUN   TestPostgresStaleIdentityAndPolicy/UPDATE_auth_accounts_SET_enabled=false
    store_integration_test.go:230: PostgreSQL 17.11 (Debian 17.11-1.pgdg13+2) ; two independent pools
=== RUN   TestPostgresStaleIdentityAndPolicy/UPDATE_auth_accounts_SET_session_version=2
    store_integration_test.go:230: PostgreSQL 17.11 (Debian 17.11-1.pgdg13+2) ; two independent pools
=== RUN   TestPostgresStaleIdentityAndPolicy/UPDATE_auth_policy_SET_version=2
    store_integration_test.go:230: PostgreSQL 17.11 (Debian 17.11-1.pgdg13+2) ; two independent pools
=== RUN   TestPostgresStaleIdentityAndPolicy/UPDATE_auth_policy_SET_totp_enabled=false
    store_integration_test.go:230: PostgreSQL 17.11 (Debian 17.11-1.pgdg13+2) ; two independent pools
=== RUN   TestPostgresStaleIdentityAndPolicy/UPDATE_auth_totp_credentials_SET_version=2
    store_integration_test.go:230: PostgreSQL 17.11 (Debian 17.11-1.pgdg13+2) ; two independent pools
--- PASS: TestPostgresStaleIdentityAndPolicy (0.17s)
    --- PASS: TestPostgresStaleIdentityAndPolicy/UPDATE_auth_accounts_SET_enabled=false (0.03s)
    --- PASS: TestPostgresStaleIdentityAndPolicy/UPDATE_auth_accounts_SET_session_version=2 (0.03s)
    --- PASS: TestPostgresStaleIdentityAndPolicy/UPDATE_auth_policy_SET_version=2 (0.03s)
    --- PASS: TestPostgresStaleIdentityAndPolicy/UPDATE_auth_policy_SET_totp_enabled=false (0.03s)
    --- PASS: TestPostgresStaleIdentityAndPolicy/UPDATE_auth_totp_credentials_SET_version=2 (0.04s)
=== RUN   TestPostgresRollbackSessionFailure
    store_integration_test.go:242: PostgreSQL 17.11 (Debian 17.11-1.pgdg13+2) ; two independent pools
--- PASS: TestPostgresRollbackSessionFailure (0.07s)
=== RUN   TestPostgresCiphertextAndCancellationFailClosed
    store_integration_test.go:277: PostgreSQL 17.11 (Debian 17.11-1.pgdg13+2) ; two independent pools
--- PASS: TestPostgresCiphertextAndCancellationFailClosed (0.04s)
=== RUN   TestPostgresExpiryAfterLockWait
    store_integration_test.go:293: PostgreSQL 17.11 (Debian 17.11-1.pgdg13+2) ; two independent pools
--- PASS: TestPostgresExpiryAfterLockWait (0.35s)
=== RUN   TestPostgresConcurrentChallengeAndCounter
=== RUN   TestPostgresConcurrentChallengeAndCounter/same_challenge=true
    store_integration_test.go:156: PostgreSQL 17.11 (Debian 17.11-1.pgdg13+2) ; two independent pools
=== RUN   TestPostgresConcurrentChallengeAndCounter/same_challenge=false
    store_integration_test.go:156: PostgreSQL 17.11 (Debian 17.11-1.pgdg13+2) ; two independent pools
--- PASS: TestPostgresConcurrentChallengeAndCounter (0.40s)
    --- PASS: TestPostgresConcurrentChallengeAndCounter/same_challenge=true (0.18s)
    --- PASS: TestPostgresConcurrentChallengeAndCounter/same_challenge=false (0.22s)
=== RUN   TestPostgresFiveFailuresAndExpiry
    store_integration_test.go:197: PostgreSQL 17.11 (Debian 17.11-1.pgdg13+2) ; two independent pools
--- PASS: TestPostgresFiveFailuresAndExpiry (0.05s)
=== RUN   TestPostgresStaleIdentityAndPolicy
=== RUN   TestPostgresStaleIdentityAndPolicy/UPDATE_auth_accounts_SET_enabled=false
    store_integration_test.go:230: PostgreSQL 17.11 (Debian 17.11-1.pgdg13+2) ; two independent pools
=== RUN   TestPostgresStaleIdentityAndPolicy/UPDATE_auth_accounts_SET_session_version=2
    store_integration_test.go:230: PostgreSQL 17.11 (Debian 17.11-1.pgdg13+2) ; two independent pools
=== RUN   TestPostgresStaleIdentityAndPolicy/UPDATE_auth_policy_SET_version=2
    store_integration_test.go:230: PostgreSQL 17.11 (Debian 17.11-1.pgdg13+2) ; two independent pools
=== RUN   TestPostgresStaleIdentityAndPolicy/UPDATE_auth_policy_SET_totp_enabled=false
    store_integration_test.go:230: PostgreSQL 17.11 (Debian 17.11-1.pgdg13+2) ; two independent pools
=== RUN   TestPostgresStaleIdentityAndPolicy/UPDATE_auth_totp_credentials_SET_version=2
    store_integration_test.go:230: PostgreSQL 17.11 (Debian 17.11-1.pgdg13+2) ; two independent pools
--- PASS: TestPostgresStaleIdentityAndPolicy (0.17s)
    --- PASS: TestPostgresStaleIdentityAndPolicy/UPDATE_auth_accounts_SET_enabled=false (0.03s)
    --- PASS: TestPostgresStaleIdentityAndPolicy/UPDATE_auth_accounts_SET_session_version=2 (0.04s)
    --- PASS: TestPostgresStaleIdentityAndPolicy/UPDATE_auth_policy_SET_version=2 (0.03s)
    --- PASS: TestPostgresStaleIdentityAndPolicy/UPDATE_auth_policy_SET_totp_enabled=false (0.03s)
    --- PASS: TestPostgresStaleIdentityAndPolicy/UPDATE_auth_totp_credentials_SET_version=2 (0.03s)
=== RUN   TestPostgresRollbackSessionFailure
    store_integration_test.go:242: PostgreSQL 17.11 (Debian 17.11-1.pgdg13+2) ; two independent pools
--- PASS: TestPostgresRollbackSessionFailure (0.06s)
=== RUN   TestPostgresCiphertextAndCancellationFailClosed
    store_integration_test.go:277: PostgreSQL 17.11 (Debian 17.11-1.pgdg13+2) ; two independent pools
--- PASS: TestPostgresCiphertextAndCancellationFailClosed (0.03s)
=== RUN   TestPostgresExpiryAfterLockWait
    store_integration_test.go:293: PostgreSQL 17.11 (Debian 17.11-1.pgdg13+2) ; two independent pools
--- PASS: TestPostgresExpiryAfterLockWait (0.35s)
=== RUN   TestPostgresConcurrentChallengeAndCounter
=== RUN   TestPostgresConcurrentChallengeAndCounter/same_challenge=true
    store_integration_test.go:156: PostgreSQL 17.11 (Debian 17.11-1.pgdg13+2) ; two independent pools
=== RUN   TestPostgresConcurrentChallengeAndCounter/same_challenge=false
    store_integration_test.go:156: PostgreSQL 17.11 (Debian 17.11-1.pgdg13+2) ; two independent pools
--- PASS: TestPostgresConcurrentChallengeAndCounter (0.39s)
    --- PASS: TestPostgresConcurrentChallengeAndCounter/same_challenge=true (0.16s)
    --- PASS: TestPostgresConcurrentChallengeAndCounter/same_challenge=false (0.23s)
=== RUN   TestPostgresFiveFailuresAndExpiry
    store_integration_test.go:197: PostgreSQL 17.11 (Debian 17.11-1.pgdg13+2) ; two independent pools
--- PASS: TestPostgresFiveFailuresAndExpiry (0.05s)
=== RUN   TestPostgresStaleIdentityAndPolicy
=== RUN   TestPostgresStaleIdentityAndPolicy/UPDATE_auth_accounts_SET_enabled=false
    store_integration_test.go:230: PostgreSQL 17.11 (Debian 17.11-1.pgdg13+2) ; two independent pools
=== RUN   TestPostgresStaleIdentityAndPolicy/UPDATE_auth_accounts_SET_session_version=2
    store_integration_test.go:230: PostgreSQL 17.11 (Debian 17.11-1.pgdg13+2) ; two independent pools
=== RUN   TestPostgresStaleIdentityAndPolicy/UPDATE_auth_policy_SET_version=2
    store_integration_test.go:230: PostgreSQL 17.11 (Debian 17.11-1.pgdg13+2) ; two independent pools
=== RUN   TestPostgresStaleIdentityAndPolicy/UPDATE_auth_policy_SET_totp_enabled=false
    store_integration_test.go:230: PostgreSQL 17.11 (Debian 17.11-1.pgdg13+2) ; two independent pools
=== RUN   TestPostgresStaleIdentityAndPolicy/UPDATE_auth_totp_credentials_SET_version=2
    store_integration_test.go:230: PostgreSQL 17.11 (Debian 17.11-1.pgdg13+2) ; two independent pools
--- PASS: TestPostgresStaleIdentityAndPolicy (0.16s)
    --- PASS: TestPostgresStaleIdentityAndPolicy/UPDATE_auth_accounts_SET_enabled=false (0.03s)
    --- PASS: TestPostgresStaleIdentityAndPolicy/UPDATE_auth_accounts_SET_session_version=2 (0.03s)
    --- PASS: TestPostgresStaleIdentityAndPolicy/UPDATE_auth_policy_SET_version=2 (0.03s)
    --- PASS: TestPostgresStaleIdentityAndPolicy/UPDATE_auth_policy_SET_totp_enabled=false (0.03s)
    --- PASS: TestPostgresStaleIdentityAndPolicy/UPDATE_auth_totp_credentials_SET_version=2 (0.04s)
=== RUN   TestPostgresRollbackSessionFailure
    store_integration_test.go:242: PostgreSQL 17.11 (Debian 17.11-1.pgdg13+2) ; two independent pools
--- PASS: TestPostgresRollbackSessionFailure (0.07s)
=== RUN   TestPostgresCiphertextAndCancellationFailClosed
    store_integration_test.go:277: PostgreSQL 17.11 (Debian 17.11-1.pgdg13+2) ; two independent pools
--- PASS: TestPostgresCiphertextAndCancellationFailClosed (0.03s)
=== RUN   TestPostgresExpiryAfterLockWait
    store_integration_test.go:293: PostgreSQL 17.11 (Debian 17.11-1.pgdg13+2) ; two independent pools
--- PASS: TestPostgresExpiryAfterLockWait (0.34s)
=== RUN   TestPostgresConcurrentChallengeAndCounter
=== RUN   TestPostgresConcurrentChallengeAndCounter/same_challenge=true
    store_integration_test.go:156: PostgreSQL 17.11 (Debian 17.11-1.pgdg13+2) ; two independent pools
=== RUN   TestPostgresConcurrentChallengeAndCounter/same_challenge=false
    store_integration_test.go:156: PostgreSQL 17.11 (Debian 17.11-1.pgdg13+2) ; two independent pools
--- PASS: TestPostgresConcurrentChallengeAndCounter (1.72s)
    --- PASS: TestPostgresConcurrentChallengeAndCounter/same_challenge=true (0.17s)
    --- PASS: TestPostgresConcurrentChallengeAndCounter/same_challenge=false (1.55s)
=== RUN   TestPostgresFiveFailuresAndExpiry
    store_integration_test.go:197: PostgreSQL 17.11 (Debian 17.11-1.pgdg13+2) ; two independent pools
--- PASS: TestPostgresFiveFailuresAndExpiry (0.47s)
=== RUN   TestPostgresStaleIdentityAndPolicy
=== RUN   TestPostgresStaleIdentityAndPolicy/UPDATE_auth_accounts_SET_enabled=false
    store_integration_test.go:230: PostgreSQL 17.11 (Debian 17.11-1.pgdg13+2) ; two independent pools
=== RUN   TestPostgresStaleIdentityAndPolicy/UPDATE_auth_accounts_SET_session_version=2
    store_integration_test.go:230: PostgreSQL 17.11 (Debian 17.11-1.pgdg13+2) ; two independent pools
=== RUN   TestPostgresStaleIdentityAndPolicy/UPDATE_auth_policy_SET_version=2
    store_integration_test.go:230: PostgreSQL 17.11 (Debian 17.11-1.pgdg13+2) ; two independent pools
=== RUN   TestPostgresStaleIdentityAndPolicy/UPDATE_auth_policy_SET_totp_enabled=false
    store_integration_test.go:230: PostgreSQL 17.11 (Debian 17.11-1.pgdg13+2) ; two independent pools
=== RUN   TestPostgresStaleIdentityAndPolicy/UPDATE_auth_totp_credentials_SET_version=2
    store_integration_test.go:230: PostgreSQL 17.11 (Debian 17.11-1.pgdg13+2) ; two independent pools
--- PASS: TestPostgresStaleIdentityAndPolicy (0.23s)
    --- PASS: TestPostgresStaleIdentityAndPolicy/UPDATE_auth_accounts_SET_enabled=false (0.05s)
    --- PASS: TestPostgresStaleIdentityAndPolicy/UPDATE_auth_accounts_SET_session_version=2 (0.05s)
    --- PASS: TestPostgresStaleIdentityAndPolicy/UPDATE_auth_policy_SET_version=2 (0.05s)
    --- PASS: TestPostgresStaleIdentityAndPolicy/UPDATE_auth_policy_SET_totp_enabled=false (0.04s)
    --- PASS: TestPostgresStaleIdentityAndPolicy/UPDATE_auth_totp_credentials_SET_version=2 (0.05s)
=== RUN   TestPostgresRollbackSessionFailure
    store_integration_test.go:242: PostgreSQL 17.11 (Debian 17.11-1.pgdg13+2) ; two independent pools
--- PASS: TestPostgresRollbackSessionFailure (0.10s)
=== RUN   TestPostgresCiphertextAndCancellationFailClosed
    store_integration_test.go:277: PostgreSQL 17.11 (Debian 17.11-1.pgdg13+2) ; two independent pools
--- PASS: TestPostgresCiphertextAndCancellationFailClosed (0.04s)
=== RUN   TestPostgresExpiryAfterLockWait
    store_integration_test.go:293: PostgreSQL 17.11 (Debian 17.11-1.pgdg13+2) ; two independent pools
--- PASS: TestPostgresExpiryAfterLockWait (0.36s)
=== RUN   TestPostgresConcurrentChallengeAndCounter
=== RUN   TestPostgresConcurrentChallengeAndCounter/same_challenge=true
    store_integration_test.go:156: PostgreSQL 17.11 (Debian 17.11-1.pgdg13+2) ; two independent pools
=== RUN   TestPostgresConcurrentChallengeAndCounter/same_challenge=false
    store_integration_test.go:156: PostgreSQL 17.11 (Debian 17.11-1.pgdg13+2) ; two independent pools
--- PASS: TestPostgresConcurrentChallengeAndCounter (2.91s)
    --- PASS: TestPostgresConcurrentChallengeAndCounter/same_challenge=true (0.26s)
    --- PASS: TestPostgresConcurrentChallengeAndCounter/same_challenge=false (2.64s)
=== RUN   TestPostgresFiveFailuresAndExpiry
    store_integration_test.go:197: PostgreSQL 17.11 (Debian 17.11-1.pgdg13+2) ; two independent pools
--- PASS: TestPostgresFiveFailuresAndExpiry (0.35s)
=== RUN   TestPostgresStaleIdentityAndPolicy
=== RUN   TestPostgresStaleIdentityAndPolicy/UPDATE_auth_accounts_SET_enabled=false
    store_integration_test.go:230: PostgreSQL 17.11 (Debian 17.11-1.pgdg13+2) ; two independent pools
=== RUN   TestPostgresStaleIdentityAndPolicy/UPDATE_auth_accounts_SET_session_version=2
    store_integration_test.go:230: PostgreSQL 17.11 (Debian 17.11-1.pgdg13+2) ; two independent pools
=== RUN   TestPostgresStaleIdentityAndPolicy/UPDATE_auth_policy_SET_version=2
    store_integration_test.go:230: PostgreSQL 17.11 (Debian 17.11-1.pgdg13+2) ; two independent pools
=== RUN   TestPostgresStaleIdentityAndPolicy/UPDATE_auth_policy_SET_totp_enabled=false
    store_integration_test.go:230: PostgreSQL 17.11 (Debian 17.11-1.pgdg13+2) ; two independent pools
=== RUN   TestPostgresStaleIdentityAndPolicy/UPDATE_auth_totp_credentials_SET_version=2
    store_integration_test.go:230: PostgreSQL 17.11 (Debian 17.11-1.pgdg13+2) ; two independent pools
--- PASS: TestPostgresStaleIdentityAndPolicy (0.33s)
    --- PASS: TestPostgresStaleIdentityAndPolicy/UPDATE_auth_accounts_SET_enabled=false (0.09s)
    --- PASS: TestPostgresStaleIdentityAndPolicy/UPDATE_auth_accounts_SET_session_version=2 (0.05s)
    --- PASS: TestPostgresStaleIdentityAndPolicy/UPDATE_auth_policy_SET_version=2 (0.04s)
    --- PASS: TestPostgresStaleIdentityAndPolicy/UPDATE_auth_policy_SET_totp_enabled=false (0.04s)
    --- PASS: TestPostgresStaleIdentityAndPolicy/UPDATE_auth_totp_credentials_SET_version=2 (0.11s)
=== RUN   TestPostgresRollbackSessionFailure
    store_integration_test.go:242: PostgreSQL 17.11 (Debian 17.11-1.pgdg13+2) ; two independent pools
--- PASS: TestPostgresRollbackSessionFailure (0.10s)
=== RUN   TestPostgresCiphertextAndCancellationFailClosed
    store_integration_test.go:277: PostgreSQL 17.11 (Debian 17.11-1.pgdg13+2) ; two independent pools
--- PASS: TestPostgresCiphertextAndCancellationFailClosed (0.04s)
=== RUN   TestPostgresExpiryAfterLockWait
    store_integration_test.go:293: PostgreSQL 17.11 (Debian 17.11-1.pgdg13+2) ; two independent pools
--- PASS: TestPostgresExpiryAfterLockWait (0.36s)
=== RUN   TestPostgresConcurrentChallengeAndCounter
=== RUN   TestPostgresConcurrentChallengeAndCounter/same_challenge=true
    store_integration_test.go:156: PostgreSQL 17.11 (Debian 17.11-1.pgdg13+2) ; two independent pools
=== RUN   TestPostgresConcurrentChallengeAndCounter/same_challenge=false
    store_integration_test.go:156: PostgreSQL 17.11 (Debian 17.11-1.pgdg13+2) ; two independent pools
--- PASS: TestPostgresConcurrentChallengeAndCounter (2.21s)
    --- PASS: TestPostgresConcurrentChallengeAndCounter/same_challenge=true (0.23s)
    --- PASS: TestPostgresConcurrentChallengeAndCounter/same_challenge=false (1.98s)
=== RUN   TestPostgresFiveFailuresAndExpiry
    store_integration_test.go:197: PostgreSQL 17.11 (Debian 17.11-1.pgdg13+2) ; two independent pools
--- PASS: TestPostgresFiveFailuresAndExpiry (0.18s)
=== RUN   TestPostgresStaleIdentityAndPolicy
=== RUN   TestPostgresStaleIdentityAndPolicy/UPDATE_auth_accounts_SET_enabled=false
    store_integration_test.go:230: PostgreSQL 17.11 (Debian 17.11-1.pgdg13+2) ; two independent pools
=== RUN   TestPostgresStaleIdentityAndPolicy/UPDATE_auth_accounts_SET_session_version=2
    store_integration_test.go:230: PostgreSQL 17.11 (Debian 17.11-1.pgdg13+2) ; two independent pools
=== RUN   TestPostgresStaleIdentityAndPolicy/UPDATE_auth_policy_SET_version=2
    store_integration_test.go:230: PostgreSQL 17.11 (Debian 17.11-1.pgdg13+2) ; two independent pools
=== RUN   TestPostgresStaleIdentityAndPolicy/UPDATE_auth_policy_SET_totp_enabled=false
    store_integration_test.go:230: PostgreSQL 17.11 (Debian 17.11-1.pgdg13+2) ; two independent pools
=== RUN   TestPostgresStaleIdentityAndPolicy/UPDATE_auth_totp_credentials_SET_version=2
    store_integration_test.go:230: PostgreSQL 17.11 (Debian 17.11-1.pgdg13+2) ; two independent pools
--- PASS: TestPostgresStaleIdentityAndPolicy (0.18s)
    --- PASS: TestPostgresStaleIdentityAndPolicy/UPDATE_auth_accounts_SET_enabled=false (0.04s)
    --- PASS: TestPostgresStaleIdentityAndPolicy/UPDATE_auth_accounts_SET_session_version=2 (0.04s)
    --- PASS: TestPostgresStaleIdentityAndPolicy/UPDATE_auth_policy_SET_version=2 (0.04s)
    --- PASS: TestPostgresStaleIdentityAndPolicy/UPDATE_auth_policy_SET_totp_enabled=false (0.03s)
    --- PASS: TestPostgresStaleIdentityAndPolicy/UPDATE_auth_totp_credentials_SET_version=2 (0.03s)
=== RUN   TestPostgresRollbackSessionFailure
    store_integration_test.go:242: PostgreSQL 17.11 (Debian 17.11-1.pgdg13+2) ; two independent pools
--- PASS: TestPostgresRollbackSessionFailure (0.07s)
=== RUN   TestPostgresCiphertextAndCancellationFailClosed
    store_integration_test.go:277: PostgreSQL 17.11 (Debian 17.11-1.pgdg13+2) ; two independent pools
--- PASS: TestPostgresCiphertextAndCancellationFailClosed (0.03s)
=== RUN   TestPostgresExpiryAfterLockWait
    store_integration_test.go:293: PostgreSQL 17.11 (Debian 17.11-1.pgdg13+2) ; two independent pools
--- PASS: TestPostgresExpiryAfterLockWait (0.34s)
=== RUN   TestPostgresConcurrentChallengeAndCounter
=== RUN   TestPostgresConcurrentChallengeAndCounter/same_challenge=true
    store_integration_test.go:156: PostgreSQL 17.11 (Debian 17.11-1.pgdg13+2) ; two independent pools
=== RUN   TestPostgresConcurrentChallengeAndCounter/same_challenge=false
    store_integration_test.go:156: PostgreSQL 17.11 (Debian 17.11-1.pgdg13+2) ; two independent pools
--- PASS: TestPostgresConcurrentChallengeAndCounter (0.42s)
    --- PASS: TestPostgresConcurrentChallengeAndCounter/same_challenge=true (0.18s)
    --- PASS: TestPostgresConcurrentChallengeAndCounter/same_challenge=false (0.24s)
=== RUN   TestPostgresFiveFailuresAndExpiry
    store_integration_test.go:197: PostgreSQL 17.11 (Debian 17.11-1.pgdg13+2) ; two independent pools
--- PASS: TestPostgresFiveFailuresAndExpiry (0.05s)
=== RUN   TestPostgresStaleIdentityAndPolicy
=== RUN   TestPostgresStaleIdentityAndPolicy/UPDATE_auth_accounts_SET_enabled=false
    store_integration_test.go:230: PostgreSQL 17.11 (Debian 17.11-1.pgdg13+2) ; two independent pools
=== RUN   TestPostgresStaleIdentityAndPolicy/UPDATE_auth_accounts_SET_session_version=2
    store_integration_test.go:230: PostgreSQL 17.11 (Debian 17.11-1.pgdg13+2) ; two independent pools
=== RUN   TestPostgresStaleIdentityAndPolicy/UPDATE_auth_policy_SET_version=2
    store_integration_test.go:230: PostgreSQL 17.11 (Debian 17.11-1.pgdg13+2) ; two independent pools
=== RUN   TestPostgresStaleIdentityAndPolicy/UPDATE_auth_policy_SET_totp_enabled=false
    store_integration_test.go:230: PostgreSQL 17.11 (Debian 17.11-1.pgdg13+2) ; two independent pools
=== RUN   TestPostgresStaleIdentityAndPolicy/UPDATE_auth_totp_credentials_SET_version=2
    store_integration_test.go:230: PostgreSQL 17.11 (Debian 17.11-1.pgdg13+2) ; two independent pools
--- PASS: TestPostgresStaleIdentityAndPolicy (0.17s)
    --- PASS: TestPostgresStaleIdentityAndPolicy/UPDATE_auth_accounts_SET_enabled=false (0.03s)
    --- PASS: TestPostgresStaleIdentityAndPolicy/UPDATE_auth_accounts_SET_session_version=2 (0.03s)
    --- PASS: TestPostgresStaleIdentityAndPolicy/UPDATE_auth_policy_SET_version=2 (0.03s)
    --- PASS: TestPostgresStaleIdentityAndPolicy/UPDATE_auth_policy_SET_totp_enabled=false (0.03s)
    --- PASS: TestPostgresStaleIdentityAndPolicy/UPDATE_auth_totp_credentials_SET_version=2 (0.03s)
=== RUN   TestPostgresRollbackSessionFailure
    store_integration_test.go:242: PostgreSQL 17.11 (Debian 17.11-1.pgdg13+2) ; two independent pools
--- PASS: TestPostgresRollbackSessionFailure (0.07s)
=== RUN   TestPostgresCiphertextAndCancellationFailClosed
    store_integration_test.go:277: PostgreSQL 17.11 (Debian 17.11-1.pgdg13+2) ; two independent pools
--- PASS: TestPostgresCiphertextAndCancellationFailClosed (0.03s)
=== RUN   TestPostgresExpiryAfterLockWait
    store_integration_test.go:293: PostgreSQL 17.11 (Debian 17.11-1.pgdg13+2) ; two independent pools
--- PASS: TestPostgresExpiryAfterLockWait (0.34s)
PASS
ok  	waiting-room/internal/adminauth/pgstore	19.000s
