go vet ./...
?   	waiting-room/cmd/wr-auth-calibrate	[no test files]
?   	waiting-room/cmd/wr-lab	[no test files]
ok  	waiting-room/internal/adminauth	7.573s
ok  	waiting-room/internal/adminauth/authhttp	1.545s
ok  	waiting-room/internal/adminauth/pgstore	1.935s
ok  	waiting-room/internal/adminauth/sessionhttp	2.126s
ok  	waiting-room/internal/admission	1.729s
ok  	waiting-room/internal/lab	2.327s
ok  	waiting-room/internal/policy	2.958s
ok  	waiting-room/internal/queue/model	3.004s
?   	waiting-room/internal/queue/valkeystore	[no test files]
ok  	waiting-room/internal/waiting	2.591s

> waiting-room-devtools@0.0.0 test
> node --test scripts/*.test.mjs

✔ front matter rejects duplicate keys and absent metadata (2.513083ms)
✔ dependency validator detects missing owners, duplicate IDs and cycles (0.323375ms)
✔ unchecked work and missing evidence cannot become GO (0.095334ms)
✔ 100K child failure blocks final release even if other children report GO (0.160708ms)
✔ declared dependency failure blocks delivery (0.049ms)
✔ local and M0 success cannot stand in for delivery evidence (0.060042ms)
✔ evidence rejects missing identity, skipped PASS and traversal (32.752584ms)
✔ artifact digest mismatch and missing logs invalidate evidence (1.963208ms)
✔ support matrix rejects wildcard versions and false qualification (0.150125ms)
✔ benchmark targets respect default retention, skew and rolling-rate budgets (0.301917ms)
ℹ tests 10
ℹ suites 0
ℹ pass 10
ℹ fail 0
ℹ cancelled 0
ℹ skipped 0
ℹ todo 0
ℹ duration_ms 90.843125
node scripts/check-docs.mjs
PASS: 9 PRDs; ownership, dependency graph, checklist, links, evidence rules and Git tracking.
npm run lint:api

> waiting-room-devtools@0.0.0 lint:api
> redocly lint api/openapi/public-v1.yaml api/openapi/admin-v1.yaml

node --test test/contract/*.test.mjs
✔ all local OpenAPI references resolve (1.0475ms)
✔ join schema rejects absolute and scheme-relative targets (33.672708ms)
✔ Room IDs exclude invalid base32 characters (17.682166ms)
✔ public status and claim are distinct operations and heartbeat is explicit (0.085708ms)
✔ admin policy and limit schema reject unsupported/unsafe values (21.660875ms)
✔ admin mutations declare authentication and concurrency headers (0.129417ms)
✔ theme contract supports the built-in template and rejects remote/unknown IDs (20.85ms)
✔ authentication HTTP contract separates challenges and cookie sessions (41.795917ms)
✔ bootstrap and enrollment HTTP contract restricts policy and recovery material (51.391ms)
✔ session read/logout contract excludes secrets and declares unavailable responses (22.4825ms)
ℹ tests 10
ℹ suites 0
ℹ pass 10
ℹ fail 0
ℹ cancelled 0
ℹ skipped 0
ℹ todo 0
ℹ duration_ms 259.684709
validating api/openapi/public-v1.yaml...
api/openapi/public-v1.yaml: validated in 16ms

validating api/openapi/admin-v1.yaml...
api/openapi/admin-v1.yaml: validated in 17ms

Woohoo! Your API descriptions are valid. 🎉

