go vet ./...
?   	waiting-room/cmd/wr-auth-calibrate	[no test files]
?   	waiting-room/cmd/wr-lab	[no test files]
ok  	waiting-room/internal/adminauth	8.196s
ok  	waiting-room/internal/adminauth/authhttp	2.112s
ok  	waiting-room/internal/adminauth/pgstore	2.606s
ok  	waiting-room/internal/adminauth/sessionhttp	3.500s
ok  	waiting-room/internal/admission	2.991s
ok  	waiting-room/internal/lab	4.256s
ok  	waiting-room/internal/policy	3.838s
ok  	waiting-room/internal/queue/model	4.965s
?   	waiting-room/internal/queue/valkeystore	[no test files]
ok  	waiting-room/internal/waiting	5.140s

> waiting-room-devtools@0.0.0 test
> node --test scripts/*.test.mjs

✔ front matter rejects duplicate keys and absent metadata (2.484292ms)
✔ dependency validator detects missing owners, duplicate IDs and cycles (0.351333ms)
✔ unchecked work and missing evidence cannot become GO (0.164542ms)
✔ 100K child failure blocks final release even if other children report GO (0.17775ms)
✔ declared dependency failure blocks delivery (0.052417ms)
✔ local and M0 success cannot stand in for delivery evidence (0.065917ms)
✔ evidence rejects missing identity, skipped PASS and traversal (35.462292ms)
✔ artifact digest mismatch and missing logs invalidate evidence (1.016ms)
✔ support matrix rejects wildcard versions and false qualification (0.163834ms)
✔ benchmark targets respect default retention, skew and rolling-rate budgets (0.520208ms)
ℹ tests 10
ℹ suites 0
ℹ pass 10
ℹ fail 0
ℹ cancelled 0
ℹ skipped 0
ℹ todo 0
ℹ duration_ms 113.141792
node scripts/check-docs.mjs
PASS: 9 PRDs; ownership, dependency graph, checklist, links, evidence rules and Git tracking.
npm run lint:api

> waiting-room-devtools@0.0.0 lint:api
> redocly lint api/openapi/public-v1.yaml api/openapi/admin-v1.yaml

node --test test/contract/*.test.mjs
✔ all local OpenAPI references resolve (0.999791ms)
✔ join schema rejects absolute and scheme-relative targets (37.220917ms)
✔ Room IDs exclude invalid base32 characters (20.218416ms)
✔ public status and claim are distinct operations and heartbeat is explicit (0.092709ms)
✔ admin policy and limit schema reject unsupported/unsafe values (25.149667ms)
✔ admin mutations declare authentication and concurrency headers (0.119667ms)
✔ theme contract supports the built-in template and rejects remote/unknown IDs (21.733333ms)
✔ authentication HTTP contract separates challenges and cookie sessions (47.026625ms)
✔ session read/logout contract excludes secrets and declares unavailable responses (28.307292ms)
ℹ tests 9
ℹ suites 0
ℹ pass 9
ℹ fail 0
ℹ cancelled 0
ℹ skipped 0
ℹ todo 0
ℹ duration_ms 234.437125
validating api/openapi/public-v1.yaml...
api/openapi/public-v1.yaml: validated in 17ms

validating api/openapi/admin-v1.yaml...
api/openapi/admin-v1.yaml: validated in 18ms

Woohoo! Your API descriptions are valid. 🎉

