go vet ./...
?   	waiting-room/cmd/wr-admin-lab	[no test files]
?   	waiting-room/cmd/wr-auth-calibrate	[no test files]
?   	waiting-room/cmd/wr-lab	[no test files]
?   	waiting-room/cmd/wr-process-lab	[no test files]
ok  	waiting-room/cmd/wrctl	1.228s
ok  	waiting-room/internal/adminauth	7.992s
ok  	waiting-room/internal/adminauth/authhttp	1.404s
ok  	waiting-room/internal/adminauth/pgstore	1.725s
ok  	waiting-room/internal/adminauth/sessionhttp	2.205s
ok  	waiting-room/internal/adminlab	2.022s
ok  	waiting-room/internal/admission	2.694s
ok  	waiting-room/internal/installplan	2.577s
ok  	waiting-room/internal/installplan/clockcheck	2.498s
ok  	waiting-room/internal/installplan/preflight	2.866s
ok  	waiting-room/internal/installplan/preview	3.053s
ok  	waiting-room/internal/lab	3.197s
ok  	waiting-room/internal/policy	3.297s
ok  	waiting-room/internal/processlab	3.469s
ok  	waiting-room/internal/queue/model	2.886s
?   	waiting-room/internal/queue/valkeystore	[no test files]
ok  	waiting-room/internal/waiting	2.669s

> waiting-room-devtools@0.0.0 test
> node --test scripts/*.test.mjs

✔ front matter rejects duplicate keys and absent metadata (2.35225ms)
✔ dependency validator detects missing owners, duplicate IDs and cycles (0.685583ms)
✔ unchecked work and missing evidence cannot become GO (0.100833ms)
✔ 100K child failure blocks final release even if other children report GO (0.16425ms)
✔ declared dependency failure blocks delivery (0.053ms)
✔ local and M0 success cannot stand in for delivery evidence (0.065458ms)
✔ evidence rejects missing identity, skipped PASS and traversal (32.766667ms)
✔ artifact digest mismatch and missing logs invalidate evidence (0.988833ms)
✔ support matrix rejects wildcard versions and false qualification (0.138375ms)
✔ benchmark targets respect default retention, skew and rolling-rate budgets (0.306541ms)
ℹ tests 10
ℹ suites 0
ℹ pass 10
ℹ fail 0
ℹ cancelled 0
ℹ skipped 0
ℹ todo 0
ℹ duration_ms 90.63
node scripts/check-docs.mjs
PASS: 9 PRDs; ownership, dependency graph, checklist, links, evidence rules and Git tracking.
npm run lint:api

> waiting-room-devtools@0.0.0 lint:api
> redocly lint api/openapi/public-v1.yaml api/openapi/admin-v1.yaml

node --test test/contract/*.test.mjs
✔ all local OpenAPI references resolve (1.010375ms)
✔ join schema rejects absolute and scheme-relative targets (34.352459ms)
✔ Room IDs exclude invalid base32 characters (17.494667ms)
✔ public status and claim are distinct operations and heartbeat is explicit (0.077ms)
✔ admin policy and limit schema reject unsupported/unsafe values (21.540666ms)
✔ admin mutations declare authentication and concurrency headers (0.133ms)
✔ theme contract supports the built-in template and rejects remote/unknown IDs (20.66025ms)
✔ authentication HTTP contract separates challenges and cookie sessions (40.990875ms)
✔ bootstrap and enrollment HTTP contract restricts policy and recovery material (56.041417ms)
✔ session read/logout contract excludes secrets and declares unavailable responses (22.887459ms)
ℹ tests 10
ℹ suites 0
ℹ pass 10
ℹ fail 0
ℹ cancelled 0
ℹ skipped 0
ℹ todo 0
ℹ duration_ms 262.617375
npm run build:admin

> waiting-room-devtools@0.0.0 build:admin
> vite build --config apps/admin/vite.config.mjs

vite v8.2.2 building client environment for production...
transforming...
✓ 50 modules transformed.
rendering chunks...
computing gzip size...
build/admin-ui/index.html                             0.50 kB │ gzip:  0.34 kB
build/admin-ui/assets/preview-6nrmtAL5.css            2.97 kB │ gzip:  0.99 kB
build/admin-ui/assets/index-Bd7BhE6P.css              4.24 kB │ gzip:  1.47 kB
build/admin-ui/assets/rolldown-runtime-CbXtAM7H.js    0.58 kB │ gzip:  0.36 kB
build/admin-ui/assets/preview-BFp9Ldwz.js            12.32 kB │ gzip:  4.64 kB
build/admin-ui/assets/browser-fxCp88pT.js            23.47 kB │ gzip:  8.86 kB
build/admin-ui/assets/index-hQTL5jMA.js             203.48 kB │ gzip: 64.90 kB

✓ built in 73ms
npm run test:admin-ui

> waiting-room-devtools@0.0.0 test:admin-ui
> node --test apps/admin/test/*.test.mjs

✔ HTML patterns compile in UnicodeSets v mode and preserve ID/code bounds (0.382125ms)
✔ local QR URI encodes account and exact algorithm without remote service (1.155792ms)
✔ client keeps credentials in same-origin headers/body and rejects redirects (0.207125ms)
✔ client error does not reflect backend body or network secrets (0.555417ms)
✔ storage is CSRF only and denied storage fails safely (0.37ms)
✔ download uses fixed filename and JSON bytes, then cleans its temporary URL (0.429625ms)
✔ preview uses explicit same-origin endpoint without cookies (0.592791ms)
✔ preview never reflects backend or network error values (0.251917ms)
ℹ tests 8
ℹ suites 0
ℹ pass 8
ℹ fail 0
ℹ cancelled 0
ℹ skipped 0
ℹ todo 0
ℹ duration_ms 34.439
node --test test/installplan/*.test.mjs
✔ standard: schema and executable agree on profile/TOTP/region bounds (334.737209ms)
✔ high-scale: schema and executable agree on profile/TOTP/region bounds (73.253ms)
✔ cost: schema and CLI agree; exact subtotals preserve provenance (94.758625ms)
✔ report: nested input schemas, CLI recomputation and region equality (37.04825ms)
ℹ tests 4
ℹ suites 0
ℹ pass 4
ℹ fail 0
ℹ cancelled 0
ℹ skipped 0
ℹ todo 0
ℹ duration_ms 1129.921792
validating api/openapi/public-v1.yaml...
api/openapi/public-v1.yaml: validated in 17ms

validating api/openapi/admin-v1.yaml...
api/openapi/admin-v1.yaml: validated in 19ms

Woohoo! Your API descriptions are valid. 🎉

