go vet ./...
?   	waiting-room/cmd/wr-admin-lab	[no test files]
?   	waiting-room/cmd/wr-auth-calibrate	[no test files]
?   	waiting-room/cmd/wr-lab	[no test files]
?   	waiting-room/cmd/wr-process-lab	[no test files]
ok  	waiting-room/cmd/wrctl	1.542s
ok  	waiting-room/internal/adminauth	8.338s
ok  	waiting-room/internal/adminauth/authhttp	2.771s
ok  	waiting-room/internal/adminauth/pgstore	3.686s
ok  	waiting-room/internal/adminauth/sessionhttp	2.360s
ok  	waiting-room/internal/adminlab	4.087s
ok  	waiting-room/internal/admission	3.201s
ok  	waiting-room/internal/configtrust	5.009s
ok  	waiting-room/internal/installplan	4.530s
ok  	waiting-room/internal/installplan/clockcheck	5.398s
ok  	waiting-room/internal/installplan/preflight	5.698s
ok  	waiting-room/internal/installplan/preview	6.046s
ok  	waiting-room/internal/lab	6.288s
ok  	waiting-room/internal/policy	6.501s
ok  	waiting-room/internal/processlab	6.092s
ok  	waiting-room/internal/queue/model	5.914s
ok  	waiting-room/internal/queue/valkeystore	5.661s
ok  	waiting-room/internal/waiting	5.682s

> waiting-room-devtools@0.0.0 test
> node --test scripts/*.test.mjs

✔ front matter rejects duplicate keys and absent metadata (2.429209ms)
✔ dependency validator detects missing owners, duplicate IDs and cycles (0.645709ms)
✔ unchecked work and missing evidence cannot become GO (0.10475ms)
✔ 100K child failure blocks final release even if other children report GO (0.167208ms)
✔ declared dependency failure blocks delivery (0.05475ms)
✔ local and M0 success cannot stand in for delivery evidence (0.06925ms)
✔ evidence rejects missing identity, skipped PASS and traversal (34.427292ms)
✔ artifact digest mismatch and missing logs invalidate evidence (1.052708ms)
✔ support matrix rejects wildcard versions and false qualification (0.267792ms)
✔ benchmark targets respect default retention, skew and rolling-rate budgets (0.606541ms)
ℹ tests 10
ℹ suites 0
ℹ pass 10
ℹ fail 0
ℹ cancelled 0
ℹ skipped 0
ℹ todo 0
ℹ duration_ms 112.353459
node scripts/check-docs.mjs
PASS: 9 PRDs; ownership, dependency graph, checklist, links, evidence rules and Git tracking.
npm run lint:api

> waiting-room-devtools@0.0.0 lint:api
> redocly lint api/openapi/public-v1.yaml api/openapi/admin-v1.yaml

node --test test/contract/*.test.mjs
✔ all local OpenAPI references resolve (0.966417ms)
✔ join schema rejects absolute and scheme-relative targets (34.261583ms)
✔ Room IDs exclude invalid base32 characters (17.6765ms)
✔ public status and claim are distinct operations and heartbeat is explicit (0.074625ms)
✔ admin policy and limit schema reject unsupported/unsafe values (21.94225ms)
✔ admin mutations declare authentication and concurrency headers (0.134417ms)
✔ theme contract supports the built-in template and rejects remote/unknown IDs (22.044833ms)
✔ authentication HTTP contract separates challenges and cookie sessions (42.701583ms)
✔ bootstrap and enrollment HTTP contract restricts policy and recovery material (56.036333ms)
✔ session read/logout contract excludes secrets and declares unavailable responses (23.778542ms)
ℹ tests 10
ℹ suites 0
ℹ pass 10
ℹ fail 0
ℹ cancelled 0
ℹ skipped 0
ℹ todo 0
ℹ duration_ms 267.741167
npm run build:admin

> waiting-room-devtools@0.0.0 build:admin
> vite build --config apps/admin/vite.config.mjs

vite v8.2.2 building client environment for production...
transforming...
✓ 50 modules transformed.
rendering chunks...
computing gzip size...
build/admin-ui/index.html                             0.50 kB │ gzip:  0.34 kB
build/admin-ui/assets/preview-6nrmtAL5.css            2.97 kB │ gzip:  0.99 kB
build/admin-ui/assets/index-Bd7BhE6P.css              4.24 kB │ gzip:  1.47 kB
build/admin-ui/assets/rolldown-runtime-CbXtAM7H.js    0.58 kB │ gzip:  0.36 kB
build/admin-ui/assets/preview-BFp9Ldwz.js            12.32 kB │ gzip:  4.64 kB
build/admin-ui/assets/browser-fxCp88pT.js            23.47 kB │ gzip:  8.86 kB
build/admin-ui/assets/index-hQTL5jMA.js             203.48 kB │ gzip: 64.90 kB

✓ built in 76ms
npm run test:admin-ui

> waiting-room-devtools@0.0.0 test:admin-ui
> node --test apps/admin/test/*.test.mjs

✔ HTML patterns compile in UnicodeSets v mode and preserve ID/code bounds (0.389792ms)
✔ local QR URI encodes account and exact algorithm without remote service (0.18725ms)
✔ client keeps credentials in same-origin headers/body and rejects redirects (0.163416ms)
✔ client error does not reflect backend body or network secrets (0.604042ms)
✔ storage is CSRF only and denied storage fails safely (0.425333ms)
✔ download uses fixed filename and JSON bytes, then cleans its temporary URL (0.437292ms)
✔ preview uses explicit same-origin endpoint without cookies (0.650291ms)
✔ preview never reflects backend or network error values (0.343791ms)
ℹ tests 8
ℹ suites 0
ℹ pass 8
ℹ fail 0
ℹ cancelled 0
ℹ skipped 0
ℹ todo 0
ℹ duration_ms 36.056875
node --test test/installplan/*.test.mjs
✔ standard: schema and executable agree on profile/TOTP/region bounds (543.293708ms)
✔ high-scale: schema and executable agree on profile/TOTP/region bounds (76.551958ms)
✔ cost: schema and CLI agree; exact subtotals preserve provenance (100.25975ms)
✔ report: nested input schemas, CLI recomputation and region equality (44.587791ms)
ℹ tests 4
ℹ suites 0
ℹ pass 4
ℹ fail 0
ℹ cancelled 0
ℹ skipped 0
ℹ todo 0
ℹ duration_ms 1436.934708
validating api/openapi/public-v1.yaml...
api/openapi/public-v1.yaml: validated in 16ms

validating api/openapi/admin-v1.yaml...
api/openapi/admin-v1.yaml: validated in 19ms

Woohoo! Your API descriptions are valid. 🎉

