#0 building with "desktop-linux" instance using docker driver

#1 [internal] load build definition from control.Dockerfile
#1 transferring dockerfile: 502B done
#1 DONE 0.0s

#2 [internal] load .dockerignore
#2 transferring context: 2B done
#2 DONE 0.0s

#3 [internal] load build context
#3 transferring context: 45.16MB 0.4s done
#3 DONE 0.4s

#4 [1/4] COPY build/local-control/ca-certificates.crt /etc/ssl/certs/ca-certificates.crt
#4 CACHED

#5 [2/4] COPY build/local-control/wr-control /wr-control
#5 DONE 0.1s

#6 [3/4] COPY build/local-control/wr-node /wr-node
#6 DONE 0.1s

#7 [4/4] COPY build/admin-ui /ui
#7 DONE 0.0s

#8 exporting to image
#8 exporting layers
#8 exporting layers 0.6s done
#8 exporting manifest sha256:28b540b8e6797bebaf53d25e769256728b620c95e39665f46c06042eed1d75a1
#8 exporting manifest sha256:28b540b8e6797bebaf53d25e769256728b620c95e39665f46c06042eed1d75a1 done
#8 exporting config sha256:ff4817b511944e5feb5a63572edcde4c3cdc316e4b7e7e06c57e81067f54fdf5 done
#8 exporting attestation manifest sha256:e3b226d694f3792cb7b5121a0ff65343fa90241b0386c60f7457362b2d036880 done
#8 exporting manifest list sha256:01b428a713d6423787c2c5edb5bddc4b409af947390d202ead1f1d08e1105b9b done
#8 naming to docker.io/library/waiting-room-beta7-clock-defer:local done
#8 unpacking to docker.io/library/waiting-room-beta7-clock-defer:local 0.1s done
#8 DONE 0.7s
