PASS: six-role Docker installation, actual Linux Control calibration, reviewed policy/region/defaults apply
PASS: PostgreSQL and Control restart preserve exact setup report and calibrated parameters before bootstrap
PASS: applied installation region and Room defaults reach signed runtime with both Gateway/Coordinator ACK
PUBLIC QUOTA: obeyed 429 responses=1; successful heartbeats=0
PUBLIC QUOTA: obeyed 429 responses=100; successful heartbeats=0
PUBLIC QUOTA: obeyed 429 responses=200; successful heartbeats=0
PUBLIC QUOTA: obeyed 429 responses=300; successful heartbeats=0
PUBLIC QUOTA: obeyed 429 responses=400; successful heartbeats=0
PASS: guarded candidate real Docker HTTPS 1000 visitors, 1000 status reads, 100 recent exact retries; client wall p99 including quota waits=18064.1ms; elapsed=38.9s
PUBLIC QUOTA: obeyed 429 responses=500; successful heartbeats=0
PASS: real HTTP heartbeat cycle retained 1800 visitors; total=1800
PUBLIC QUOTA: obeyed 429 responses=600; successful heartbeats=1800
PUBLIC QUOTA: obeyed 429 responses=700; successful heartbeats=1800
PUBLIC QUOTA: obeyed 429 responses=800; successful heartbeats=1800
PUBLIC QUOTA: obeyed 429 responses=900; successful heartbeats=1800
PUBLIC QUOTA: obeyed 429 responses=1000; successful heartbeats=1800
PUBLIC QUOTA: obeyed 429 responses=1100; successful heartbeats=1800
PUBLIC QUOTA: obeyed 429 responses=1200; successful heartbeats=1800
PUBLIC QUOTA: obeyed 429 responses=1300; successful heartbeats=1800
PUBLIC QUOTA: obeyed 429 responses=1400; successful heartbeats=1800
PUBLIC QUOTA: obeyed 429 responses=1500; successful heartbeats=1800
PUBLIC QUOTA: obeyed 429 responses=1600; successful heartbeats=1800
PUBLIC QUOTA: obeyed 429 responses=1700; successful heartbeats=1800
PUBLIC QUOTA: obeyed 429 responses=1800; successful heartbeats=1800
PUBLIC QUOTA: obeyed 429 responses=1900; successful heartbeats=1800
PUBLIC QUOTA: obeyed 429 responses=2000; successful heartbeats=1800
PUBLIC QUOTA: obeyed 429 responses=2100; successful heartbeats=1800
PUBLIC QUOTA: obeyed 429 responses=2200; successful heartbeats=1800
PUBLIC QUOTA: obeyed 429 responses=2300; successful heartbeats=1800
PUBLIC QUOTA: obeyed 429 responses=2400; successful heartbeats=1800
PASS: guarded candidate real Docker HTTPS 2000 visitors, 2000 status reads, 100 recent exact retries; client wall p99 including quota waits=60057.0ms; elapsed=133.9s
PASS: real HTTP heartbeat cycle retained 3000 visitors; total=4800
PUBLIC QUOTA: obeyed 429 responses=2500; successful heartbeats=4800
PASS: real HTTP heartbeat cycle retained 4200 visitors; total=9000
PUBLIC QUOTA: obeyed 429 responses=2600; successful heartbeats=9000
PUBLIC QUOTA: obeyed 429 responses=2700; successful heartbeats=9000
PUBLIC QUOTA: obeyed 429 responses=2800; successful heartbeats=9000
PUBLIC QUOTA: obeyed 429 responses=2900; successful heartbeats=9000
PUBLIC QUOTA: obeyed 429 responses=3000; successful heartbeats=9000
PUBLIC QUOTA: obeyed 429 responses=3100; successful heartbeats=9000
PUBLIC QUOTA: obeyed 429 responses=3200; successful heartbeats=9000
PUBLIC QUOTA: obeyed 429 responses=3300; successful heartbeats=9000
PUBLIC QUOTA: obeyed 429 responses=3400; successful heartbeats=9000
PUBLIC QUOTA: obeyed 429 responses=3500; successful heartbeats=9000
PUBLIC QUOTA: obeyed 429 responses=3600; successful heartbeats=9000
PUBLIC QUOTA: obeyed 429 responses=3700; successful heartbeats=9000
PUBLIC QUOTA: obeyed 429 responses=3800; successful heartbeats=9000
PUBLIC QUOTA: obeyed 429 responses=3900; successful heartbeats=9000
PUBLIC QUOTA: obeyed 429 responses=4000; successful heartbeats=9000
PUBLIC QUOTA: obeyed 429 responses=4100; successful heartbeats=9000
PUBLIC QUOTA: obeyed 429 responses=4200; successful heartbeats=9000
PUBLIC QUOTA: obeyed 429 responses=4300; successful heartbeats=9000
PUBLIC QUOTA: obeyed 429 responses=4400; successful heartbeats=9000
PUBLIC QUOTA: obeyed 429 responses=4500; successful heartbeats=9000
PUBLIC QUOTA: obeyed 429 responses=4600; successful heartbeats=9000
PUBLIC QUOTA: obeyed 429 responses=4700; successful heartbeats=9000
PUBLIC QUOTA: obeyed 429 responses=4800; successful heartbeats=9000
PUBLIC QUOTA: obeyed 429 responses=4900; successful heartbeats=9000
PUBLIC QUOTA: obeyed 429 responses=5000; successful heartbeats=9000
PUBLIC QUOTA: obeyed 429 responses=5100; successful heartbeats=9000
PUBLIC QUOTA: obeyed 429 responses=5200; successful heartbeats=9000
PUBLIC QUOTA: obeyed 429 responses=5300; successful heartbeats=9000
PUBLIC QUOTA: obeyed 429 responses=5400; successful heartbeats=9000
PUBLIC QUOTA: obeyed 429 responses=5500; successful heartbeats=9000
PUBLIC QUOTA: obeyed 429 responses=5600; successful heartbeats=9000
PUBLIC QUOTA: obeyed 429 responses=5700; successful heartbeats=9000
PUBLIC QUOTA: obeyed 429 responses=5800; successful heartbeats=9000
PUBLIC QUOTA: obeyed 429 responses=5900; successful heartbeats=9000
PUBLIC QUOTA: obeyed 429 responses=6000; successful heartbeats=9000
PUBLIC QUOTA: obeyed 429 responses=6100; successful heartbeats=9000
PUBLIC QUOTA: obeyed 429 responses=6200; successful heartbeats=9000
PUBLIC QUOTA: obeyed 429 responses=6300; successful heartbeats=9000
PUBLIC QUOTA: obeyed 429 responses=6400; successful heartbeats=9000
PUBLIC QUOTA: obeyed 429 responses=6500; successful heartbeats=9000
PUBLIC QUOTA: obeyed 429 responses=6600; successful heartbeats=9000
PUBLIC QUOTA: obeyed 429 responses=6700; successful heartbeats=9000
PUBLIC QUOTA: obeyed 429 responses=6800; successful heartbeats=9000
PUBLIC QUOTA: obeyed 429 responses=6900; successful heartbeats=9000
PUBLIC QUOTA: obeyed 429 responses=7000; successful heartbeats=9000
PUBLIC QUOTA: obeyed 429 responses=7100; successful heartbeats=9000
PUBLIC QUOTA: obeyed 429 responses=7200; successful heartbeats=9000
PUBLIC QUOTA: obeyed 429 responses=7300; successful heartbeats=9749
PUBLIC QUOTA: obeyed 429 responses=7400; successful heartbeats=9792
PUBLIC QUOTA: obeyed 429 responses=7500; successful heartbeats=9807
PUBLIC QUOTA: obeyed 429 responses=7600; successful heartbeats=9822
PUBLIC QUOTA: obeyed 429 responses=7700; successful heartbeats=9830
PUBLIC QUOTA: obeyed 429 responses=7800; successful heartbeats=9838
PUBLIC QUOTA: obeyed 429 responses=7900; successful heartbeats=9852
PUBLIC QUOTA: obeyed 429 responses=8000; successful heartbeats=9856
PUBLIC QUOTA: obeyed 429 responses=8100; successful heartbeats=9872
PUBLIC QUOTA: obeyed 429 responses=8200; successful heartbeats=13036
PUBLIC QUOTA: obeyed 429 responses=8300; successful heartbeats=13036
PUBLIC QUOTA: obeyed 429 responses=8400; successful heartbeats=13036
PUBLIC QUOTA: obeyed 429 responses=8500; successful heartbeats=13036
PUBLIC QUOTA: obeyed 429 responses=8600; successful heartbeats=13036
PUBLIC QUOTA: obeyed 429 responses=8700; successful heartbeats=13036
PUBLIC QUOTA: obeyed 429 responses=8800; successful heartbeats=13036
PUBLIC QUOTA: obeyed 429 responses=8900; successful heartbeats=13036
PUBLIC QUOTA: obeyed 429 responses=9000; successful heartbeats=13036
PUBLIC QUOTA: obeyed 429 responses=9100; successful heartbeats=13036
PUBLIC QUOTA: obeyed 429 responses=9200; successful heartbeats=13036
PUBLIC QUOTA: obeyed 429 responses=9300; successful heartbeats=13036
PUBLIC QUOTA: obeyed 429 responses=9400; successful heartbeats=13036
PUBLIC QUOTA: obeyed 429 responses=9500; successful heartbeats=13126
PUBLIC QUOTA: obeyed 429 responses=9600; successful heartbeats=13421
PUBLIC QUOTA: obeyed 429 responses=9700; successful heartbeats=13571
PUBLIC QUOTA: obeyed 429 responses=9800; successful heartbeats=13751
PUBLIC QUOTA: obeyed 429 responses=9900; successful heartbeats=13833
PUBLIC QUOTA: obeyed 429 responses=10000; successful heartbeats=13869
PUBLIC QUOTA: obeyed 429 responses=10100; successful heartbeats=13873
PASS: real HTTP heartbeat cycle retained 5000 visitors; total=14000
PUBLIC QUOTA: obeyed 429 responses=10200; successful heartbeats=14000
PUBLIC QUOTA: obeyed 429 responses=10300; successful heartbeats=14000
PUBLIC QUOTA: obeyed 429 responses=10400; successful heartbeats=14000
PUBLIC QUOTA: obeyed 429 responses=10500; successful heartbeats=14000
PUBLIC QUOTA: obeyed 429 responses=10600; successful heartbeats=14000
PASS: guarded candidate real Docker HTTPS 5000 visitors, 5000 status reads, 100 recent exact retries; client wall p99 including quota waits=60120.5ms; elapsed=416.3s
PUBLIC QUOTA: obeyed 429 responses=10700; successful heartbeats=14000
PASS: real HTTP heartbeat cycle retained 6800 visitors; total=20800
PUBLIC QUOTA: obeyed 429 responses=10800; successful heartbeats=20800
PUBLIC QUOTA: obeyed 429 responses=10900; successful heartbeats=27473
PUBLIC QUOTA: obeyed 429 responses=11000; successful heartbeats=29398
PUBLIC QUOTA: obeyed 429 responses=11100; successful heartbeats=29398
PUBLIC QUOTA: obeyed 429 responses=11200; successful heartbeats=29398
PUBLIC QUOTA: obeyed 429 responses=11300; successful heartbeats=29398
PUBLIC QUOTA: obeyed 429 responses=11400; successful heartbeats=29398
PUBLIC QUOTA: obeyed 429 responses=11500; successful heartbeats=29398
PUBLIC QUOTA: obeyed 429 responses=11600; successful heartbeats=29398
PUBLIC QUOTA: obeyed 429 responses=11700; successful heartbeats=29398
PUBLIC QUOTA: obeyed 429 responses=11800; successful heartbeats=29398
PUBLIC QUOTA: obeyed 429 responses=11900; successful heartbeats=29398
PUBLIC QUOTA: obeyed 429 responses=12000; successful heartbeats=29398
PUBLIC QUOTA: obeyed 429 responses=12100; successful heartbeats=29398
PUBLIC QUOTA: obeyed 429 responses=12200; successful heartbeats=29398
PUBLIC QUOTA: obeyed 429 responses=12300; successful heartbeats=29398
PUBLIC QUOTA: obeyed 429 responses=12400; successful heartbeats=29398
PUBLIC QUOTA: obeyed 429 responses=12500; successful heartbeats=29398
PUBLIC QUOTA: obeyed 429 responses=12600; successful heartbeats=29398
PUBLIC QUOTA: obeyed 429 responses=12700; successful heartbeats=29398
PUBLIC QUOTA: obeyed 429 responses=12800; successful heartbeats=29398
PUBLIC QUOTA: obeyed 429 responses=12900; successful heartbeats=29398
PUBLIC QUOTA: obeyed 429 responses=13000; successful heartbeats=29398
PUBLIC QUOTA: obeyed 429 responses=13100; successful heartbeats=29398
PUBLIC QUOTA: obeyed 429 responses=13200; successful heartbeats=29398
PUBLIC QUOTA: obeyed 429 responses=13300; successful heartbeats=29398
PUBLIC QUOTA: obeyed 429 responses=13400; successful heartbeats=29398
PUBLIC QUOTA: obeyed 429 responses=13500; successful heartbeats=29398
PUBLIC QUOTA: obeyed 429 responses=13600; successful heartbeats=29398
PUBLIC QUOTA: obeyed 429 responses=13700; successful heartbeats=29398
PUBLIC QUOTA: obeyed 429 responses=13800; successful heartbeats=29398
PUBLIC QUOTA: obeyed 429 responses=13900; successful heartbeats=29398
PUBLIC QUOTA: obeyed 429 responses=14000; successful heartbeats=29398
PUBLIC QUOTA: obeyed 429 responses=14100; successful heartbeats=29398
PUBLIC QUOTA: obeyed 429 responses=14200; successful heartbeats=29398
PUBLIC QUOTA: obeyed 429 responses=14300; successful heartbeats=29398
PUBLIC QUOTA: obeyed 429 responses=14400; successful heartbeats=29398
PUBLIC QUOTA: obeyed 429 responses=14500; successful heartbeats=29398
PUBLIC QUOTA: obeyed 429 responses=14600; successful heartbeats=29398
PUBLIC QUOTA: obeyed 429 responses=14700; successful heartbeats=29398
PUBLIC QUOTA: obeyed 429 responses=14800; successful heartbeats=29398
PUBLIC QUOTA: obeyed 429 responses=14900; successful heartbeats=29398
PUBLIC QUOTA: obeyed 429 responses=15000; successful heartbeats=29398
PUBLIC QUOTA: obeyed 429 responses=15100; successful heartbeats=29398
PUBLIC QUOTA: obeyed 429 responses=15200; successful heartbeats=29398
PUBLIC QUOTA: obeyed 429 responses=15300; successful heartbeats=29398
PUBLIC QUOTA: obeyed 429 responses=15400; successful heartbeats=29398
PUBLIC QUOTA: obeyed 429 responses=15500; successful heartbeats=29398
PUBLIC QUOTA: obeyed 429 responses=15600; successful heartbeats=29398
PUBLIC QUOTA: obeyed 429 responses=15700; successful heartbeats=29398
PUBLIC QUOTA: obeyed 429 responses=15800; successful heartbeats=29398
PUBLIC QUOTA: obeyed 429 responses=15900; successful heartbeats=29398
PUBLIC QUOTA: obeyed 429 responses=16000; successful heartbeats=29398
PUBLIC QUOTA: obeyed 429 responses=16100; successful heartbeats=29398
PUBLIC QUOTA: obeyed 429 responses=16200; successful heartbeats=29398
PUBLIC QUOTA: obeyed 429 responses=16300; successful heartbeats=29398
PUBLIC QUOTA: obeyed 429 responses=16400; successful heartbeats=29398
PUBLIC QUOTA: obeyed 429 responses=16500; successful heartbeats=29398
PUBLIC QUOTA: obeyed 429 responses=16600; successful heartbeats=29398
PUBLIC QUOTA: obeyed 429 responses=16700; successful heartbeats=29398
PUBLIC QUOTA: obeyed 429 responses=16800; successful heartbeats=29398
PUBLIC QUOTA: obeyed 429 responses=16900; successful heartbeats=29398
PUBLIC QUOTA: obeyed 429 responses=17000; successful heartbeats=29398
PUBLIC QUOTA: obeyed 429 responses=17100; successful heartbeats=29398
PUBLIC QUOTA: obeyed 429 responses=17200; successful heartbeats=29398
PUBLIC QUOTA: obeyed 429 responses=17300; successful heartbeats=29398
PUBLIC QUOTA: obeyed 429 responses=17400; successful heartbeats=29398
PUBLIC QUOTA: obeyed 429 responses=17500; successful heartbeats=29398
PUBLIC QUOTA: obeyed 429 responses=17600; successful heartbeats=29398
PUBLIC QUOTA: obeyed 429 responses=17700; successful heartbeats=29398
PUBLIC QUOTA: obeyed 429 responses=17800; successful heartbeats=29398
PUBLIC QUOTA: obeyed 429 responses=17900; successful heartbeats=29398
PUBLIC QUOTA: obeyed 429 responses=18000; successful heartbeats=29398
Failed fixture: waiting-room-beta-tiers-c62231a6; image=waiting-room-beta7-clock-defer:local; private state retained at /var/folders/j_/blpv946j115gq8l1z2sx975c0000gn/T/waiting-room-beta-tiers-c62231a6-OxZ78f
Population failure: explicit 429=18088; successful heartbeats=29398
Population delivery: {"state":"applied","generation":7,"nodes":[{"id":"coordinator","generation":7,"rooms":[{"epoch":1,"mode":"HOLD","waiting":10000,"ready":0,"recoveryFence":1,"recoveryReason":"","recoveryUntil":0}]},{"id":"gateway","generation":7,"rooms":[{"epoch":1,"mode":"HOLD","waiting":0,"ready":0,"recoveryFence":0,"recoveryReason":"","recoveryUntil":0}]}]}
coordinator-1  | 2026/09/10 04:47:34 runtime_sync node=coordinator state=pending stage=ack code=http_409 generation=1
coordinator-1  | 2026/09/10 04:47:35 runtime_sync node=coordinator state=recovered generation=3
coordinator-1  | 2026/09/10 05:06:26 public_guard state=unavailable code=deadline
gateway-1      | 2026/09/10 04:47:34 runtime_sync node=gateway state=pending stage=ack code=unavailable generation=1
gateway-1      | 2026/09/10 04:47:35 runtime_sync node=gateway state=recovered generation=3
file:///Users/youngjoo/ethan/waiting-room/test/localbeta/runtime-tiers.mjs:66
  async function rawDataRequest(method,url,body,headers={}){return new Promise((resolve,reject)=>{const data=body===undefined?undefined:JSON.stringify(body);const req=https.request({hostname:'127.0.0.1',port:30463,path:url,method,agent:dataAgent,rejectUnauthorized:false,timeout:10000,headers:{Host:'127.0.0.1:20443',...(data?{'Content-Type':'application/json','Content-Length':Buffer.byteLength(data)}:{}),...headers}},res=>{let raw='';res.on('data',chunk=>raw+=chunk);res.on('end',()=>{let body;try{body=JSON.parse(raw);}catch{body=null;}resolve({status:res.statusCode,body,raw,headers:res.headers});});});req.on('error',()=>reject(Error('isolated tier transport failed')));req.on('timeout',()=>req.destroy());req.end(data);});}
                                                                                                                                                                                                                                                                                                                                                                                                                                                                                                                                                                                                                                                          ^

Error: isolated tier transport failed
    at ClientRequest.<anonymous> (file:///Users/youngjoo/ethan/waiting-room/test/localbeta/runtime-tiers.mjs:66:635)
    at ClientRequest.emit (node:events:508:28)
    at emitErrorEvent (node:_http_client:108:11)
    at TLSSocket.socketCloseListener (node:_http_client:548:7)
    at TLSSocket.emit (node:events:520:35)
    at node:net:346:12
    at TCP.done (node:_tls_wrap:649:7)

Node.js v24.12.0
