PASS: six-role Docker installation, actual Linux Control calibration, reviewed policy/region/defaults apply
PASS: PostgreSQL and Control restart preserve exact setup report and calibrated parameters before bootstrap
PASS: applied installation region and Room defaults reach signed runtime with both Gateway/Coordinator ACK
PUBLIC QUOTA: obeyed 429 responses=1; successful heartbeats=0
PUBLIC QUOTA: obeyed 429 responses=100; successful heartbeats=0
PUBLIC QUOTA: obeyed 429 responses=200; successful heartbeats=0
PUBLIC QUOTA: obeyed 429 responses=300; successful heartbeats=0
PUBLIC QUOTA: obeyed 429 responses=400; successful heartbeats=0
PASS: guarded candidate real Docker HTTPS 1000 visitors, 1000 status reads, 100 recent exact retries; client wall p99 including quota waits=50061.6ms; elapsed=70.9s
PASS: real HTTP heartbeat cycle retained 1800 visitors; total=1800
PUBLIC QUOTA: obeyed 429 responses=500; successful heartbeats=1800
PUBLIC QUOTA: obeyed 429 responses=600; successful heartbeats=1800
PUBLIC QUOTA: obeyed 429 responses=700; successful heartbeats=1800
PUBLIC QUOTA: obeyed 429 responses=800; successful heartbeats=1800
PUBLIC QUOTA: obeyed 429 responses=900; successful heartbeats=1800
PUBLIC QUOTA: obeyed 429 responses=1000; successful heartbeats=1800
PUBLIC QUOTA: obeyed 429 responses=1100; successful heartbeats=1800
PUBLIC QUOTA: obeyed 429 responses=1200; successful heartbeats=1800
PUBLIC QUOTA: obeyed 429 responses=1300; successful heartbeats=1800
PUBLIC QUOTA: obeyed 429 responses=1400; successful heartbeats=1800
PUBLIC QUOTA: obeyed 429 responses=1500; successful heartbeats=1800
PUBLIC QUOTA: obeyed 429 responses=1600; successful heartbeats=1800
PUBLIC QUOTA: obeyed 429 responses=1700; successful heartbeats=1800
PUBLIC QUOTA: obeyed 429 responses=1800; successful heartbeats=1800
PUBLIC QUOTA: obeyed 429 responses=1900; successful heartbeats=1800
PUBLIC QUOTA: obeyed 429 responses=2000; successful heartbeats=1800
PUBLIC QUOTA: obeyed 429 responses=2100; successful heartbeats=1800
PUBLIC QUOTA: obeyed 429 responses=2200; successful heartbeats=1800
PUBLIC QUOTA: obeyed 429 responses=2300; successful heartbeats=1800
PASS: guarded candidate real Docker HTTPS 2000 visitors, 2000 status reads, 100 recent exact retries; client wall p99 including quota waits=59059.4ms; elapsed=137.1s
PASS: real HTTP heartbeat cycle retained 3000 visitors; total=4800
PUBLIC QUOTA: obeyed 429 responses=2400; successful heartbeats=4800
PASS: real HTTP heartbeat cycle retained 4200 visitors; total=9000
PUBLIC QUOTA: obeyed 429 responses=2500; successful heartbeats=9000
PUBLIC QUOTA: obeyed 429 responses=2600; successful heartbeats=9000
PUBLIC QUOTA: obeyed 429 responses=2700; successful heartbeats=9000
PUBLIC QUOTA: obeyed 429 responses=2800; successful heartbeats=9000
PUBLIC QUOTA: obeyed 429 responses=2900; successful heartbeats=9000
PUBLIC QUOTA: obeyed 429 responses=3000; successful heartbeats=9000
PUBLIC QUOTA: obeyed 429 responses=3100; successful heartbeats=9000
PUBLIC QUOTA: obeyed 429 responses=3200; successful heartbeats=9000
PUBLIC QUOTA: obeyed 429 responses=3300; successful heartbeats=9000
PUBLIC QUOTA: obeyed 429 responses=3400; successful heartbeats=9000
PUBLIC QUOTA: obeyed 429 responses=3500; successful heartbeats=9000
PUBLIC QUOTA: obeyed 429 responses=3600; successful heartbeats=9000
PUBLIC QUOTA: obeyed 429 responses=3700; successful heartbeats=9000
PUBLIC QUOTA: obeyed 429 responses=3800; successful heartbeats=9000
PUBLIC QUOTA: obeyed 429 responses=3900; successful heartbeats=9000
PUBLIC QUOTA: obeyed 429 responses=4000; successful heartbeats=9000
PUBLIC QUOTA: obeyed 429 responses=4100; successful heartbeats=12802
PUBLIC QUOTA: obeyed 429 responses=4200; successful heartbeats=12810
PUBLIC QUOTA: obeyed 429 responses=4300; successful heartbeats=12810
PUBLIC QUOTA: obeyed 429 responses=4400; successful heartbeats=12810
PUBLIC QUOTA: obeyed 429 responses=4500; successful heartbeats=12810
PUBLIC QUOTA: obeyed 429 responses=4600; successful heartbeats=12810
PUBLIC QUOTA: obeyed 429 responses=4700; successful heartbeats=12810
PUBLIC QUOTA: obeyed 429 responses=4800; successful heartbeats=12810
PUBLIC QUOTA: obeyed 429 responses=4900; successful heartbeats=12810
PUBLIC QUOTA: obeyed 429 responses=5000; successful heartbeats=12810
PUBLIC QUOTA: obeyed 429 responses=5100; successful heartbeats=12810
PUBLIC QUOTA: obeyed 429 responses=5200; successful heartbeats=12810
PUBLIC QUOTA: obeyed 429 responses=5300; successful heartbeats=12810
PUBLIC QUOTA: obeyed 429 responses=5400; successful heartbeats=12810
PUBLIC QUOTA: obeyed 429 responses=5500; successful heartbeats=12810
PUBLIC QUOTA: obeyed 429 responses=5600; successful heartbeats=12810
PUBLIC QUOTA: obeyed 429 responses=5700; successful heartbeats=12810
PUBLIC QUOTA: obeyed 429 responses=5800; successful heartbeats=12810
PUBLIC QUOTA: obeyed 429 responses=5900; successful heartbeats=12842
PUBLIC QUOTA: obeyed 429 responses=6000; successful heartbeats=12842
PUBLIC QUOTA: obeyed 429 responses=6100; successful heartbeats=12842
PASS: real HTTP heartbeat cycle retained 5000 visitors; total=14000
PUBLIC QUOTA: obeyed 429 responses=6200; successful heartbeats=14000
PUBLIC QUOTA: obeyed 429 responses=6300; successful heartbeats=14000
PUBLIC QUOTA: obeyed 429 responses=6400; successful heartbeats=14000
PUBLIC QUOTA: obeyed 429 responses=6500; successful heartbeats=14000
PUBLIC QUOTA: obeyed 429 responses=6600; successful heartbeats=14000
PUBLIC QUOTA: obeyed 429 responses=6700; successful heartbeats=14000
PUBLIC QUOTA: obeyed 429 responses=6800; successful heartbeats=14000
PUBLIC QUOTA: obeyed 429 responses=6900; successful heartbeats=14000
PUBLIC QUOTA: obeyed 429 responses=7000; successful heartbeats=14000
PUBLIC QUOTA: obeyed 429 responses=7100; successful heartbeats=14000
PUBLIC QUOTA: obeyed 429 responses=7200; successful heartbeats=14000
PUBLIC QUOTA: obeyed 429 responses=7300; successful heartbeats=14000
PUBLIC QUOTA: obeyed 429 responses=7400; successful heartbeats=14000
PUBLIC QUOTA: obeyed 429 responses=7500; successful heartbeats=14000
PUBLIC QUOTA: obeyed 429 responses=7600; successful heartbeats=14000
PUBLIC QUOTA: obeyed 429 responses=7700; successful heartbeats=14000
PUBLIC QUOTA: obeyed 429 responses=7800; successful heartbeats=14000
PUBLIC QUOTA: obeyed 429 responses=7900; successful heartbeats=14000
PUBLIC QUOTA: obeyed 429 responses=8000; successful heartbeats=14000
PUBLIC QUOTA: obeyed 429 responses=8100; successful heartbeats=14000
PUBLIC QUOTA: obeyed 429 responses=8200; successful heartbeats=14000
PUBLIC QUOTA: obeyed 429 responses=8300; successful heartbeats=14000
PUBLIC QUOTA: obeyed 429 responses=8400; successful heartbeats=14000
PUBLIC QUOTA: obeyed 429 responses=8500; successful heartbeats=14000
PUBLIC QUOTA: obeyed 429 responses=8600; successful heartbeats=14000
PUBLIC QUOTA: obeyed 429 responses=8700; successful heartbeats=14000
PUBLIC QUOTA: obeyed 429 responses=8800; successful heartbeats=14000
PUBLIC QUOTA: obeyed 429 responses=8900; successful heartbeats=14000
PUBLIC QUOTA: obeyed 429 responses=9000; successful heartbeats=14000
PUBLIC QUOTA: obeyed 429 responses=9100; successful heartbeats=14000
PUBLIC QUOTA: obeyed 429 responses=9200; successful heartbeats=14000
PUBLIC QUOTA: obeyed 429 responses=9300; successful heartbeats=14000
PUBLIC QUOTA: obeyed 429 responses=9400; successful heartbeats=14000
PUBLIC QUOTA: obeyed 429 responses=9500; successful heartbeats=14000
PUBLIC QUOTA: obeyed 429 responses=9600; successful heartbeats=14000
PUBLIC QUOTA: obeyed 429 responses=9700; successful heartbeats=14000
PUBLIC QUOTA: obeyed 429 responses=9800; successful heartbeats=14000
PUBLIC QUOTA: obeyed 429 responses=9900; successful heartbeats=14000
PUBLIC QUOTA: obeyed 429 responses=10000; successful heartbeats=14000
PASS: guarded candidate real Docker HTTPS 5000 visitors, 5000 status reads, 100 recent exact retries; client wall p99 including quota waits=60089.0ms; elapsed=409.1s
PUBLIC QUOTA: obeyed 429 responses=10100; successful heartbeats=14000
PASS: real HTTP heartbeat cycle retained 6198 visitors; total=20198
PUBLIC QUOTA: obeyed 429 responses=10200; successful heartbeats=20198
PUBLIC QUOTA: obeyed 429 responses=10300; successful heartbeats=27949
PASS: real HTTP heartbeat cycle retained 7996 visitors; total=28194
PUBLIC QUOTA: obeyed 429 responses=10400; successful heartbeats=34194
Population failure: explicit 429=10409; successful heartbeats=35723
Population delivery: {"state":"applied","generation":7,"nodes":[{"id":"coordinator","generation":7,"rooms":[{"epoch":1,"mode":"HOLD","waiting":9795,"ready":0,"recoveryFence":1,"recoveryReason":"","recoveryUntil":0}]},{"id":"gateway","generation":7,"rooms":[{"epoch":1,"mode":"HOLD","waiting":0,"ready":0,"recoveryFence":0,"recoveryReason":"","recoveryUntil":0}]}]}
coordinator-1  | 2026/09/10 04:09:03 runtime_sync node=coordinator state=pending stage=ack code=unavailable generation=1
gateway-1      | 2026/09/10 04:09:03 runtime_sync node=gateway state=pending stage=ack code=unavailable generation=1
gateway-1      | 2026/09/10 04:09:04 runtime_sync node=gateway state=recovered generation=3
coordinator-1  | 2026/09/10 04:09:04 runtime_sync node=coordinator state=recovered generation=3
node:internal/modules/run_main:107
    triggerUncaughtException(
    ^

AssertionError [ERR_ASSERTION]: real v5 joins without unexpected 503
+ actual - expected

+ [
+   {
+     code: 'QUEUE_UNAVAILABLE',
+     index: 5602,
+     phase: 'join',
+     status: 503
+   },
+   {
+     code: 'QUEUE_UNAVAILABLE',
+     index: 5600,
+     phase: 'join',
+     status: 503
+   },
+   {
+     code: 'QUEUE_UNAVAILABLE',
+     index: 7409,
+     phase: 'join',
+     status: 503
+   },
+   {
+     code: 'QUEUE_UNAVAILABLE',
+     index: 7396,
+     phase: 'join',
+     status: 503
+   },
+   {
+     code: 'QUEUE_UNAVAILABLE',
+     index: 9210,
+     phase: 'join',
+     status: 503
+   }
+ ]
- []

    at file:///Users/youngjoo/ethan/waiting-room/test/localbeta/runtime-tiers.mjs:103:12
    at process.processTicksAndRejections (node:internal/process/task_queues:103:5) {
  generatedMessage: false,
  code: 'ERR_ASSERTION',
  actual: [
    {
      phase: 'join',
      index: 5602,
      status: 503,
      code: 'QUEUE_UNAVAILABLE'
    },
    {
      phase: 'join',
      index: 5600,
      status: 503,
      code: 'QUEUE_UNAVAILABLE'
    },
    {
      phase: 'join',
      index: 7409,
      status: 503,
      code: 'QUEUE_UNAVAILABLE'
    },
    {
      phase: 'join',
      index: 7396,
      status: 503,
      code: 'QUEUE_UNAVAILABLE'
    },
    {
      phase: 'join',
      index: 9210,
      status: 503,
      code: 'QUEUE_UNAVAILABLE'
    }
  ],
  expected: [],
  operator: 'deepStrictEqual',
  diff: 'simple'
}

Node.js v24.12.0
