go vet ./...
?   	waiting-room/build/beta7-clock-probe	[no test files]
?   	waiting-room/build/problem-preview	[no test files]
?   	waiting-room/cmd/wr-admin-lab	[no test files]
?   	waiting-room/cmd/wr-auth-calibrate	[no test files]
?   	waiting-room/cmd/wr-control	[no test files]
?   	waiting-room/cmd/wr-lab	[no test files]
?   	waiting-room/cmd/wr-node	[no test files]
?   	waiting-room/cmd/wr-process-lab	[no test files]
ok  	waiting-room/cmd/wrctl	1.394s
?   	waiting-room/deploy	[no test files]
ok  	waiting-room/internal/adminauth	17.432s
ok  	waiting-room/internal/adminauth/authhttp	2.008s
ok  	waiting-room/internal/adminauth/controlhttp	2.383s
ok  	waiting-room/internal/adminauth/pgstore	2.583s
ok  	waiting-room/internal/adminauth/sessionhttp	3.048s
ok  	waiting-room/internal/adminlab	3.832s
ok  	waiting-room/internal/adminserver	4.185s
ok  	waiting-room/internal/admission	3.430s
ok  	waiting-room/internal/configtrust	4.730s
ok  	waiting-room/internal/control	4.983s
ok  	waiting-room/internal/installer	11.248s
ok  	waiting-room/internal/installplan	5.950s
ok  	waiting-room/internal/installplan/clockcheck	6.510s
ok  	waiting-room/internal/installplan/preflight	5.738s
ok  	waiting-room/internal/installplan/preview	5.279s
ok  	waiting-room/internal/keyring	5.667s
ok  	waiting-room/internal/lab	4.322s
ok  	waiting-room/internal/localcontrol	5.570s
ok  	waiting-room/internal/policy	5.262s
ok  	waiting-room/internal/processlab	5.383s
?   	waiting-room/internal/publicguard	[no test files]
ok  	waiting-room/internal/queue/model	5.968s
ok  	waiting-room/internal/queue/valkeystore	5.164s
ok  	waiting-room/internal/recoveryarchive	5.384s
ok  	waiting-room/internal/runtimeplane	5.173s
ok  	waiting-room/internal/trafficlab	4.781s
ok  	waiting-room/internal/waiting	4.984s

> waiting-room-devtools@0.0.0 test
> node --test scripts/*.test.mjs

✔ front matter rejects duplicate keys and absent metadata (5.182125ms)
✔ dependency validator detects missing owners, duplicate IDs and cycles (0.896417ms)
✔ unchecked work and missing evidence cannot become GO (0.234459ms)
✔ 100K child failure blocks final release even if other children report GO (0.244959ms)
✔ declared dependency failure blocks delivery (0.067625ms)
✔ local and M0 success cannot stand in for delivery evidence (0.080125ms)
✔ evidence rejects missing identity, skipped PASS and traversal (51.87175ms)
✔ artifact digest mismatch and missing logs invalidate evidence (2.610125ms)
✔ support matrix rejects wildcard versions and false qualification (0.196ms)
✔ benchmark targets respect default retention, skew and rolling-rate budgets (0.555125ms)
✔ source startup preserves readiness during bounded coordinator recovery (0.562709ms)
✔ source startup waits for all roles and enforces deadline (8.880792ms)
ℹ tests 12
ℹ suites 0
ℹ pass 12
ℹ fail 0
ℹ cancelled 0
ℹ skipped 0
ℹ todo 0
ℹ duration_ms 191.623417
node scripts/check-docs.mjs
PASS: 9 PRDs; ownership, dependency graph, checklist, links, evidence rules and Git tracking.
npm run lint:api

> waiting-room-devtools@0.0.0 lint:api
> redocly lint api/openapi/public-v1.yaml api/openapi/admin-v1.yaml

validating api/openapi/public-v1.yaml...
api/openapi/public-v1.yaml: validated in 25ms

validating api/openapi/admin-v1.yaml...
api/openapi/admin-v1.yaml: validated in 40ms

Woohoo! Your API descriptions are valid. 🎉

node --test test/contract/*.test.mjs
✔ draft authoring client matches the strict saved ConfigDraft contract (41.316208ms)
✔ draft audit contract accepts redacted digests and excludes payloads (16.815875ms)
✔ all local OpenAPI references resolve (1.166ms)
✔ join and browser preparation accept root paths and reject external targets (46.673584ms)
✔ Room IDs exclude invalid base32 characters (14.382416ms)
✔ public status and claim are distinct operations and heartbeat is explicit (0.083375ms)
✔ admin policy and limit schema reject unsupported/unsafe values (25.277708ms)
✔ admin mutations declare authentication and concurrency headers (0.479292ms)
✔ route check is a typed read-only POST that cannot reflect target URL (35.7995ms)
✔ implemented security contracts use lowercase roles, explicit enabled and policy revision (29.338209ms)
✔ runtime publication and authenticated enrollment paths have explicit response contracts (20.795833ms)
✔ theme contract supports the built-in template and rejects remote/unknown IDs (20.856ms)
✔ authentication HTTP contract separates challenges and cookie sessions (42.646459ms)
✔ bootstrap and enrollment HTTP contract restricts policy and recovery material (61.084666ms)
✔ session read/logout contract excludes secrets and declares unavailable responses (26.415208ms)
✔ Traffic Lab accepts fixed presets only and protects mutations with role and retry contracts (30.757875ms)
✔ every implemented operation declares current lowercase roles and typed failures (0.207375ms)
ℹ tests 17
ℹ suites 0
ℹ pass 17
ℹ fail 0
ℹ cancelled 0
ℹ skipped 0
ℹ todo 0
ℹ duration_ms 471.272041
npm run build:admin

> waiting-room-devtools@0.0.0 build:admin
> vite build --config apps/admin/vite.config.mjs

vite v8.2.2 building client environment for production...
transforming...
✓ 77 modules transformed.
rendering chunks...
computing gzip size...
build/admin-ui/index.html                             0.50 kB │ gzip:  0.34 kB
build/admin-ui/assets/setup-Bv17efgs.css              2.41 kB │ gzip:  0.87 kB
build/admin-ui/assets/traffic-lab-CSPhImGA.css        3.75 kB │ gzip:  1.22 kB
build/admin-ui/assets/preview-qBODYFax.css           15.74 kB │ gzip:  3.58 kB
build/admin-ui/assets/index-Ch7b17-9.css             29.80 kB │ gzip:  6.61 kB
build/admin-ui/assets/rolldown-runtime-CbXtAM7H.js    0.58 kB │ gzip:  0.36 kB
build/admin-ui/assets/preview-inputs-mkZsw8EJ.js      2.86 kB │ gzip:  1.55 kB
build/admin-ui/assets/traffic-lab-74o4Hdpv.js         9.94 kB │ gzip:  4.05 kB
build/admin-ui/assets/setup-BsiHRvVO.js              10.83 kB │ gzip:  4.03 kB
build/admin-ui/assets/browser-fxCp88pT.js            23.47 kB │ gzip:  8.86 kB
build/admin-ui/assets/preview-CMSoEDRK.js            27.74 kB │ gzip:  9.35 kB
build/admin-ui/assets/index-BulTz-5z.js             304.25 kB │ gzip: 92.92 kB

✓ built in 121ms
npm run test:admin-ui

> waiting-room-devtools@0.0.0 test:admin-ui
> node --test apps/admin/test/*.test.mjs

✔ HTML patterns compile in UnicodeSets v mode and preserve ID/code bounds (0.404166ms)
✔ local QR URI encodes account and exact algorithm without remote service (0.212959ms)
✔ client keeps credentials in same-origin headers/body and rejects redirects (0.184083ms)
✔ client error does not reflect backend body or network secrets (0.648125ms)
✔ storage is CSRF only and denied storage fails safely (0.347666ms)
✔ audit uses the public at field and does not label accepted operations as rejected (17.293583ms)
✔ system recovery labels reflect held/resumed; unknown labels and invalid time fail safely (0.093583ms)
✔ authentication audit distinguishes second factor from completed login (0.055417ms)
✔ new Room remains inactive, FIFO and local built-in template (1.990208ms)
✔ draft write preserves caller replay key and ETag and never reports activation (9.110125ms)
✔ revision conflict is explicit and raw errors are not shown (0.515334ms)
✔ local event inputs preserve seconds and serialize UTC (1.31775ms)
✔ event form rejects missing, normalized calendar dates, past, reversed and oversized range (0.265583ms)
✔ download uses fixed filename and JSON bytes, then cleans its temporary URL (0.4705ms)
✔ default plan is valid at every input step and exports the guided sequence (0.62975ms)
✔ profile and region errors are scoped to their own step (0.646667ms)
✔ capacity honors each profile and changing to Standard preserves invalid values (21.721208ms)
✔ capacity rejects missing, fractional, non-finite and string integers (0.1725ms)
✔ TOTP accepts an explicit configurable OFF and rejects missing or forced OFF (0.102917ms)
✔ cost fixture validates without changing inputs and region remains the caller responsibility (0.565333ms)
✔ price strings preserve exact decimal syntax and reject incompatible values (0.975291ms)
✔ pricing date validation covers real calendar and backend year bounds (0.319542ms)
✔ pricing identifiers and integer bounds match backend constraints (1.331084ms)
✔ preview uses explicit same-origin endpoint without cookies (0.648208ms)
✔ preview never reflects backend or network error values (0.260417ms)
✔ Room wizard defaults stay inactive and preserve full API contract on save (2.556542ms)
✔ connection guidance rejects Gateway loops, credentials, normalization surprises and mismatched health URLs (2.584084ms)
✔ prefix validation mirrors canonical and reserved path boundaries (0.357042ms)
✔ route demonstration uses segment boundaries and exclusion precedence (0.1175ms)
✔ capacity allows only bounded integers in the installation profile (15.954084ms)
✔ existing ID and active route conflicts are explained before saving (0.206334ms)
✔ theme checks reject unsafe text but retain multiline plain guidance (0.135125ms)
✔ console routes preserve exact Room identity and tab (0.683209ms)
✔ console rejects external, encoded, query and malformed routes (0.074916ms)
✔ sensitive request freezes original bytes and matches Go digest framing (3.265125ms)
✔ reauth and execution share exact body, revision and stable retry key (8.580334ms)
✔ setup accepts preview reports as editable inputs, retaining explicit false (0.856167ms)
✔ queue metrics use only Coordinator and subtract READY from active leases for ADMITTED (2.219875ms)
✔ stale, missing, wrong-generation and mismatched revision observations cannot appear current (0.238958ms)
✔ failed refresh masks earlier successful counts, health and modes without discarding the saved command (0.080333ms)
✔ origin false and recovery are actionable failures, while old Gateway counters remain unknown (0.147917ms)
✔ HTTP 5xx uses fresh Gateway whole-minute observations and distinguishes warming from zero (11.148583ms)
✔ aggregate is unknown instead of a misleading partial total if any Room lacks fresh source data (0.210333ms)
✔ a late polling response cannot overwrite a newer command generation (0.063583ms)
✔ Traffic Lab navigation and active states keep interrupted runs distinct (0.586833ms)
ℹ tests 45
ℹ suites 0
ℹ pass 45
ℹ fail 0
ℹ cancelled 0
ℹ skipped 0
ℹ todo 0
ℹ duration_ms 72.177292
node --test test/installplan/*.test.mjs
✔ standard: schema and executable agree on profile/TOTP/region bounds (619.735292ms)
✔ high-scale: schema and executable agree on profile/TOTP/region bounds (112.010084ms)
✔ cost: schema and CLI agree; exact subtotals preserve provenance (137.833625ms)
✔ report: nested input schemas, CLI recomputation and region equality (52.289ms)
ℹ tests 4
ℹ suites 0
ℹ pass 4
ℹ fail 0
ℹ cancelled 0
ℹ skipped 0
ℹ todo 0
ℹ duration_ms 2303.530083
