go vet ./...
?   	waiting-room/cmd/wr-admin-lab	[no test files]
?   	waiting-room/cmd/wr-auth-calibrate	[no test files]
?   	waiting-room/cmd/wr-lab	[no test files]
ok  	waiting-room/cmd/wrctl	1.353s
ok  	waiting-room/internal/adminauth	9.178s
ok  	waiting-room/internal/adminauth/authhttp	4.132s
ok  	waiting-room/internal/adminauth/pgstore	3.284s
ok  	waiting-room/internal/adminauth/sessionhttp	1.851s
ok  	waiting-room/internal/adminlab	2.349s
ok  	waiting-room/internal/admission	4.656s
ok  	waiting-room/internal/installplan	3.711s
ok  	waiting-room/internal/installplan/preflight	5.121s
ok  	waiting-room/internal/lab	5.471s
ok  	waiting-room/internal/policy	6.356s
ok  	waiting-room/internal/queue/model	6.146s
?   	waiting-room/internal/queue/valkeystore	[no test files]
ok  	waiting-room/internal/waiting	6.781s

> waiting-room-devtools@0.0.0 test
> node --test scripts/*.test.mjs

✔ front matter rejects duplicate keys and absent metadata (2.654583ms)
✔ dependency validator detects missing owners, duplicate IDs and cycles (0.307708ms)
✔ unchecked work and missing evidence cannot become GO (0.095209ms)
✔ 100K child failure blocks final release even if other children report GO (0.166291ms)
✔ declared dependency failure blocks delivery (0.056083ms)
✔ local and M0 success cannot stand in for delivery evidence (0.068416ms)
✔ evidence rejects missing identity, skipped PASS and traversal (37.001792ms)
✔ artifact digest mismatch and missing logs invalidate evidence (1.109625ms)
✔ support matrix rejects wildcard versions and false qualification (0.157084ms)
✔ benchmark targets respect default retention, skew and rolling-rate budgets (0.45925ms)
ℹ tests 10
ℹ suites 0
ℹ pass 10
ℹ fail 0
ℹ cancelled 0
ℹ skipped 0
ℹ todo 0
ℹ duration_ms 112.699875
node scripts/check-docs.mjs
PASS: 9 PRDs; ownership, dependency graph, checklist, links, evidence rules and Git tracking.
npm run lint:api

> waiting-room-devtools@0.0.0 lint:api
> redocly lint api/openapi/public-v1.yaml api/openapi/admin-v1.yaml

node --test test/contract/*.test.mjs
✔ all local OpenAPI references resolve (1.02075ms)
✔ join schema rejects absolute and scheme-relative targets (35.503292ms)
✔ Room IDs exclude invalid base32 characters (18.359791ms)
✔ public status and claim are distinct operations and heartbeat is explicit (0.094166ms)
✔ admin policy and limit schema reject unsupported/unsafe values (24.666583ms)
✔ admin mutations declare authentication and concurrency headers (0.144792ms)
✔ theme contract supports the built-in template and rejects remote/unknown IDs (21.667709ms)
✔ authentication HTTP contract separates challenges and cookie sessions (44.380375ms)
✔ bootstrap and enrollment HTTP contract restricts policy and recovery material (56.460125ms)
✔ session read/logout contract excludes secrets and declares unavailable responses (24.789541ms)
ℹ tests 10
ℹ suites 0
ℹ pass 10
ℹ fail 0
ℹ cancelled 0
ℹ skipped 0
ℹ todo 0
ℹ duration_ms 275.612584
npm run build:admin

> waiting-room-devtools@0.0.0 build:admin
> vite build --config apps/admin/vite.config.mjs

vite v8.2.2 building client environment for production...
transforming...
✓ 46 modules transformed.
rendering chunks...
computing gzip size...
build/admin-ui/index.html                    0.41 kB │ gzip:  0.31 kB
build/admin-ui/assets/index-Bd7BhE6P.css     4.24 kB │ gzip:  1.47 kB
build/admin-ui/assets/browser-CafTK0sU.js   23.46 kB │ gzip:  8.85 kB
build/admin-ui/assets/index-3f-0SIFZ.js    203.34 kB │ gzip: 64.84 kB

✓ built in 75ms
npm run test:admin-ui

> waiting-room-devtools@0.0.0 test:admin-ui
> node --test apps/admin/test/*.test.mjs

✔ HTML patterns compile in UnicodeSets v mode and preserve ID/code bounds (0.358667ms)
✔ local QR URI encodes account and exact algorithm without remote service (0.188083ms)
✔ client keeps credentials in same-origin headers/body and rejects redirects (0.150042ms)
✔ client error does not reflect backend body or network secrets (0.488708ms)
✔ storage is CSRF only and denied storage fails safely (0.310375ms)
ℹ tests 5
ℹ suites 0
ℹ pass 5
ℹ fail 0
ℹ cancelled 0
ℹ skipped 0
ℹ todo 0
ℹ duration_ms 33.154042
node --test test/installplan/*.test.mjs
✔ standard: schema and executable agree on profile/TOTP/region bounds (321.961334ms)
✔ high-scale: schema and executable agree on profile/TOTP/region bounds (47.733208ms)
ℹ tests 2
ℹ suites 0
ℹ pass 2
ℹ fail 0
ℹ cancelled 0
ℹ skipped 0
ℹ todo 0
ℹ duration_ms 714.121166
validating api/openapi/public-v1.yaml...
api/openapi/public-v1.yaml: validated in 16ms

validating api/openapi/admin-v1.yaml...
api/openapi/admin-v1.yaml: validated in 18ms

Woohoo! Your API descriptions are valid. 🎉

