go vet ./...
?   	waiting-room/cmd/wr-auth-calibrate	[no test files]
?   	waiting-room/cmd/wr-lab	[no test files]
ok  	waiting-room/internal/adminauth	10.334s
ok  	waiting-room/internal/adminauth/pgstore	2.084s
ok  	waiting-room/internal/admission	1.547s
ok  	waiting-room/internal/lab	2.288s
ok  	waiting-room/internal/policy	1.697s
ok  	waiting-room/internal/queue/model	2.677s
?   	waiting-room/internal/queue/valkeystore	[no test files]
ok  	waiting-room/internal/waiting	2.662s

> waiting-room-devtools@0.0.0 test
> node --test scripts/*.test.mjs

✔ front matter rejects duplicate keys and absent metadata (2.691333ms)
✔ dependency validator detects missing owners, duplicate IDs and cycles (0.357667ms)
✔ unchecked work and missing evidence cannot become GO (0.110375ms)
✔ 100K child failure blocks final release even if other children report GO (0.195ms)
✔ declared dependency failure blocks delivery (0.059ms)
✔ local and M0 success cannot stand in for delivery evidence (0.071833ms)
✔ evidence rejects missing identity, skipped PASS and traversal (43.841291ms)
✔ artifact digest mismatch and missing logs invalidate evidence (0.956458ms)
✔ support matrix rejects wildcard versions and false qualification (0.156958ms)
✔ benchmark targets respect default retention, skew and rolling-rate budgets (0.30875ms)
ℹ tests 10
ℹ suites 0
ℹ pass 10
ℹ fail 0
ℹ cancelled 0
ℹ skipped 0
ℹ todo 0
ℹ duration_ms 123.465542
node scripts/check-docs.mjs
PASS: 9 PRDs; ownership, dependency graph, checklist, links, evidence rules and Git tracking.
npm run lint:api

> waiting-room-devtools@0.0.0 lint:api
> redocly lint api/openapi/public-v1.yaml api/openapi/admin-v1.yaml

node --test test/contract/*.test.mjs
✔ all local OpenAPI references resolve (1.093708ms)
✔ join schema rejects absolute and scheme-relative targets (36.761708ms)
✔ Room IDs exclude invalid base32 characters (22.659ms)
✔ public status and claim are distinct operations and heartbeat is explicit (0.093833ms)
✔ admin policy and limit schema reject unsupported/unsafe values (45.056208ms)
✔ admin mutations declare authentication and concurrency headers (0.30075ms)
✔ theme contract supports the built-in template and rejects remote/unknown IDs (59.78925ms)
ℹ tests 7
ℹ suites 0
ℹ pass 7
ℹ fail 0
ℹ cancelled 0
ℹ skipped 0
ℹ todo 0
ℹ duration_ms 239.757667
validating api/openapi/public-v1.yaml...
api/openapi/public-v1.yaml: validated in 32ms

validating api/openapi/admin-v1.yaml...
api/openapi/admin-v1.yaml: validated in 35ms

Woohoo! Your API descriptions are valid. 🎉

