=== RUN   TestPasswordLoginPolicyChangeDuringVerification
    login_integration_test.go:22: PostgreSQL 17.11 (Debian 17.11-1.pgdg13+2) ; two independent pools
--- PASS: TestPasswordLoginPolicyChangeDuringVerification (1.86s)
=== RUN   TestPasswordLoginTOTPFlow
    login_integration_test.go:84: PostgreSQL 17.11 (Debian 17.11-1.pgdg13+2) ; two independent pools
--- PASS: TestPasswordLoginTOTPFlow (3.07s)
=== RUN   TestPasswordLoginOFFAndEnrollmentClosed
=== RUN   TestPasswordLoginOFFAndEnrollmentClosed/off=true
    login_integration_test.go:125: PostgreSQL 17.11 (Debian 17.11-1.pgdg13+2) ; two independent pools
=== RUN   TestPasswordLoginOFFAndEnrollmentClosed/off=false
    login_integration_test.go:125: PostgreSQL 17.11 (Debian 17.11-1.pgdg13+2) ; two independent pools
--- PASS: TestPasswordLoginOFFAndEnrollmentClosed (3.64s)
    --- PASS: TestPasswordLoginOFFAndEnrollmentClosed/off=true (1.81s)
    --- PASS: TestPasswordLoginOFFAndEnrollmentClosed/off=false (1.83s)
=== RUN   TestPasswordLoginInvalidAndAccountLimit
    login_integration_test.go:149: PostgreSQL 17.11 (Debian 17.11-1.pgdg13+2) ; two independent pools
--- PASS: TestPasswordLoginInvalidAndAccountLimit (5.45s)
=== RUN   TestPasswordThrottleSharedPoolsAndCardinality
    login_integration_test.go:174: PostgreSQL 17.11 (Debian 17.11-1.pgdg13+2) ; two independent pools
--- PASS: TestPasswordThrottleSharedPoolsAndCardinality (0.34s)
=== RUN   TestPasswordSnapshotChangesFailClosed
=== RUN   TestPasswordSnapshotChangesFailClosed/auth_password_credentials/version=2
    login_integration_test.go:248: PostgreSQL 17.11 (Debian 17.11-1.pgdg13+2) ; two independent pools
=== RUN   TestPasswordSnapshotChangesFailClosed/auth_password_credentials/password_hash='changed'
    login_integration_test.go:248: PostgreSQL 17.11 (Debian 17.11-1.pgdg13+2) ; two independent pools
=== RUN   TestPasswordSnapshotChangesFailClosed/auth_accounts/session_version=2
    login_integration_test.go:248: PostgreSQL 17.11 (Debian 17.11-1.pgdg13+2) ; two independent pools
=== RUN   TestPasswordSnapshotChangesFailClosed/auth_accounts/enabled=false
    login_integration_test.go:248: PostgreSQL 17.11 (Debian 17.11-1.pgdg13+2) ; two independent pools
=== RUN   TestPasswordSnapshotChangesFailClosed/auth_accounts/role='viewer'
    login_integration_test.go:248: PostgreSQL 17.11 (Debian 17.11-1.pgdg13+2) ; two independent pools
=== RUN   TestPasswordSnapshotChangesFailClosed/auth_policy/version=2
    login_integration_test.go:248: PostgreSQL 17.11 (Debian 17.11-1.pgdg13+2) ; two independent pools
=== RUN   TestPasswordSnapshotChangesFailClosed/auth_policy/totp_enabled=false
    login_integration_test.go:248: PostgreSQL 17.11 (Debian 17.11-1.pgdg13+2) ; two independent pools
--- PASS: TestPasswordSnapshotChangesFailClosed (8.64s)
    --- PASS: TestPasswordSnapshotChangesFailClosed/auth_password_credentials/version=2 (1.22s)
    --- PASS: TestPasswordSnapshotChangesFailClosed/auth_password_credentials/password_hash='changed' (1.21s)
    --- PASS: TestPasswordSnapshotChangesFailClosed/auth_accounts/session_version=2 (1.22s)
    --- PASS: TestPasswordSnapshotChangesFailClosed/auth_accounts/enabled=false (1.24s)
    --- PASS: TestPasswordSnapshotChangesFailClosed/auth_accounts/role='viewer' (1.25s)
    --- PASS: TestPasswordSnapshotChangesFailClosed/auth_policy/version=2 (1.24s)
    --- PASS: TestPasswordSnapshotChangesFailClosed/auth_policy/totp_enabled=false (1.26s)
=== RUN   TestPasswordResultInsertFailureRollsBack
    login_integration_test.go:262: PostgreSQL 17.11 (Debian 17.11-1.pgdg13+2) ; two independent pools
--- PASS: TestPasswordResultInsertFailureRollsBack (2.53s)
=== RUN   TestPasswordLoginPolicyChangeDuringVerification
    login_integration_test.go:22: PostgreSQL 17.11 (Debian 17.11-1.pgdg13+2) ; two independent pools
--- PASS: TestPasswordLoginPolicyChangeDuringVerification (1.91s)
=== RUN   TestPasswordLoginTOTPFlow
    login_integration_test.go:84: PostgreSQL 17.11 (Debian 17.11-1.pgdg13+2) ; two independent pools
--- PASS: TestPasswordLoginTOTPFlow (3.14s)
=== RUN   TestPasswordLoginOFFAndEnrollmentClosed
=== RUN   TestPasswordLoginOFFAndEnrollmentClosed/off=true
    login_integration_test.go:125: PostgreSQL 17.11 (Debian 17.11-1.pgdg13+2) ; two independent pools
=== RUN   TestPasswordLoginOFFAndEnrollmentClosed/off=false
    login_integration_test.go:125: PostgreSQL 17.11 (Debian 17.11-1.pgdg13+2) ; two independent pools
--- PASS: TestPasswordLoginOFFAndEnrollmentClosed (3.63s)
    --- PASS: TestPasswordLoginOFFAndEnrollmentClosed/off=true (1.81s)
    --- PASS: TestPasswordLoginOFFAndEnrollmentClosed/off=false (1.82s)
=== RUN   TestPasswordLoginInvalidAndAccountLimit
    login_integration_test.go:149: PostgreSQL 17.11 (Debian 17.11-1.pgdg13+2) ; two independent pools
--- PASS: TestPasswordLoginInvalidAndAccountLimit (6.61s)
=== RUN   TestPasswordThrottleSharedPoolsAndCardinality
    login_integration_test.go:174: PostgreSQL 17.11 (Debian 17.11-1.pgdg13+2) ; two independent pools
--- PASS: TestPasswordThrottleSharedPoolsAndCardinality (2.24s)
=== RUN   TestPasswordSnapshotChangesFailClosed
=== RUN   TestPasswordSnapshotChangesFailClosed/auth_password_credentials/version=2
    login_integration_test.go:248: PostgreSQL 17.11 (Debian 17.11-1.pgdg13+2) ; two independent pools
=== RUN   TestPasswordSnapshotChangesFailClosed/auth_password_credentials/password_hash='changed'
    login_integration_test.go:248: PostgreSQL 17.11 (Debian 17.11-1.pgdg13+2) ; two independent pools
=== RUN   TestPasswordSnapshotChangesFailClosed/auth_accounts/session_version=2
    login_integration_test.go:248: PostgreSQL 17.11 (Debian 17.11-1.pgdg13+2) ; two independent pools
=== RUN   TestPasswordSnapshotChangesFailClosed/auth_accounts/enabled=false
    login_integration_test.go:248: PostgreSQL 17.11 (Debian 17.11-1.pgdg13+2) ; two independent pools
=== RUN   TestPasswordSnapshotChangesFailClosed/auth_accounts/role='viewer'
    login_integration_test.go:248: PostgreSQL 17.11 (Debian 17.11-1.pgdg13+2) ; two independent pools
=== RUN   TestPasswordSnapshotChangesFailClosed/auth_policy/version=2
    login_integration_test.go:248: PostgreSQL 17.11 (Debian 17.11-1.pgdg13+2) ; two independent pools
=== RUN   TestPasswordSnapshotChangesFailClosed/auth_policy/totp_enabled=false
    login_integration_test.go:248: PostgreSQL 17.11 (Debian 17.11-1.pgdg13+2) ; two independent pools
--- PASS: TestPasswordSnapshotChangesFailClosed (9.55s)
    --- PASS: TestPasswordSnapshotChangesFailClosed/auth_password_credentials/version=2 (1.59s)
    --- PASS: TestPasswordSnapshotChangesFailClosed/auth_password_credentials/password_hash='changed' (1.50s)
    --- PASS: TestPasswordSnapshotChangesFailClosed/auth_accounts/session_version=2 (1.55s)
    --- PASS: TestPasswordSnapshotChangesFailClosed/auth_accounts/enabled=false (1.24s)
    --- PASS: TestPasswordSnapshotChangesFailClosed/auth_accounts/role='viewer' (1.23s)
    --- PASS: TestPasswordSnapshotChangesFailClosed/auth_policy/version=2 (1.22s)
    --- PASS: TestPasswordSnapshotChangesFailClosed/auth_policy/totp_enabled=false (1.22s)
=== RUN   TestPasswordResultInsertFailureRollsBack
    login_integration_test.go:262: PostgreSQL 17.11 (Debian 17.11-1.pgdg13+2) ; two independent pools
--- PASS: TestPasswordResultInsertFailureRollsBack (2.46s)
=== RUN   TestPasswordLoginPolicyChangeDuringVerification
    login_integration_test.go:22: PostgreSQL 17.11 (Debian 17.11-1.pgdg13+2) ; two independent pools
--- PASS: TestPasswordLoginPolicyChangeDuringVerification (1.83s)
=== RUN   TestPasswordLoginTOTPFlow
    login_integration_test.go:84: PostgreSQL 17.11 (Debian 17.11-1.pgdg13+2) ; two independent pools
--- PASS: TestPasswordLoginTOTPFlow (3.06s)
=== RUN   TestPasswordLoginOFFAndEnrollmentClosed
=== RUN   TestPasswordLoginOFFAndEnrollmentClosed/off=true
    login_integration_test.go:125: PostgreSQL 17.11 (Debian 17.11-1.pgdg13+2) ; two independent pools
=== RUN   TestPasswordLoginOFFAndEnrollmentClosed/off=false
    login_integration_test.go:125: PostgreSQL 17.11 (Debian 17.11-1.pgdg13+2) ; two independent pools
--- PASS: TestPasswordLoginOFFAndEnrollmentClosed (3.68s)
    --- PASS: TestPasswordLoginOFFAndEnrollmentClosed/off=true (1.81s)
    --- PASS: TestPasswordLoginOFFAndEnrollmentClosed/off=false (1.86s)
=== RUN   TestPasswordLoginInvalidAndAccountLimit
    login_integration_test.go:149: PostgreSQL 17.11 (Debian 17.11-1.pgdg13+2) ; two independent pools
--- PASS: TestPasswordLoginInvalidAndAccountLimit (5.45s)
=== RUN   TestPasswordThrottleSharedPoolsAndCardinality
    login_integration_test.go:174: PostgreSQL 17.11 (Debian 17.11-1.pgdg13+2) ; two independent pools
--- PASS: TestPasswordThrottleSharedPoolsAndCardinality (0.33s)
=== RUN   TestPasswordSnapshotChangesFailClosed
=== RUN   TestPasswordSnapshotChangesFailClosed/auth_password_credentials/version=2
    login_integration_test.go:248: PostgreSQL 17.11 (Debian 17.11-1.pgdg13+2) ; two independent pools
=== RUN   TestPasswordSnapshotChangesFailClosed/auth_password_credentials/password_hash='changed'
    login_integration_test.go:248: PostgreSQL 17.11 (Debian 17.11-1.pgdg13+2) ; two independent pools
=== RUN   TestPasswordSnapshotChangesFailClosed/auth_accounts/session_version=2
    login_integration_test.go:248: PostgreSQL 17.11 (Debian 17.11-1.pgdg13+2) ; two independent pools
=== RUN   TestPasswordSnapshotChangesFailClosed/auth_accounts/enabled=false
    login_integration_test.go:248: PostgreSQL 17.11 (Debian 17.11-1.pgdg13+2) ; two independent pools
=== RUN   TestPasswordSnapshotChangesFailClosed/auth_accounts/role='viewer'
    login_integration_test.go:248: PostgreSQL 17.11 (Debian 17.11-1.pgdg13+2) ; two independent pools
=== RUN   TestPasswordSnapshotChangesFailClosed/auth_policy/version=2
    login_integration_test.go:248: PostgreSQL 17.11 (Debian 17.11-1.pgdg13+2) ; two independent pools
=== RUN   TestPasswordSnapshotChangesFailClosed/auth_policy/totp_enabled=false
    login_integration_test.go:248: PostgreSQL 17.11 (Debian 17.11-1.pgdg13+2) ; two independent pools
--- PASS: TestPasswordSnapshotChangesFailClosed (8.50s)
    --- PASS: TestPasswordSnapshotChangesFailClosed/auth_password_credentials/version=2 (1.21s)
    --- PASS: TestPasswordSnapshotChangesFailClosed/auth_password_credentials/password_hash='changed' (1.20s)
    --- PASS: TestPasswordSnapshotChangesFailClosed/auth_accounts/session_version=2 (1.20s)
    --- PASS: TestPasswordSnapshotChangesFailClosed/auth_accounts/enabled=false (1.21s)
    --- PASS: TestPasswordSnapshotChangesFailClosed/auth_accounts/role='viewer' (1.21s)
    --- PASS: TestPasswordSnapshotChangesFailClosed/auth_policy/version=2 (1.22s)
    --- PASS: TestPasswordSnapshotChangesFailClosed/auth_policy/totp_enabled=false (1.24s)
=== RUN   TestPasswordResultInsertFailureRollsBack
    login_integration_test.go:262: PostgreSQL 17.11 (Debian 17.11-1.pgdg13+2) ; two independent pools
--- PASS: TestPasswordResultInsertFailureRollsBack (2.49s)
PASS
ok  	waiting-room/internal/adminauth/pgstore	81.690s
