go test -tags=integration -race -count=1 -v ./internal/adminauth/pgstore
=== RUN   TestUnknownCommitAndLateExpiryFailClosed
--- PASS: TestUnknownCommitAndLateExpiryFailClosed (0.00s)
=== RUN   TestPasswordLoginPolicyChangeDuringVerification
    login_integration_test.go:22: PostgreSQL 17.11 (Debian 17.11-1.pgdg13+2) ; two independent pools
--- PASS: TestPasswordLoginPolicyChangeDuringVerification (1.85s)
=== RUN   TestPasswordLoginTOTPFlow
    login_integration_test.go:84: PostgreSQL 17.11 (Debian 17.11-1.pgdg13+2) ; two independent pools
--- PASS: TestPasswordLoginTOTPFlow (3.03s)
=== RUN   TestPasswordLoginOFFAndEnrollmentClosed
=== RUN   TestPasswordLoginOFFAndEnrollmentClosed/off=true
    login_integration_test.go:125: PostgreSQL 17.11 (Debian 17.11-1.pgdg13+2) ; two independent pools
=== RUN   TestPasswordLoginOFFAndEnrollmentClosed/off=false
    login_integration_test.go:125: PostgreSQL 17.11 (Debian 17.11-1.pgdg13+2) ; two independent pools
--- PASS: TestPasswordLoginOFFAndEnrollmentClosed (3.61s)
    --- PASS: TestPasswordLoginOFFAndEnrollmentClosed/off=true (1.80s)
    --- PASS: TestPasswordLoginOFFAndEnrollmentClosed/off=false (1.81s)
=== RUN   TestPasswordLoginInvalidAndAccountLimit
    login_integration_test.go:149: PostgreSQL 17.11 (Debian 17.11-1.pgdg13+2) ; two independent pools
--- PASS: TestPasswordLoginInvalidAndAccountLimit (5.37s)
=== RUN   TestPasswordThrottleSharedPoolsAndCardinality
    login_integration_test.go:174: PostgreSQL 17.11 (Debian 17.11-1.pgdg13+2) ; two independent pools
--- PASS: TestPasswordThrottleSharedPoolsAndCardinality (0.32s)
=== RUN   TestPasswordSnapshotChangesFailClosed
=== RUN   TestPasswordSnapshotChangesFailClosed/auth_password_credentials/version=2
    login_integration_test.go:248: PostgreSQL 17.11 (Debian 17.11-1.pgdg13+2) ; two independent pools
=== RUN   TestPasswordSnapshotChangesFailClosed/auth_password_credentials/password_hash='changed'
    login_integration_test.go:248: PostgreSQL 17.11 (Debian 17.11-1.pgdg13+2) ; two independent pools
=== RUN   TestPasswordSnapshotChangesFailClosed/auth_accounts/session_version=2
    login_integration_test.go:248: PostgreSQL 17.11 (Debian 17.11-1.pgdg13+2) ; two independent pools
=== RUN   TestPasswordSnapshotChangesFailClosed/auth_accounts/enabled=false
    login_integration_test.go:248: PostgreSQL 17.11 (Debian 17.11-1.pgdg13+2) ; two independent pools
=== RUN   TestPasswordSnapshotChangesFailClosed/auth_accounts/role='viewer'
    login_integration_test.go:248: PostgreSQL 17.11 (Debian 17.11-1.pgdg13+2) ; two independent pools
=== RUN   TestPasswordSnapshotChangesFailClosed/auth_policy/version=2
    login_integration_test.go:248: PostgreSQL 17.11 (Debian 17.11-1.pgdg13+2) ; two independent pools
=== RUN   TestPasswordSnapshotChangesFailClosed/auth_policy/totp_enabled=false
    login_integration_test.go:248: PostgreSQL 17.11 (Debian 17.11-1.pgdg13+2) ; two independent pools
--- PASS: TestPasswordSnapshotChangesFailClosed (8.50s)
    --- PASS: TestPasswordSnapshotChangesFailClosed/auth_password_credentials/version=2 (1.21s)
    --- PASS: TestPasswordSnapshotChangesFailClosed/auth_password_credentials/password_hash='changed' (1.21s)
    --- PASS: TestPasswordSnapshotChangesFailClosed/auth_accounts/session_version=2 (1.21s)
    --- PASS: TestPasswordSnapshotChangesFailClosed/auth_accounts/enabled=false (1.20s)
    --- PASS: TestPasswordSnapshotChangesFailClosed/auth_accounts/role='viewer' (1.20s)
    --- PASS: TestPasswordSnapshotChangesFailClosed/auth_policy/version=2 (1.24s)
    --- PASS: TestPasswordSnapshotChangesFailClosed/auth_policy/totp_enabled=false (1.23s)
=== RUN   TestPasswordResultInsertFailureRollsBack
    login_integration_test.go:262: PostgreSQL 17.11 (Debian 17.11-1.pgdg13+2) ; two independent pools
--- PASS: TestPasswordResultInsertFailureRollsBack (2.43s)
=== RUN   TestLoginFingerprintNormalizationAndRedaction
--- PASS: TestLoginFingerprintNormalizationAndRedaction (0.00s)
=== RUN   TestPostgresConcurrentChallengeAndCounter
=== RUN   TestPostgresConcurrentChallengeAndCounter/same_challenge=true
    store_integration_test.go:159: PostgreSQL 17.11 (Debian 17.11-1.pgdg13+2) ; two independent pools
=== RUN   TestPostgresConcurrentChallengeAndCounter/same_challenge=false
    store_integration_test.go:159: PostgreSQL 17.11 (Debian 17.11-1.pgdg13+2) ; two independent pools
--- PASS: TestPostgresConcurrentChallengeAndCounter (0.38s)
    --- PASS: TestPostgresConcurrentChallengeAndCounter/same_challenge=true (0.16s)
    --- PASS: TestPostgresConcurrentChallengeAndCounter/same_challenge=false (0.22s)
=== RUN   TestPostgresFiveFailuresAndExpiry
    store_integration_test.go:200: PostgreSQL 17.11 (Debian 17.11-1.pgdg13+2) ; two independent pools
--- PASS: TestPostgresFiveFailuresAndExpiry (0.05s)
=== RUN   TestPostgresStaleIdentityAndPolicy
=== RUN   TestPostgresStaleIdentityAndPolicy/UPDATE_auth_accounts_SET_enabled=false
    store_integration_test.go:233: PostgreSQL 17.11 (Debian 17.11-1.pgdg13+2) ; two independent pools
=== RUN   TestPostgresStaleIdentityAndPolicy/UPDATE_auth_accounts_SET_session_version=2
    store_integration_test.go:233: PostgreSQL 17.11 (Debian 17.11-1.pgdg13+2) ; two independent pools
=== RUN   TestPostgresStaleIdentityAndPolicy/UPDATE_auth_policy_SET_version=2
    store_integration_test.go:233: PostgreSQL 17.11 (Debian 17.11-1.pgdg13+2) ; two independent pools
=== RUN   TestPostgresStaleIdentityAndPolicy/UPDATE_auth_policy_SET_totp_enabled=false
    store_integration_test.go:233: PostgreSQL 17.11 (Debian 17.11-1.pgdg13+2) ; two independent pools
=== RUN   TestPostgresStaleIdentityAndPolicy/UPDATE_auth_totp_credentials_SET_version=2
    store_integration_test.go:233: PostgreSQL 17.11 (Debian 17.11-1.pgdg13+2) ; two independent pools
--- PASS: TestPostgresStaleIdentityAndPolicy (0.16s)
    --- PASS: TestPostgresStaleIdentityAndPolicy/UPDATE_auth_accounts_SET_enabled=false (0.03s)
    --- PASS: TestPostgresStaleIdentityAndPolicy/UPDATE_auth_accounts_SET_session_version=2 (0.03s)
    --- PASS: TestPostgresStaleIdentityAndPolicy/UPDATE_auth_policy_SET_version=2 (0.03s)
    --- PASS: TestPostgresStaleIdentityAndPolicy/UPDATE_auth_policy_SET_totp_enabled=false (0.03s)
    --- PASS: TestPostgresStaleIdentityAndPolicy/UPDATE_auth_totp_credentials_SET_version=2 (0.03s)
=== RUN   TestPostgresRollbackSessionFailure
    store_integration_test.go:245: PostgreSQL 17.11 (Debian 17.11-1.pgdg13+2) ; two independent pools
--- PASS: TestPostgresRollbackSessionFailure (0.06s)
=== RUN   TestPostgresCiphertextAndCancellationFailClosed
    store_integration_test.go:280: PostgreSQL 17.11 (Debian 17.11-1.pgdg13+2) ; two independent pools
--- PASS: TestPostgresCiphertextAndCancellationFailClosed (0.03s)
=== RUN   TestPostgresExpiryAfterLockWait
    store_integration_test.go:296: PostgreSQL 17.11 (Debian 17.11-1.pgdg13+2) ; two independent pools
--- PASS: TestPostgresExpiryAfterLockWait (0.34s)
=== RUN   TestVaultRoundTripAndBinding
--- PASS: TestVaultRoundTripAndBinding (0.00s)
=== RUN   TestVaultInvalidConfigurationAndRedaction
--- PASS: TestVaultInvalidConfigurationAndRedaction (0.00s)
=== RUN   TestOpaqueTokenValidation
--- PASS: TestOpaqueTokenValidation (0.00s)
PASS
ok  	waiting-room/internal/adminauth/pgstore	27.597s
