go vet ./...
?   	waiting-room/cmd/wr-auth-calibrate	[no test files]
?   	waiting-room/cmd/wr-lab	[no test files]
ok  	waiting-room/internal/adminauth	7.837s
ok  	waiting-room/internal/adminauth/pgstore	1.645s
ok  	waiting-room/internal/adminauth/sessionhttp	1.824s
ok  	waiting-room/internal/admission	1.458s
ok  	waiting-room/internal/lab	2.004s
ok  	waiting-room/internal/policy	2.315s
ok  	waiting-room/internal/queue/model	2.390s
?   	waiting-room/internal/queue/valkeystore	[no test files]
ok  	waiting-room/internal/waiting	2.523s

> waiting-room-devtools@0.0.0 test
> node --test scripts/*.test.mjs

✔ front matter rejects duplicate keys and absent metadata (2.6795ms)
✔ dependency validator detects missing owners, duplicate IDs and cycles (0.339375ms)
✔ unchecked work and missing evidence cannot become GO (0.104875ms)
✔ 100K child failure blocks final release even if other children report GO (0.184541ms)
✔ declared dependency failure blocks delivery (0.065125ms)
✔ local and M0 success cannot stand in for delivery evidence (0.136417ms)
✔ evidence rejects missing identity, skipped PASS and traversal (36.296625ms)
✔ artifact digest mismatch and missing logs invalidate evidence (2.059666ms)
✔ support matrix rejects wildcard versions and false qualification (0.164167ms)
✔ benchmark targets respect default retention, skew and rolling-rate budgets (0.32625ms)
ℹ tests 10
ℹ suites 0
ℹ pass 10
ℹ fail 0
ℹ cancelled 0
ℹ skipped 0
ℹ todo 0
ℹ duration_ms 100.853375
node scripts/check-docs.mjs
PASS: 9 PRDs; ownership, dependency graph, checklist, links, evidence rules and Git tracking.
npm run lint:api

> waiting-room-devtools@0.0.0 lint:api
> redocly lint api/openapi/public-v1.yaml api/openapi/admin-v1.yaml

node --test test/contract/*.test.mjs
✔ all local OpenAPI references resolve (1.034125ms)
✔ join schema rejects absolute and scheme-relative targets (37.152167ms)
✔ Room IDs exclude invalid base32 characters (19.108583ms)
✔ public status and claim are distinct operations and heartbeat is explicit (0.086958ms)
✔ admin policy and limit schema reject unsupported/unsafe values (24.3235ms)
✔ admin mutations declare authentication and concurrency headers (0.1385ms)
✔ theme contract supports the built-in template and rejects remote/unknown IDs (21.245625ms)
✔ session read/logout contract excludes secrets and declares unavailable responses (26.819375ms)
ℹ tests 8
ℹ suites 0
ℹ pass 8
ℹ fail 0
ℹ cancelled 0
ℹ skipped 0
ℹ todo 0
ℹ duration_ms 182.207958
validating api/openapi/public-v1.yaml...
api/openapi/public-v1.yaml: validated in 17ms

validating api/openapi/admin-v1.yaml...
api/openapi/admin-v1.yaml: validated in 19ms

Woohoo! Your API descriptions are valid. 🎉

