go test -tags=integration -race -count=1 -v ./internal/adminauth/pgstore ./internal/adminauth/sessionhttp
=== RUN   TestBootstrapONRestrictedAndRetry
    bootstrap_integration_test.go:37: PostgreSQL 17.11 (Debian 17.11-1.pgdg13+2) ; two independent pools
--- PASS: TestBootstrapONRestrictedAndRetry (2.16s)
=== RUN   TestBootstrapOFFSession
    bootstrap_integration_test.go:87: PostgreSQL 17.11 (Debian 17.11-1.pgdg13+2) ; two independent pools
--- PASS: TestBootstrapOFFSession (1.27s)
=== RUN   TestBootstrapTokenRotationExpiryAndPeer
    bootstrap_integration_test.go:105: PostgreSQL 17.11 (Debian 17.11-1.pgdg13+2) ; two independent pools
--- PASS: TestBootstrapTokenRotationExpiryAndPeer (0.65s)
=== RUN   TestBootstrapConcurrentSingleWinner
    bootstrap_integration_test.go:136: PostgreSQL 17.11 (Debian 17.11-1.pgdg13+2) ; two independent pools
--- PASS: TestBootstrapConcurrentSingleWinner (1.25s)
=== RUN   TestBootstrapStaleProofAndRollback
=== RUN   TestBootstrapStaleProofAndRollback/policy
    bootstrap_integration_test.go:176: PostgreSQL 17.11 (Debian 17.11-1.pgdg13+2) ; two independent pools
=== RUN   TestBootstrapStaleProofAndRollback/rotation
    bootstrap_integration_test.go:176: PostgreSQL 17.11 (Debian 17.11-1.pgdg13+2) ; two independent pools
=== RUN   TestBootstrapStaleProofAndRollback/expiry
    bootstrap_integration_test.go:176: PostgreSQL 17.11 (Debian 17.11-1.pgdg13+2) ; two independent pools
=== RUN   TestBootstrapStaleProofAndRollback/existing-account
    bootstrap_integration_test.go:176: PostgreSQL 17.11 (Debian 17.11-1.pgdg13+2) ; two independent pools
=== RUN   TestBootstrapStaleProofAndRollback/insert-failure
    bootstrap_integration_test.go:176: PostgreSQL 17.11 (Debian 17.11-1.pgdg13+2) ; two independent pools
--- PASS: TestBootstrapStaleProofAndRollback (6.89s)
    --- PASS: TestBootstrapStaleProofAndRollback/policy (1.27s)
    --- PASS: TestBootstrapStaleProofAndRollback/rotation (1.27s)
    --- PASS: TestBootstrapStaleProofAndRollback/expiry (1.25s)
    --- PASS: TestBootstrapStaleProofAndRollback/existing-account (1.25s)
    --- PASS: TestBootstrapStaleProofAndRollback/insert-failure (1.85s)
=== RUN   TestBootstrapExpiryAfterLockWait
    bootstrap_integration_test.go:222: PostgreSQL 17.11 (Debian 17.11-1.pgdg13+2) ; two independent pools
--- PASS: TestBootstrapExpiryAfterLockWait (2.26s)
=== RUN   TestBootstrapMigrationClosesExistingInstall
    bootstrap_integration_test.go:277: PostgreSQL 17.11 (Debian 17.11-1.pgdg13+2) ; two independent pools
--- PASS: TestBootstrapMigrationClosesExistingInstall (0.05s)
=== RUN   TestBootstrapRedactionAndEarlyReject
--- PASS: TestBootstrapRedactionAndEarlyReject (0.00s)
=== RUN   TestUnknownCommitAndLateExpiryFailClosed
--- PASS: TestUnknownCommitAndLateExpiryFailClosed (0.00s)
=== RUN   TestEnrollmentServiceEndToEnd
    enrollment_integration_test.go:74: PostgreSQL 17.11 (Debian 17.11-1.pgdg13+2) ; two independent pools
--- PASS: TestEnrollmentServiceEndToEnd (8.54s)
=== RUN   TestEnrollmentAttemptLimitAndTokenRotation
    enrollment_integration_test.go:155: PostgreSQL 17.11 (Debian 17.11-1.pgdg13+2) ; two independent pools
--- PASS: TestEnrollmentAttemptLimitAndTokenRotation (1.92s)
=== RUN   TestEnrollmentConcurrentFinalization
    enrollment_integration_test.go:196: PostgreSQL 17.11 (Debian 17.11-1.pgdg13+2) ; two independent pools
--- PASS: TestEnrollmentConcurrentFinalization (7.30s)
=== RUN   TestEnrollmentStaleStateAndRollback
    enrollment_integration_test.go:242: PostgreSQL 17.11 (Debian 17.11-1.pgdg13+2) ; two independent pools
=== RUN   TestEnrollmentStaleStateAndRollback/disabled
=== RUN   TestEnrollmentStaleStateAndRollback/policy
=== RUN   TestEnrollmentStaleStateAndRollback/off
=== RUN   TestEnrollmentStaleStateAndRollback/user-version
=== RUN   TestEnrollmentStaleStateAndRollback/recovery-insert
=== RUN   TestEnrollmentStaleStateAndRollback/session-insert
--- PASS: TestEnrollmentStaleStateAndRollback (7.28s)
    --- PASS: TestEnrollmentStaleStateAndRollback/disabled (0.01s)
    --- PASS: TestEnrollmentStaleStateAndRollback/policy (0.01s)
    --- PASS: TestEnrollmentStaleStateAndRollback/off (0.00s)
    --- PASS: TestEnrollmentStaleStateAndRollback/user-version (0.01s)
    --- PASS: TestEnrollmentStaleStateAndRollback/recovery-insert (0.01s)
    --- PASS: TestEnrollmentStaleStateAndRollback/session-insert (0.01s)
=== RUN   TestEnrollmentExpiryAfterLockWait
    enrollment_integration_test.go:302: PostgreSQL 17.11 (Debian 17.11-1.pgdg13+2) ; two independent pools
--- PASS: TestEnrollmentExpiryAfterLockWait (8.86s)
=== RUN   TestEnrollmentRedactionAndInput
--- PASS: TestEnrollmentRedactionAndInput (0.00s)
=== RUN   TestEnrollmentVaultDomainBinding
--- PASS: TestEnrollmentVaultDomainBinding (0.00s)
=== RUN   TestEnrollmentUnknownCommitAndLateExpiry
--- PASS: TestEnrollmentUnknownCommitAndLateExpiry (0.00s)
=== RUN   TestPasswordLoginPolicyChangeDuringVerification
    login_integration_test.go:22: PostgreSQL 17.11 (Debian 17.11-1.pgdg13+2) ; two independent pools
--- PASS: TestPasswordLoginPolicyChangeDuringVerification (1.94s)
=== RUN   TestPasswordLoginTOTPFlow
    login_integration_test.go:84: PostgreSQL 17.11 (Debian 17.11-1.pgdg13+2) ; two independent pools
--- PASS: TestPasswordLoginTOTPFlow (3.22s)
=== RUN   TestPasswordLoginOFFAndEnrollmentRestricted
=== RUN   TestPasswordLoginOFFAndEnrollmentRestricted/off=true
    login_integration_test.go:125: PostgreSQL 17.11 (Debian 17.11-1.pgdg13+2) ; two independent pools
=== RUN   TestPasswordLoginOFFAndEnrollmentRestricted/off=false
    login_integration_test.go:125: PostgreSQL 17.11 (Debian 17.11-1.pgdg13+2) ; two independent pools
--- PASS: TestPasswordLoginOFFAndEnrollmentRestricted (3.55s)
    --- PASS: TestPasswordLoginOFFAndEnrollmentRestricted/off=true (1.78s)
    --- PASS: TestPasswordLoginOFFAndEnrollmentRestricted/off=false (1.77s)
=== RUN   TestPasswordLoginInvalidAndAccountLimit
    login_integration_test.go:149: PostgreSQL 17.11 (Debian 17.11-1.pgdg13+2) ; two independent pools
--- PASS: TestPasswordLoginInvalidAndAccountLimit (5.27s)
=== RUN   TestPasswordThrottleSharedPoolsAndCardinality
    login_integration_test.go:174: PostgreSQL 17.11 (Debian 17.11-1.pgdg13+2) ; two independent pools
--- PASS: TestPasswordThrottleSharedPoolsAndCardinality (0.36s)
=== RUN   TestPasswordSnapshotChangesFailClosed
=== RUN   TestPasswordSnapshotChangesFailClosed/auth_password_credentials/version=2
    login_integration_test.go:248: PostgreSQL 17.11 (Debian 17.11-1.pgdg13+2) ; two independent pools
=== RUN   TestPasswordSnapshotChangesFailClosed/auth_password_credentials/password_hash='changed'
    login_integration_test.go:248: PostgreSQL 17.11 (Debian 17.11-1.pgdg13+2) ; two independent pools
=== RUN   TestPasswordSnapshotChangesFailClosed/auth_accounts/session_version=2
    login_integration_test.go:248: PostgreSQL 17.11 (Debian 17.11-1.pgdg13+2) ; two independent pools
=== RUN   TestPasswordSnapshotChangesFailClosed/auth_accounts/enabled=false
    login_integration_test.go:248: PostgreSQL 17.11 (Debian 17.11-1.pgdg13+2) ; two independent pools
=== RUN   TestPasswordSnapshotChangesFailClosed/auth_accounts/role='viewer'
    login_integration_test.go:248: PostgreSQL 17.11 (Debian 17.11-1.pgdg13+2) ; two independent pools
=== RUN   TestPasswordSnapshotChangesFailClosed/auth_policy/version=2
    login_integration_test.go:248: PostgreSQL 17.11 (Debian 17.11-1.pgdg13+2) ; two independent pools
=== RUN   TestPasswordSnapshotChangesFailClosed/auth_policy/totp_enabled=false
    login_integration_test.go:248: PostgreSQL 17.11 (Debian 17.11-1.pgdg13+2) ; two independent pools
--- PASS: TestPasswordSnapshotChangesFailClosed (8.35s)
    --- PASS: TestPasswordSnapshotChangesFailClosed/auth_password_credentials/version=2 (1.19s)
    --- PASS: TestPasswordSnapshotChangesFailClosed/auth_password_credentials/password_hash='changed' (1.20s)
    --- PASS: TestPasswordSnapshotChangesFailClosed/auth_accounts/session_version=2 (1.17s)
    --- PASS: TestPasswordSnapshotChangesFailClosed/auth_accounts/enabled=false (1.20s)
    --- PASS: TestPasswordSnapshotChangesFailClosed/auth_accounts/role='viewer' (1.18s)
    --- PASS: TestPasswordSnapshotChangesFailClosed/auth_policy/version=2 (1.21s)
    --- PASS: TestPasswordSnapshotChangesFailClosed/auth_policy/totp_enabled=false (1.19s)
=== RUN   TestPasswordResultInsertFailureRollsBack
    login_integration_test.go:262: PostgreSQL 17.11 (Debian 17.11-1.pgdg13+2) ; two independent pools
--- PASS: TestPasswordResultInsertFailureRollsBack (2.35s)
=== RUN   TestLoginFingerprintNormalizationAndRedaction
--- PASS: TestLoginFingerprintNormalizationAndRedaction (0.00s)
=== RUN   TestRecoveryEnrollmentLoginFlow
    recovery_integration_test.go:57: PostgreSQL 17.11 (Debian 17.11-1.pgdg13+2) ; two independent pools
--- PASS: TestRecoveryEnrollmentLoginFlow (28.35s)
=== RUN   TestRecoverySharedAttemptLimit
    recovery_integration_test.go:129: PostgreSQL 17.11 (Debian 17.11-1.pgdg13+2) ; two independent pools
--- PASS: TestRecoverySharedAttemptLimit (2.99s)
=== RUN   TestRecoveryConcurrentConsumption
=== RUN   TestRecoveryConcurrentConsumption/same-challenge
    recovery_integration_test.go:173: PostgreSQL 17.11 (Debian 17.11-1.pgdg13+2) ; two independent pools
=== RUN   TestRecoveryConcurrentConsumption/different-challenges
    recovery_integration_test.go:173: PostgreSQL 17.11 (Debian 17.11-1.pgdg13+2) ; two independent pools
=== RUN   TestRecoveryConcurrentConsumption/different-codes
    recovery_integration_test.go:173: PostgreSQL 17.11 (Debian 17.11-1.pgdg13+2) ; two independent pools
=== RUN   TestRecoveryConcurrentConsumption/otp-race
    recovery_integration_test.go:173: PostgreSQL 17.11 (Debian 17.11-1.pgdg13+2) ; two independent pools
--- PASS: TestRecoveryConcurrentConsumption (11.85s)
    --- PASS: TestRecoveryConcurrentConsumption/same-challenge (2.96s)
    --- PASS: TestRecoveryConcurrentConsumption/different-challenges (2.95s)
    --- PASS: TestRecoveryConcurrentConsumption/different-codes (2.96s)
    --- PASS: TestRecoveryConcurrentConsumption/otp-race (2.97s)
=== RUN   TestRecoveryStaleStateAndRollback
    recovery_integration_test.go:241: PostgreSQL 17.11 (Debian 17.11-1.pgdg13+2) ; two independent pools
=== RUN   TestRecoveryStaleStateAndRollback/disabled
=== RUN   TestRecoveryStaleStateAndRollback/role
=== RUN   TestRecoveryStaleStateAndRollback/user-version
=== RUN   TestRecoveryStaleStateAndRollback/policy
=== RUN   TestRecoveryStaleStateAndRollback/off
=== RUN   TestRecoveryStaleStateAndRollback/credential-version
=== RUN   TestRecoveryStaleStateAndRollback/changed-hash
=== RUN   TestRecoveryStaleStateAndRollback/session-failure
--- PASS: TestRecoveryStaleStateAndRollback (2.98s)
    --- PASS: TestRecoveryStaleStateAndRollback/disabled (0.00s)
    --- PASS: TestRecoveryStaleStateAndRollback/role (0.00s)
    --- PASS: TestRecoveryStaleStateAndRollback/user-version (0.00s)
    --- PASS: TestRecoveryStaleStateAndRollback/policy (0.00s)
    --- PASS: TestRecoveryStaleStateAndRollback/off (0.00s)
    --- PASS: TestRecoveryStaleStateAndRollback/credential-version (0.00s)
    --- PASS: TestRecoveryStaleStateAndRollback/changed-hash (0.00s)
    --- PASS: TestRecoveryStaleStateAndRollback/session-failure (0.00s)
=== RUN   TestRecoveryExpiryAfterLockWait
    recovery_integration_test.go:288: PostgreSQL 17.11 (Debian 17.11-1.pgdg13+2) ; two independent pools
--- PASS: TestRecoveryExpiryAfterLockWait (3.95s)
=== RUN   TestRecoveryRedactionAndInvalidInputs
--- PASS: TestRecoveryRedactionAndInvalidInputs (0.00s)
=== RUN   TestRecoveryUnknownCommitAndGuardFailure
--- PASS: TestRecoveryUnknownCommitAndGuardFailure (0.00s)
=== RUN   TestSessionReadTouchLogout
    sessions_integration_test.go:44: PostgreSQL 17.11 (Debian 17.11-1.pgdg13+2) ; two independent pools
--- PASS: TestSessionReadTouchLogout (0.07s)
=== RUN   TestSessionExpiryAndRevocation
=== RUN   TestSessionExpiryAndRevocation/0
    sessions_integration_test.go:84: PostgreSQL 17.11 (Debian 17.11-1.pgdg13+2) ; two independent pools
=== RUN   TestSessionExpiryAndRevocation/1
    sessions_integration_test.go:84: PostgreSQL 17.11 (Debian 17.11-1.pgdg13+2) ; two independent pools
=== RUN   TestSessionExpiryAndRevocation/2
    sessions_integration_test.go:84: PostgreSQL 17.11 (Debian 17.11-1.pgdg13+2) ; two independent pools
=== RUN   TestSessionExpiryAndRevocation/3
    sessions_integration_test.go:84: PostgreSQL 17.11 (Debian 17.11-1.pgdg13+2) ; two independent pools
=== RUN   TestSessionExpiryAndRevocation/4
    sessions_integration_test.go:84: PostgreSQL 17.11 (Debian 17.11-1.pgdg13+2) ; two independent pools
=== RUN   TestSessionExpiryAndRevocation/5
    sessions_integration_test.go:84: PostgreSQL 17.11 (Debian 17.11-1.pgdg13+2) ; two independent pools
=== RUN   TestSessionExpiryAndRevocation/6
    sessions_integration_test.go:84: PostgreSQL 17.11 (Debian 17.11-1.pgdg13+2) ; two independent pools
=== RUN   TestSessionExpiryAndRevocation/7
    sessions_integration_test.go:84: PostgreSQL 17.11 (Debian 17.11-1.pgdg13+2) ; two independent pools
--- PASS: TestSessionExpiryAndRevocation (0.32s)
    --- PASS: TestSessionExpiryAndRevocation/0 (0.05s)
    --- PASS: TestSessionExpiryAndRevocation/1 (0.04s)
    --- PASS: TestSessionExpiryAndRevocation/2 (0.04s)
    --- PASS: TestSessionExpiryAndRevocation/3 (0.04s)
    --- PASS: TestSessionExpiryAndRevocation/4 (0.04s)
    --- PASS: TestSessionExpiryAndRevocation/5 (0.04s)
    --- PASS: TestSessionExpiryAndRevocation/6 (0.04s)
    --- PASS: TestSessionExpiryAndRevocation/7 (0.04s)
=== RUN   TestSessionCSRFFailuresDoNotMutate
    sessions_integration_test.go:96: PostgreSQL 17.11 (Debian 17.11-1.pgdg13+2) ; two independent pools
--- PASS: TestSessionCSRFFailuresDoNotMutate (0.05s)
=== RUN   TestSessionConcurrentLogoutAndTouch
    sessions_integration_test.go:130: PostgreSQL 17.11 (Debian 17.11-1.pgdg13+2) ; two independent pools
--- PASS: TestSessionConcurrentLogoutAndTouch (0.06s)
=== RUN   TestSessionPolicyUpdateLockWait
    sessions_integration_test.go:161: PostgreSQL 17.11 (Debian 17.11-1.pgdg13+2) ; two independent pools
--- PASS: TestSessionPolicyUpdateLockWait (0.06s)
=== RUN   TestSessionLatestRoleAndExplicitOFF
    sessions_integration_test.go:196: PostgreSQL 17.11 (Debian 17.11-1.pgdg13+2) ; two independent pools
--- PASS: TestSessionLatestRoleAndExplicitOFF (0.04s)
=== RUN   TestSessionMutationFailureRollsBack
    sessions_integration_test.go:213: PostgreSQL 17.11 (Debian 17.11-1.pgdg13+2) ; two independent pools
--- PASS: TestSessionMutationFailureRollsBack (0.04s)
=== RUN   TestSessionExpiresDuringLockWait
    sessions_integration_test.go:233: PostgreSQL 17.11 (Debian 17.11-1.pgdg13+2) ; two independent pools
--- PASS: TestSessionExpiresDuringLockWait (0.34s)
=== RUN   TestSessionViewProjectionAndExpiryClamp
--- PASS: TestSessionViewProjectionAndExpiryClamp (0.00s)
=== RUN   TestPostgresConcurrentChallengeAndCounter
=== RUN   TestPostgresConcurrentChallengeAndCounter/same_challenge=true
    store_integration_test.go:165: PostgreSQL 17.11 (Debian 17.11-1.pgdg13+2) ; two independent pools
=== RUN   TestPostgresConcurrentChallengeAndCounter/same_challenge=false
    store_integration_test.go:165: PostgreSQL 17.11 (Debian 17.11-1.pgdg13+2) ; two independent pools
--- PASS: TestPostgresConcurrentChallengeAndCounter (0.40s)
    --- PASS: TestPostgresConcurrentChallengeAndCounter/same_challenge=true (0.18s)
    --- PASS: TestPostgresConcurrentChallengeAndCounter/same_challenge=false (0.22s)
=== RUN   TestPostgresFiveFailuresAndExpiry
    store_integration_test.go:206: PostgreSQL 17.11 (Debian 17.11-1.pgdg13+2) ; two independent pools
--- PASS: TestPostgresFiveFailuresAndExpiry (0.05s)
=== RUN   TestPostgresStaleIdentityAndPolicy
=== RUN   TestPostgresStaleIdentityAndPolicy/UPDATE_auth_accounts_SET_enabled=false
    store_integration_test.go:239: PostgreSQL 17.11 (Debian 17.11-1.pgdg13+2) ; two independent pools
=== RUN   TestPostgresStaleIdentityAndPolicy/UPDATE_auth_accounts_SET_session_version=2
    store_integration_test.go:239: PostgreSQL 17.11 (Debian 17.11-1.pgdg13+2) ; two independent pools
=== RUN   TestPostgresStaleIdentityAndPolicy/UPDATE_auth_policy_SET_version=2
    store_integration_test.go:239: PostgreSQL 17.11 (Debian 17.11-1.pgdg13+2) ; two independent pools
=== RUN   TestPostgresStaleIdentityAndPolicy/UPDATE_auth_policy_SET_totp_enabled=false
    store_integration_test.go:239: PostgreSQL 17.11 (Debian 17.11-1.pgdg13+2) ; two independent pools
=== RUN   TestPostgresStaleIdentityAndPolicy/UPDATE_auth_totp_credentials_SET_version=2
    store_integration_test.go:239: PostgreSQL 17.11 (Debian 17.11-1.pgdg13+2) ; two independent pools
--- PASS: TestPostgresStaleIdentityAndPolicy (0.17s)
    --- PASS: TestPostgresStaleIdentityAndPolicy/UPDATE_auth_accounts_SET_enabled=false (0.04s)
    --- PASS: TestPostgresStaleIdentityAndPolicy/UPDATE_auth_accounts_SET_session_version=2 (0.04s)
    --- PASS: TestPostgresStaleIdentityAndPolicy/UPDATE_auth_policy_SET_version=2 (0.03s)
    --- PASS: TestPostgresStaleIdentityAndPolicy/UPDATE_auth_policy_SET_totp_enabled=false (0.03s)
    --- PASS: TestPostgresStaleIdentityAndPolicy/UPDATE_auth_totp_credentials_SET_version=2 (0.04s)
=== RUN   TestPostgresRollbackSessionFailure
    store_integration_test.go:251: PostgreSQL 17.11 (Debian 17.11-1.pgdg13+2) ; two independent pools
--- PASS: TestPostgresRollbackSessionFailure (0.07s)
=== RUN   TestPostgresCiphertextAndCancellationFailClosed
    store_integration_test.go:286: PostgreSQL 17.11 (Debian 17.11-1.pgdg13+2) ; two independent pools
--- PASS: TestPostgresCiphertextAndCancellationFailClosed (0.04s)
=== RUN   TestPostgresExpiryAfterLockWait
    store_integration_test.go:302: PostgreSQL 17.11 (Debian 17.11-1.pgdg13+2) ; two independent pools
--- PASS: TestPostgresExpiryAfterLockWait (0.34s)
=== RUN   TestVaultRoundTripAndBinding
--- PASS: TestVaultRoundTripAndBinding (0.00s)
=== RUN   TestVaultInvalidConfigurationAndRedaction
--- PASS: TestVaultInvalidConfigurationAndRedaction (0.00s)
=== RUN   TestOpaqueTokenValidation
--- PASS: TestOpaqueTokenValidation (0.00s)
PASS
ok  	waiting-room/internal/adminauth/pgstore	127.391s
=== RUN   TestSessionHTTPPostgresTLS
    handler_integration_test.go:147: TLS HTTP -> real PostgreSQL: read, CSRF rejection, logout, replay denial, pool unavailable PASS
--- PASS: TestSessionHTTPPostgresTLS (0.12s)
=== RUN   TestHTTPRoutesAndCredentialAmbiguity
=== RUN   TestHTTPRoutesAndCredentialAmbiguity/method
=== RUN   TestHTTPRoutesAndCredentialAmbiguity/unknown
=== RUN   TestHTTPRoutesAndCredentialAmbiguity/query
=== RUN   TestHTTPRoutesAndCredentialAmbiguity/encoded
=== RUN   TestHTTPRoutesAndCredentialAmbiguity/body
=== RUN   TestHTTPRoutesAndCredentialAmbiguity/duplicate
=== RUN   TestHTTPRoutesAndCredentialAmbiguity/missing
=== RUN   TestHTTPRoutesAndCredentialAmbiguity/bearer
--- PASS: TestHTTPRoutesAndCredentialAmbiguity (0.00s)
    --- PASS: TestHTTPRoutesAndCredentialAmbiguity/method (0.00s)
    --- PASS: TestHTTPRoutesAndCredentialAmbiguity/unknown (0.00s)
    --- PASS: TestHTTPRoutesAndCredentialAmbiguity/query (0.00s)
    --- PASS: TestHTTPRoutesAndCredentialAmbiguity/encoded (0.00s)
    --- PASS: TestHTTPRoutesAndCredentialAmbiguity/body (0.00s)
    --- PASS: TestHTTPRoutesAndCredentialAmbiguity/duplicate (0.00s)
    --- PASS: TestHTTPRoutesAndCredentialAmbiguity/missing (0.00s)
    --- PASS: TestHTTPRoutesAndCredentialAmbiguity/bearer (0.00s)
=== RUN   TestHTTPErrorRedactionAndCookieClear
--- PASS: TestHTTPErrorRedactionAndCookieClear (0.00s)
=== RUN   TestHTTPMeDoesNotSetCookie
--- PASS: TestHTTPMeDoesNotSetCookie (0.00s)
PASS
ok  	waiting-room/internal/adminauth/sessionhttp	1.401s
